--------------------------------------------------------------------
Pillow 13.0.0.dev0
Python 3.11.15 (main, Jun 11 2026, 04:03:40) [Clang 22.1.3 ]
--------------------------------------------------------------------
Python executable is /mnt/afs/xumengying/tool-verify/Pillow-verify/venv-mlu-py311/bin/python
Environment Python files loaded from /mnt/afs/xumengying/tool-verify/Pillow-verify/venv-mlu-py311
System Python files loaded from /root/.local/share/uv/python/cpython-3.11.15-linux-x86_64-gnu
--------------------------------------------------------------------
Python Pillow modules loaded from /mnt/afs/xumengying/tool-verify/Pillow-verify/src/Pillow/src/PIL
Binary Pillow modules loaded from /mnt/afs/xumengying/tool-verify/Pillow-verify/src/Pillow/src/PIL
--------------------------------------------------------------------
--- PIL CORE support ok, compiled for 13.0.0.dev0
--- TKINTER support ok, loaded 9.0
*** FREETYPE2 support not installed
*** LITTLECMS2 support not installed
*** WEBP support not installed
*** AVIF support not installed
--- JPEG support ok, compiled for libjpeg-turbo 2.1.2
*** OPENJPEG (JPEG2000) support not installed
--- ZLIB (PNG/ZIP) support ok, loaded 1.2.11
*** LIBTIFF support not installed
*** RAQM (Bidirectional Text) support not installed
*** LIBIMAGEQUANT (Quantization method) support not installed
*** XCB (X protocol) support not installed
--------------------------------------------------------------------
AVIF
Features: open
--------------------------------------------------------------------
BLP
Extensions: .blp
Features: open, save, encode
--------------------------------------------------------------------
BMP image/bmp
Extensions: .bmp
Features: open, save
--------------------------------------------------------------------
BUFR
Extensions: .bufr
Features: open, save
--------------------------------------------------------------------
CUR
Extensions: .cur
Features: open
--------------------------------------------------------------------
DCX
Extensions: .dcx
Features: open
--------------------------------------------------------------------
DDS
Extensions: .dds
Features: open, save
--------------------------------------------------------------------
DIB image/bmp
Extensions: .dib
Features: open, save
--------------------------------------------------------------------
EPS application/postscript
Extensions: .eps, .ps
Features: open, save
--------------------------------------------------------------------
FITS
Extensions: .fit, .fits
Features: open
--------------------------------------------------------------------
FLI
Extensions: .flc, .fli
Features: open
--------------------------------------------------------------------
FPX
Extensions: .fpx
Features: open
--------------------------------------------------------------------
FTEX
Extensions: .ftc, .ftu
Features: open
--------------------------------------------------------------------
GBR
Extensions: .gbr
Features: open
--------------------------------------------------------------------
GIF image/gif
Extensions: .gif
Features: open, save, save_all
--------------------------------------------------------------------
GRIB
Extensions: .grib
Features: open, save
--------------------------------------------------------------------
HDF5
Extensions: .h5, .hdf
Features: open, save
--------------------------------------------------------------------
ICNS image/icns
Extensions: .icns
Features: open, save
--------------------------------------------------------------------
ICO image/x-icon
Extensions: .ico
Features: open, save
--------------------------------------------------------------------
IM
Extensions: .im
Features: open, save
--------------------------------------------------------------------
IMT
Features: open
--------------------------------------------------------------------
IPTC
Extensions: .iim
Features: open
--------------------------------------------------------------------
JPEG image/jpeg
Extensions: .jfif, .jpe, .jpeg, .jpg
Features: open, save
--------------------------------------------------------------------
JPEG2000 image/jp2
Extensions: .j2c, .j2k, .jp2, .jpc, .jpf, .jpx
Features: open, save
--------------------------------------------------------------------
MCIDAS
Features: open
--------------------------------------------------------------------
MIC
Extensions: .mic
Features: open
--------------------------------------------------------------------
MPEG video/mpeg
Extensions: .mpeg, .mpg
Features: open
--------------------------------------------------------------------
MSP
Extensions: .msp
Features: open, save, decode
--------------------------------------------------------------------
PCD
Extensions: .pcd
Features: open
--------------------------------------------------------------------
PCX image/x-pcx
Extensions: .pcx
Features: open, save
--------------------------------------------------------------------
PIXAR
Extensions: .pxr
Features: open
--------------------------------------------------------------------
PNG image/png
Extensions: .apng, .png
Features: open, save, save_all
--------------------------------------------------------------------
PPM image/x-portable-anymap
Extensions: .pbm, .pfm, .pgm, .pnm, .ppm
Features: open, save
--------------------------------------------------------------------
PSD image/vnd.adobe.photoshop
Extensions: .psd
Features: open
--------------------------------------------------------------------
QOI
Extensions: .qoi
Features: open, save
--------------------------------------------------------------------
SGI image/sgi
Extensions: .bw, .rgb, .rgba, .sgi
Features: open, save
--------------------------------------------------------------------
SPIDER
Features: open, save
--------------------------------------------------------------------
SUN
Extensions: .ras
Features: open
--------------------------------------------------------------------
TGA image/x-tga
Extensions: .icb, .tga, .vda, .vst
Features: open, save
--------------------------------------------------------------------
TIFF image/tiff
Extensions: .tif, .tiff
Features: open, save, save_all
--------------------------------------------------------------------
WEBP
Features: open
--------------------------------------------------------------------
WMF
Extensions: .emf, .wmf
Features: open, save
--------------------------------------------------------------------
XBM image/xbm
Extensions: .xbm
Features: open, save
--------------------------------------------------------------------
XPM image/xpm
Extensions: .xpm
Features: open
--------------------------------------------------------------------
XVTHUMB
Features: open
--------------------------------------------------------------------
