alabaster==1.0.0
babel==2.18.0
beniget==0.4.2.post1
build==1.5.0
certifi==2026.7.22
charset-normalizer==3.4.9
click==8.3.3
coverage==7.15.2
Cython==3.2.8
docutils==0.22.4
execnet==2.1.2
gast==0.6.0
idna==3.18
ImageIO==2.37.4
imagesize==2.0.0
importlib_metadata==9.0.0
iniconfig==2.3.0
Jinja2==3.1.6
lazy-loader==0.5
markdown-it-py==4.2.0
MarkupSafe==3.0.3
mdurl==0.1.2
meson==1.11.2
meson-python==0.20.0
networkx==3.6.1
ninja==1.13.0
numpy==2.5.1
numpydoc==1.10.0
packaging==26.2
pillow==12.3.0
platformdirs==4.11.0
pluggy==1.6.0
ply==3.11
pooch==1.9.0
Pygments==2.20.0
pyproject-metadata==0.12.1
pyproject_hooks==1.2.0
pytest==9.1.1
pytest-cov==7.1.0
pytest-doctestplus==1.7.1
pytest-faulthandler==2.0.1
pytest-localserver==0.10.0
pytest-pretty==1.3.0
pytest-xdist==3.8.0
pythran==0.18.1
requests==2.34.2
rich==15.0.0
roman-numerals==4.1.0
-e git+https://github.com/scikit-image/scikit-image.git@93e9da980111f5f1b20e4f97d2067d6f301d25e2#egg=scikit_image
scipy==1.18.0
setuptools==83.0.0
snowballstemmer==3.1.1
Sphinx==9.1.0
sphinxcontrib-applehelp==2.0.0
sphinxcontrib-devhelp==2.0.0
sphinxcontrib-htmlhelp==2.1.0
sphinxcontrib-jsmath==1.0.1
sphinxcontrib-qthelp==2.0.0
sphinxcontrib-serializinghtml==2.0.0
spin==0.18
tifffile==2026.7.14
urllib3==2.7.0
Werkzeug==3.1.8
wheel==0.47.0
zipp==4.1.0
