TEST: Skip tests with tags: 'mem_6gb', 'verylong'
CTEST_FULL_OUTPUT
OpenCV version: 4.14.0-pre
OpenCV VCS version: 4.13.0-493-g7aa163b83f
Build type: Release
Compiler: /usr/bin/c++  (ver 11.4.0)
Algorithm hint: ALGO_HINT_ACCURATE
HAL: YES (ipp (ver 0.0.1))
Parallel framework: pthreads (nthreads=30)
CPU features: SSE SSE2 SSE3 *SSE4.1 *SSE4.2 *AVX *FP16 *AVX2 *AVX512-SKX?
Intel(R) IPP version: ippIP AVX2 (l9) 2026.0.0 (-) Jun 30 2026
Intel(R) IPP features code: 0x8000
OpenCL is disabled
[==========] Running 243 tests from 20 test cases.
[----------] Global test environment set-up.
[----------] 4 tests from OCL_KNN_Apply_KNN
[ RUN      ] OCL_KNN_Apply_KNN.KNN/0, where GetParam() = ("cv/video/768x576.avi", 1)
[     SKIP ] Video file can not be opened
[       OK ] OCL_KNN_Apply_KNN.KNN/0 (39 ms)
[ RUN      ] OCL_KNN_Apply_KNN.KNN/1, where GetParam() = ("cv/video/768x576.avi", 3)
[     SKIP ] Video file can not be opened
[       OK ] OCL_KNN_Apply_KNN.KNN/1 (2 ms)
[ RUN      ] OCL_KNN_Apply_KNN.KNN/2, where GetParam() = ("cv/video/1920x1080.avi", 1)
[     SKIP ] Video file can not be opened
[       OK ] OCL_KNN_Apply_KNN.KNN/2 (3 ms)
[ RUN      ] OCL_KNN_Apply_KNN.KNN/3, where GetParam() = ("cv/video/1920x1080.avi", 3)
[     SKIP ] Video file can not be opened
[       OK ] OCL_KNN_Apply_KNN.KNN/3 (2 ms)
[----------] 4 tests from OCL_KNN_Apply_KNN (46 ms total)

[----------] 2 tests from OCL_KNN_GetBackgroundImage_KNN
[ RUN      ] OCL_KNN_GetBackgroundImage_KNN.KNN/0, where GetParam() = ("cv/video/768x576.avi", 5)
[     SKIP ] Video file can not be opened
[       OK ] OCL_KNN_GetBackgroundImage_KNN.KNN/0 (3 ms)
[ RUN      ] OCL_KNN_GetBackgroundImage_KNN.KNN/1, where GetParam() = ("cv/video/1920x1080.avi", 5)
[     SKIP ] Video file can not be opened
[       OK ] OCL_KNN_GetBackgroundImage_KNN.KNN/1 (2 ms)
[----------] 2 tests from OCL_KNN_GetBackgroundImage_KNN (5 ms total)

[----------] 4 tests from OCL_MOG2_Apply_Mog2
[ RUN      ] OCL_MOG2_Apply_Mog2.Mog2/0, where GetParam() = ("cv/video/768x576.avi", 1)
[     SKIP ] Video file can not be opened
[       OK ] OCL_MOG2_Apply_Mog2.Mog2/0 (2 ms)
[ RUN      ] OCL_MOG2_Apply_Mog2.Mog2/1, where GetParam() = ("cv/video/768x576.avi", 3)
[     SKIP ] Video file can not be opened
[       OK ] OCL_MOG2_Apply_Mog2.Mog2/1 (2 ms)
[ RUN      ] OCL_MOG2_Apply_Mog2.Mog2/2, where GetParam() = ("cv/video/1920x1080.avi", 1)
[     SKIP ] Video file can not be opened
[       OK ] OCL_MOG2_Apply_Mog2.Mog2/2 (3 ms)
[ RUN      ] OCL_MOG2_Apply_Mog2.Mog2/3, where GetParam() = ("cv/video/1920x1080.avi", 3)
[     SKIP ] Video file can not be opened
[       OK ] OCL_MOG2_Apply_Mog2.Mog2/3 (2 ms)
[----------] 4 tests from OCL_MOG2_Apply_Mog2 (9 ms total)

[----------] 2 tests from OCL_MOG2_GetBackgroundImage_Mog2
[ RUN      ] OCL_MOG2_GetBackgroundImage_Mog2.Mog2/0, where GetParam() = ("cv/video/768x576.avi", 5)
[     SKIP ] Video file can not be opened
[       OK ] OCL_MOG2_GetBackgroundImage_Mog2.Mog2/0 (2 ms)
[ RUN      ] OCL_MOG2_GetBackgroundImage_Mog2.Mog2/1, where GetParam() = ("cv/video/1920x1080.avi", 5)
[     SKIP ] Video file can not be opened
[       OK ] OCL_MOG2_GetBackgroundImage_Mog2.Mog2/1 (2 ms)
[----------] 2 tests from OCL_MOG2_GetBackgroundImage_Mog2 (4 ms total)

[----------] 9 tests from OCL_DenseOpticalFlow_DIS_perf
[ RUN      ] OCL_DenseOpticalFlow_DIS_perf.perf/0, where GetParam() = ("PRESET_ULTRAFAST", 640x480)
[ PERFSTAT ]    (samples=100   mean=2.23   median=2.21   min=2.02   stddev=0.10 (4.3%))
[       OK ] OCL_DenseOpticalFlow_DIS_perf.perf/0 (263 ms)
[ RUN      ] OCL_DenseOpticalFlow_DIS_perf.perf/1, where GetParam() = ("PRESET_ULTRAFAST", 1280x720)
[ PERFSTAT ]    (samples=19   mean=5.68   median=5.66   min=5.36   stddev=0.17 (2.9%))
[       OK ] OCL_DenseOpticalFlow_DIS_perf.perf/1 (114 ms)
[ RUN      ] OCL_DenseOpticalFlow_DIS_perf.perf/2, where GetParam() = ("PRESET_ULTRAFAST", 1920x1080)
[ PERFSTAT ]    (samples=100   mean=11.84   median=11.89   min=9.15   stddev=0.54 (4.6%))
[       OK ] OCL_DenseOpticalFlow_DIS_perf.perf/2 (1205 ms)
[ RUN      ] OCL_DenseOpticalFlow_DIS_perf.perf/3, where GetParam() = ("PRESET_FAST", 640x480)
[ PERFSTAT ]    (samples=100   mean=8.02   median=8.02   min=6.67   stddev=0.54 (6.8%))
[       OK ] OCL_DenseOpticalFlow_DIS_perf.perf/3 (824 ms)
[ RUN      ] OCL_DenseOpticalFlow_DIS_perf.perf/4, where GetParam() = ("PRESET_FAST", 1280x720)
[ PERFSTAT ]    (samples=15   mean=19.16   median=19.09   min=18.42   stddev=0.56 (2.9%))
[       OK ] OCL_DenseOpticalFlow_DIS_perf.perf/4 (294 ms)
[ RUN      ] OCL_DenseOpticalFlow_DIS_perf.perf/5, where GetParam() = ("PRESET_FAST", 1920x1080)
[ PERFSTAT ]    (samples=100   mean=37.35   median=37.26   min=34.01   stddev=1.46 (3.9%))
[       OK ] OCL_DenseOpticalFlow_DIS_perf.perf/5 (3778 ms)
[ RUN      ] OCL_DenseOpticalFlow_DIS_perf.perf/6, where GetParam() = ("PRESET_MEDIUM", 640x480)
[ PERFSTAT ]    (samples=10   mean=26.06   median=25.77   min=25.18   stddev=0.77 (3.0%))
[       OK ] OCL_DenseOpticalFlow_DIS_perf.perf/6 (262 ms)
[ RUN      ] OCL_DenseOpticalFlow_DIS_perf.perf/7, where GetParam() = ("PRESET_MEDIUM", 1280x720)
[ PERFSTAT ]    (samples=10   mean=49.24   median=49.27   min=47.91   stddev=0.54 (1.1%))
[       OK ] OCL_DenseOpticalFlow_DIS_perf.perf/7 (497 ms)
[ RUN      ] OCL_DenseOpticalFlow_DIS_perf.perf/8, where GetParam() = ("PRESET_MEDIUM", 1920x1080)
.
[ PERFSTAT ]    (samples=100   mean=98.54   median=95.15   min=90.23   stddev=8.84 (9.0%))
[       OK ] OCL_DenseOpticalFlow_DIS_perf.perf/8 (10082 ms)
[----------] 9 tests from OCL_DenseOpticalFlow_DIS_perf (17319 ms total)

[----------] 8 tests from OCL_FarnebackOpticalFlowFixture_FarnebackOpticalFlow
[ RUN      ] OCL_FarnebackOpticalFlowFixture_FarnebackOpticalFlow.FarnebackOpticalFlow/0, where GetParam() = ((5, 1.1), 0, false)
[ PERFSTAT ]    (samples=10   mean=115.21   median=114.82   min=113.82   stddev=1.63 (1.4%))
[       OK ] OCL_FarnebackOpticalFlowFixture_FarnebackOpticalFlow.FarnebackOpticalFlow/0 (1182 ms)
[ RUN      ] OCL_FarnebackOpticalFlowFixture_FarnebackOpticalFlow.FarnebackOpticalFlow/1, where GetParam() = ((5, 1.1), 0, true)
[ PERFSTAT ]    (samples=10   mean=114.46   median=114.46   min=114.24   stddev=0.10 (0.1%))
[       OK ] OCL_FarnebackOpticalFlowFixture_FarnebackOpticalFlow.FarnebackOpticalFlow/1 (1279 ms)
[ RUN      ] OCL_FarnebackOpticalFlowFixture_FarnebackOpticalFlow.FarnebackOpticalFlow/2, where GetParam() = ((5, 1.1), OPTFLOW_FARNEBACK_GAUSSIAN, false)
[ PERFSTAT ]    (samples=10   mean=134.70   median=134.29   min=133.87   stddev=1.27 (0.9%))
[       OK ] OCL_FarnebackOpticalFlowFixture_FarnebackOpticalFlow.FarnebackOpticalFlow/2 (1370 ms)
[ RUN      ] OCL_FarnebackOpticalFlowFixture_FarnebackOpticalFlow.FarnebackOpticalFlow/3, where GetParam() = ((5, 1.1), OPTFLOW_FARNEBACK_GAUSSIAN, true)
[ PERFSTAT ]    (samples=10   mean=136.39   median=136.32   min=134.56   stddev=1.36 (1.0%))
[       OK ] OCL_FarnebackOpticalFlowFixture_FarnebackOpticalFlow.FarnebackOpticalFlow/3 (1520 ms)
[ RUN      ] OCL_FarnebackOpticalFlowFixture_FarnebackOpticalFlow.FarnebackOpticalFlow/4, where GetParam() = ((7, 1.5), 0, false)
[ PERFSTAT ]    (samples=10   mean=119.93   median=119.81   min=119.41   stddev=0.52 (0.4%))
[       OK ] OCL_FarnebackOpticalFlowFixture_FarnebackOpticalFlow.FarnebackOpticalFlow/4 (1221 ms)
[ RUN      ] OCL_FarnebackOpticalFlowFixture_FarnebackOpticalFlow.FarnebackOpticalFlow/5, where GetParam() = ((7, 1.5), 0, true)
[ PERFSTAT ]    (samples=10   mean=120.23   median=120.29   min=119.74   stddev=0.26 (0.2%))
[       OK ] OCL_FarnebackOpticalFlowFixture_FarnebackOpticalFlow.FarnebackOpticalFlow/5 (1346 ms)
[ RUN      ] OCL_FarnebackOpticalFlowFixture_FarnebackOpticalFlow.FarnebackOpticalFlow/6, where GetParam() = ((7, 1.5), OPTFLOW_FARNEBACK_GAUSSIAN, false)
[ PERFSTAT ]    (samples=10   mean=140.84   median=140.22   min=139.28   stddev=2.08 (1.5%))
[       OK ] OCL_FarnebackOpticalFlowFixture_FarnebackOpticalFlow.FarnebackOpticalFlow/6 (1430 ms)
[ RUN      ] OCL_FarnebackOpticalFlowFixture_FarnebackOpticalFlow.FarnebackOpticalFlow/7, where GetParam() = ((7, 1.5), OPTFLOW_FARNEBACK_GAUSSIAN, true)
[ PERFSTAT ]    (samples=10   mean=139.79   median=139.78   min=139.42   stddev=0.22 (0.2%))
[       OK ] OCL_FarnebackOpticalFlowFixture_FarnebackOpticalFlow.FarnebackOpticalFlow/7 (1559 ms)
[----------] 8 tests from OCL_FarnebackOpticalFlowFixture_FarnebackOpticalFlow (10907 ms total)

[----------] 3 tests from OCL_PyrLKOpticalFlowFixture_PyrLKOpticalFlow
[ RUN      ] OCL_PyrLKOpticalFlowFixture_PyrLKOpticalFlow.PyrLKOpticalFlow/0, where GetParam() = (1000)
[ PERFSTAT ]    (samples=25   mean=1.89   median=1.88   min=1.84   stddev=0.03 (1.7%))
[       OK ] OCL_PyrLKOpticalFlowFixture_PyrLKOpticalFlow.PyrLKOpticalFlow/0 (83 ms)
[ RUN      ] OCL_PyrLKOpticalFlowFixture_PyrLKOpticalFlow.PyrLKOpticalFlow/1, where GetParam() = (2000)
[ PERFSTAT ]    (samples=13   mean=2.61   median=2.61   min=2.57   stddev=0.03 (1.0%))
[       OK ] OCL_PyrLKOpticalFlowFixture_PyrLKOpticalFlow.PyrLKOpticalFlow/1 (53 ms)
[ RUN      ] OCL_PyrLKOpticalFlowFixture_PyrLKOpticalFlow.PyrLKOpticalFlow/2, where GetParam() = (4000)
[ PERFSTAT ]    (samples=10   mean=3.87   median=3.85   min=3.80   stddev=0.08 (2.2%))
[       OK ] OCL_PyrLKOpticalFlowFixture_PyrLKOpticalFlow.PyrLKOpticalFlow/2 (57 ms)
[----------] 3 tests from OCL_PyrLKOpticalFlowFixture_PyrLKOpticalFlow (193 ms total)

[----------] 4 tests from KNN_Apply_KNN
[ RUN      ] KNN_Apply_KNN.KNN/0, where GetParam() = ("cv/video/768x576.avi", 1)
[     SKIP ] Video file can not be opened
[       OK ] KNN_Apply_KNN.KNN/0 (4 ms)
[ RUN      ] KNN_Apply_KNN.KNN/1, where GetParam() = ("cv/video/768x576.avi", 3)
[     SKIP ] Video file can not be opened
[       OK ] KNN_Apply_KNN.KNN/1 (2 ms)
[ RUN      ] KNN_Apply_KNN.KNN/2, where GetParam() = ("cv/video/1920x1080.avi", 1)
[     SKIP ] Video file can not be opened
[       OK ] KNN_Apply_KNN.KNN/2 (3 ms)
[ RUN      ] KNN_Apply_KNN.KNN/3, where GetParam() = ("cv/video/1920x1080.avi", 3)
[     SKIP ] Video file can not be opened
[       OK ] KNN_Apply_KNN.KNN/3 (2 ms)
[----------] 4 tests from KNN_Apply_KNN (11 ms total)

[----------] 2 tests from KNN_GetBackgroundImage_KNN
[ RUN      ] KNN_GetBackgroundImage_KNN.KNN/0, where GetParam() = ("cv/video/768x576.avi", 5)
[     SKIP ] Video file can not be opened
[       OK ] KNN_GetBackgroundImage_KNN.KNN/0 (3 ms)
[ RUN      ] KNN_GetBackgroundImage_KNN.KNN/1, where GetParam() = ("cv/video/1920x1080.avi", 5)
[     SKIP ] Video file can not be opened
[       OK ] KNN_GetBackgroundImage_KNN.KNN/1 (2 ms)
[----------] 2 tests from KNN_GetBackgroundImage_KNN (5 ms total)

[----------] 4 tests from MOG2_Apply_Mog2
[ RUN      ] MOG2_Apply_Mog2.Mog2/0, where GetParam() = ("cv/video/768x576.avi", 1)
[     SKIP ] Video file can not be opened
[       OK ] MOG2_Apply_Mog2.Mog2/0 (2 ms)
[ RUN      ] MOG2_Apply_Mog2.Mog2/1, where GetParam() = ("cv/video/768x576.avi", 3)
[     SKIP ] Video file can not be opened
[       OK ] MOG2_Apply_Mog2.Mog2/1 (3 ms)
[ RUN      ] MOG2_Apply_Mog2.Mog2/2, where GetParam() = ("cv/video/1920x1080.avi", 1)
[     SKIP ] Video file can not be opened
[       OK ] MOG2_Apply_Mog2.Mog2/2 (2 ms)
[ RUN      ] MOG2_Apply_Mog2.Mog2/3, where GetParam() = ("cv/video/1920x1080.avi", 3)
[     SKIP ] Video file can not be opened
[       OK ] MOG2_Apply_Mog2.Mog2/3 (2 ms)
[----------] 4 tests from MOG2_Apply_Mog2 (9 ms total)

[----------] 2 tests from MOG2_GetBackgroundImage_Mog2
[ RUN      ] MOG2_GetBackgroundImage_Mog2.Mog2/0, where GetParam() = ("cv/video/768x576.avi", 5)
[     SKIP ] Video file can not be opened
[       OK ] MOG2_GetBackgroundImage_Mog2.Mog2/0 (2 ms)
[ RUN      ] MOG2_GetBackgroundImage_Mog2.Mog2/1, where GetParam() = ("cv/video/1920x1080.avi", 5)
[     SKIP ] Video file can not be opened
[       OK ] MOG2_GetBackgroundImage_Mog2.Mog2/1 (3 ms)
[----------] 2 tests from MOG2_GetBackgroundImage_Mog2 (5 ms total)

[----------] 9 tests from DenseOpticalFlow_DIS_perf
[ RUN      ] DenseOpticalFlow_DIS_perf.perf/0, where GetParam() = ("PRESET_ULTRAFAST", 640x480)
[ PERFSTAT ]    (samples=10   mean=2.09   median=2.09   min=1.83   stddev=0.14 (6.7%))
[       OK ] DenseOpticalFlow_DIS_perf.perf/0 (22 ms)
[ RUN      ] DenseOpticalFlow_DIS_perf.perf/1, where GetParam() = ("PRESET_ULTRAFAST", 1280x720)
[ PERFSTAT ]    (samples=10   mean=5.59   median=5.64   min=4.79   stddev=0.30 (5.3%))
[       OK ] DenseOpticalFlow_DIS_perf.perf/1 (59 ms)
[ RUN      ] DenseOpticalFlow_DIS_perf.perf/2, where GetParam() = ("PRESET_ULTRAFAST", 1920x1080)
[ PERFSTAT ]    (samples=10   mean=11.08   median=11.23   min=8.89   stddev=0.82 (7.4%))
[       OK ] DenseOpticalFlow_DIS_perf.perf/2 (117 ms)
[ RUN      ] DenseOpticalFlow_DIS_perf.perf/3, where GetParam() = ("PRESET_FAST", 640x480)
[ PERFSTAT ]    (samples=10   mean=8.28   median=8.08   min=7.87   stddev=0.51 (6.1%))
[       OK ] DenseOpticalFlow_DIS_perf.perf/3 (84 ms)
[ RUN      ] DenseOpticalFlow_DIS_perf.perf/4, where GetParam() = ("PRESET_FAST", 1280x720)
[ PERFSTAT ]    (samples=10   mean=18.27   median=18.09   min=17.09   stddev=0.77 (4.2%))
[       OK ] DenseOpticalFlow_DIS_perf.perf/4 (186 ms)
[ RUN      ] DenseOpticalFlow_DIS_perf.perf/5, where GetParam() = ("PRESET_FAST", 1920x1080)
[ PERFSTAT ]    (samples=10   mean=33.51   median=33.41   min=30.78   stddev=1.19 (3.6%))
[       OK ] DenseOpticalFlow_DIS_perf.perf/5 (341 ms)
[ RUN      ] DenseOpticalFlow_DIS_perf.perf/6, where GetParam() = ("PRESET_MEDIUM", 640x480)
[ PERFSTAT ]    (samples=10   mean=22.30   median=22.72   min=20.10   stddev=1.06 (4.8%))
[       OK ] DenseOpticalFlow_DIS_perf.perf/6 (224 ms)
[ RUN      ] DenseOpticalFlow_DIS_perf.perf/7, where GetParam() = ("PRESET_MEDIUM", 1280x720)
[ PERFSTAT ]    (samples=10   mean=48.15   median=47.83   min=46.85   stddev=1.34 (2.8%))
[       OK ] DenseOpticalFlow_DIS_perf.perf/7 (485 ms)
[ RUN      ] DenseOpticalFlow_DIS_perf.perf/8, where GetParam() = ("PRESET_MEDIUM", 1920x1080)
[ PERFSTAT ]    (samples=10   mean=93.19   median=93.48   min=89.66   stddev=2.30 (2.5%))
[       OK ] DenseOpticalFlow_DIS_perf.perf/8 (939 ms)
[----------] 9 tests from DenseOpticalFlow_DIS_perf (2457 ms total)

[----------] 8 tests from ECCPerfTest_findTransformECC
[ RUN      ] ECCPerfTest_findTransformECC.findTransformECC/0, where GetParam() = (MOTION_TRANSLATION, IMREAD_GRAYSCALE)
[ PERFSTAT ]    (samples=13   mean=3.86   median=3.85   min=3.82   stddev=0.03 (0.7%))
[       OK ] ECCPerfTest_findTransformECC.findTransformECC/0 (63 ms)
[ RUN      ] ECCPerfTest_findTransformECC.findTransformECC/1, where GetParam() = (MOTION_TRANSLATION, IMREAD_COLOR)
[ PERFSTAT ]    (samples=13   mean=6.83   median=6.83   min=6.73   stddev=0.07 (1.0%))
[       OK ] ECCPerfTest_findTransformECC.findTransformECC/1 (94 ms)
[ RUN      ] ECCPerfTest_findTransformECC.findTransformECC/2, where GetParam() = (MOTION_EUCLIDEAN, IMREAD_GRAYSCALE)
[ PERFSTAT ]    (samples=13   mean=4.48   median=4.47   min=4.45   stddev=0.03 (0.6%))
[       OK ] ECCPerfTest_findTransformECC.findTransformECC/2 (62 ms)
[ RUN      ] ECCPerfTest_findTransformECC.findTransformECC/3, where GetParam() = (MOTION_EUCLIDEAN, IMREAD_COLOR)
[ PERFSTAT ]    (samples=12   mean=8.16   median=8.15   min=7.92   stddev=0.24 (3.0%))
[       OK ] ECCPerfTest_findTransformECC.findTransformECC/3 (100 ms)
[ RUN      ] ECCPerfTest_findTransformECC.findTransformECC/4, where GetParam() = (MOTION_AFFINE, IMREAD_GRAYSCALE)
[ PERFSTAT ]    (samples=10   mean=5.68   median=5.64   min=5.62   stddev=0.10 (1.7%))
[       OK ] ECCPerfTest_findTransformECC.findTransformECC/4 (60 ms)
[ RUN      ] ECCPerfTest_findTransformECC.findTransformECC/5, where GetParam() = (MOTION_AFFINE, IMREAD_COLOR)
[ PERFSTAT ]    (samples=10   mean=10.40   median=10.35   min=10.11   stddev=0.24 (2.3%))
[       OK ] ECCPerfTest_findTransformECC.findTransformECC/5 (107 ms)
[ RUN      ] ECCPerfTest_findTransformECC.findTransformECC/6, where GetParam() = (MOTION_HOMOGRAPHY, IMREAD_GRAYSCALE)
[ PERFSTAT ]    (samples=13   mean=10.55   median=10.54   min=10.45   stddev=0.06 (0.6%))
[       OK ] ECCPerfTest_findTransformECC.findTransformECC/6 (141 ms)
[ RUN      ] ECCPerfTest_findTransformECC.findTransformECC/7, where GetParam() = (MOTION_HOMOGRAPHY, IMREAD_COLOR)
[ PERFSTAT ]    (samples=13   mean=18.76   median=18.74   min=18.50   stddev=0.20 (1.1%))
[       OK ] ECCPerfTest_findTransformECC.findTransformECC/7 (249 ms)
[----------] 8 tests from ECCPerfTest_findTransformECC (876 ms total)

[----------] 8 tests from ECCPerfTestMS_findTransformECCMultiScale
[ RUN      ] ECCPerfTestMS_findTransformECCMultiScale.findTransformECCMultiScale/0, where GetParam() = (MOTION_TRANSLATION, false)
[ PERFSTAT ]    (samples=18   mean=257.93   median=258.05   min=239.46   stddev=7.67 (3.0%))
[       OK ] ECCPerfTestMS_findTransformECCMultiScale.findTransformECCMultiScale/0 (4756 ms)
[ RUN      ] ECCPerfTestMS_findTransformECCMultiScale.findTransformECCMultiScale/1, where GetParam() = (MOTION_TRANSLATION, true)
.
.
.
.
[ PERFSTAT ]    (samples=100   mean=452.39   median=459.76   min=364.23   stddev=23.71 (5.2%))
[       OK ] ECCPerfTestMS_findTransformECCMultiScale.findTransformECCMultiScale/1 (45662 ms)
[ RUN      ] ECCPerfTestMS_findTransformECCMultiScale.findTransformECCMultiScale/2, where GetParam() = (MOTION_EUCLIDEAN, false)
[ PERFSTAT ]    (samples=10   mean=396.13   median=400.45   min=374.40   stddev=11.12 (2.8%))
[       OK ] ECCPerfTestMS_findTransformECCMultiScale.findTransformECCMultiScale/2 (4061 ms)
[ RUN      ] ECCPerfTestMS_findTransformECCMultiScale.findTransformECCMultiScale/3, where GetParam() = (MOTION_EUCLIDEAN, true)
[ PERFSTAT ]    (samples=10   mean=475.68   median=476.99   min=463.42   stddev=7.01 (1.5%))
[       OK ] ECCPerfTestMS_findTransformECCMultiScale.findTransformECCMultiScale/3 (4859 ms)
[ RUN      ] ECCPerfTestMS_findTransformECCMultiScale.findTransformECCMultiScale/4, where GetParam() = (MOTION_AFFINE, false)
[ PERFSTAT ]    (samples=10   mean=553.27   median=556.66   min=535.00   stddev=9.96 (1.8%))
[       OK ] ECCPerfTestMS_findTransformECCMultiScale.findTransformECCMultiScale/4 (5637 ms)
[ RUN      ] ECCPerfTestMS_findTransformECCMultiScale.findTransformECCMultiScale/5, where GetParam() = (MOTION_AFFINE, true)
[ PERFSTAT ]    (samples=10   mean=471.57   median=471.85   min=447.54   stddev=12.88 (2.7%))
[       OK ] ECCPerfTestMS_findTransformECCMultiScale.findTransformECCMultiScale/5 (4815 ms)
[ RUN      ] ECCPerfTestMS_findTransformECCMultiScale.findTransformECCMultiScale/6, where GetParam() = (MOTION_HOMOGRAPHY, false)
[ PERFSTAT ]    (samples=10   mean=945.40   median=944.12   min=923.89   stddev=16.38 (1.7%))
[       OK ] ECCPerfTestMS_findTransformECCMultiScale.findTransformECCMultiScale/6 (9555 ms)
[ RUN      ] ECCPerfTestMS_findTransformECCMultiScale.findTransformECCMultiScale/7, where GetParam() = (MOTION_HOMOGRAPHY, true)
[ PERFSTAT ]    (samples=17   mean=409.21   median=411.01   min=389.77   stddev=12.26 (3.0%))
[       OK ] ECCPerfTestMS_findTransformECCMultiScale.findTransformECCMultiScale/7 (7089 ms)
[----------] 8 tests from ECCPerfTestMS_findTransformECCMultiScale (86434 ms total)

[----------] 48 tests from Path_Idx_Cn_NPoints_WSize_OpticalFlowPyrLK_full
[ RUN      ] Path_Idx_Cn_NPoints_WSize_OpticalFlowPyrLK_full.OpticalFlowPyrLK_full/0, where GetParam() = ("cv/optflow/frames/VGA_%02d.png", 1, 1, (9, 9), 7)
[ PERFSTAT ]    (samples=13   mean=0.77   median=0.77   min=0.75   stddev=0.01 (1.3%))
[       OK ] Path_Idx_Cn_NPoints_WSize_OpticalFlowPyrLK_full.OpticalFlowPyrLK_full/0 (33 ms)
[ RUN      ] Path_Idx_Cn_NPoints_WSize_OpticalFlowPyrLK_full.OpticalFlowPyrLK_full/1, where GetParam() = ("cv/optflow/frames/VGA_%02d.png", 1, 1, (9, 9), 11)
[ PERFSTAT ]    (samples=28   mean=0.93   median=0.92   min=0.89   stddev=0.03 (3.0%))
[       OK ] Path_Idx_Cn_NPoints_WSize_OpticalFlowPyrLK_full.OpticalFlowPyrLK_full/1 (39 ms)
[ RUN      ] Path_Idx_Cn_NPoints_WSize_OpticalFlowPyrLK_full.OpticalFlowPyrLK_full/2, where GetParam() = ("cv/optflow/frames/VGA_%02d.png", 1, 1, (15, 15), 7)
[ PERFSTAT ]    (samples=10   mean=0.95   median=0.95   min=0.94   stddev=0.01 (1.0%))
[       OK ] Path_Idx_Cn_NPoints_WSize_OpticalFlowPyrLK_full.OpticalFlowPyrLK_full/2 (22 ms)
[ RUN      ] Path_Idx_Cn_NPoints_WSize_OpticalFlowPyrLK_full.OpticalFlowPyrLK_full/3, where GetParam() = ("cv/optflow/frames/VGA_%02d.png", 1, 1, (15, 15), 11)
[ PERFSTAT ]    (samples=10   mean=1.03   median=1.03   min=0.99   stddev=0.03 (2.9%))
[       OK ] Path_Idx_Cn_NPoints_WSize_OpticalFlowPyrLK_full.OpticalFlowPyrLK_full/3 (22 ms)
[ RUN      ] Path_Idx_Cn_NPoints_WSize_OpticalFlowPyrLK_full.OpticalFlowPyrLK_full/4, where GetParam() = ("cv/optflow/frames/VGA_%02d.png", 1, 3, (9, 9), 7)
[ PERFSTAT ]    (samples=13   mean=1.88   median=1.88   min=1.83   stddev=0.03 (1.8%))
[       OK ] Path_Idx_Cn_NPoints_WSize_OpticalFlowPyrLK_full.OpticalFlowPyrLK_full/4 (37 ms)
[ RUN      ] Path_Idx_Cn_NPoints_WSize_OpticalFlowPyrLK_full.OpticalFlowPyrLK_full/5, where GetParam() = ("cv/optflow/frames/VGA_%02d.png", 1, 3, (9, 9), 11)
[ PERFSTAT ]    (samples=23   mean=2.06   median=2.06   min=1.97   stddev=0.06 (3.0%))
[       OK ] Path_Idx_Cn_NPoints_WSize_OpticalFlowPyrLK_full.OpticalFlowPyrLK_full/5 (60 ms)
[ RUN      ] Path_Idx_Cn_NPoints_WSize_OpticalFlowPyrLK_full.OpticalFlowPyrLK_full/6, where GetParam() = ("cv/optflow/frames/VGA_%02d.png", 1, 3, (15, 15), 7)
[ PERFSTAT ]    (samples=10   mean=2.03   median=2.01   min=1.95   stddev=0.06 (2.8%))
[       OK ] Path_Idx_Cn_NPoints_WSize_OpticalFlowPyrLK_full.OpticalFlowPyrLK_full/6 (32 ms)
[ RUN      ] Path_Idx_Cn_NPoints_WSize_OpticalFlowPyrLK_full.OpticalFlowPyrLK_full/7, where GetParam() = ("cv/optflow/frames/VGA_%02d.png", 1, 3, (15, 15), 11)
[ PERFSTAT ]    (samples=10   mean=2.33   median=2.31   min=2.26   stddev=0.05 (2.0%))
[       OK ] Path_Idx_Cn_NPoints_WSize_OpticalFlowPyrLK_full.OpticalFlowPyrLK_full/7 (34 ms)
[ RUN      ] Path_Idx_Cn_NPoints_WSize_OpticalFlowPyrLK_full.OpticalFlowPyrLK_full/8, where GetParam() = ("cv/optflow/frames/VGA_%02d.png", 1, 4, (9, 9), 7)
[ PERFSTAT ]    (samples=30   mean=1.91   median=1.95   min=1.64   stddev=0.12 (6.2%))
[       OK ] Path_Idx_Cn_NPoints_WSize_OpticalFlowPyrLK_full.OpticalFlowPyrLK_full/8 (70 ms)
[ RUN      ] Path_Idx_Cn_NPoints_WSize_OpticalFlowPyrLK_full.OpticalFlowPyrLK_full/9, where GetParam() = ("cv/optflow/frames/VGA_%02d.png", 1, 4, (9, 9), 11)
[ PERFSTAT ]    (samples=30   mean=2.01   median=2.00   min=1.89   stddev=0.07 (3.4%))
[       OK ] Path_Idx_Cn_NPoints_WSize_OpticalFlowPyrLK_full.OpticalFlowPyrLK_full/9 (74 ms)
[ RUN      ] Path_Idx_Cn_NPoints_WSize_OpticalFlowPyrLK_full.OpticalFlowPyrLK_full/10, where GetParam() = ("cv/optflow/frames/VGA_%02d.png", 1, 4, (15, 15), 7)
[ PERFSTAT ]    (samples=11   mean=1.91   median=1.91   min=1.82   stddev=0.06 (2.9%))
[       OK ] Path_Idx_Cn_NPoints_WSize_OpticalFlowPyrLK_full.OpticalFlowPyrLK_full/10 (34 ms)
[ RUN      ] Path_Idx_Cn_NPoints_WSize_OpticalFlowPyrLK_full.OpticalFlowPyrLK_full/11, where GetParam() = ("cv/optflow/frames/VGA_%02d.png", 1, 4, (15, 15), 11)
[ PERFSTAT ]    (samples=10   mean=2.14   median=2.14   min=2.12   stddev=0.01 (0.6%))
[       OK ] Path_Idx_Cn_NPoints_WSize_OpticalFlowPyrLK_full.OpticalFlowPyrLK_full/11 (34 ms)
[ RUN      ] Path_Idx_Cn_NPoints_WSize_OpticalFlowPyrLK_full.OpticalFlowPyrLK_full/12, where GetParam() = ("cv/optflow/frames/VGA_%02d.png", 2, 1, (9, 9), 7)
[ PERFSTAT ]    (samples=10   mean=0.69   median=0.69   min=0.66   stddev=0.02 (3.0%))
[       OK ] Path_Idx_Cn_NPoints_WSize_OpticalFlowPyrLK_full.OpticalFlowPyrLK_full/12 (20 ms)
[ RUN      ] Path_Idx_Cn_NPoints_WSize_OpticalFlowPyrLK_full.OpticalFlowPyrLK_full/13, where GetParam() = ("cv/optflow/frames/VGA_%02d.png", 2, 1, (9, 9), 11)
[ PERFSTAT ]    (samples=25   mean=0.89   median=0.88   min=0.85   stddev=0.03 (2.8%))
[       OK ] Path_Idx_Cn_NPoints_WSize_OpticalFlowPyrLK_full.OpticalFlowPyrLK_full/13 (35 ms)
[ RUN      ] Path_Idx_Cn_NPoints_WSize_OpticalFlowPyrLK_full.OpticalFlowPyrLK_full/14, where GetParam() = ("cv/optflow/frames/VGA_%02d.png", 2, 1, (15, 15), 7)
[ PERFSTAT ]    (samples=10   mean=0.89   median=0.88   min=0.87   stddev=0.01 (1.3%))
[       OK ] Path_Idx_Cn_NPoints_WSize_OpticalFlowPyrLK_full.OpticalFlowPyrLK_full/14 (21 ms)
[ RUN      ] Path_Idx_Cn_NPoints_WSize_OpticalFlowPyrLK_full.OpticalFlowPyrLK_full/15, where GetParam() = ("cv/optflow/frames/VGA_%02d.png", 2, 1, (15, 15), 11)
[ PERFSTAT ]    (samples=10   mean=0.97   median=0.97   min=0.94   stddev=0.02 (1.9%))
[       OK ] Path_Idx_Cn_NPoints_WSize_OpticalFlowPyrLK_full.OpticalFlowPyrLK_full/15 (22 ms)
[ RUN      ] Path_Idx_Cn_NPoints_WSize_OpticalFlowPyrLK_full.OpticalFlowPyrLK_full/16, where GetParam() = ("cv/optflow/frames/VGA_%02d.png", 2, 3, (9, 9), 7)
[ PERFSTAT ]    (samples=13   mean=1.77   median=1.77   min=1.74   stddev=0.02 (1.2%))
[       OK ] Path_Idx_Cn_NPoints_WSize_OpticalFlowPyrLK_full.OpticalFlowPyrLK_full/16 (35 ms)
[ RUN      ] Path_Idx_Cn_NPoints_WSize_OpticalFlowPyrLK_full.OpticalFlowPyrLK_full/17, where GetParam() = ("cv/optflow/frames/VGA_%02d.png", 2, 3, (9, 9), 11)
[ PERFSTAT ]    (samples=10   mean=1.86   median=1.85   min=1.81   stddev=0.05 (2.7%))
[       OK ] Path_Idx_Cn_NPoints_WSize_OpticalFlowPyrLK_full.OpticalFlowPyrLK_full/17 (30 ms)
[ RUN      ] Path_Idx_Cn_NPoints_WSize_OpticalFlowPyrLK_full.OpticalFlowPyrLK_full/18, where GetParam() = ("cv/optflow/frames/VGA_%02d.png", 2, 3, (15, 15), 7)
[ PERFSTAT ]    (samples=10   mean=1.84   median=1.83   min=1.80   stddev=0.04 (2.1%))
[       OK ] Path_Idx_Cn_NPoints_WSize_OpticalFlowPyrLK_full.OpticalFlowPyrLK_full/18 (30 ms)
[ RUN      ] Path_Idx_Cn_NPoints_WSize_OpticalFlowPyrLK_full.OpticalFlowPyrLK_full/19, where GetParam() = ("cv/optflow/frames/VGA_%02d.png", 2, 3, (15, 15), 11)
[ PERFSTAT ]    (samples=10   mean=2.05   median=2.04   min=2.02   stddev=0.06 (2.8%))
[       OK ] Path_Idx_Cn_NPoints_WSize_OpticalFlowPyrLK_full.OpticalFlowPyrLK_full/19 (32 ms)
[ RUN      ] Path_Idx_Cn_NPoints_WSize_OpticalFlowPyrLK_full.OpticalFlowPyrLK_full/20, where GetParam() = ("cv/optflow/frames/VGA_%02d.png", 2, 4, (9, 9), 7)
[ PERFSTAT ]    (samples=10   mean=1.53   median=1.54   min=1.44   stddev=0.04 (2.4%))
[       OK ] Path_Idx_Cn_NPoints_WSize_OpticalFlowPyrLK_full.OpticalFlowPyrLK_full/20 (27 ms)
[ RUN      ] Path_Idx_Cn_NPoints_WSize_OpticalFlowPyrLK_full.OpticalFlowPyrLK_full/21, where GetParam() = ("cv/optflow/frames/VGA_%02d.png", 2, 4, (9, 9), 11)
[ PERFSTAT ]    (samples=30   mean=1.90   median=1.91   min=1.74   stddev=0.06 (3.2%))
[       OK ] Path_Idx_Cn_NPoints_WSize_OpticalFlowPyrLK_full.OpticalFlowPyrLK_full/21 (69 ms)
[ RUN      ] Path_Idx_Cn_NPoints_WSize_OpticalFlowPyrLK_full.OpticalFlowPyrLK_full/22, where GetParam() = ("cv/optflow/frames/VGA_%02d.png", 2, 4, (15, 15), 7)
[ PERFSTAT ]    (samples=10   mean=1.85   median=1.86   min=1.82   stddev=0.02 (1.1%))
[       OK ] Path_Idx_Cn_NPoints_WSize_OpticalFlowPyrLK_full.OpticalFlowPyrLK_full/22 (31 ms)
[ RUN      ] Path_Idx_Cn_NPoints_WSize_OpticalFlowPyrLK_full.OpticalFlowPyrLK_full/23, where GetParam() = ("cv/optflow/frames/VGA_%02d.png", 2, 4, (15, 15), 11)
[ PERFSTAT ]    (samples=30   mean=2.08   median=2.04   min=1.93   stddev=0.11 (5.3%))
[       OK ] Path_Idx_Cn_NPoints_WSize_OpticalFlowPyrLK_full.OpticalFlowPyrLK_full/23 (75 ms)
[ RUN      ] Path_Idx_Cn_NPoints_WSize_OpticalFlowPyrLK_full.OpticalFlowPyrLK_full/24, where GetParam() = ("cv/optflow/frames/720p_%02d.png", 1, 1, (9, 9), 7)
[ PERFSTAT ]    (samples=10   mean=1.12   median=1.13   min=1.03   stddev=0.03 (2.9%))
[       OK ] Path_Idx_Cn_NPoints_WSize_OpticalFlowPyrLK_full.OpticalFlowPyrLK_full/24 (59 ms)
[ RUN      ] Path_Idx_Cn_NPoints_WSize_OpticalFlowPyrLK_full.OpticalFlowPyrLK_full/25, where GetParam() = ("cv/optflow/frames/720p_%02d.png", 1, 1, (9, 9), 11)
[ PERFSTAT ]    (samples=15   mean=1.48   median=1.46   min=1.44   stddev=0.04 (2.9%))
[       OK ] Path_Idx_Cn_NPoints_WSize_OpticalFlowPyrLK_full.OpticalFlowPyrLK_full/25 (70 ms)
[ RUN      ] Path_Idx_Cn_NPoints_WSize_OpticalFlowPyrLK_full.OpticalFlowPyrLK_full/26, where GetParam() = ("cv/optflow/frames/720p_%02d.png", 1, 1, (15, 15), 7)
[ PERFSTAT ]    (samples=10   mean=1.41   median=1.40   min=1.38   stddev=0.02 (1.3%))
[       OK ] Path_Idx_Cn_NPoints_WSize_OpticalFlowPyrLK_full.OpticalFlowPyrLK_full/26 (63 ms)
[ RUN      ] Path_Idx_Cn_NPoints_WSize_OpticalFlowPyrLK_full.OpticalFlowPyrLK_full/27, where GetParam() = ("cv/optflow/frames/720p_%02d.png", 1, 1, (15, 15), 11)
[ PERFSTAT ]    (samples=13   mean=1.62   median=1.60   min=1.58   stddev=0.04 (2.4%))
[       OK ] Path_Idx_Cn_NPoints_WSize_OpticalFlowPyrLK_full.OpticalFlowPyrLK_full/27 (68 ms)
[ RUN      ] Path_Idx_Cn_NPoints_WSize_OpticalFlowPyrLK_full.OpticalFlowPyrLK_full/28, where GetParam() = ("cv/optflow/frames/720p_%02d.png", 1, 3, (9, 9), 7)
[ PERFSTAT ]    (samples=30   mean=3.55   median=3.54   min=3.35   stddev=0.11 (3.0%))
[       OK ] Path_Idx_Cn_NPoints_WSize_OpticalFlowPyrLK_full.OpticalFlowPyrLK_full/28 (154 ms)
[ RUN      ] Path_Idx_Cn_NPoints_WSize_OpticalFlowPyrLK_full.OpticalFlowPyrLK_full/29, where GetParam() = ("cv/optflow/frames/720p_%02d.png", 1, 3, (9, 9), 11)
[ PERFSTAT ]    (samples=30   mean=3.82   median=3.76   min=3.66   stddev=0.15 (3.8%))
[       OK ] Path_Idx_Cn_NPoints_WSize_OpticalFlowPyrLK_full.OpticalFlowPyrLK_full/29 (161 ms)
[ RUN      ] Path_Idx_Cn_NPoints_WSize_OpticalFlowPyrLK_full.OpticalFlowPyrLK_full/30, where GetParam() = ("cv/optflow/frames/720p_%02d.png", 1, 3, (15, 15), 7)
[ PERFSTAT ]    (samples=30   mean=3.82   median=3.83   min=3.60   stddev=0.14 (3.8%))
[       OK ] Path_Idx_Cn_NPoints_WSize_OpticalFlowPyrLK_full.OpticalFlowPyrLK_full/30 (161 ms)
[ RUN      ] Path_Idx_Cn_NPoints_WSize_OpticalFlowPyrLK_full.OpticalFlowPyrLK_full/31, where GetParam() = ("cv/optflow/frames/720p_%02d.png", 1, 3, (15, 15), 11)
[ PERFSTAT ]    (samples=13   mean=3.97   median=3.94   min=3.85   stddev=0.10 (2.4%))
[       OK ] Path_Idx_Cn_NPoints_WSize_OpticalFlowPyrLK_full.OpticalFlowPyrLK_full/31 (98 ms)
[ RUN      ] Path_Idx_Cn_NPoints_WSize_OpticalFlowPyrLK_full.OpticalFlowPyrLK_full/32, where GetParam() = ("cv/optflow/frames/720p_%02d.png", 1, 4, (9, 9), 7)
[ PERFSTAT ]    (samples=29   mean=3.31   median=3.31   min=2.93   stddev=0.10 (3.0%))
[       OK ] Path_Idx_Cn_NPoints_WSize_OpticalFlowPyrLK_full.OpticalFlowPyrLK_full/32 (144 ms)
[ RUN      ] Path_Idx_Cn_NPoints_WSize_OpticalFlowPyrLK_full.OpticalFlowPyrLK_full/33, where GetParam() = ("cv/optflow/frames/720p_%02d.png", 1, 4, (9, 9), 11)
[ PERFSTAT ]    (samples=25   mean=3.66   median=3.66   min=3.53   stddev=0.08 (2.3%))
[       OK ] Path_Idx_Cn_NPoints_WSize_OpticalFlowPyrLK_full.OpticalFlowPyrLK_full/33 (144 ms)
[ RUN      ] Path_Idx_Cn_NPoints_WSize_OpticalFlowPyrLK_full.OpticalFlowPyrLK_full/34, where GetParam() = ("cv/optflow/frames/720p_%02d.png", 1, 4, (15, 15), 7)
[ PERFSTAT ]    (samples=30   mean=3.48   median=3.46   min=3.37   stddev=0.11 (3.2%))
[       OK ] Path_Idx_Cn_NPoints_WSize_OpticalFlowPyrLK_full.OpticalFlowPyrLK_full/34 (159 ms)
[ RUN      ] Path_Idx_Cn_NPoints_WSize_OpticalFlowPyrLK_full.OpticalFlowPyrLK_full/35, where GetParam() = ("cv/optflow/frames/720p_%02d.png", 1, 4, (15, 15), 11)
[ PERFSTAT ]    (samples=13   mean=3.98   median=3.97   min=3.85   stddev=0.11 (2.8%))
[       OK ] Path_Idx_Cn_NPoints_WSize_OpticalFlowPyrLK_full.OpticalFlowPyrLK_full/35 (102 ms)
[ RUN      ] Path_Idx_Cn_NPoints_WSize_OpticalFlowPyrLK_full.OpticalFlowPyrLK_full/36, where GetParam() = ("cv/optflow/frames/720p_%02d.png", 2, 1, (9, 9), 7)
[ PERFSTAT ]    (samples=21   mean=1.28   median=1.27   min=1.25   stddev=0.04 (2.9%))
[       OK ] Path_Idx_Cn_NPoints_WSize_OpticalFlowPyrLK_full.OpticalFlowPyrLK_full/36 (76 ms)
[ RUN      ] Path_Idx_Cn_NPoints_WSize_OpticalFlowPyrLK_full.OpticalFlowPyrLK_full/37, where GetParam() = ("cv/optflow/frames/720p_%02d.png", 2, 1, (9, 9), 11)
[ PERFSTAT ]    (samples=10   mean=1.47   median=1.47   min=1.43   stddev=0.03 (1.7%))
[       OK ] Path_Idx_Cn_NPoints_WSize_OpticalFlowPyrLK_full.OpticalFlowPyrLK_full/37 (63 ms)
[ RUN      ] Path_Idx_Cn_NPoints_WSize_OpticalFlowPyrLK_full.OpticalFlowPyrLK_full/38, where GetParam() = ("cv/optflow/frames/720p_%02d.png", 2, 1, (15, 15), 7)
[ PERFSTAT ]    (samples=23   mean=1.41   median=1.40   min=1.36   stddev=0.04 (2.9%))
[       OK ] Path_Idx_Cn_NPoints_WSize_OpticalFlowPyrLK_full.OpticalFlowPyrLK_full/38 (80 ms)
[ RUN      ] Path_Idx_Cn_NPoints_WSize_OpticalFlowPyrLK_full.OpticalFlowPyrLK_full/39, where GetParam() = ("cv/optflow/frames/720p_%02d.png", 2, 1, (15, 15), 11)
[ PERFSTAT ]    (samples=10   mean=1.61   median=1.61   min=1.59   stddev=0.02 (1.2%))
[       OK ] Path_Idx_Cn_NPoints_WSize_OpticalFlowPyrLK_full.OpticalFlowPyrLK_full/39 (63 ms)
[ RUN      ] Path_Idx_Cn_NPoints_WSize_OpticalFlowPyrLK_full.OpticalFlowPyrLK_full/40, where GetParam() = ("cv/optflow/frames/720p_%02d.png", 2, 3, (9, 9), 7)
[ PERFSTAT ]    (samples=30   mean=3.59   median=3.54   min=3.46   stddev=0.14 (3.8%))
[       OK ] Path_Idx_Cn_NPoints_WSize_OpticalFlowPyrLK_full.OpticalFlowPyrLK_full/40 (157 ms)
[ RUN      ] Path_Idx_Cn_NPoints_WSize_OpticalFlowPyrLK_full.OpticalFlowPyrLK_full/41, where GetParam() = ("cv/optflow/frames/720p_%02d.png", 2, 3, (9, 9), 11)
[ PERFSTAT ]    (samples=10   mean=3.76   median=3.76   min=3.69   stddev=0.06 (1.5%))
[       OK ] Path_Idx_Cn_NPoints_WSize_OpticalFlowPyrLK_full.OpticalFlowPyrLK_full/41 (83 ms)
[ RUN      ] Path_Idx_Cn_NPoints_WSize_OpticalFlowPyrLK_full.OpticalFlowPyrLK_full/42, where GetParam() = ("cv/optflow/frames/720p_%02d.png", 2, 3, (15, 15), 7)
[ PERFSTAT ]    (samples=30   mean=3.82   median=3.77   min=3.64   stddev=0.16 (4.1%))
[       OK ] Path_Idx_Cn_NPoints_WSize_OpticalFlowPyrLK_full.OpticalFlowPyrLK_full/42 (162 ms)
[ RUN      ] Path_Idx_Cn_NPoints_WSize_OpticalFlowPyrLK_full.OpticalFlowPyrLK_full/43, where GetParam() = ("cv/optflow/frames/720p_%02d.png", 2, 3, (15, 15), 11)
[ PERFSTAT ]    (samples=13   mean=4.09   median=4.05   min=3.95   stddev=0.12 (2.9%))
[       OK ] Path_Idx_Cn_NPoints_WSize_OpticalFlowPyrLK_full.OpticalFlowPyrLK_full/43 (100 ms)
[ RUN      ] Path_Idx_Cn_NPoints_WSize_OpticalFlowPyrLK_full.OpticalFlowPyrLK_full/44, where GetParam() = ("cv/optflow/frames/720p_%02d.png", 2, 4, (9, 9), 7)
[ PERFSTAT ]    (samples=30   mean=3.28   median=3.26   min=2.89   stddev=0.11 (3.2%))
[       OK ] Path_Idx_Cn_NPoints_WSize_OpticalFlowPyrLK_full.OpticalFlowPyrLK_full/44 (148 ms)
[ RUN      ] Path_Idx_Cn_NPoints_WSize_OpticalFlowPyrLK_full.OpticalFlowPyrLK_full/45, where GetParam() = ("cv/optflow/frames/720p_%02d.png", 2, 4, (9, 9), 11)
[ PERFSTAT ]    (samples=30   mean=3.68   median=3.66   min=3.52   stddev=0.14 (3.9%))
[       OK ] Path_Idx_Cn_NPoints_WSize_OpticalFlowPyrLK_full.OpticalFlowPyrLK_full/45 (160 ms)
[ RUN      ] Path_Idx_Cn_NPoints_WSize_OpticalFlowPyrLK_full.OpticalFlowPyrLK_full/46, where GetParam() = ("cv/optflow/frames/720p_%02d.png", 2, 4, (15, 15), 7)
[ PERFSTAT ]    (samples=25   mean=3.47   median=3.47   min=3.36   stddev=0.07 (1.9%))
[       OK ] Path_Idx_Cn_NPoints_WSize_OpticalFlowPyrLK_full.OpticalFlowPyrLK_full/46 (138 ms)
[ RUN      ] Path_Idx_Cn_NPoints_WSize_OpticalFlowPyrLK_full.OpticalFlowPyrLK_full/47, where GetParam() = ("cv/optflow/frames/720p_%02d.png", 2, 4, (15, 15), 11)
[ PERFSTAT ]    (samples=30   mean=3.92   median=3.90   min=3.75   stddev=0.14 (3.6%))
[       OK ] Path_Idx_Cn_NPoints_WSize_OpticalFlowPyrLK_full.OpticalFlowPyrLK_full/47 (169 ms)
[----------] 48 tests from Path_Idx_Cn_NPoints_WSize_OpticalFlowPyrLK_full (3701 ms total)

[----------] 96 tests from Path_Idx_Cn_NPoints_WSize_Deriv_OpticalFlowPyrLK_self
[ RUN      ] Path_Idx_Cn_NPoints_WSize_Deriv_OpticalFlowPyrLK_self.OpticalFlowPyrLK_self/0, where GetParam() = ("cv/optflow/frames/VGA_%02d.png", 1, 1, (9, 9), 7, false)
[ PERFSTAT ]    (samples=13   mean=0.26   median=0.26   min=0.25   stddev=0.00 (1.3%))
[       OK ] Path_Idx_Cn_NPoints_WSize_Deriv_OpticalFlowPyrLK_self.OpticalFlowPyrLK_self/0 (24 ms)
[ RUN      ] Path_Idx_Cn_NPoints_WSize_Deriv_OpticalFlowPyrLK_self.OpticalFlowPyrLK_self/1, where GetParam() = ("cv/optflow/frames/VGA_%02d.png", 1, 1, (9, 9), 7, true)
[ PERFSTAT ]    (samples=12   mean=0.10   median=0.10   min=0.10   stddev=0.00 (2.9%))
[       OK ] Path_Idx_Cn_NPoints_WSize_Deriv_OpticalFlowPyrLK_self.OpticalFlowPyrLK_self/1 (18 ms)
[ RUN      ] Path_Idx_Cn_NPoints_WSize_Deriv_OpticalFlowPyrLK_self.OpticalFlowPyrLK_self/2, where GetParam() = ("cv/optflow/frames/VGA_%02d.png", 1, 1, (9, 9), 11, false)
[ PERFSTAT ]    (samples=11   mean=0.27   median=0.27   min=0.26   stddev=0.01 (2.9%))
[       OK ] Path_Idx_Cn_NPoints_WSize_Deriv_OpticalFlowPyrLK_self.OpticalFlowPyrLK_self/2 (21 ms)
[ RUN      ] Path_Idx_Cn_NPoints_WSize_Deriv_OpticalFlowPyrLK_self.OpticalFlowPyrLK_self/3, where GetParam() = ("cv/optflow/frames/VGA_%02d.png", 1, 1, (9, 9), 11, true)
[ PERFSTAT ]    (samples=16   mean=0.10   median=0.10   min=0.10   stddev=0.00 (3.0%))
[       OK ] Path_Idx_Cn_NPoints_WSize_Deriv_OpticalFlowPyrLK_self.OpticalFlowPyrLK_self/3 (18 ms)
[ RUN      ] Path_Idx_Cn_NPoints_WSize_Deriv_OpticalFlowPyrLK_self.OpticalFlowPyrLK_self/4, where GetParam() = ("cv/optflow/frames/VGA_%02d.png", 1, 1, (15, 15), 7, false)
[ PERFSTAT ]    (samples=25   mean=0.40   median=0.40   min=0.36   stddev=0.01 (2.9%))
[       OK ] Path_Idx_Cn_NPoints_WSize_Deriv_OpticalFlowPyrLK_self.OpticalFlowPyrLK_self/4 (42 ms)
[ RUN      ] Path_Idx_Cn_NPoints_WSize_Deriv_OpticalFlowPyrLK_self.OpticalFlowPyrLK_self/5, where GetParam() = ("cv/optflow/frames/VGA_%02d.png", 1, 1, (15, 15), 7, true)
[ PERFSTAT ]    (samples=12   mean=0.21   median=0.20   min=0.20   stddev=0.01 (3.0%))
[       OK ] Path_Idx_Cn_NPoints_WSize_Deriv_OpticalFlowPyrLK_self.OpticalFlowPyrLK_self/5 (21 ms)
[ RUN      ] Path_Idx_Cn_NPoints_WSize_Deriv_OpticalFlowPyrLK_self.OpticalFlowPyrLK_self/6, where GetParam() = ("cv/optflow/frames/VGA_%02d.png", 1, 1, (15, 15), 11, false)
[ PERFSTAT ]    (samples=11   mean=0.41   median=0.40   min=0.39   stddev=0.01 (2.9%))
[       OK ] Path_Idx_Cn_NPoints_WSize_Deriv_OpticalFlowPyrLK_self.OpticalFlowPyrLK_self/6 (26 ms)
[ RUN      ] Path_Idx_Cn_NPoints_WSize_Deriv_OpticalFlowPyrLK_self.OpticalFlowPyrLK_self/7, where GetParam() = ("cv/optflow/frames/VGA_%02d.png", 1, 1, (15, 15), 11, true)
[ PERFSTAT ]    (samples=16   mean=0.21   median=0.21   min=0.20   stddev=0.01 (3.0%))
[       OK ] Path_Idx_Cn_NPoints_WSize_Deriv_OpticalFlowPyrLK_self.OpticalFlowPyrLK_self/7 (23 ms)
[ RUN      ] Path_Idx_Cn_NPoints_WSize_Deriv_OpticalFlowPyrLK_self.OpticalFlowPyrLK_self/8, where GetParam() = ("cv/optflow/frames/VGA_%02d.png", 1, 3, (9, 9), 7, false)
[ PERFSTAT ]    (samples=100   mean=0.54   median=0.53   min=0.47   stddev=0.04 (6.6%))
[       OK ] Path_Idx_Cn_NPoints_WSize_Deriv_OpticalFlowPyrLK_self.OpticalFlowPyrLK_self/8 (178 ms)
[ RUN      ] Path_Idx_Cn_NPoints_WSize_Deriv_OpticalFlowPyrLK_self.OpticalFlowPyrLK_self/9, where GetParam() = ("cv/optflow/frames/VGA_%02d.png", 1, 3, (9, 9), 7, true)
[ PERFSTAT ]    (samples=15   mean=0.13   median=0.13   min=0.12   stddev=0.00 (2.9%))
[       OK ] Path_Idx_Cn_NPoints_WSize_Deriv_OpticalFlowPyrLK_self.OpticalFlowPyrLK_self/9 (25 ms)
[ RUN      ] Path_Idx_Cn_NPoints_WSize_Deriv_OpticalFlowPyrLK_self.OpticalFlowPyrLK_self/10, where GetParam() = ("cv/optflow/frames/VGA_%02d.png", 1, 3, (9, 9), 11, false)
[ PERFSTAT ]    (samples=100   mean=0.59   median=0.58   min=0.55   stddev=0.02 (3.8%))
[       OK ] Path_Idx_Cn_NPoints_WSize_Deriv_OpticalFlowPyrLK_self.OpticalFlowPyrLK_self/10 (194 ms)
[ RUN      ] Path_Idx_Cn_NPoints_WSize_Deriv_OpticalFlowPyrLK_self.OpticalFlowPyrLK_self/11, where GetParam() = ("cv/optflow/frames/VGA_%02d.png", 1, 3, (9, 9), 11, true)
[ PERFSTAT ]    (samples=13   mean=0.13   median=0.13   min=0.13   stddev=0.00 (2.6%))
[       OK ] Path_Idx_Cn_NPoints_WSize_Deriv_OpticalFlowPyrLK_self.OpticalFlowPyrLK_self/11 (22 ms)
[ RUN      ] Path_Idx_Cn_NPoints_WSize_Deriv_OpticalFlowPyrLK_self.OpticalFlowPyrLK_self/12, where GetParam() = ("cv/optflow/frames/VGA_%02d.png", 1, 3, (15, 15), 7, false)
[ PERFSTAT ]    (samples=50   mean=0.58   median=0.57   min=0.55   stddev=0.02 (2.7%))
[       OK ] Path_Idx_Cn_NPoints_WSize_Deriv_OpticalFlowPyrLK_self.OpticalFlowPyrLK_self/12 (100 ms)
[ RUN      ] Path_Idx_Cn_NPoints_WSize_Deriv_OpticalFlowPyrLK_self.OpticalFlowPyrLK_self/13, where GetParam() = ("cv/optflow/frames/VGA_%02d.png", 1, 3, (15, 15), 7, true)
[ PERFSTAT ]    (samples=13   mean=0.20   median=0.20   min=0.20   stddev=0.00 (1.7%))
[       OK ] Path_Idx_Cn_NPoints_WSize_Deriv_OpticalFlowPyrLK_self.OpticalFlowPyrLK_self/13 (23 ms)
[ RUN      ] Path_Idx_Cn_NPoints_WSize_Deriv_OpticalFlowPyrLK_self.OpticalFlowPyrLK_self/14, where GetParam() = ("cv/optflow/frames/VGA_%02d.png", 1, 3, (15, 15), 11, false)
[ PERFSTAT ]    (samples=38   mean=0.67   median=0.67   min=0.66   stddev=0.02 (2.5%))
[       OK ] Path_Idx_Cn_NPoints_WSize_Deriv_OpticalFlowPyrLK_self.OpticalFlowPyrLK_self/14 (90 ms)
[ RUN      ] Path_Idx_Cn_NPoints_WSize_Deriv_OpticalFlowPyrLK_self.OpticalFlowPyrLK_self/15, where GetParam() = ("cv/optflow/frames/VGA_%02d.png", 1, 3, (15, 15), 11, true)
[ PERFSTAT ]    (samples=13   mean=0.24   median=0.24   min=0.23   stddev=0.00 (1.8%))
[       OK ] Path_Idx_Cn_NPoints_WSize_Deriv_OpticalFlowPyrLK_self.OpticalFlowPyrLK_self/15 (24 ms)
[ RUN      ] Path_Idx_Cn_NPoints_WSize_Deriv_OpticalFlowPyrLK_self.OpticalFlowPyrLK_self/16, where GetParam() = ("cv/optflow/frames/VGA_%02d.png", 1, 4, (9, 9), 7, false)
[ PERFSTAT ]    (samples=50   mean=0.47   median=0.47   min=0.45   stddev=0.01 (2.9%))
[       OK ] Path_Idx_Cn_NPoints_WSize_Deriv_OpticalFlowPyrLK_self.OpticalFlowPyrLK_self/16 (84 ms)
[ RUN      ] Path_Idx_Cn_NPoints_WSize_Deriv_OpticalFlowPyrLK_self.OpticalFlowPyrLK_self/17, where GetParam() = ("cv/optflow/frames/VGA_%02d.png", 1, 4, (9, 9), 7, true)
[ PERFSTAT ]    (samples=13   mean=0.11   median=0.11   min=0.11   stddev=0.00 (2.1%))
[       OK ] Path_Idx_Cn_NPoints_WSize_Deriv_OpticalFlowPyrLK_self.OpticalFlowPyrLK_self/17 (19 ms)
[ RUN      ] Path_Idx_Cn_NPoints_WSize_Deriv_OpticalFlowPyrLK_self.OpticalFlowPyrLK_self/18, where GetParam() = ("cv/optflow/frames/VGA_%02d.png", 1, 4, (9, 9), 11, false)
[ PERFSTAT ]    (samples=51   mean=0.57   median=0.57   min=0.55   stddev=0.02 (3.0%))
[       OK ] Path_Idx_Cn_NPoints_WSize_Deriv_OpticalFlowPyrLK_self.OpticalFlowPyrLK_self/18 (103 ms)
[ RUN      ] Path_Idx_Cn_NPoints_WSize_Deriv_OpticalFlowPyrLK_self.OpticalFlowPyrLK_self/19, where GetParam() = ("cv/optflow/frames/VGA_%02d.png", 1, 4, (9, 9), 11, true)
[ PERFSTAT ]    (samples=25   mean=0.13   median=0.13   min=0.13   stddev=0.00 (1.8%))
[       OK ] Path_Idx_Cn_NPoints_WSize_Deriv_OpticalFlowPyrLK_self.OpticalFlowPyrLK_self/19 (27 ms)
[ RUN      ] Path_Idx_Cn_NPoints_WSize_Deriv_OpticalFlowPyrLK_self.OpticalFlowPyrLK_self/20, where GetParam() = ("cv/optflow/frames/VGA_%02d.png", 1, 4, (15, 15), 7, false)
[ PERFSTAT ]    (samples=38   mean=0.60   median=0.60   min=0.58   stddev=0.01 (1.3%))
[       OK ] Path_Idx_Cn_NPoints_WSize_Deriv_OpticalFlowPyrLK_self.OpticalFlowPyrLK_self/20 (84 ms)
[ RUN      ] Path_Idx_Cn_NPoints_WSize_Deriv_OpticalFlowPyrLK_self.OpticalFlowPyrLK_self/21, where GetParam() = ("cv/optflow/frames/VGA_%02d.png", 1, 4, (15, 15), 7, true)
[ PERFSTAT ]    (samples=13   mean=0.20   median=0.20   min=0.19   stddev=0.00 (2.1%))
[       OK ] Path_Idx_Cn_NPoints_WSize_Deriv_OpticalFlowPyrLK_self.OpticalFlowPyrLK_self/21 (24 ms)
[ RUN      ] Path_Idx_Cn_NPoints_WSize_Deriv_OpticalFlowPyrLK_self.OpticalFlowPyrLK_self/22, where GetParam() = ("cv/optflow/frames/VGA_%02d.png", 1, 4, (15, 15), 11, false)
[ PERFSTAT ]    (samples=29   mean=0.74   median=0.74   min=0.72   stddev=0.02 (3.0%))
[       OK ] Path_Idx_Cn_NPoints_WSize_Deriv_OpticalFlowPyrLK_self.OpticalFlowPyrLK_self/22 (80 ms)
[ RUN      ] Path_Idx_Cn_NPoints_WSize_Deriv_OpticalFlowPyrLK_self.OpticalFlowPyrLK_self/23, where GetParam() = ("cv/optflow/frames/VGA_%02d.png", 1, 4, (15, 15), 11, true)
[ PERFSTAT ]    (samples=13   mean=0.25   median=0.25   min=0.25   stddev=0.01 (2.5%))
[       OK ] Path_Idx_Cn_NPoints_WSize_Deriv_OpticalFlowPyrLK_self.OpticalFlowPyrLK_self/23 (26 ms)
[ RUN      ] Path_Idx_Cn_NPoints_WSize_Deriv_OpticalFlowPyrLK_self.OpticalFlowPyrLK_self/24, where GetParam() = ("cv/optflow/frames/VGA_%02d.png", 2, 1, (9, 9), 7, false)
[ PERFSTAT ]    (samples=28   mean=0.28   median=0.28   min=0.26   stddev=0.01 (3.0%))
[       OK ] Path_Idx_Cn_NPoints_WSize_Deriv_OpticalFlowPyrLK_self.OpticalFlowPyrLK_self/24 (37 ms)
[ RUN      ] Path_Idx_Cn_NPoints_WSize_Deriv_OpticalFlowPyrLK_self.OpticalFlowPyrLK_self/25, where GetParam() = ("cv/optflow/frames/VGA_%02d.png", 2, 1, (9, 9), 7, true)
[ PERFSTAT ]    (samples=10   mean=0.11   median=0.11   min=0.11   stddev=0.00 (2.2%))
[       OK ] Path_Idx_Cn_NPoints_WSize_Deriv_OpticalFlowPyrLK_self.OpticalFlowPyrLK_self/25 (17 ms)
[ RUN      ] Path_Idx_Cn_NPoints_WSize_Deriv_OpticalFlowPyrLK_self.OpticalFlowPyrLK_self/26, where GetParam() = ("cv/optflow/frames/VGA_%02d.png", 2, 1, (9, 9), 11, false)
[ PERFSTAT ]    (samples=10   mean=0.30   median=0.30   min=0.29   stddev=0.01 (2.7%))
[       OK ] Path_Idx_Cn_NPoints_WSize_Deriv_OpticalFlowPyrLK_self.OpticalFlowPyrLK_self/26 (21 ms)
[ RUN      ] Path_Idx_Cn_NPoints_WSize_Deriv_OpticalFlowPyrLK_self.OpticalFlowPyrLK_self/27, where GetParam() = ("cv/optflow/frames/VGA_%02d.png", 2, 1, (9, 9), 11, true)
[ PERFSTAT ]    (samples=10   mean=0.12   median=0.12   min=0.12   stddev=0.00 (2.6%))
[       OK ] Path_Idx_Cn_NPoints_WSize_Deriv_OpticalFlowPyrLK_self.OpticalFlowPyrLK_self/27 (18 ms)
[ RUN      ] Path_Idx_Cn_NPoints_WSize_Deriv_OpticalFlowPyrLK_self.OpticalFlowPyrLK_self/28, where GetParam() = ("cv/optflow/frames/VGA_%02d.png", 2, 1, (15, 15), 7, false)
[ PERFSTAT ]    (samples=10   mean=0.40   median=0.40   min=0.39   stddev=0.01 (1.7%))
[       OK ] Path_Idx_Cn_NPoints_WSize_Deriv_OpticalFlowPyrLK_self.OpticalFlowPyrLK_self/28 (24 ms)
[ RUN      ] Path_Idx_Cn_NPoints_WSize_Deriv_OpticalFlowPyrLK_self.OpticalFlowPyrLK_self/29, where GetParam() = ("cv/optflow/frames/VGA_%02d.png", 2, 1, (15, 15), 7, true)
[ PERFSTAT ]    (samples=37   mean=0.21   median=0.20   min=0.20   stddev=0.01 (3.0%))
[       OK ] Path_Idx_Cn_NPoints_WSize_Deriv_OpticalFlowPyrLK_self.OpticalFlowPyrLK_self/29 (40 ms)
[ RUN      ] Path_Idx_Cn_NPoints_WSize_Deriv_OpticalFlowPyrLK_self.OpticalFlowPyrLK_self/30, where GetParam() = ("cv/optflow/frames/VGA_%02d.png", 2, 1, (15, 15), 11, false)
[ PERFSTAT ]    (samples=10   mean=0.41   median=0.41   min=0.41   stddev=0.01 (2.4%))
[       OK ] Path_Idx_Cn_NPoints_WSize_Deriv_OpticalFlowPyrLK_self.OpticalFlowPyrLK_self/30 (25 ms)
[ RUN      ] Path_Idx_Cn_NPoints_WSize_Deriv_OpticalFlowPyrLK_self.OpticalFlowPyrLK_self/31, where GetParam() = ("cv/optflow/frames/VGA_%02d.png", 2, 1, (15, 15), 11, true)
[ PERFSTAT ]    (samples=12   mean=0.21   median=0.21   min=0.21   stddev=0.01 (3.0%))
[       OK ] Path_Idx_Cn_NPoints_WSize_Deriv_OpticalFlowPyrLK_self.OpticalFlowPyrLK_self/31 (22 ms)
[ RUN      ] Path_Idx_Cn_NPoints_WSize_Deriv_OpticalFlowPyrLK_self.OpticalFlowPyrLK_self/32, where GetParam() = ("cv/optflow/frames/VGA_%02d.png", 2, 3, (9, 9), 7, false)
[ PERFSTAT ]    (samples=100   mean=0.76   median=0.72   min=0.61   stddev=0.09 (12.2%))
[       OK ] Path_Idx_Cn_NPoints_WSize_Deriv_OpticalFlowPyrLK_self.OpticalFlowPyrLK_self/32 (252 ms)
[ RUN      ] Path_Idx_Cn_NPoints_WSize_Deriv_OpticalFlowPyrLK_self.OpticalFlowPyrLK_self/33, where GetParam() = ("cv/optflow/frames/VGA_%02d.png", 2, 3, (9, 9), 7, true)
[ PERFSTAT ]    (samples=17   mean=0.13   median=0.13   min=0.13   stddev=0.00 (3.0%))
[       OK ] Path_Idx_Cn_NPoints_WSize_Deriv_OpticalFlowPyrLK_self.OpticalFlowPyrLK_self/33 (38 ms)
[ RUN      ] Path_Idx_Cn_NPoints_WSize_Deriv_OpticalFlowPyrLK_self.OpticalFlowPyrLK_self/34, where GetParam() = ("cv/optflow/frames/VGA_%02d.png", 2, 3, (9, 9), 11, false)
[ PERFSTAT ]    (samples=100   mean=0.65   median=0.65   min=0.56   stddev=0.03 (5.3%))
[       OK ] Path_Idx_Cn_NPoints_WSize_Deriv_OpticalFlowPyrLK_self.OpticalFlowPyrLK_self/34 (213 ms)
[ RUN      ] Path_Idx_Cn_NPoints_WSize_Deriv_OpticalFlowPyrLK_self.OpticalFlowPyrLK_self/35, where GetParam() = ("cv/optflow/frames/VGA_%02d.png", 2, 3, (9, 9), 11, true)
[ PERFSTAT ]    (samples=13   mean=0.12   median=0.12   min=0.12   stddev=0.00 (2.5%))
[       OK ] Path_Idx_Cn_NPoints_WSize_Deriv_OpticalFlowPyrLK_self.OpticalFlowPyrLK_self/35 (23 ms)
[ RUN      ] Path_Idx_Cn_NPoints_WSize_Deriv_OpticalFlowPyrLK_self.OpticalFlowPyrLK_self/36, where GetParam() = ("cv/optflow/frames/VGA_%02d.png", 2, 3, (15, 15), 7, false)
[ PERFSTAT ]    (samples=50   mean=0.57   median=0.56   min=0.55   stddev=0.02 (2.7%))
[       OK ] Path_Idx_Cn_NPoints_WSize_Deriv_OpticalFlowPyrLK_self.OpticalFlowPyrLK_self/36 (99 ms)
[ RUN      ] Path_Idx_Cn_NPoints_WSize_Deriv_OpticalFlowPyrLK_self.OpticalFlowPyrLK_self/37, where GetParam() = ("cv/optflow/frames/VGA_%02d.png", 2, 3, (15, 15), 7, true)
[ PERFSTAT ]    (samples=13   mean=0.20   median=0.20   min=0.19   stddev=0.00 (1.2%))
[       OK ] Path_Idx_Cn_NPoints_WSize_Deriv_OpticalFlowPyrLK_self.OpticalFlowPyrLK_self/37 (23 ms)
[ RUN      ] Path_Idx_Cn_NPoints_WSize_Deriv_OpticalFlowPyrLK_self.OpticalFlowPyrLK_self/38, where GetParam() = ("cv/optflow/frames/VGA_%02d.png", 2, 3, (15, 15), 11, false)
[ PERFSTAT ]    (samples=81   mean=0.66   median=0.66   min=0.64   stddev=0.02 (3.0%))
[       OK ] Path_Idx_Cn_NPoints_WSize_Deriv_OpticalFlowPyrLK_self.OpticalFlowPyrLK_self/38 (176 ms)
[ RUN      ] Path_Idx_Cn_NPoints_WSize_Deriv_OpticalFlowPyrLK_self.OpticalFlowPyrLK_self/39, where GetParam() = ("cv/optflow/frames/VGA_%02d.png", 2, 3, (15, 15), 11, true)
[ PERFSTAT ]    (samples=13   mean=0.26   median=0.26   min=0.26   stddev=0.00 (1.7%))
[       OK ] Path_Idx_Cn_NPoints_WSize_Deriv_OpticalFlowPyrLK_self.OpticalFlowPyrLK_self/39 (28 ms)
[ RUN      ] Path_Idx_Cn_NPoints_WSize_Deriv_OpticalFlowPyrLK_self.OpticalFlowPyrLK_self/40, where GetParam() = ("cv/optflow/frames/VGA_%02d.png", 2, 4, (9, 9), 7, false)
[ PERFSTAT ]    (samples=100   mean=0.50   median=0.48   min=0.45   stddev=0.05 (9.6%))
[       OK ] Path_Idx_Cn_NPoints_WSize_Deriv_OpticalFlowPyrLK_self.OpticalFlowPyrLK_self/40 (168 ms)
[ RUN      ] Path_Idx_Cn_NPoints_WSize_Deriv_OpticalFlowPyrLK_self.OpticalFlowPyrLK_self/41, where GetParam() = ("cv/optflow/frames/VGA_%02d.png", 2, 4, (9, 9), 7, true)
[ PERFSTAT ]    (samples=25   mean=0.11   median=0.11   min=0.11   stddev=0.00 (2.7%))
[       OK ] Path_Idx_Cn_NPoints_WSize_Deriv_OpticalFlowPyrLK_self.OpticalFlowPyrLK_self/41 (28 ms)
[ RUN      ] Path_Idx_Cn_NPoints_WSize_Deriv_OpticalFlowPyrLK_self.OpticalFlowPyrLK_self/42, where GetParam() = ("cv/optflow/frames/VGA_%02d.png", 2, 4, (9, 9), 11, false)
[ PERFSTAT ]    (samples=25   mean=0.58   median=0.57   min=0.56   stddev=0.02 (2.8%))
[       OK ] Path_Idx_Cn_NPoints_WSize_Deriv_OpticalFlowPyrLK_self.OpticalFlowPyrLK_self/42 (58 ms)
[ RUN      ] Path_Idx_Cn_NPoints_WSize_Deriv_OpticalFlowPyrLK_self.OpticalFlowPyrLK_self/43, where GetParam() = ("cv/optflow/frames/VGA_%02d.png", 2, 4, (9, 9), 11, true)
[ PERFSTAT ]    (samples=14   mean=0.13   median=0.13   min=0.13   stddev=0.00 (2.9%))
[       OK ] Path_Idx_Cn_NPoints_WSize_Deriv_OpticalFlowPyrLK_self.OpticalFlowPyrLK_self/43 (21 ms)
[ RUN      ] Path_Idx_Cn_NPoints_WSize_Deriv_OpticalFlowPyrLK_self.OpticalFlowPyrLK_self/44, where GetParam() = ("cv/optflow/frames/VGA_%02d.png", 2, 4, (15, 15), 7, false)
[ PERFSTAT ]    (samples=63   mean=0.60   median=0.60   min=0.58   stddev=0.02 (2.7%))
[       OK ] Path_Idx_Cn_NPoints_WSize_Deriv_OpticalFlowPyrLK_self.OpticalFlowPyrLK_self/44 (128 ms)
[ RUN      ] Path_Idx_Cn_NPoints_WSize_Deriv_OpticalFlowPyrLK_self.OpticalFlowPyrLK_self/45, where GetParam() = ("cv/optflow/frames/VGA_%02d.png", 2, 4, (15, 15), 7, true)
[ PERFSTAT ]    (samples=13   mean=0.19   median=0.19   min=0.19   stddev=0.00 (1.9%))
[       OK ] Path_Idx_Cn_NPoints_WSize_Deriv_OpticalFlowPyrLK_self.OpticalFlowPyrLK_self/45 (24 ms)
[ RUN      ] Path_Idx_Cn_NPoints_WSize_Deriv_OpticalFlowPyrLK_self.OpticalFlowPyrLK_self/46, where GetParam() = ("cv/optflow/frames/VGA_%02d.png", 2, 4, (15, 15), 11, false)
[ PERFSTAT ]    (samples=75   mean=0.77   median=0.76   min=0.73   stddev=0.02 (2.9%))
[       OK ] Path_Idx_Cn_NPoints_WSize_Deriv_OpticalFlowPyrLK_self.OpticalFlowPyrLK_self/46 (190 ms)
[ RUN      ] Path_Idx_Cn_NPoints_WSize_Deriv_OpticalFlowPyrLK_self.OpticalFlowPyrLK_self/47, where GetParam() = ("cv/optflow/frames/VGA_%02d.png", 2, 4, (15, 15), 11, true)
[ PERFSTAT ]    (samples=13   mean=0.27   median=0.27   min=0.27   stddev=0.01 (2.0%))
[       OK ] Path_Idx_Cn_NPoints_WSize_Deriv_OpticalFlowPyrLK_self.OpticalFlowPyrLK_self/47 (30 ms)
[ RUN      ] Path_Idx_Cn_NPoints_WSize_Deriv_OpticalFlowPyrLK_self.OpticalFlowPyrLK_self/48, where GetParam() = ("cv/optflow/frames/720p_%02d.png", 1, 1, (9, 9), 7, false)
[ PERFSTAT ]    (samples=13   mean=0.42   median=0.42   min=0.39   stddev=0.01 (2.9%))
[       OK ] Path_Idx_Cn_NPoints_WSize_Deriv_OpticalFlowPyrLK_self.OpticalFlowPyrLK_self/48 (67 ms)
[ RUN      ] Path_Idx_Cn_NPoints_WSize_Deriv_OpticalFlowPyrLK_self.OpticalFlowPyrLK_self/49, where GetParam() = ("cv/optflow/frames/720p_%02d.png", 1, 1, (9, 9), 7, true)
[ PERFSTAT ]    (samples=13   mean=0.12   median=0.12   min=0.12   stddev=0.00 (1.7%))
[       OK ] Path_Idx_Cn_NPoints_WSize_Deriv_OpticalFlowPyrLK_self.OpticalFlowPyrLK_self/49 (55 ms)
[ RUN      ] Path_Idx_Cn_NPoints_WSize_Deriv_OpticalFlowPyrLK_self.OpticalFlowPyrLK_self/50, where GetParam() = ("cv/optflow/frames/720p_%02d.png", 1, 1, (9, 9), 11, false)
[ PERFSTAT ]    (samples=100   mean=0.41   median=0.40   min=0.36   stddev=0.02 (4.9%))
[       OK ] Path_Idx_Cn_NPoints_WSize_Deriv_OpticalFlowPyrLK_self.OpticalFlowPyrLK_self/50 (173 ms)
[ RUN      ] Path_Idx_Cn_NPoints_WSize_Deriv_OpticalFlowPyrLK_self.OpticalFlowPyrLK_self/51, where GetParam() = ("cv/optflow/frames/720p_%02d.png", 1, 1, (9, 9), 11, true)
[ PERFSTAT ]    (samples=13   mean=0.12   median=0.12   min=0.11   stddev=0.00 (2.2%))
[       OK ] Path_Idx_Cn_NPoints_WSize_Deriv_OpticalFlowPyrLK_self.OpticalFlowPyrLK_self/51 (56 ms)
[ RUN      ] Path_Idx_Cn_NPoints_WSize_Deriv_OpticalFlowPyrLK_self.OpticalFlowPyrLK_self/52, where GetParam() = ("cv/optflow/frames/720p_%02d.png", 1, 1, (15, 15), 7, false)
[ PERFSTAT ]    (samples=13   mean=0.54   median=0.54   min=0.52   stddev=0.01 (2.1%))
[       OK ] Path_Idx_Cn_NPoints_WSize_Deriv_OpticalFlowPyrLK_self.OpticalFlowPyrLK_self/52 (70 ms)
[ RUN      ] Path_Idx_Cn_NPoints_WSize_Deriv_OpticalFlowPyrLK_self.OpticalFlowPyrLK_self/53, where GetParam() = ("cv/optflow/frames/720p_%02d.png", 1, 1, (15, 15), 7, true)
[ PERFSTAT ]    (samples=100   mean=0.22   median=0.21   min=0.21   stddev=0.01 (4.3%))
[       OK ] Path_Idx_Cn_NPoints_WSize_Deriv_OpticalFlowPyrLK_self.OpticalFlowPyrLK_self/53 (117 ms)
[ RUN      ] Path_Idx_Cn_NPoints_WSize_Deriv_OpticalFlowPyrLK_self.OpticalFlowPyrLK_self/54, where GetParam() = ("cv/optflow/frames/720p_%02d.png", 1, 1, (15, 15), 11, false)
[ PERFSTAT ]    (samples=100   mean=0.54   median=0.54   min=0.46   stddev=0.05 (8.4%))
[       OK ] Path_Idx_Cn_NPoints_WSize_Deriv_OpticalFlowPyrLK_self.OpticalFlowPyrLK_self/54 (217 ms)
[ RUN      ] Path_Idx_Cn_NPoints_WSize_Deriv_OpticalFlowPyrLK_self.OpticalFlowPyrLK_self/55, where GetParam() = ("cv/optflow/frames/720p_%02d.png", 1, 1, (15, 15), 11, true)
[ PERFSTAT ]    (samples=28   mean=0.20   median=0.20   min=0.20   stddev=0.01 (3.0%))
[       OK ] Path_Idx_Cn_NPoints_WSize_Deriv_OpticalFlowPyrLK_self.OpticalFlowPyrLK_self/55 (70 ms)
[ RUN      ] Path_Idx_Cn_NPoints_WSize_Deriv_OpticalFlowPyrLK_self.OpticalFlowPyrLK_self/56, where GetParam() = ("cv/optflow/frames/720p_%02d.png", 1, 3, (9, 9), 7, false)
[ PERFSTAT ]    (samples=100   mean=0.98   median=0.97   min=0.91   stddev=0.05 (4.8%))
[       OK ] Path_Idx_Cn_NPoints_WSize_Deriv_OpticalFlowPyrLK_self.OpticalFlowPyrLK_self/56 (349 ms)
[ RUN      ] Path_Idx_Cn_NPoints_WSize_Deriv_OpticalFlowPyrLK_self.OpticalFlowPyrLK_self/57, where GetParam() = ("cv/optflow/frames/720p_%02d.png", 1, 3, (9, 9), 7, true)
[ PERFSTAT ]    (samples=25   mean=0.12   median=0.12   min=0.11   stddev=0.00 (2.6%))
[       OK ] Path_Idx_Cn_NPoints_WSize_Deriv_OpticalFlowPyrLK_self.OpticalFlowPyrLK_self/57 (67 ms)
[ RUN      ] Path_Idx_Cn_NPoints_WSize_Deriv_OpticalFlowPyrLK_self.OpticalFlowPyrLK_self/58, where GetParam() = ("cv/optflow/frames/720p_%02d.png", 1, 3, (9, 9), 11, false)
[ PERFSTAT ]    (samples=100   mean=1.05   median=1.04   min=0.96   stddev=0.04 (4.2%))
[       OK ] Path_Idx_Cn_NPoints_WSize_Deriv_OpticalFlowPyrLK_self.OpticalFlowPyrLK_self/58 (370 ms)
[ RUN      ] Path_Idx_Cn_NPoints_WSize_Deriv_OpticalFlowPyrLK_self.OpticalFlowPyrLK_self/59, where GetParam() = ("cv/optflow/frames/720p_%02d.png", 1, 3, (9, 9), 11, true)
[ PERFSTAT ]    (samples=13   mean=0.12   median=0.12   min=0.11   stddev=0.00 (2.6%))
[       OK ] Path_Idx_Cn_NPoints_WSize_Deriv_OpticalFlowPyrLK_self.OpticalFlowPyrLK_self/59 (64 ms)
[ RUN      ] Path_Idx_Cn_NPoints_WSize_Deriv_OpticalFlowPyrLK_self.OpticalFlowPyrLK_self/60, where GetParam() = ("cv/optflow/frames/720p_%02d.png", 1, 3, (15, 15), 7, false)
[ PERFSTAT ]    (samples=100   mean=1.13   median=1.11   min=0.93   stddev=0.07 (6.3%))
[       OK ] Path_Idx_Cn_NPoints_WSize_Deriv_OpticalFlowPyrLK_self.OpticalFlowPyrLK_self/60 (398 ms)
[ RUN      ] Path_Idx_Cn_NPoints_WSize_Deriv_OpticalFlowPyrLK_self.OpticalFlowPyrLK_self/61, where GetParam() = ("cv/optflow/frames/720p_%02d.png", 1, 3, (15, 15), 7, true)
[ PERFSTAT ]    (samples=13   mean=0.20   median=0.20   min=0.20   stddev=0.00 (1.7%))
[       OK ] Path_Idx_Cn_NPoints_WSize_Deriv_OpticalFlowPyrLK_self.OpticalFlowPyrLK_self/61 (64 ms)
[ RUN      ] Path_Idx_Cn_NPoints_WSize_Deriv_OpticalFlowPyrLK_self.OpticalFlowPyrLK_self/62, where GetParam() = ("cv/optflow/frames/720p_%02d.png", 1, 3, (15, 15), 11, false)
[ PERFSTAT ]    (samples=18   mean=1.23   median=1.23   min=1.17   stddev=0.04 (2.9%))
[       OK ] Path_Idx_Cn_NPoints_WSize_Deriv_OpticalFlowPyrLK_self.OpticalFlowPyrLK_self/62 (118 ms)
[ RUN      ] Path_Idx_Cn_NPoints_WSize_Deriv_OpticalFlowPyrLK_self.OpticalFlowPyrLK_self/63, where GetParam() = ("cv/optflow/frames/720p_%02d.png", 1, 3, (15, 15), 11, true)
[ PERFSTAT ]    (samples=25   mean=0.22   median=0.22   min=0.22   stddev=0.00 (1.1%))
[       OK ] Path_Idx_Cn_NPoints_WSize_Deriv_OpticalFlowPyrLK_self.OpticalFlowPyrLK_self/63 (73 ms)
[ RUN      ] Path_Idx_Cn_NPoints_WSize_Deriv_OpticalFlowPyrLK_self.OpticalFlowPyrLK_self/64, where GetParam() = ("cv/optflow/frames/720p_%02d.png", 1, 4, (9, 9), 7, false)
[ PERFSTAT ]    (samples=100   mean=0.85   median=0.85   min=0.77   stddev=0.03 (3.6%))
[       OK ] Path_Idx_Cn_NPoints_WSize_Deriv_OpticalFlowPyrLK_self.OpticalFlowPyrLK_self/64 (307 ms)
[ RUN      ] Path_Idx_Cn_NPoints_WSize_Deriv_OpticalFlowPyrLK_self.OpticalFlowPyrLK_self/65, where GetParam() = ("cv/optflow/frames/720p_%02d.png", 1, 4, (9, 9), 7, true)
[ PERFSTAT ]    (samples=13   mean=0.11   median=0.10   min=0.10   stddev=0.00 (2.4%))
[       OK ] Path_Idx_Cn_NPoints_WSize_Deriv_OpticalFlowPyrLK_self.OpticalFlowPyrLK_self/65 (68 ms)
[ RUN      ] Path_Idx_Cn_NPoints_WSize_Deriv_OpticalFlowPyrLK_self.OpticalFlowPyrLK_self/66, where GetParam() = ("cv/optflow/frames/720p_%02d.png", 1, 4, (9, 9), 11, false)
[ PERFSTAT ]    (samples=24   mean=1.01   median=1.01   min=0.94   stddev=0.03 (3.0%))
[       OK ] Path_Idx_Cn_NPoints_WSize_Deriv_OpticalFlowPyrLK_self.OpticalFlowPyrLK_self/66 (124 ms)
[ RUN      ] Path_Idx_Cn_NPoints_WSize_Deriv_OpticalFlowPyrLK_self.OpticalFlowPyrLK_self/67, where GetParam() = ("cv/optflow/frames/720p_%02d.png", 1, 4, (9, 9), 11, true)
[ PERFSTAT ]    (samples=13   mean=0.12   median=0.12   min=0.12   stddev=0.00 (2.9%))
[       OK ] Path_Idx_Cn_NPoints_WSize_Deriv_OpticalFlowPyrLK_self.OpticalFlowPyrLK_self/67 (64 ms)
[ RUN      ] Path_Idx_Cn_NPoints_WSize_Deriv_OpticalFlowPyrLK_self.OpticalFlowPyrLK_self/68, where GetParam() = ("cv/optflow/frames/720p_%02d.png", 1, 4, (15, 15), 7, false)
[ PERFSTAT ]    (samples=100   mean=1.06   median=1.06   min=0.97   stddev=0.04 (3.6%))
[       OK ] Path_Idx_Cn_NPoints_WSize_Deriv_OpticalFlowPyrLK_self.OpticalFlowPyrLK_self/68 (373 ms)
[ RUN      ] Path_Idx_Cn_NPoints_WSize_Deriv_OpticalFlowPyrLK_self.OpticalFlowPyrLK_self/69, where GetParam() = ("cv/optflow/frames/720p_%02d.png", 1, 4, (15, 15), 7, true)
[ PERFSTAT ]    (samples=13   mean=0.20   median=0.20   min=0.19   stddev=0.00 (2.2%))
[       OK ] Path_Idx_Cn_NPoints_WSize_Deriv_OpticalFlowPyrLK_self.OpticalFlowPyrLK_self/69 (70 ms)
[ RUN      ] Path_Idx_Cn_NPoints_WSize_Deriv_OpticalFlowPyrLK_self.OpticalFlowPyrLK_self/70, where GetParam() = ("cv/optflow/frames/720p_%02d.png", 1, 4, (15, 15), 11, false)
[ PERFSTAT ]    (samples=25   mean=1.25   median=1.25   min=1.18   stddev=0.04 (2.8%))
[       OK ] Path_Idx_Cn_NPoints_WSize_Deriv_OpticalFlowPyrLK_self.OpticalFlowPyrLK_self/70 (147 ms)
[ RUN      ] Path_Idx_Cn_NPoints_WSize_Deriv_OpticalFlowPyrLK_self.OpticalFlowPyrLK_self/71, where GetParam() = ("cv/optflow/frames/720p_%02d.png", 1, 4, (15, 15), 11, true)
[ PERFSTAT ]    (samples=27   mean=0.23   median=0.22   min=0.22   stddev=0.01 (3.0%))
[       OK ] Path_Idx_Cn_NPoints_WSize_Deriv_OpticalFlowPyrLK_self.OpticalFlowPyrLK_self/71 (78 ms)
[ RUN      ] Path_Idx_Cn_NPoints_WSize_Deriv_OpticalFlowPyrLK_self.OpticalFlowPyrLK_self/72, where GetParam() = ("cv/optflow/frames/720p_%02d.png", 2, 1, (9, 9), 7, false)
[ PERFSTAT ]    (samples=13   mean=0.36   median=0.36   min=0.34   stddev=0.01 (2.8%))
[       OK ] Path_Idx_Cn_NPoints_WSize_Deriv_OpticalFlowPyrLK_self.OpticalFlowPyrLK_self/72 (64 ms)
[ RUN      ] Path_Idx_Cn_NPoints_WSize_Deriv_OpticalFlowPyrLK_self.OpticalFlowPyrLK_self/73, where GetParam() = ("cv/optflow/frames/720p_%02d.png", 2, 1, (9, 9), 7, true)
[ PERFSTAT ]    (samples=10   mean=0.12   median=0.12   min=0.12   stddev=0.00 (2.6%))
[       OK ] Path_Idx_Cn_NPoints_WSize_Deriv_OpticalFlowPyrLK_self.OpticalFlowPyrLK_self/73 (58 ms)
[ RUN      ] Path_Idx_Cn_NPoints_WSize_Deriv_OpticalFlowPyrLK_self.OpticalFlowPyrLK_self/74, where GetParam() = ("cv/optflow/frames/720p_%02d.png", 2, 1, (9, 9), 11, false)
[ PERFSTAT ]    (samples=100   mean=0.37   median=0.37   min=0.35   stddev=0.01 (3.7%))
[       OK ] Path_Idx_Cn_NPoints_WSize_Deriv_OpticalFlowPyrLK_self.OpticalFlowPyrLK_self/74 (163 ms)
[ RUN      ] Path_Idx_Cn_NPoints_WSize_Deriv_OpticalFlowPyrLK_self.OpticalFlowPyrLK_self/75, where GetParam() = ("cv/optflow/frames/720p_%02d.png", 2, 1, (9, 9), 11, true)
[ PERFSTAT ]    (samples=13   mean=0.12   median=0.12   min=0.12   stddev=0.00 (1.7%))
[       OK ] Path_Idx_Cn_NPoints_WSize_Deriv_OpticalFlowPyrLK_self.OpticalFlowPyrLK_self/75 (57 ms)
[ RUN      ] Path_Idx_Cn_NPoints_WSize_Deriv_OpticalFlowPyrLK_self.OpticalFlowPyrLK_self/76, where GetParam() = ("cv/optflow/frames/720p_%02d.png", 2, 1, (15, 15), 7, false)
[ PERFSTAT ]    (samples=88   mean=0.49   median=0.49   min=0.46   stddev=0.01 (3.0%))
[       OK ] Path_Idx_Cn_NPoints_WSize_Deriv_OpticalFlowPyrLK_self.OpticalFlowPyrLK_self/76 (180 ms)
[ RUN      ] Path_Idx_Cn_NPoints_WSize_Deriv_OpticalFlowPyrLK_self.OpticalFlowPyrLK_self/77, where GetParam() = ("cv/optflow/frames/720p_%02d.png", 2, 1, (15, 15), 7, true)
[ PERFSTAT ]    (samples=10   mean=0.21   median=0.21   min=0.20   stddev=0.01 (2.9%))
[       OK ] Path_Idx_Cn_NPoints_WSize_Deriv_OpticalFlowPyrLK_self.OpticalFlowPyrLK_self/77 (58 ms)
[ RUN      ] Path_Idx_Cn_NPoints_WSize_Deriv_OpticalFlowPyrLK_self.OpticalFlowPyrLK_self/78, where GetParam() = ("cv/optflow/frames/720p_%02d.png", 2, 1, (15, 15), 11, false)
[ PERFSTAT ]    (samples=75   mean=0.48   median=0.48   min=0.46   stddev=0.01 (2.4%))
[       OK ] Path_Idx_Cn_NPoints_WSize_Deriv_OpticalFlowPyrLK_self.OpticalFlowPyrLK_self/78 (160 ms)
[ RUN      ] Path_Idx_Cn_NPoints_WSize_Deriv_OpticalFlowPyrLK_self.OpticalFlowPyrLK_self/79, where GetParam() = ("cv/optflow/frames/720p_%02d.png", 2, 1, (15, 15), 11, true)
[ PERFSTAT ]    (samples=13   mean=0.22   median=0.21   min=0.21   stddev=0.00 (1.7%))
[       OK ] Path_Idx_Cn_NPoints_WSize_Deriv_OpticalFlowPyrLK_self.OpticalFlowPyrLK_self/79 (62 ms)
[ RUN      ] Path_Idx_Cn_NPoints_WSize_Deriv_OpticalFlowPyrLK_self.OpticalFlowPyrLK_self/80, where GetParam() = ("cv/optflow/frames/720p_%02d.png", 2, 3, (9, 9), 7, false)
[ PERFSTAT ]    (samples=54   mean=0.99   median=1.00   min=0.92   stddev=0.03 (3.0%))
[       OK ] Path_Idx_Cn_NPoints_WSize_Deriv_OpticalFlowPyrLK_self.OpticalFlowPyrLK_self/80 (214 ms)
[ RUN      ] Path_Idx_Cn_NPoints_WSize_Deriv_OpticalFlowPyrLK_self.OpticalFlowPyrLK_self/81, where GetParam() = ("cv/optflow/frames/720p_%02d.png", 2, 3, (9, 9), 7, true)
[ PERFSTAT ]    (samples=13   mean=0.12   median=0.12   min=0.11   stddev=0.00 (1.5%))
[       OK ] Path_Idx_Cn_NPoints_WSize_Deriv_OpticalFlowPyrLK_self.OpticalFlowPyrLK_self/81 (61 ms)
[ RUN      ] Path_Idx_Cn_NPoints_WSize_Deriv_OpticalFlowPyrLK_self.OpticalFlowPyrLK_self/82, where GetParam() = ("cv/optflow/frames/720p_%02d.png", 2, 3, (9, 9), 11, false)
[ PERFSTAT ]    (samples=100   mean=1.14   median=1.15   min=1.01   stddev=0.05 (4.6%))
[       OK ] Path_Idx_Cn_NPoints_WSize_Deriv_OpticalFlowPyrLK_self.OpticalFlowPyrLK_self/82 (398 ms)
[ RUN      ] Path_Idx_Cn_NPoints_WSize_Deriv_OpticalFlowPyrLK_self.OpticalFlowPyrLK_self/83, where GetParam() = ("cv/optflow/frames/720p_%02d.png", 2, 3, (9, 9), 11, true)
[ PERFSTAT ]    (samples=13   mean=0.12   median=0.12   min=0.11   stddev=0.00 (2.3%))
[       OK ] Path_Idx_Cn_NPoints_WSize_Deriv_OpticalFlowPyrLK_self.OpticalFlowPyrLK_self/83 (61 ms)
[ RUN      ] Path_Idx_Cn_NPoints_WSize_Deriv_OpticalFlowPyrLK_self.OpticalFlowPyrLK_self/84, where GetParam() = ("cv/optflow/frames/720p_%02d.png", 2, 3, (15, 15), 7, false)
[ PERFSTAT ]    (samples=25   mean=1.11   median=1.11   min=1.04   stddev=0.03 (2.6%))
[       OK ] Path_Idx_Cn_NPoints_WSize_Deriv_OpticalFlowPyrLK_self.OpticalFlowPyrLK_self/84 (133 ms)
[ RUN      ] Path_Idx_Cn_NPoints_WSize_Deriv_OpticalFlowPyrLK_self.OpticalFlowPyrLK_self/85, where GetParam() = ("cv/optflow/frames/720p_%02d.png", 2, 3, (15, 15), 7, true)
[ PERFSTAT ]    (samples=13   mean=0.20   median=0.20   min=0.19   stddev=0.00 (2.0%))
[       OK ] Path_Idx_Cn_NPoints_WSize_Deriv_OpticalFlowPyrLK_self.OpticalFlowPyrLK_self/85 (61 ms)
[ RUN      ] Path_Idx_Cn_NPoints_WSize_Deriv_OpticalFlowPyrLK_self.OpticalFlowPyrLK_self/86, where GetParam() = ("cv/optflow/frames/720p_%02d.png", 2, 3, (15, 15), 11, false)
[ PERFSTAT ]    (samples=13   mean=1.26   median=1.26   min=1.21   stddev=0.03 (2.1%))
[       OK ] Path_Idx_Cn_NPoints_WSize_Deriv_OpticalFlowPyrLK_self.OpticalFlowPyrLK_self/86 (104 ms)
[ RUN      ] Path_Idx_Cn_NPoints_WSize_Deriv_OpticalFlowPyrLK_self.OpticalFlowPyrLK_self/87, where GetParam() = ("cv/optflow/frames/720p_%02d.png", 2, 3, (15, 15), 11, true)
[ PERFSTAT ]    (samples=13   mean=0.22   median=0.21   min=0.21   stddev=0.00 (2.0%))
[       OK ] Path_Idx_Cn_NPoints_WSize_Deriv_OpticalFlowPyrLK_self.OpticalFlowPyrLK_self/87 (65 ms)
[ RUN      ] Path_Idx_Cn_NPoints_WSize_Deriv_OpticalFlowPyrLK_self.OpticalFlowPyrLK_self/88, where GetParam() = ("cv/optflow/frames/720p_%02d.png", 2, 4, (9, 9), 7, false)
[ PERFSTAT ]    (samples=50   mean=0.87   median=0.87   min=0.80   stddev=0.03 (2.9%))
[       OK ] Path_Idx_Cn_NPoints_WSize_Deriv_OpticalFlowPyrLK_self.OpticalFlowPyrLK_self/88 (182 ms)
[ RUN      ] Path_Idx_Cn_NPoints_WSize_Deriv_OpticalFlowPyrLK_self.OpticalFlowPyrLK_self/89, where GetParam() = ("cv/optflow/frames/720p_%02d.png", 2, 4, (9, 9), 7, true)
[ PERFSTAT ]    (samples=13   mean=0.10   median=0.10   min=0.10   stddev=0.00 (2.5%))
[       OK ] Path_Idx_Cn_NPoints_WSize_Deriv_OpticalFlowPyrLK_self.OpticalFlowPyrLK_self/89 (66 ms)
[ RUN      ] Path_Idx_Cn_NPoints_WSize_Deriv_OpticalFlowPyrLK_self.OpticalFlowPyrLK_self/90, where GetParam() = ("cv/optflow/frames/720p_%02d.png", 2, 4, (9, 9), 11, false)
[ PERFSTAT ]    (samples=57   mean=1.03   median=1.03   min=0.95   stddev=0.03 (3.0%))
[       OK ] Path_Idx_Cn_NPoints_WSize_Deriv_OpticalFlowPyrLK_self.OpticalFlowPyrLK_self/90 (228 ms)
[ RUN      ] Path_Idx_Cn_NPoints_WSize_Deriv_OpticalFlowPyrLK_self.OpticalFlowPyrLK_self/91, where GetParam() = ("cv/optflow/frames/720p_%02d.png", 2, 4, (9, 9), 11, true)
[ PERFSTAT ]    (samples=21   mean=0.12   median=0.12   min=0.12   stddev=0.00 (3.0%))
[       OK ] Path_Idx_Cn_NPoints_WSize_Deriv_OpticalFlowPyrLK_self.OpticalFlowPyrLK_self/91 (69 ms)
[ RUN      ] Path_Idx_Cn_NPoints_WSize_Deriv_OpticalFlowPyrLK_self.OpticalFlowPyrLK_self/92, where GetParam() = ("cv/optflow/frames/720p_%02d.png", 2, 4, (15, 15), 7, false)
[ PERFSTAT ]    (samples=28   mean=1.05   median=1.05   min=1.00   stddev=0.03 (3.0%))
[       OK ] Path_Idx_Cn_NPoints_WSize_Deriv_OpticalFlowPyrLK_self.OpticalFlowPyrLK_self/92 (141 ms)
[ RUN      ] Path_Idx_Cn_NPoints_WSize_Deriv_OpticalFlowPyrLK_self.OpticalFlowPyrLK_self/93, where GetParam() = ("cv/optflow/frames/720p_%02d.png", 2, 4, (15, 15), 7, true)
[ PERFSTAT ]    (samples=13   mean=0.19   median=0.19   min=0.19   stddev=0.00 (1.4%))
[       OK ] Path_Idx_Cn_NPoints_WSize_Deriv_OpticalFlowPyrLK_self.OpticalFlowPyrLK_self/93 (69 ms)
[ RUN      ] Path_Idx_Cn_NPoints_WSize_Deriv_OpticalFlowPyrLK_self.OpticalFlowPyrLK_self/94, where GetParam() = ("cv/optflow/frames/720p_%02d.png", 2, 4, (15, 15), 11, false)
[ PERFSTAT ]    (samples=18   mean=1.28   median=1.27   min=1.23   stddev=0.04 (3.0%))
[       OK ] Path_Idx_Cn_NPoints_WSize_Deriv_OpticalFlowPyrLK_self.OpticalFlowPyrLK_self/94 (121 ms)
[ RUN      ] Path_Idx_Cn_NPoints_WSize_Deriv_OpticalFlowPyrLK_self.OpticalFlowPyrLK_self/95, where GetParam() = ("cv/optflow/frames/720p_%02d.png", 2, 4, (15, 15), 11, true)
[ PERFSTAT ]    (samples=38   mean=0.24   median=0.24   min=0.23   stddev=0.00 (2.0%))
[       OK ] Path_Idx_Cn_NPoints_WSize_Deriv_OpticalFlowPyrLK_self.OpticalFlowPyrLK_self/95 (87 ms)
[----------] 96 tests from Path_Idx_Cn_NPoints_WSize_Deriv_OpticalFlowPyrLK_self (9422 ms total)

[----------] 16 tests from Path_Win_Deriv_Border_Reuse_OpticalFlowPyrLK_pyr
[ RUN      ] Path_Win_Deriv_Border_Reuse_OpticalFlowPyrLK_pyr.OpticalFlowPyrLK_pyr/0, where GetParam() = ("cv/optflow/frames/720p_01.png", 7, false, BORDER_DEFAULT, false)
[ PERFSTAT ]    (samples=100   mean=1.34   median=1.35   min=0.80   stddev=0.06 (4.5%))
[       OK ] Path_Win_Deriv_Border_Reuse_OpticalFlowPyrLK_pyr.OpticalFlowPyrLK_pyr/0 (162 ms)
[ RUN      ] Path_Win_Deriv_Border_Reuse_OpticalFlowPyrLK_pyr.OpticalFlowPyrLK_pyr/1, where GetParam() = ("cv/optflow/frames/720p_01.png", 7, false, BORDER_DEFAULT, true)
[ PERFSTAT ]    (samples=100   mean=1.30   median=1.32   min=0.81   stddev=0.07 (5.4%))
[       OK ] Path_Win_Deriv_Border_Reuse_OpticalFlowPyrLK_pyr.OpticalFlowPyrLK_pyr/1 (156 ms)
[ RUN      ] Path_Win_Deriv_Border_Reuse_OpticalFlowPyrLK_pyr.OpticalFlowPyrLK_pyr/2, where GetParam() = ("cv/optflow/frames/720p_01.png", 7, false, BORDER_TRANSPARENT, false)
[ PERFSTAT ]    (samples=100   mean=1.20   median=1.21   min=0.67   stddev=0.07 (5.6%))
[       OK ] Path_Win_Deriv_Border_Reuse_OpticalFlowPyrLK_pyr.OpticalFlowPyrLK_pyr/2 (149 ms)
[ RUN      ] Path_Win_Deriv_Border_Reuse_OpticalFlowPyrLK_pyr.OpticalFlowPyrLK_pyr/3, where GetParam() = ("cv/optflow/frames/720p_01.png", 7, false, BORDER_TRANSPARENT, true)
[ PERFSTAT ]    (samples=100   mean=2.17   median=2.18   min=0.79   stddev=0.26 (11.8%))
[       OK ] Path_Win_Deriv_Border_Reuse_OpticalFlowPyrLK_pyr.OpticalFlowPyrLK_pyr/3 (248 ms)
[ RUN      ] Path_Win_Deriv_Border_Reuse_OpticalFlowPyrLK_pyr.OpticalFlowPyrLK_pyr/4, where GetParam() = ("cv/optflow/frames/720p_01.png", 7, true, BORDER_DEFAULT, false)
[ PERFSTAT ]    (samples=38   mean=2.06   median=2.05   min=1.96   stddev=0.06 (2.7%))
[       OK ] Path_Win_Deriv_Border_Reuse_OpticalFlowPyrLK_pyr.OpticalFlowPyrLK_pyr/4 (124 ms)
[ RUN      ] Path_Win_Deriv_Border_Reuse_OpticalFlowPyrLK_pyr.OpticalFlowPyrLK_pyr/5, where GetParam() = ("cv/optflow/frames/720p_01.png", 7, true, BORDER_DEFAULT, true)
[ PERFSTAT ]    (samples=100   mean=2.33   median=2.17   min=1.91   stddev=0.34 (14.4%))
[       OK ] Path_Win_Deriv_Border_Reuse_OpticalFlowPyrLK_pyr.OpticalFlowPyrLK_pyr/5 (273 ms)
[ RUN      ] Path_Win_Deriv_Border_Reuse_OpticalFlowPyrLK_pyr.OpticalFlowPyrLK_pyr/6, where GetParam() = ("cv/optflow/frames/720p_01.png", 7, true, BORDER_TRANSPARENT, false)
[ PERFSTAT ]    (samples=100   mean=1.83   median=1.83   min=1.66   stddev=0.08 (4.2%))
[       OK ] Path_Win_Deriv_Border_Reuse_OpticalFlowPyrLK_pyr.OpticalFlowPyrLK_pyr/6 (217 ms)
[ RUN      ] Path_Win_Deriv_Border_Reuse_OpticalFlowPyrLK_pyr.OpticalFlowPyrLK_pyr/7, where GetParam() = ("cv/optflow/frames/720p_01.png", 7, true, BORDER_TRANSPARENT, true)
[ PERFSTAT ]    (samples=100   mean=2.32   median=2.42   min=1.74   stddev=0.39 (16.7%))
[       OK ] Path_Win_Deriv_Border_Reuse_OpticalFlowPyrLK_pyr.OpticalFlowPyrLK_pyr/7 (271 ms)
[ RUN      ] Path_Win_Deriv_Border_Reuse_OpticalFlowPyrLK_pyr.OpticalFlowPyrLK_pyr/8, where GetParam() = ("cv/optflow/frames/720p_01.png", 11, false, BORDER_DEFAULT, false)
[ PERFSTAT ]    (samples=100   mean=1.32   median=1.32   min=0.87   stddev=0.06 (4.6%))
[       OK ] Path_Win_Deriv_Border_Reuse_OpticalFlowPyrLK_pyr.OpticalFlowPyrLK_pyr/8 (160 ms)
[ RUN      ] Path_Win_Deriv_Border_Reuse_OpticalFlowPyrLK_pyr.OpticalFlowPyrLK_pyr/9, where GetParam() = ("cv/optflow/frames/720p_01.png", 11, false, BORDER_DEFAULT, true)
[ PERFSTAT ]    (samples=100   mean=1.30   median=1.28   min=1.02   stddev=0.05 (4.0%))
[       OK ] Path_Win_Deriv_Border_Reuse_OpticalFlowPyrLK_pyr.OpticalFlowPyrLK_pyr/9 (164 ms)
[ RUN      ] Path_Win_Deriv_Border_Reuse_OpticalFlowPyrLK_pyr.OpticalFlowPyrLK_pyr/10, where GetParam() = ("cv/optflow/frames/720p_01.png", 11, false, BORDER_TRANSPARENT, false)
[ PERFSTAT ]    (samples=100   mean=1.19   median=1.20   min=0.58   stddev=0.07 (5.5%))
[       OK ] Path_Win_Deriv_Border_Reuse_OpticalFlowPyrLK_pyr.OpticalFlowPyrLK_pyr/10 (147 ms)
[ RUN      ] Path_Win_Deriv_Border_Reuse_OpticalFlowPyrLK_pyr.OpticalFlowPyrLK_pyr/11, where GetParam() = ("cv/optflow/frames/720p_01.png", 11, false, BORDER_TRANSPARENT, true)
[ PERFSTAT ]    (samples=100   mean=1.20   median=1.20   min=0.62   stddev=0.06 (5.1%))
[       OK ] Path_Win_Deriv_Border_Reuse_OpticalFlowPyrLK_pyr.OpticalFlowPyrLK_pyr/11 (145 ms)
[ RUN      ] Path_Win_Deriv_Border_Reuse_OpticalFlowPyrLK_pyr.OpticalFlowPyrLK_pyr/12, where GetParam() = ("cv/optflow/frames/720p_01.png", 11, true, BORDER_DEFAULT, false)
[ PERFSTAT ]    (samples=13   mean=2.46   median=2.47   min=2.35   stddev=0.07 (2.8%))
[       OK ] Path_Win_Deriv_Border_Reuse_OpticalFlowPyrLK_pyr.OpticalFlowPyrLK_pyr/12 (62 ms)
[ RUN      ] Path_Win_Deriv_Border_Reuse_OpticalFlowPyrLK_pyr.OpticalFlowPyrLK_pyr/13, where GetParam() = ("cv/optflow/frames/720p_01.png", 11, true, BORDER_DEFAULT, true)
[ PERFSTAT ]    (samples=13   mean=2.23   median=2.24   min=2.16   stddev=0.05 (2.3%))
[       OK ] Path_Win_Deriv_Border_Reuse_OpticalFlowPyrLK_pyr.OpticalFlowPyrLK_pyr/13 (58 ms)
[ RUN      ] Path_Win_Deriv_Border_Reuse_OpticalFlowPyrLK_pyr.OpticalFlowPyrLK_pyr/14, where GetParam() = ("cv/optflow/frames/720p_01.png", 11, true, BORDER_TRANSPARENT, false)
[ PERFSTAT ]    (samples=100   mean=1.99   median=1.97   min=1.78   stddev=0.13 (6.4%))
[       OK ] Path_Win_Deriv_Border_Reuse_OpticalFlowPyrLK_pyr.OpticalFlowPyrLK_pyr/14 (233 ms)
[ RUN      ] Path_Win_Deriv_Border_Reuse_OpticalFlowPyrLK_pyr.OpticalFlowPyrLK_pyr/15, where GetParam() = ("cv/optflow/frames/720p_01.png", 11, true, BORDER_TRANSPARENT, true)
[ PERFSTAT ]    (samples=100   mean=1.91   median=1.89   min=1.71   stddev=0.12 (6.1%))
[       OK ] Path_Win_Deriv_Border_Reuse_OpticalFlowPyrLK_pyr.OpticalFlowPyrLK_pyr/15 (223 ms)
[----------] 16 tests from Path_Win_Deriv_Border_Reuse_OpticalFlowPyrLK_pyr (2793 ms total)

[----------] 3 tests from Tracking_MIL
[ RUN      ] Tracking_MIL.MIL/0, where GetParam() = ("david/data/david.webm", 300, [47 x 56 from (163, 62)])
[     SKIP ] Can't open video file
[       OK ] Tracking_MIL.MIL/0 (6 ms)
[ RUN      ] Tracking_MIL.MIL/1, where GetParam() = ("dudek/data/dudek.webm", 1, [132 x 176 from (123, 87)])
[     SKIP ] Can't open video file
[       OK ] Tracking_MIL.MIL/1 (3 ms)
[ RUN      ] Tracking_MIL.MIL/2, where GetParam() = ("faceocc2/data/faceocc2.webm", 1, [82 x 98 from (118, 57)])
[     SKIP ] Can't open video file
[       OK ] Tracking_MIL.MIL/2 (4 ms)
[----------] 3 tests from Tracking_MIL (13 ms total)

[----------] 3 tests from Tracking_GOTURN
[ RUN      ] Tracking_GOTURN.GOTURN/0, where GetParam() = ("david/data/david.webm", 300, [47 x 56 from (163, 62)])
[     SKIP ] OpenCV tests: Can't find data file: dnn/gsoc2016-goturn/goturn.caffemodel
[       OK ] Tracking_GOTURN.GOTURN/0 (3 ms)
[ RUN      ] Tracking_GOTURN.GOTURN/1, where GetParam() = ("dudek/data/dudek.webm", 1, [132 x 176 from (123, 87)])
[     SKIP ] OpenCV tests: Can't find data file: dnn/gsoc2016-goturn/goturn.caffemodel
[       OK ] Tracking_GOTURN.GOTURN/1 (1 ms)
[ RUN      ] Tracking_GOTURN.GOTURN/2, where GetParam() = ("faceocc2/data/faceocc2.webm", 1, [82 x 98 from (118, 57)])
[     SKIP ] OpenCV tests: Can't find data file: dnn/gsoc2016-goturn/goturn.caffemodel
[       OK ] Tracking_GOTURN.GOTURN/2 (2 ms)
[----------] 3 tests from Tracking_GOTURN (6 ms total)

[----------] 8 tests from DenseOpticalFlow_VariationalRefinement_perf
[ RUN      ] DenseOpticalFlow_VariationalRefinement_perf.perf/0, where GetParam() = (320x240, 5, 5)
[ PERFSTAT ]    (samples=10   mean=11.32   median=10.59   min=10.12   stddev=2.18 (19.3%))
[       OK ] DenseOpticalFlow_VariationalRefinement_perf.perf/0 (113 ms)
[ RUN      ] DenseOpticalFlow_VariationalRefinement_perf.perf/1, where GetParam() = (320x240, 5, 10)
[ PERFSTAT ]    (samples=10   mean=18.71   median=18.66   min=18.20   stddev=0.49 (2.6%))
[       OK ] DenseOpticalFlow_VariationalRefinement_perf.perf/1 (188 ms)
[ RUN      ] DenseOpticalFlow_VariationalRefinement_perf.perf/2, where GetParam() = (320x240, 10, 5)
[ PERFSTAT ]    (samples=10   mean=14.56   median=14.75   min=13.58   stddev=0.54 (3.7%))
[       OK ] DenseOpticalFlow_VariationalRefinement_perf.perf/2 (146 ms)
[ RUN      ] DenseOpticalFlow_VariationalRefinement_perf.perf/3, where GetParam() = (320x240, 10, 10)
[ PERFSTAT ]    (samples=10   mean=26.60   median=26.26   min=25.83   stddev=0.85 (3.2%))
[       OK ] DenseOpticalFlow_VariationalRefinement_perf.perf/3 (267 ms)
[ RUN      ] DenseOpticalFlow_VariationalRefinement_perf.perf/4, where GetParam() = (640x480, 5, 5)
[ PERFSTAT ]    (samples=10   mean=29.48   median=29.26   min=25.91   stddev=1.78 (6.0%))
[       OK ] DenseOpticalFlow_VariationalRefinement_perf.perf/4 (296 ms)
[ RUN      ] DenseOpticalFlow_VariationalRefinement_perf.perf/5, where GetParam() = (640x480, 5, 10)
[ PERFSTAT ]    (samples=10   mean=51.74   median=49.89   min=48.67   stddev=4.09 (7.9%))
[       OK ] DenseOpticalFlow_VariationalRefinement_perf.perf/5 (519 ms)
[ RUN      ] DenseOpticalFlow_VariationalRefinement_perf.perf/6, where GetParam() = (640x480, 10, 5)
[ PERFSTAT ]    (samples=10   mean=42.33   median=42.16   min=39.84   stddev=1.62 (3.8%))
[       OK ] DenseOpticalFlow_VariationalRefinement_perf.perf/6 (426 ms)
[ RUN      ] DenseOpticalFlow_VariationalRefinement_perf.perf/7, where GetParam() = (640x480, 10, 10)
[ PERFSTAT ]    (samples=10   mean=69.38   median=70.09   min=62.07   stddev=4.36 (6.3%))
[       OK ] DenseOpticalFlow_VariationalRefinement_perf.perf/7 (696 ms)
[----------] 8 tests from DenseOpticalFlow_VariationalRefinement_perf (2652 ms total)

[----------] Global test environment tear-down
[ SKIPSTAT ] 30 tests skipped
[ SKIPSTAT ] TAG='skip_other' skip 30 tests
[==========] 243 tests from 20 test cases ran. (136867 ms total)
[  PASSED  ] 243 tests.

  YOU HAVE 16 DISABLED TESTS

