[ERROR:0@0.008] global persistence.cpp:577 open Can't open file: '/data/xumengying/opencv-verify/src/opencv_extra/testdata/perf/ml.xml' in read mode
TEST: Skip tests with tags: 'mem_6gb', 'verylong'
CTEST_FULL_OUTPUT
OpenCV version: 4.14.0-pre
OpenCV VCS version: 4.13.0-493-g7aa163b83f
Build type: Release
Compiler: /usr/bin/c++  (ver 11.4.0)
Algorithm hint: ALGO_HINT_ACCURATE
HAL: NO
Parallel framework: pthreads (nthreads=30)
CPU features: SSE SSE2 SSE3 *SSE4.1 *SSE4.2 *AVX *FP16 *AVX2 *AVX512-SKX?
OpenCL is disabled
[==========] Running 6 tests from 2 test cases.
[----------] Global test environment set-up.
[----------] 2 tests from KNNFindNearest_brute_force
[ RUN      ] KNNFindNearest_brute_force.brute_force/0, where GetParam() = (5000, 128, 5)
[ PERFSTAT ]    (samples=13   mean=7.25   median=7.25   min=7.21   stddev=0.03 (0.4%))
[       OK ] KNNFindNearest_brute_force.brute_force/0 (120 ms)
[ RUN      ] KNNFindNearest_brute_force.brute_force/1, where GetParam() = (10000, 64, 10)
[ PERFSTAT ]    (samples=10   mean=8.12   median=8.04   min=8.01   stddev=0.22 (2.7%))
[       OK ] KNNFindNearest_brute_force.brute_force/1 (84 ms)
[----------] 2 tests from KNNFindNearest_brute_force (204 ms total)

[----------] 4 tests from SVMPredict_kernels
[ RUN      ] SVMPredict_kernels.kernels/0, where GetParam() = (1500, 512, 2)
[ PERFSTAT ]    (samples=36   mean=3.94   median=3.91   min=3.87   stddev=0.12 (3.0%))
[       OK ] SVMPredict_kernels.kernels/0 (316 ms)
[ RUN      ] SVMPredict_kernels.kernels/1, where GetParam() = (1500, 512, 1)
[ PERFSTAT ]    (samples=13   mean=3.02   median=3.00   min=2.97   stddev=0.07 (2.4%))
[       OK ] SVMPredict_kernels.kernels/1 (177 ms)
[ RUN      ] SVMPredict_kernels.kernels/2, where GetParam() = (1500, 512, 5)
[ PERFSTAT ]    (samples=13   mean=2.98   median=2.96   min=2.92   stddev=0.07 (2.3%))
[       OK ] SVMPredict_kernels.kernels/2 (169 ms)
[ RUN      ] SVMPredict_kernels.kernels/3, where GetParam() = (1500, 512, 4)
[ PERFSTAT ]    (samples=13   mean=8.93   median=8.96   min=8.80   stddev=0.06 (0.6%))
[       OK ] SVMPredict_kernels.kernels/3 (471 ms)
[----------] 4 tests from SVMPredict_kernels (1133 ms total)

[----------] Global test environment tear-down
[==========] 6 tests from 2 test cases ran. (1337 ms total)
[  PASSED  ] 6 tests.
