TEST: Skip tests with tags: 'mem_6gb', 'verylong'
CTEST_FULL_OUTPUT
OpenCV version: 4.14.0-pre
OpenCV VCS version: 4.13.0-493-g7aa163b83f
Build type: Release
Compiler: /usr/bin/c++  (ver 11.4.0)
Algorithm hint: ALGO_HINT_ACCURATE
HAL: NO
Parallel framework: pthreads (nthreads=30)
CPU features: SSE SSE2 SSE3 *SSE4.1 *SSE4.2 *AVX *FP16 *AVX2 *AVX512-SKX?
OpenCL is disabled
[==========] Running 18 tests from 3 test cases.
[----------] Global test environment set-up.
[----------] 1 test from VideoCapture_Camera
[ RUN      ] VideoCapture_Camera.waitAny_V4L
[     SKIP ] No list of tested cameras. Use OPENCV_TEST_PERF_CAMERA_LIST parameter
[       OK ] VideoCapture_Camera.waitAny_V4L (0 ms)
[----------] 1 test from VideoCapture_Camera (0 ms total)

[----------] 5 tests from VideoCapture_Reading_ReadFile
[ RUN      ] VideoCapture_Reading_ReadFile.ReadFile/0, where GetParam() = "highgui/video/big_buck_bunny.avi"
[ PERFSTAT ]    (samples=100   mean=1.92   median=1.94   min=1.53   stddev=0.17 (8.7%))
[       OK ] VideoCapture_Reading_ReadFile.ReadFile/0 (228 ms)
[ RUN      ] VideoCapture_Reading_ReadFile.ReadFile/1, where GetParam() = "highgui/video/big_buck_bunny.mov"
[ PERFSTAT ]    (samples=100   mean=1.73   median=1.73   min=1.33   stddev=0.17 (9.9%))
[       OK ] VideoCapture_Reading_ReadFile.ReadFile/1 (179 ms)
[ RUN      ] VideoCapture_Reading_ReadFile.ReadFile/2, where GetParam() = "highgui/video/big_buck_bunny.mp4"
[ PERFSTAT ]    (samples=100   mean=1.58   median=1.58   min=1.28   stddev=0.11 (7.3%))
[       OK ] VideoCapture_Reading_ReadFile.ReadFile/2 (161 ms)
[ RUN      ] VideoCapture_Reading_ReadFile.ReadFile/3, where GetParam() = "highgui/video/big_buck_bunny.mpg"
[ PERFSTAT ]    (samples=100   mean=1.78   median=1.80   min=1.37   stddev=0.16 (9.2%))
[       OK ] VideoCapture_Reading_ReadFile.ReadFile/3 (181 ms)
[ RUN      ] VideoCapture_Reading_ReadFile.ReadFile/4, where GetParam() = "highgui/video/big_buck_bunny.wmv"
[ PERFSTAT ]    (samples=100   mean=1.51   median=1.52   min=1.23   stddev=0.12 (7.8%))
[       OK ] VideoCapture_Reading_ReadFile.ReadFile/4 (154 ms)
[----------] 5 tests from VideoCapture_Reading_ReadFile (903 ms total)

[----------] 12 tests from VideoWriter_Writing_WriteFrame
[ RUN      ] VideoWriter_Writing_WriteFrame.WriteFrame/0, where GetParam() = ("python/images/QCIF_00.bmp", false)
[     SKIP ] Video file can not be opened
[       OK ] VideoWriter_Writing_WriteFrame.WriteFrame/0 (5 ms)
[ RUN      ] VideoWriter_Writing_WriteFrame.WriteFrame/1, where GetParam() = ("python/images/QCIF_00.bmp", true)
[     SKIP ] Video file can not be opened
[       OK ] VideoWriter_Writing_WriteFrame.WriteFrame/1 (2 ms)
[ RUN      ] VideoWriter_Writing_WriteFrame.WriteFrame/2, where GetParam() = ("python/images/QCIF_01.bmp", false)
[     SKIP ] Video file can not be opened
[       OK ] VideoWriter_Writing_WriteFrame.WriteFrame/2 (4 ms)
[ RUN      ] VideoWriter_Writing_WriteFrame.WriteFrame/3, where GetParam() = ("python/images/QCIF_01.bmp", true)
[     SKIP ] Video file can not be opened
[       OK ] VideoWriter_Writing_WriteFrame.WriteFrame/3 (2 ms)
[ RUN      ] VideoWriter_Writing_WriteFrame.WriteFrame/4, where GetParam() = ("python/images/QCIF_02.bmp", false)
[     SKIP ] Video file can not be opened
[       OK ] VideoWriter_Writing_WriteFrame.WriteFrame/4 (3 ms)
[ RUN      ] VideoWriter_Writing_WriteFrame.WriteFrame/5, where GetParam() = ("python/images/QCIF_02.bmp", true)
[ WARN:0@0.977] global cap.cpp:776 open VIDEOIO(CV_IMAGES): raised OpenCV exception:

OpenCV(4.14.0-pre) /data/xumengying/opencv-verify/src/opencv/modules/videoio/src/cap_images.cpp:422: error: (-215:Assertion failed) !filename_pattern.empty() in function 'CvVideoWriter_Images'


[     SKIP ] Video file can not be opened
[       OK ] VideoWriter_Writing_WriteFrame.WriteFrame/5 (2 ms)
[ RUN      ] VideoWriter_Writing_WriteFrame.WriteFrame/6, where GetParam() = ("python/images/QCIF_03.bmp", false)
[ WARN:0@0.980] global cap.cpp:776 open VIDEOIO(CV_IMAGES): raised OpenCV exception:

OpenCV(4.14.0-pre) /data/xumengying/opencv-verify/src/opencv/modules/videoio/src/cap_images.cpp:422: error: (-215:Assertion failed) !filename_pattern.empty() in function 'CvVideoWriter_Images'


[     SKIP ] Video file can not be opened
[       OK ] VideoWriter_Writing_WriteFrame.WriteFrame/6 (3 ms)
[ RUN      ] VideoWriter_Writing_WriteFrame.WriteFrame/7, where GetParam() = ("python/images/QCIF_03.bmp", true)
[ WARN:0@0.982] global cap.cpp:776 open VIDEOIO(CV_IMAGES): raised OpenCV exception:

OpenCV(4.14.0-pre) /data/xumengying/opencv-verify/src/opencv/modules/videoio/src/cap_images.cpp:422: error: (-215:Assertion failed) !filename_pattern.empty() in function 'CvVideoWriter_Images'


[     SKIP ] Video file can not be opened
[       OK ] VideoWriter_Writing_WriteFrame.WriteFrame/7 (2 ms)
[ RUN      ] VideoWriter_Writing_WriteFrame.WriteFrame/8, where GetParam() = ("python/images/QCIF_04.bmp", false)
[     SKIP ] Video file can not be opened
[       OK ] VideoWriter_Writing_WriteFrame.WriteFrame/8 (3 ms)
[ RUN      ] VideoWriter_Writing_WriteFrame.WriteFrame/9, where GetParam() = ("python/images/QCIF_04.bmp", true)
[ WARN:0@0.987] global cap.cpp:776 open VIDEOIO(CV_IMAGES): raised OpenCV exception:

OpenCV(4.14.0-pre) /data/xumengying/opencv-verify/src/opencv/modules/videoio/src/cap_images.cpp:422: error: (-215:Assertion failed) !filename_pattern.empty() in function 'CvVideoWriter_Images'


[     SKIP ] Video file can not be opened
[       OK ] VideoWriter_Writing_WriteFrame.WriteFrame/9 (2 ms)
[ RUN      ] VideoWriter_Writing_WriteFrame.WriteFrame/10, where GetParam() = ("python/images/QCIF_05.bmp", false)
[ WARN:0@0.991] global cap.cpp:776 open VIDEOIO(CV_IMAGES): raised OpenCV exception:

OpenCV(4.14.0-pre) /data/xumengying/opencv-verify/src/opencv/modules/videoio/src/cap_images.cpp:422: error: (-215:Assertion failed) !filename_pattern.empty() in function 'CvVideoWriter_Images'


[     SKIP ] Video file can not be opened
[       OK ] VideoWriter_Writing_WriteFrame.WriteFrame/10 (4 ms)
[ RUN      ] VideoWriter_Writing_WriteFrame.WriteFrame/11, where GetParam() = ("python/images/QCIF_05.bmp", true)
[     SKIP ] Video file can not be opened
[       OK ] VideoWriter_Writing_WriteFrame.WriteFrame/11 (1 ms)
[----------] 12 tests from VideoWriter_Writing_WriteFrame (33 ms total)

[----------] Global test environment tear-down
[ SKIPSTAT ] 13 tests skipped
[ SKIPSTAT ] TAG='skip_other' skip 13 tests
[==========] 18 tests from 3 test cases ran. (936 ms total)
[  PASSED  ] 18 tests.
