TEST: Skip tests with tags: 'mem_6gb', 'verylong'
CTEST_FULL_OUTPUT
OpenCV version: 4.14.0-pre
OpenCV VCS version: 4.13.0-493-g7aa163b83f
Build type: Release
Compiler: /usr/bin/c++  (ver 11.4.0)
Algorithm hint: ALGO_HINT_ACCURATE
HAL: YES (ipp (ver 0.0.1))
Parallel framework: pthreads (nthreads=30)
CPU features: SSE SSE2 SSE3 *SSE4.1 *SSE4.2 *AVX *FP16 *AVX2 *AVX512-SKX?
Intel(R) IPP version: ippIP AVX2 (l9) 2026.0.0 (-) Jun 30 2026
Intel(R) IPP features code: 0x8000
OpenCL is disabled
[==========] Running 13 tests from 5 test cases.
[----------] Global test environment set-up.
[----------] 1 test from OCL_Photo_DenoisingGrayscale
[ RUN      ] OCL_Photo_DenoisingGrayscale.DenoisingGrayscale
[ PERFSTAT ]    (samples=10   mean=105.40   median=104.31   min=103.96   stddev=2.46 (2.3%))
[       OK ] OCL_Photo_DenoisingGrayscale.DenoisingGrayscale (1073 ms)
[----------] 1 test from OCL_Photo_DenoisingGrayscale (1073 ms total)

[----------] 1 test from OCL_Photo_DenoisingColored
[ RUN      ] OCL_Photo_DenoisingColored.DenoisingColored
[ PERFSTAT ]    (samples=10   mean=272.27   median=269.20   min=264.39   stddev=10.24 (3.8%))
[       OK ] OCL_Photo_DenoisingColored.DenoisingColored (2738 ms)
[----------] 1 test from OCL_Photo_DenoisingColored (2738 ms total)

[----------] 3 tests from HDR
[ RUN      ] HDR.Mertens
[ PERFSTAT ]    (samples=100   mean=49.37   median=49.98   min=39.01   stddev=3.95 (8.0%))
[       OK ] HDR.Mertens (5219 ms)
[ RUN      ] HDR.Debevec
[ PERFSTAT ]    (samples=10   mean=101.38   median=101.25   min=96.20   stddev=2.55 (2.5%))
[       OK ] HDR.Debevec (1177 ms)
[ RUN      ] HDR.Robertson
[ PERFSTAT ]    (samples=11   mean=72.40   median=72.19   min=68.03   stddev=2.08 (2.9%))
[       OK ] HDR.Robertson (958 ms)
[----------] 3 tests from HDR (7354 ms total)

[----------] 6 tests from InpaintArea_InpaintingMethod_inpaint
[ RUN      ] InpaintArea_InpaintingMethod_inpaint.inpaint/0, where GetParam() = (24x24, INPAINT_NS)
[ PERFSTAT ]    (samples=13   mean=7.01   median=7.00   min=6.93   stddev=0.06 (0.8%))
[       OK ] InpaintArea_InpaintingMethod_inpaint.inpaint/0 (113 ms)
[ RUN      ] InpaintArea_InpaintingMethod_inpaint.inpaint/1, where GetParam() = (24x24, INPAINT_TELEA)
[ PERFSTAT ]    (samples=10   mean=6.91   median=6.87   min=6.81   stddev=0.13 (1.9%))
[       OK ] InpaintArea_InpaintingMethod_inpaint.inpaint/1 (84 ms)
[ RUN      ] InpaintArea_InpaintingMethod_inpaint.inpaint/2, where GetParam() = (32x32, INPAINT_NS)
[ PERFSTAT ]    (samples=10   mean=10.94   median=10.86   min=10.81   stddev=0.18 (1.7%))
[       OK ] InpaintArea_InpaintingMethod_inpaint.inpaint/2 (122 ms)
[ RUN      ] InpaintArea_InpaintingMethod_inpaint.inpaint/3, where GetParam() = (32x32, INPAINT_TELEA)
[ PERFSTAT ]    (samples=25   mean=9.89   median=9.85   min=9.79   stddev=0.09 (0.9%))
[       OK ] InpaintArea_InpaintingMethod_inpaint.inpaint/3 (266 ms)
[ RUN      ] InpaintArea_InpaintingMethod_inpaint.inpaint/4, where GetParam() = (64x64, INPAINT_NS)
[ PERFSTAT ]    (samples=38   mean=36.21   median=35.80   min=35.68   stddev=0.97 (2.7%))
[       OK ] InpaintArea_InpaintingMethod_inpaint.inpaint/4 (1404 ms)
[ RUN      ] InpaintArea_InpaintingMethod_inpaint.inpaint/5, where GetParam() = (64x64, INPAINT_TELEA)
[ PERFSTAT ]    (samples=10   mean=29.20   median=29.19   min=29.11   stddev=0.05 (0.2%))
[       OK ] InpaintArea_InpaintingMethod_inpaint.inpaint/5 (308 ms)
[----------] 6 tests from InpaintArea_InpaintingMethod_inpaint (2297 ms total)

[----------] 2 tests from Perf_InpaintingMethod_inpaintDots
[ RUN      ] Perf_InpaintingMethod_inpaintDots.inpaintDots/0, where GetParam() = INPAINT_NS
[ PERFSTAT ]    (samples=10   mean=26.41   median=26.36   min=26.27   stddev=0.12 (0.5%))
[       OK ] Perf_InpaintingMethod_inpaintDots.inpaintDots/0 (277 ms)
[ RUN      ] Perf_InpaintingMethod_inpaintDots.inpaintDots/1, where GetParam() = INPAINT_TELEA
[ PERFSTAT ]    (samples=10   mean=86.44   median=86.20   min=85.43   stddev=0.88 (1.0%))
[       OK ] Perf_InpaintingMethod_inpaintDots.inpaintDots/1 (877 ms)
[----------] 2 tests from Perf_InpaintingMethod_inpaintDots (1154 ms total)

[----------] Global test environment tear-down
[==========] 13 tests from 5 test cases ran. (14616 ms total)
[  PASSED  ] 13 tests.

  YOU HAVE 2 DISABLED TESTS

