TEST: Skip tests with tags: 'mem_6gb', 'verylong'
CTEST_FULL_OUTPUT
OpenCV version: 4.14.0-pre
OpenCV VCS version: 4.13.0-493-g7aa163b83f
Build type: Release
Compiler: /usr/bin/c++  (ver 11.4.0)
Algorithm hint: ALGO_HINT_ACCURATE
HAL: YES (ipp (ver 0.0.1))
Parallel framework: pthreads (nthreads=30)
CPU features: SSE SSE2 SSE3 *SSE4.1 *SSE4.2 *AVX *FP16 *AVX2 *AVX512-SKX?
Intel(R) IPP version: ippIP AVX2 (l9) 2026.0.0 (-) Jun 30 2026
Intel(R) IPP features code: 0x8000
OpenCL is disabled
[==========] Running 91 tests from 17 test cases.
[----------] Global test environment set-up.
[----------] 2 tests from OCL_stitch_a123
[ RUN      ] OCL_stitch_a123.a123/0, where GetParam() = "orb"
[ PERFSTAT ]    (samples=13   mean=428.84   median=427.19   min=420.49   stddev=7.95 (1.9%))
[       OK ] OCL_stitch_a123.a123/0 (5704 ms)
[ RUN      ] OCL_stitch_a123.a123/1, where GetParam() = "akaze"
[ PERFSTAT ]    (samples=10   mean=743.03   median=741.98   min=728.35   stddev=8.31 (1.1%))
[       OK ] OCL_stitch_a123.a123/1 (7481 ms)
[----------] 2 tests from OCL_stitch_a123 (13185 ms total)

[----------] 2 tests from OCL_stitch_b12
[ RUN      ] OCL_stitch_b12.b12/0, where GetParam() = "orb"
[ PERFSTAT ]    (samples=10   mean=188.02   median=186.76   min=183.39   stddev=3.10 (1.6%))
[       OK ] OCL_stitch_b12.b12/0 (1919 ms)
[ RUN      ] OCL_stitch_b12.b12/1, where GetParam() = "akaze"
[ PERFSTAT ]    (samples=20   mean=355.46   median=348.48   min=342.56   stddev=14.41 (4.1%))
[       OK ] OCL_stitch_b12.b12/1 (7166 ms)
[----------] 2 tests from OCL_stitch_b12 (9085 ms total)

[----------] 2 tests from OCL_stitch_boat
[ RUN      ] OCL_stitch_boat.boat/0, where GetParam() = "orb"
.
.
.
[ PERFSTAT ]    (samples=10   mean=4898.44   median=4896.22   min=4873.75   stddev=21.29 (0.4%))
[       OK ] OCL_stitch_boat.boat/0 (49287 ms)
[ RUN      ] OCL_stitch_boat.boat/1, where GetParam() = "akaze"
.
.
.
.
.
[ PERFSTAT ]    (samples=10   mean=5494.95   median=5492.10   min=5453.70   stddev=25.37 (0.5%))
[       OK ] OCL_stitch_boat.boat/1 (55243 ms)
[----------] 2 tests from OCL_stitch_boat (104530 ms total)

[----------] 16 tests from OCL_StitchingWarpersFixture_StitchingWarpers_BuildMaps
[ RUN      ] OCL_StitchingWarpersFixture_StitchingWarpers_BuildMaps.StitchingWarpers_BuildMaps/0, where GetParam() = (640x480, SphericalWarperType)
[ PERFSTAT ]    (samples=10   mean=8.58   median=8.54   min=8.51   stddev=0.12 (1.4%))
[       OK ] OCL_StitchingWarpersFixture_StitchingWarpers_BuildMaps.StitchingWarpers_BuildMaps/0 (87 ms)
[ RUN      ] OCL_StitchingWarpersFixture_StitchingWarpers_BuildMaps.StitchingWarpers_BuildMaps/1, where GetParam() = (640x480, CylindricalWarperType)
[ PERFSTAT ]    (samples=10   mean=3.92   median=3.91   min=3.89   stddev=0.02 (0.4%))
[       OK ] OCL_StitchingWarpersFixture_StitchingWarpers_BuildMaps.StitchingWarpers_BuildMaps/1 (39 ms)
[ RUN      ] OCL_StitchingWarpersFixture_StitchingWarpers_BuildMaps.StitchingWarpers_BuildMaps/2, where GetParam() = (640x480, PlaneWarperType)
[ PERFSTAT ]    (samples=10   mean=0.46   median=0.46   min=0.45   stddev=0.00 (1.0%))
[       OK ] OCL_StitchingWarpersFixture_StitchingWarpers_BuildMaps.StitchingWarpers_BuildMaps/2 (5 ms)
[ RUN      ] OCL_StitchingWarpersFixture_StitchingWarpers_BuildMaps.StitchingWarpers_BuildMaps/3, where GetParam() = (640x480, AffineWarperType)
[ PERFSTAT ]    (samples=10   mean=0.46   median=0.46   min=0.45   stddev=0.01 (1.3%))
[       OK ] OCL_StitchingWarpersFixture_StitchingWarpers_BuildMaps.StitchingWarpers_BuildMaps/3 (5 ms)
[ RUN      ] OCL_StitchingWarpersFixture_StitchingWarpers_BuildMaps.StitchingWarpers_BuildMaps/4, where GetParam() = (1280x720, SphericalWarperType)
[ PERFSTAT ]    (samples=10   mean=34.20   median=34.10   min=33.93   stddev=0.31 (0.9%))
[       OK ] OCL_StitchingWarpersFixture_StitchingWarpers_BuildMaps.StitchingWarpers_BuildMaps/4 (342 ms)
[ RUN      ] OCL_StitchingWarpersFixture_StitchingWarpers_BuildMaps.StitchingWarpers_BuildMaps/5, where GetParam() = (1280x720, CylindricalWarperType)
[ PERFSTAT ]    (samples=10   mean=15.75   median=15.74   min=15.64   stddev=0.09 (0.6%))
[       OK ] OCL_StitchingWarpersFixture_StitchingWarpers_BuildMaps.StitchingWarpers_BuildMaps/5 (158 ms)
[ RUN      ] OCL_StitchingWarpersFixture_StitchingWarpers_BuildMaps.StitchingWarpers_BuildMaps/6, where GetParam() = (1280x720, PlaneWarperType)
[ PERFSTAT ]    (samples=10   mean=1.83   median=1.83   min=1.82   stddev=0.01 (0.4%))
[       OK ] OCL_StitchingWarpersFixture_StitchingWarpers_BuildMaps.StitchingWarpers_BuildMaps/6 (19 ms)
[ RUN      ] OCL_StitchingWarpersFixture_StitchingWarpers_BuildMaps.StitchingWarpers_BuildMaps/7, where GetParam() = (1280x720, AffineWarperType)
[ PERFSTAT ]    (samples=13   mean=1.84   median=1.83   min=1.83   stddev=0.03 (1.4%))
[       OK ] OCL_StitchingWarpersFixture_StitchingWarpers_BuildMaps.StitchingWarpers_BuildMaps/7 (24 ms)
[ RUN      ] OCL_StitchingWarpersFixture_StitchingWarpers_BuildMaps.StitchingWarpers_BuildMaps/8, where GetParam() = (1920x1080, SphericalWarperType)
[ PERFSTAT ]    (samples=10   mean=76.64   median=76.44   min=76.18   stddev=0.62 (0.8%))
[       OK ] OCL_StitchingWarpersFixture_StitchingWarpers_BuildMaps.StitchingWarpers_BuildMaps/8 (769 ms)
[ RUN      ] OCL_StitchingWarpersFixture_StitchingWarpers_BuildMaps.StitchingWarpers_BuildMaps/9, where GetParam() = (1920x1080, CylindricalWarperType)
[ PERFSTAT ]    (samples=10   mean=35.32   median=35.27   min=35.16   stddev=0.17 (0.5%))
[       OK ] OCL_StitchingWarpersFixture_StitchingWarpers_BuildMaps.StitchingWarpers_BuildMaps/9 (356 ms)
[ RUN      ] OCL_StitchingWarpersFixture_StitchingWarpers_BuildMaps.StitchingWarpers_BuildMaps/10, where GetParam() = (1920x1080, PlaneWarperType)
[ PERFSTAT ]    (samples=13   mean=4.27   median=4.23   min=4.16   stddev=0.13 (3.0%))
[       OK ] OCL_StitchingWarpersFixture_StitchingWarpers_BuildMaps.StitchingWarpers_BuildMaps/10 (58 ms)
[ RUN      ] OCL_StitchingWarpersFixture_StitchingWarpers_BuildMaps.StitchingWarpers_BuildMaps/11, where GetParam() = (1920x1080, AffineWarperType)
[ PERFSTAT ]    (samples=10   mean=4.18   median=4.18   min=4.16   stddev=0.01 (0.3%))
[       OK ] OCL_StitchingWarpersFixture_StitchingWarpers_BuildMaps.StitchingWarpers_BuildMaps/11 (45 ms)
[ RUN      ] OCL_StitchingWarpersFixture_StitchingWarpers_BuildMaps.StitchingWarpers_BuildMaps/12, where GetParam() = (3840x2160, SphericalWarperType)
[ PERFSTAT ]    (samples=10   mean=306.38   median=305.31   min=304.79   stddev=3.64 (1.2%))
[       OK ] OCL_StitchingWarpersFixture_StitchingWarpers_BuildMaps.StitchingWarpers_BuildMaps/12 (3071 ms)
[ RUN      ] OCL_StitchingWarpersFixture_StitchingWarpers_BuildMaps.StitchingWarpers_BuildMaps/13, where GetParam() = (3840x2160, CylindricalWarperType)
[ PERFSTAT ]    (samples=10   mean=141.55   median=140.40   min=140.25   stddev=3.72 (2.6%))
[       OK ] OCL_StitchingWarpersFixture_StitchingWarpers_BuildMaps.StitchingWarpers_BuildMaps/13 (1424 ms)
[ RUN      ] OCL_StitchingWarpersFixture_StitchingWarpers_BuildMaps.StitchingWarpers_BuildMaps/14, where GetParam() = (3840x2160, PlaneWarperType)
[ PERFSTAT ]    (samples=13   mean=16.58   median=16.49   min=16.44   stddev=0.21 (1.3%))
[       OK ] OCL_StitchingWarpersFixture_StitchingWarpers_BuildMaps.StitchingWarpers_BuildMaps/14 (237 ms)
[ RUN      ] OCL_StitchingWarpersFixture_StitchingWarpers_BuildMaps.StitchingWarpers_BuildMaps/15, where GetParam() = (3840x2160, AffineWarperType)
[ PERFSTAT ]    (samples=13   mean=16.63   median=16.57   min=16.47   stddev=0.21 (1.3%))
[       OK ] OCL_StitchingWarpersFixture_StitchingWarpers_BuildMaps.StitchingWarpers_BuildMaps/15 (237 ms)
[----------] 16 tests from OCL_StitchingWarpersFixture_StitchingWarpers_BuildMaps (6876 ms total)

[----------] 16 tests from OCL_StitchingWarpersFixture_StitchingWarpers_Warp
[ RUN      ] OCL_StitchingWarpersFixture_StitchingWarpers_Warp.StitchingWarpers_Warp/0, where GetParam() = (640x480, SphericalWarperType)
[ PERFSTAT ]    (samples=10   mean=9.93   median=9.94   min=9.20   stddev=0.28 (2.8%))
[       OK ] OCL_StitchingWarpersFixture_StitchingWarpers_Warp.StitchingWarpers_Warp/0 (101 ms)
[ RUN      ] OCL_StitchingWarpersFixture_StitchingWarpers_Warp.StitchingWarpers_Warp/1, where GetParam() = (640x480, CylindricalWarperType)
[ PERFSTAT ]    (samples=10   mean=6.81   median=6.88   min=6.34   stddev=0.19 (2.7%))
[       OK ] OCL_StitchingWarpersFixture_StitchingWarpers_Warp.StitchingWarpers_Warp/1 (68 ms)
[ RUN      ] OCL_StitchingWarpersFixture_StitchingWarpers_Warp.StitchingWarpers_Warp/2, where GetParam() = (640x480, PlaneWarperType)
[ PERFSTAT ]    (samples=25   mean=1.22   median=1.22   min=1.19   stddev=0.02 (1.7%))
[       OK ] OCL_StitchingWarpersFixture_StitchingWarpers_Warp.StitchingWarpers_Warp/2 (31 ms)
[ RUN      ] OCL_StitchingWarpersFixture_StitchingWarpers_Warp.StitchingWarpers_Warp/3, where GetParam() = (640x480, AffineWarperType)
[ PERFSTAT ]    (samples=10   mean=1.22   median=1.22   min=1.20   stddev=0.03 (2.7%))
[       OK ] OCL_StitchingWarpersFixture_StitchingWarpers_Warp.StitchingWarpers_Warp/3 (13 ms)
[ RUN      ] OCL_StitchingWarpersFixture_StitchingWarpers_Warp.StitchingWarpers_Warp/4, where GetParam() = (1280x720, SphericalWarperType)
[ PERFSTAT ]    (samples=43   mean=42.49   median=42.67   min=34.91   stddev=1.26 (3.0%))
[       OK ] OCL_StitchingWarpersFixture_StitchingWarpers_Warp.StitchingWarpers_Warp/4 (1829 ms)
[ RUN      ] OCL_StitchingWarpersFixture_StitchingWarpers_Warp.StitchingWarpers_Warp/5, where GetParam() = (1280x720, CylindricalWarperType)
[ PERFSTAT ]    (samples=10   mean=27.42   median=27.25   min=26.61   stddev=0.72 (2.6%))
[       OK ] OCL_StitchingWarpersFixture_StitchingWarpers_Warp.StitchingWarpers_Warp/5 (275 ms)
[ RUN      ] OCL_StitchingWarpersFixture_StitchingWarpers_Warp.StitchingWarpers_Warp/6, where GetParam() = (1280x720, PlaneWarperType)
[ PERFSTAT ]    (samples=10   mean=4.46   median=4.44   min=4.38   stddev=0.08 (1.9%))
[       OK ] OCL_StitchingWarpersFixture_StitchingWarpers_Warp.StitchingWarpers_Warp/6 (45 ms)
[ RUN      ] OCL_StitchingWarpersFixture_StitchingWarpers_Warp.StitchingWarpers_Warp/7, where GetParam() = (1280x720, AffineWarperType)
[ PERFSTAT ]    (samples=10   mean=4.50   median=4.49   min=4.37   stddev=0.07 (1.7%))
[       OK ] OCL_StitchingWarpersFixture_StitchingWarpers_Warp.StitchingWarpers_Warp/7 (46 ms)
[ RUN      ] OCL_StitchingWarpersFixture_StitchingWarpers_Warp.StitchingWarpers_Warp/8, where GetParam() = (1920x1080, SphericalWarperType)
[ PERFSTAT ]    (samples=10   mean=93.46   median=93.47   min=92.14   stddev=0.90 (1.0%))
[       OK ] OCL_StitchingWarpersFixture_StitchingWarpers_Warp.StitchingWarpers_Warp/8 (936 ms)
[ RUN      ] OCL_StitchingWarpersFixture_StitchingWarpers_Warp.StitchingWarpers_Warp/9, where GetParam() = (1920x1080, CylindricalWarperType)
[ PERFSTAT ]    (samples=10   mean=60.14   median=60.68   min=56.93   stddev=1.45 (2.4%))
[       OK ] OCL_StitchingWarpersFixture_StitchingWarpers_Warp.StitchingWarpers_Warp/9 (603 ms)
[ RUN      ] OCL_StitchingWarpersFixture_StitchingWarpers_Warp.StitchingWarpers_Warp/10, where GetParam() = (1920x1080, PlaneWarperType)
[ PERFSTAT ]    (samples=55   mean=9.30   median=9.22   min=8.96   stddev=0.28 (3.0%))
[       OK ] OCL_StitchingWarpersFixture_StitchingWarpers_Warp.StitchingWarpers_Warp/10 (523 ms)
[ RUN      ] OCL_StitchingWarpersFixture_StitchingWarpers_Warp.StitchingWarpers_Warp/11, where GetParam() = (1920x1080, AffineWarperType)
[ PERFSTAT ]    (samples=10   mean=9.29   median=9.21   min=9.12   stddev=0.19 (2.1%))
[       OK ] OCL_StitchingWarpersFixture_StitchingWarpers_Warp.StitchingWarpers_Warp/11 (94 ms)
[ RUN      ] OCL_StitchingWarpersFixture_StitchingWarpers_Warp.StitchingWarpers_Warp/12, where GetParam() = (3840x2160, SphericalWarperType)
[ PERFSTAT ]    (samples=10   mean=335.35   median=336.17   min=325.26   stddev=3.71 (1.1%))
[       OK ] OCL_StitchingWarpersFixture_StitchingWarpers_Warp.StitchingWarpers_Warp/12 (3357 ms)
[ RUN      ] OCL_StitchingWarpersFixture_StitchingWarpers_Warp.StitchingWarpers_Warp/13, where GetParam() = (3840x2160, CylindricalWarperType)
[ PERFSTAT ]    (samples=10   mean=171.49   median=171.61   min=170.42   stddev=0.60 (0.4%))
[       OK ] OCL_StitchingWarpersFixture_StitchingWarpers_Warp.StitchingWarpers_Warp/13 (1720 ms)
[ RUN      ] OCL_StitchingWarpersFixture_StitchingWarpers_Warp.StitchingWarpers_Warp/14, where GetParam() = (3840x2160, PlaneWarperType)
[ PERFSTAT ]    (samples=100   mean=45.93   median=45.67   min=43.97   stddev=1.35 (2.9%))
[       OK ] OCL_StitchingWarpersFixture_StitchingWarpers_Warp.StitchingWarpers_Warp/14 (4635 ms)
[ RUN      ] OCL_StitchingWarpersFixture_StitchingWarpers_Warp.StitchingWarpers_Warp/15, where GetParam() = (3840x2160, AffineWarperType)
[ PERFSTAT ]    (samples=11   mean=45.14   median=44.75   min=43.94   stddev=1.32 (2.9%))
[       OK ] OCL_StitchingWarpersFixture_StitchingWarpers_Warp.StitchingWarpers_Warp/15 (501 ms)
[----------] 16 tests from OCL_StitchingWarpersFixture_StitchingWarpers_Warp (14777 ms total)

[----------] 2 tests from bundleAdjuster_affine
[ RUN      ] bundleAdjuster_affine.affine/0, where GetParam() = ("orb", "affinePartial")
[ PERFSTAT ]    (samples=33   mean=0.32   median=0.32   min=0.31   stddev=0.01 (3.0%))
[       OK ] bundleAdjuster_affine.affine/0 (120 ms)
[ RUN      ] bundleAdjuster_affine.affine/1, where GetParam() = ("orb", "affine")
[ PERFSTAT ]    (samples=10   mean=0.81   median=0.81   min=0.80   stddev=0.02 (2.5%))
[       OK ] bundleAdjuster_affine.affine/1 (108 ms)
[----------] 2 tests from bundleAdjuster_affine (228 ms total)

[----------] 3 tests from FeaturesFinderVec_ParallelFeaturesFinder
[ RUN      ] FeaturesFinderVec_ParallelFeaturesFinder.ParallelFeaturesFinder/0, where GetParam() = 1
[ PERFSTAT ]    (samples=10   mean=10.34   median=10.28   min=10.17   stddev=0.19 (1.8%))
[       OK ] FeaturesFinderVec_ParallelFeaturesFinder.ParallelFeaturesFinder/0 (112 ms)
[ RUN      ] FeaturesFinderVec_ParallelFeaturesFinder.ParallelFeaturesFinder/1, where GetParam() = 5
[ PERFSTAT ]    (samples=10   mean=51.04   median=50.96   min=50.45   stddev=0.45 (0.9%))
[       OK ] FeaturesFinderVec_ParallelFeaturesFinder.ParallelFeaturesFinder/1 (518 ms)
[ RUN      ] FeaturesFinderVec_ParallelFeaturesFinder.ParallelFeaturesFinder/2, where GetParam() = 20
[ PERFSTAT ]    (samples=10   mean=201.70   median=201.78   min=199.41   stddev=1.13 (0.6%))
[       OK ] FeaturesFinderVec_ParallelFeaturesFinder.ParallelFeaturesFinder/2 (2027 ms)
[----------] 3 tests from FeaturesFinderVec_ParallelFeaturesFinder (2657 ms total)

[----------] 3 tests from FeaturesFinderVec_SerialFeaturesFinder
[ RUN      ] FeaturesFinderVec_SerialFeaturesFinder.SerialFeaturesFinder/0, where GetParam() = 1
[ PERFSTAT ]    (samples=10   mean=7.60   median=7.56   min=7.46   stddev=0.12 (1.6%))
[       OK ] FeaturesFinderVec_SerialFeaturesFinder.SerialFeaturesFinder/0 (86 ms)
[ RUN      ] FeaturesFinderVec_SerialFeaturesFinder.SerialFeaturesFinder/1, where GetParam() = 5
[ PERFSTAT ]    (samples=10   mean=38.10   median=38.10   min=37.88   stddev=0.14 (0.4%))
[       OK ] FeaturesFinderVec_SerialFeaturesFinder.SerialFeaturesFinder/1 (389 ms)
[ RUN      ] FeaturesFinderVec_SerialFeaturesFinder.SerialFeaturesFinder/2, where GetParam() = 20
[ PERFSTAT ]    (samples=10   mean=151.67   median=151.59   min=151.08   stddev=0.52 (0.3%))
[       OK ] FeaturesFinderVec_SerialFeaturesFinder.SerialFeaturesFinder/2 (1524 ms)
[----------] 3 tests from FeaturesFinderVec_SerialFeaturesFinder (1999 ms total)

[----------] 1 test from match_bestOf2Nearest
[ RUN      ] match_bestOf2Nearest.bestOf2Nearest/0, where GetParam() = "orb"
[ PERFSTAT ]    (samples=10   mean=10.22   median=10.20   min=10.10   stddev=0.13 (1.3%))
[       OK ] match_bestOf2Nearest.bestOf2Nearest/0 (205 ms)
[----------] 1 test from match_bestOf2Nearest (205 ms total)

[----------] 3 tests from matchVector_bestOf2NearestVectorFeatures
[ RUN      ] matchVector_bestOf2NearestVectorFeatures.bestOf2NearestVectorFeatures/0, where GetParam() = ("orb", 2)
[ PERFSTAT ]    (samples=10   mean=10.21   median=10.19   min=10.09   stddev=0.11 (1.1%))
[       OK ] matchVector_bestOf2NearestVectorFeatures.bestOf2NearestVectorFeatures/0 (202 ms)
[ RUN      ] matchVector_bestOf2NearestVectorFeatures.bestOf2NearestVectorFeatures/1, where GetParam() = ("orb", 4)
[ PERFSTAT ]    (samples=13   mean=10.95   median=10.93   min=10.81   stddev=0.12 (1.1%))
[       OK ] matchVector_bestOf2NearestVectorFeatures.bestOf2NearestVectorFeatures/1 (244 ms)
[ RUN      ] matchVector_bestOf2NearestVectorFeatures.bestOf2NearestVectorFeatures/2, where GetParam() = ("orb", 8)
[ PERFSTAT ]    (samples=88   mean=11.52   median=11.44   min=11.07   stddev=0.33 (2.9%))
[       OK ] matchVector_bestOf2NearestVectorFeatures.bestOf2NearestVectorFeatures/2 (1158 ms)
[----------] 3 tests from matchVector_bestOf2NearestVectorFeatures (1604 ms total)

[----------] 1 test from match_affineBestOf2Nearest
[ RUN      ] match_affineBestOf2Nearest.affineBestOf2Nearest/0, where GetParam() = "orb"
[ PERFSTAT ]    (samples=10   mean=10.11   median=10.09   min=10.02   stddev=0.09 (0.9%))
[       OK ] match_affineBestOf2Nearest.affineBestOf2Nearest/0 (190 ms)
[----------] 1 test from match_affineBestOf2Nearest (190 ms total)

[----------] 3 tests from matchVector_affineBestOf2NearestVectorFeatures
[ RUN      ] matchVector_affineBestOf2NearestVectorFeatures.affineBestOf2NearestVectorFeatures/0, where GetParam() = ("orb", 2)
[ PERFSTAT ]    (samples=10   mean=10.02   median=10.03   min=9.92   stddev=0.08 (0.7%))
[       OK ] matchVector_affineBestOf2NearestVectorFeatures.affineBestOf2NearestVectorFeatures/0 (184 ms)
[ RUN      ] matchVector_affineBestOf2NearestVectorFeatures.affineBestOf2NearestVectorFeatures/1, where GetParam() = ("orb", 4)
[ PERFSTAT ]    (samples=10   mean=10.89   median=10.84   min=10.70   stddev=0.18 (1.7%))
[       OK ] matchVector_affineBestOf2NearestVectorFeatures.affineBestOf2NearestVectorFeatures/1 (194 ms)
[ RUN      ] matchVector_affineBestOf2NearestVectorFeatures.affineBestOf2NearestVectorFeatures/2, where GetParam() = ("orb", 8)
[ PERFSTAT ]    (samples=13   mean=11.21   median=11.17   min=10.98   stddev=0.16 (1.4%))
[       OK ] matchVector_affineBestOf2NearestVectorFeatures.affineBestOf2NearestVectorFeatures/2 (230 ms)
[----------] 3 tests from matchVector_affineBestOf2NearestVectorFeatures (608 ms total)

[----------] 2 tests from stitch_a123
[ RUN      ] stitch_a123.a123/0, where GetParam() = "orb"
[ PERFSTAT ]    (samples=10   mean=436.15   median=434.60   min=433.27   stddev=4.10 (0.9%))
[       OK ] stitch_a123.a123/0 (4399 ms)
[ RUN      ] stitch_a123.a123/1, where GetParam() = "akaze"
[ PERFSTAT ]    (samples=10   mean=703.65   median=704.54   min=693.83   stddev=6.41 (0.9%))
[       OK ] stitch_a123.a123/1 (7078 ms)
[----------] 2 tests from stitch_a123 (11478 ms total)

[----------] 5 tests from stitchExposureCompensation_a123
[ RUN      ] stitchExposureCompensation_a123.a123/0, where GetParam() = 32
[ PERFSTAT ]    (samples=10   mean=438.72   median=436.55   min=433.67   stddev=5.90 (1.3%))
[       OK ] stitchExposureCompensation_a123.a123/0 (4431 ms)
[ RUN      ] stitchExposureCompensation_a123.a123/1, where GetParam() = 16
[ PERFSTAT ]    (samples=10   mean=525.87   median=525.73   min=515.73   stddev=6.73 (1.3%))
[       OK ] stitchExposureCompensation_a123.a123/1 (5302 ms)
[ RUN      ] stitchExposureCompensation_a123.a123/2, where GetParam() = 12
[ PERFSTAT ]    (samples=10   mean=812.11   median=811.34   min=804.27   stddev=4.74 (0.6%))
[       OK ] stitchExposureCompensation_a123.a123/2 (8170 ms)
[ RUN      ] stitchExposureCompensation_a123.a123/3, where GetParam() = 10
.
[ PERFSTAT ]    (samples=10   mean=1318.27   median=1317.54   min=1312.74   stddev=5.05 (0.4%))
[       OK ] stitchExposureCompensation_a123.a123/3 (13225 ms)
[ RUN      ] stitchExposureCompensation_a123.a123/4, where GetParam() = 8
.
.
.
[ PERFSTAT ]    (samples=10   mean=3369.15   median=3365.67   min=3354.11   stddev=13.03 (0.4%))
[       OK ] stitchExposureCompensation_a123.a123/4 (33734 ms)
[----------] 5 tests from stitchExposureCompensation_a123 (64862 ms total)

[----------] 20 tests from stitchExposureCompMultiFeed_a123
[ RUN      ] stitchExposureCompMultiFeed_a123.a123/0, where GetParam() = ("gain", 1)
[ PERFSTAT ]    (samples=10   mean=415.25   median=413.15   min=410.04   stddev=6.78 (1.6%))
[       OK ] stitchExposureCompMultiFeed_a123.a123/0 (4195 ms)
[ RUN      ] stitchExposureCompMultiFeed_a123.a123/1, where GetParam() = ("gain", 2)
[ PERFSTAT ]    (samples=10   mean=499.85   median=498.45   min=494.68   stddev=5.42 (1.1%))
[       OK ] stitchExposureCompMultiFeed_a123.a123/1 (5041 ms)
[ RUN      ] stitchExposureCompMultiFeed_a123.a123/2, where GetParam() = ("gain", 3)
[ PERFSTAT ]    (samples=10   mean=480.86   median=479.43   min=476.71   stddev=4.50 (0.9%))
[       OK ] stitchExposureCompMultiFeed_a123.a123/2 (4852 ms)
[ RUN      ] stitchExposureCompMultiFeed_a123.a123/3, where GetParam() = ("gain", 4)
[ PERFSTAT ]    (samples=10   mean=464.62   median=463.32   min=460.96   stddev=4.80 (1.0%))
[       OK ] stitchExposureCompMultiFeed_a123.a123/3 (4689 ms)
[ RUN      ] stitchExposureCompMultiFeed_a123.a123/4, where GetParam() = ("gain", 5)
[ PERFSTAT ]    (samples=10   mean=495.96   median=494.13   min=493.06   stddev=5.73 (1.2%))
[       OK ] stitchExposureCompMultiFeed_a123.a123/4 (5002 ms)
[ RUN      ] stitchExposureCompMultiFeed_a123.a123/5, where GetParam() = ("channels", 1)
[ PERFSTAT ]    (samples=10   mean=419.83   median=418.88   min=416.05   stddev=3.56 (0.8%))
[       OK ] stitchExposureCompMultiFeed_a123.a123/5 (4239 ms)
[ RUN      ] stitchExposureCompMultiFeed_a123.a123/6, where GetParam() = ("channels", 2)
[ PERFSTAT ]    (samples=10   mean=425.06   median=424.39   min=421.34   stddev=3.57 (0.8%))
[       OK ] stitchExposureCompMultiFeed_a123.a123/6 (4293 ms)
[ RUN      ] stitchExposureCompMultiFeed_a123.a123/7, where GetParam() = ("channels", 3)
[ PERFSTAT ]    (samples=10   mean=420.08   median=419.86   min=412.85   stddev=4.04 (1.0%))
[       OK ] stitchExposureCompMultiFeed_a123.a123/7 (4243 ms)
[ RUN      ] stitchExposureCompMultiFeed_a123.a123/8, where GetParam() = ("channels", 4)
[ PERFSTAT ]    (samples=10   mean=412.03   median=411.54   min=405.93   stddev=5.44 (1.3%))
[       OK ] stitchExposureCompMultiFeed_a123.a123/8 (4171 ms)
[ RUN      ] stitchExposureCompMultiFeed_a123.a123/9, where GetParam() = ("channels", 5)
[ PERFSTAT ]    (samples=10   mean=421.21   median=419.68   min=415.59   stddev=5.47 (1.3%))
[       OK ] stitchExposureCompMultiFeed_a123.a123/9 (4256 ms)
[ RUN      ] stitchExposureCompMultiFeed_a123.a123/10, where GetParam() = ("blocks_gain", 1)
[ PERFSTAT ]    (samples=10   mean=432.37   median=430.30   min=424.98   stddev=5.99 (1.4%))
[       OK ] stitchExposureCompMultiFeed_a123.a123/10 (4367 ms)
[ RUN      ] stitchExposureCompMultiFeed_a123.a123/11, where GetParam() = ("blocks_gain", 2)
[ PERFSTAT ]    (samples=10   mean=420.61   median=420.05   min=418.42   stddev=2.83 (0.7%))
[       OK ] stitchExposureCompMultiFeed_a123.a123/11 (4249 ms)
[ RUN      ] stitchExposureCompMultiFeed_a123.a123/12, where GetParam() = ("blocks_gain", 3)
[ PERFSTAT ]    (samples=10   mean=456.62   median=456.19   min=451.01   stddev=3.33 (0.7%))
[       OK ] stitchExposureCompMultiFeed_a123.a123/12 (4608 ms)
[ RUN      ] stitchExposureCompMultiFeed_a123.a123/13, where GetParam() = ("blocks_gain", 4)
[ PERFSTAT ]    (samples=10   mean=514.95   median=514.54   min=510.72   stddev=3.83 (0.7%))
[       OK ] stitchExposureCompMultiFeed_a123.a123/13 (5193 ms)
[ RUN      ] stitchExposureCompMultiFeed_a123.a123/14, where GetParam() = ("blocks_gain", 5)
[ PERFSTAT ]    (samples=10   mean=526.65   median=525.18   min=523.85   stddev=4.21 (0.8%))
[       OK ] stitchExposureCompMultiFeed_a123.a123/14 (5308 ms)
[ RUN      ] stitchExposureCompMultiFeed_a123.a123/15, where GetParam() = ("blocks_channels", 1)
[ PERFSTAT ]    (samples=10   mean=454.09   median=452.40   min=451.66   stddev=5.05 (1.1%))
[       OK ] stitchExposureCompMultiFeed_a123.a123/15 (4584 ms)
[ RUN      ] stitchExposureCompMultiFeed_a123.a123/16, where GetParam() = ("blocks_channels", 2)
[ PERFSTAT ]    (samples=10   mean=446.35   median=446.76   min=441.70   stddev=2.58 (0.6%))
[       OK ] stitchExposureCompMultiFeed_a123.a123/16 (4506 ms)
[ RUN      ] stitchExposureCompMultiFeed_a123.a123/17, where GetParam() = ("blocks_channels", 3)
[ PERFSTAT ]    (samples=10   mean=475.21   median=474.48   min=472.57   stddev=2.65 (0.6%))
[       OK ] stitchExposureCompMultiFeed_a123.a123/17 (4794 ms)
[ RUN      ] stitchExposureCompMultiFeed_a123.a123/18, where GetParam() = ("blocks_channels", 4)
[ PERFSTAT ]    (samples=10   mean=523.95   median=523.27   min=520.50   stddev=3.01 (0.6%))
[       OK ] stitchExposureCompMultiFeed_a123.a123/18 (5283 ms)
[ RUN      ] stitchExposureCompMultiFeed_a123.a123/19, where GetParam() = ("blocks_channels", 5)
[ PERFSTAT ]    (samples=10   mean=557.71   median=557.54   min=554.08   stddev=2.50 (0.4%))
[       OK ] stitchExposureCompMultiFeed_a123.a123/19 (5619 ms)
[----------] 20 tests from stitchExposureCompMultiFeed_a123 (93492 ms total)

[----------] 2 tests from stitch_b12
[ RUN      ] stitch_b12.b12/0, where GetParam() = "orb"
[ PERFSTAT ]    (samples=10   mean=185.03   median=184.63   min=181.20   stddev=2.69 (1.5%))
[       OK ] stitch_b12.b12/0 (1877 ms)
[ RUN      ] stitch_b12.b12/1, where GetParam() = "akaze"
[ PERFSTAT ]    (samples=10   mean=358.65   median=358.64   min=346.54   stddev=7.63 (2.1%))
[       OK ] stitch_b12.b12/1 (3614 ms)
[----------] 2 tests from stitch_b12 (5491 ms total)

[----------] 8 tests from stitchDatasets_affine
[ RUN      ] stitchDatasets_affine.affine/0, where GetParam() = ("s", "orb")
[ PERFSTAT ]    (samples=10   mean=360.68   median=355.94   min=353.93   stddev=10.72 (3.0%))
[       OK ] stitchDatasets_affine.affine/0 (3669 ms)
[ RUN      ] stitchDatasets_affine.affine/1, where GetParam() = ("s", "akaze")
[ PERFSTAT ]    (samples=10   mean=835.47   median=834.59   min=826.55   stddev=6.57 (0.8%))
[       OK ] stitchDatasets_affine.affine/1 (8416 ms)
[ RUN      ] stitchDatasets_affine.affine/2, where GetParam() = ("budapest", "orb")
[ PERFSTAT ]    (samples=10   mean=962.35   median=959.30   min=953.77   stddev=8.14 (0.8%))
[       OK ] stitchDatasets_affine.affine/2 (9696 ms)
[ RUN      ] stitchDatasets_affine.affine/3, where GetParam() = ("budapest", "akaze")
.
[ PERFSTAT ]    (samples=10   mean=1540.24   median=1537.65   min=1531.38   stddev=7.97 (0.5%))
[       OK ] stitchDatasets_affine.affine/3 (15517 ms)
[ RUN      ] stitchDatasets_affine.affine/4, where GetParam() = ("newspaper", "orb")
[ PERFSTAT ]    (samples=10   mean=486.01   median=490.56   min=470.42   stddev=13.10 (2.7%))
[       OK ] stitchDatasets_affine.affine/4 (4901 ms)
[ RUN      ] stitchDatasets_affine.affine/5, where GetParam() = ("newspaper", "akaze")
.
[ PERFSTAT ]    (samples=10   mean=1046.84   median=1044.92   min=1026.10   stddev=12.37 (1.2%))
[       OK ] stitchDatasets_affine.affine/5 (10511 ms)
[ RUN      ] stitchDatasets_affine.affine/6, where GetParam() = ("prague", "orb")
[ PERFSTAT ]    (samples=10   mean=188.25   median=187.51   min=184.81   stddev=3.57 (1.9%))
[       OK ] stitchDatasets_affine.affine/6 (1912 ms)
[ RUN      ] stitchDatasets_affine.affine/7, where GetParam() = ("prague", "akaze")
[ PERFSTAT ]    (samples=10   mean=596.56   median=596.91   min=590.62   stddev=3.93 (0.7%))
[       OK ] stitchDatasets_affine.affine/7 (5994 ms)
[----------] 8 tests from stitchDatasets_affine (60617 ms total)

[----------] Global test environment tear-down
[==========] 91 tests from 17 test cases ran. (391884 ms total)
[  PASSED  ] 91 tests.
