TEST: Skip tests with tags: 'mem_6gb', 'verylong'
CTEST_FULL_OUTPUT
OpenCV version: 4.14.0-pre
OpenCV VCS version: 4.13.0-493-g7aa163b83f
Build type: Release
Compiler: /usr/bin/c++  (ver 11.4.0)
Algorithm hint: ALGO_HINT_ACCURATE
HAL: YES (ipp (ver 0.0.1))
Parallel framework: pthreads (nthreads=30)
CPU features: SSE SSE2 SSE3 *SSE4.1 *SSE4.2 *AVX *FP16 *AVX2 *AVX512-SKX?
Intel(R) IPP version: ippIP AVX2 (l9) 2026.0.0 (-) Jun 30 2026
Intel(R) IPP features code: 0x8000
OpenCL is disabled
[==========] Running 279 tests from 22 test cases.
[----------] Global test environment set-up.
[----------] 3 tests from OCL_AKAZEFixture_detectAndCompute
[ RUN      ] OCL_AKAZEFixture_detectAndCompute.detectAndCompute/0, where GetParam() = (640x480, 8UC1)
[ PERFSTAT ]    (samples=13   mean=7.32   median=7.26   min=7.15   stddev=0.21 (2.9%))
[       OK ] OCL_AKAZEFixture_detectAndCompute.detectAndCompute/0 (123 ms)
[ RUN      ] OCL_AKAZEFixture_detectAndCompute.detectAndCompute/1, where GetParam() = (1280x720, 8UC1)
[ PERFSTAT ]    (samples=13   mean=22.22   median=21.99   min=21.89   stddev=0.50 (2.3%))
[       OK ] OCL_AKAZEFixture_detectAndCompute.detectAndCompute/1 (292 ms)
[ RUN      ] OCL_AKAZEFixture_detectAndCompute.detectAndCompute/2, where GetParam() = (1920x1080, 8UC1)
[ PERFSTAT ]    (samples=13   mean=54.90   median=54.91   min=53.47   stddev=0.81 (1.5%))
[       OK ] OCL_AKAZEFixture_detectAndCompute.detectAndCompute/2 (721 ms)
[----------] 3 tests from OCL_AKAZEFixture_detectAndCompute (1136 ms total)

[----------] 7 tests from OCL_AKAZEOclMldbUprightFixture_detectAndComputeMLDB
[ RUN      ] OCL_AKAZEOclMldbUprightFixture_detectAndComputeMLDB.detectAndComputeMLDB/0, where GetParam() = (320x240, 8UC1)
[ PERFSTAT ]    (samples=15   mean=9.23   median=9.29   min=8.85   stddev=0.27 (2.9%))
[       OK ] OCL_AKAZEOclMldbUprightFixture_detectAndComputeMLDB.detectAndComputeMLDB/0 (155 ms)
[ RUN      ] OCL_AKAZEOclMldbUprightFixture_detectAndComputeMLDB.detectAndComputeMLDB/1, where GetParam() = (640x480, 8UC1)
[ PERFSTAT ]    (samples=13   mean=32.97   median=32.86   min=32.15   stddev=0.61 (1.8%))
[       OK ] OCL_AKAZEOclMldbUprightFixture_detectAndComputeMLDB.detectAndComputeMLDB/1 (435 ms)
[ RUN      ] OCL_AKAZEOclMldbUprightFixture_detectAndComputeMLDB.detectAndComputeMLDB/2, where GetParam() = (960x540, 8UC1)
[ PERFSTAT ]    (samples=25   mean=52.30   median=52.50   min=49.46   stddev=1.49 (2.9%))
[       OK ] OCL_AKAZEOclMldbUprightFixture_detectAndComputeMLDB.detectAndComputeMLDB/2 (1320 ms)
[ RUN      ] OCL_AKAZEOclMldbUprightFixture_detectAndComputeMLDB.detectAndComputeMLDB/3, where GetParam() = (1280x720, 8UC1)
[ PERFSTAT ]    (samples=10   mean=111.17   median=111.44   min=108.35   stddev=1.47 (1.3%))
[       OK ] OCL_AKAZEOclMldbUprightFixture_detectAndComputeMLDB.detectAndComputeMLDB/3 (1115 ms)
[ RUN      ] OCL_AKAZEOclMldbUprightFixture_detectAndComputeMLDB.detectAndComputeMLDB/4, where GetParam() = (1920x1080, 8UC1)
[ PERFSTAT ]    (samples=10   mean=267.42   median=266.04   min=258.13   stddev=7.45 (2.8%))
[       OK ] OCL_AKAZEOclMldbUprightFixture_detectAndComputeMLDB.detectAndComputeMLDB/4 (2677 ms)
[ RUN      ] OCL_AKAZEOclMldbUprightFixture_detectAndComputeMLDB.detectAndComputeMLDB/5, where GetParam() = (2560x1440, 8UC1)
.
.
.
.
[ PERFSTAT ]    (samples=100   mean=448.75   median=445.70   min=414.14   stddev=16.84 (3.8%))
[       OK ] OCL_AKAZEOclMldbUprightFixture_detectAndComputeMLDB.detectAndComputeMLDB/5 (45487 ms)
[ RUN      ] OCL_AKAZEOclMldbUprightFixture_detectAndComputeMLDB.detectAndComputeMLDB/6, where GetParam() = (3840x2160, 8UC1)
[ PERFSTAT ]    (samples=10   mean=876.29   median=870.15   min=850.98   stddev=17.52 (2.0%))
[       OK ] OCL_AKAZEOclMldbUprightFixture_detectAndComputeMLDB.detectAndComputeMLDB/6 (8771 ms)
[----------] 7 tests from OCL_AKAZEOclMldbUprightFixture_detectAndComputeMLDB (59960 ms total)

[----------] 6 tests from OCL_AKAZEOclRealImagesFixture_detectAndComputeMLDBRealImages
[ RUN      ] OCL_AKAZEOclRealImagesFixture_detectAndComputeMLDBRealImages.detectAndComputeMLDBRealImages/0, where GetParam() = ("stitching/boat1.jpg", 0)
[ PERFSTAT ]    (samples=10   mean=888.25   median=889.16   min=867.75   stddev=16.80 (1.9%))
[       OK ] OCL_AKAZEOclRealImagesFixture_detectAndComputeMLDBRealImages.detectAndComputeMLDBRealImages/0 (8918 ms)
[ RUN      ] OCL_AKAZEOclRealImagesFixture_detectAndComputeMLDBRealImages.detectAndComputeMLDBRealImages/1, where GetParam() = ("stitching/boat2.jpg", 0)
.
[ PERFSTAT ]    (samples=14   mean=929.48   median=938.23   min=888.01   stddev=27.23 (2.9%))
[       OK ] OCL_AKAZEOclRealImagesFixture_detectAndComputeMLDBRealImages.detectAndComputeMLDBRealImages/1 (13082 ms)
[ RUN      ] OCL_AKAZEOclRealImagesFixture_detectAndComputeMLDBRealImages.detectAndComputeMLDBRealImages/2, where GetParam() = ("stitching/boat3.jpg", 0)
[ PERFSTAT ]    (samples=10   mean=957.69   median=959.20   min=916.38   stddev=22.00 (2.3%))
[       OK ] OCL_AKAZEOclRealImagesFixture_detectAndComputeMLDBRealImages.detectAndComputeMLDBRealImages/2 (9607 ms)
[ RUN      ] OCL_AKAZEOclRealImagesFixture_detectAndComputeMLDBRealImages.detectAndComputeMLDBRealImages/3, where GetParam() = ("stitching/boat4.jpg", 0)
[ PERFSTAT ]    (samples=10   mean=930.33   median=927.56   min=902.46   stddev=20.37 (2.2%))
[       OK ] OCL_AKAZEOclRealImagesFixture_detectAndComputeMLDBRealImages.detectAndComputeMLDBRealImages/3 (9334 ms)
[ RUN      ] OCL_AKAZEOclRealImagesFixture_detectAndComputeMLDBRealImages.detectAndComputeMLDBRealImages/4, where GetParam() = ("stitching/boat5.jpg", 0)
.
[ PERFSTAT ]    (samples=13   mean=981.62   median=987.56   min=939.76   stddev=29.11 (3.0%))
[       OK ] OCL_AKAZEOclRealImagesFixture_detectAndComputeMLDBRealImages.detectAndComputeMLDBRealImages/4 (12886 ms)
[ RUN      ] OCL_AKAZEOclRealImagesFixture_detectAndComputeMLDBRealImages.detectAndComputeMLDBRealImages/5, where GetParam() = ("stitching/boat6.jpg", 0)
.
[ PERFSTAT ]    (samples=13   mean=972.14   median=966.87   min=929.94   stddev=28.05 (2.9%))
[       OK ] OCL_AKAZEOclRealImagesFixture_detectAndComputeMLDBRealImages.detectAndComputeMLDBRealImages/5 (12768 ms)
[----------] 6 tests from OCL_AKAZEOclRealImagesFixture_detectAndComputeMLDBRealImages (66595 ms total)

[----------] 3 tests from OCL_AKAZEOclKazeUprightFixture_detectAndComputeKAZEUpright
[ RUN      ] OCL_AKAZEOclKazeUprightFixture_detectAndComputeKAZEUpright.detectAndComputeKAZEUpright/0, where GetParam() = (320x240, 8UC1)
[ PERFSTAT ]    (samples=100   mean=10.04   median=10.04   min=8.84   stddev=0.71 (7.0%))
[       OK ] OCL_AKAZEOclKazeUprightFixture_detectAndComputeKAZEUpright.detectAndComputeKAZEUpright/0 (1020 ms)
[ RUN      ] OCL_AKAZEOclKazeUprightFixture_detectAndComputeKAZEUpright.detectAndComputeKAZEUpright/1, where GetParam() = (640x480, 8UC1)
[ PERFSTAT ]    (samples=13   mean=36.33   median=36.44   min=34.89   stddev=0.80 (2.2%))
[       OK ] OCL_AKAZEOclKazeUprightFixture_detectAndComputeKAZEUpright.detectAndComputeKAZEUpright/1 (478 ms)
[ RUN      ] OCL_AKAZEOclKazeUprightFixture_detectAndComputeKAZEUpright.detectAndComputeKAZEUpright/2, where GetParam() = (1280x720, 8UC1)
[ PERFSTAT ]    (samples=13   mean=93.94   median=94.04   min=91.62   stddev=1.82 (1.9%))
[       OK ] OCL_AKAZEOclKazeUprightFixture_detectAndComputeKAZEUpright.detectAndComputeKAZEUpright/2 (1231 ms)
[----------] 3 tests from OCL_AKAZEOclKazeUprightFixture_detectAndComputeKAZEUpright (2729 ms total)

[----------] 3 tests from OCL_BruteForceMatcherFixture_Match
[ RUN      ] OCL_BruteForceMatcherFixture_Match.Match/0, where GetParam() = (640x480, 32FC1)
[ PERFSTAT ]    (samples=13   mean=2.06   median=2.06   min=1.99   stddev=0.04 (2.1%))
[       OK ] OCL_BruteForceMatcherFixture_Match.Match/0 (34 ms)
[ RUN      ] OCL_BruteForceMatcherFixture_Match.Match/1, where GetParam() = (1280x720, 32FC1)
[ PERFSTAT ]    (samples=13   mean=6.30   median=6.30   min=6.16   stddev=0.09 (1.5%))
[       OK ] OCL_BruteForceMatcherFixture_Match.Match/1 (87 ms)
[ RUN      ] OCL_BruteForceMatcherFixture_Match.Match/2, where GetParam() = (1920x1080, 32FC1)
[ PERFSTAT ]    (samples=10   mean=17.65   median=17.48   min=17.22   stddev=0.51 (2.9%))
[       OK ] OCL_BruteForceMatcherFixture_Match.Match/2 (187 ms)
[----------] 3 tests from OCL_BruteForceMatcherFixture_Match (308 ms total)

[----------] 3 tests from OCL_BruteForceMatcherFixture_KnnMatch
[ RUN      ] OCL_BruteForceMatcherFixture_KnnMatch.KnnMatch/0, where GetParam() = (640x480, 32FC1)
[ PERFSTAT ]    (samples=13   mean=2.05   median=2.04   min=1.97   stddev=0.06 (2.8%))
[       OK ] OCL_BruteForceMatcherFixture_KnnMatch.KnnMatch/0 (32 ms)
[ RUN      ] OCL_BruteForceMatcherFixture_KnnMatch.KnnMatch/1, where GetParam() = (1280x720, 32FC1)
[ PERFSTAT ]    (samples=13   mean=6.29   median=6.27   min=6.10   stddev=0.14 (2.3%))
[       OK ] OCL_BruteForceMatcherFixture_KnnMatch.KnnMatch/1 (91 ms)
[ RUN      ] OCL_BruteForceMatcherFixture_KnnMatch.KnnMatch/2, where GetParam() = (1920x1080, 32FC1)
[ PERFSTAT ]    (samples=10   mean=17.47   median=17.46   min=17.02   stddev=0.41 (2.4%))
[       OK ] OCL_BruteForceMatcherFixture_KnnMatch.KnnMatch/2 (185 ms)
[----------] 3 tests from OCL_BruteForceMatcherFixture_KnnMatch (308 ms total)

[----------] 3 tests from OCL_BruteForceMatcherFixture_RadiusMatch
[ RUN      ] OCL_BruteForceMatcherFixture_RadiusMatch.RadiusMatch/0, where GetParam() = (640x480, 32FC1)
[ PERFSTAT ]    (samples=13   mean=2.23   median=2.21   min=2.17   stddev=0.05 (2.4%))
[       OK ] OCL_BruteForceMatcherFixture_RadiusMatch.RadiusMatch/0 (33 ms)
[ RUN      ] OCL_BruteForceMatcherFixture_RadiusMatch.RadiusMatch/1, where GetParam() = (1280x720, 32FC1)
[ PERFSTAT ]    (samples=13   mean=6.84   median=6.84   min=6.57   stddev=0.18 (2.7%))
[       OK ] OCL_BruteForceMatcherFixture_RadiusMatch.RadiusMatch/1 (98 ms)
[ RUN      ] OCL_BruteForceMatcherFixture_RadiusMatch.RadiusMatch/2, where GetParam() = (1920x1080, 32FC1)
[ PERFSTAT ]    (samples=10   mean=18.55   median=18.51   min=17.94   stddev=0.50 (2.7%))
[       OK ] OCL_BruteForceMatcherFixture_RadiusMatch.RadiusMatch/2 (195 ms)
[----------] 3 tests from OCL_BruteForceMatcherFixture_RadiusMatch (326 ms total)

[----------] 3 tests from OCL_BruteForceMatcherFixture_MatchCrossCheck
[ RUN      ] OCL_BruteForceMatcherFixture_MatchCrossCheck.MatchCrossCheck/0, where GetParam() = (640x480, 32FC1)
[ PERFSTAT ]    (samples=13   mean=2.74   median=2.74   min=2.66   stddev=0.07 (2.4%))
[       OK ] OCL_BruteForceMatcherFixture_MatchCrossCheck.MatchCrossCheck/0 (40 ms)
[ RUN      ] OCL_BruteForceMatcherFixture_MatchCrossCheck.MatchCrossCheck/1, where GetParam() = (1280x720, 32FC1)
[ PERFSTAT ]    (samples=28   mean=9.35   median=9.32   min=9.01   stddev=0.28 (3.0%))
[       OK ] OCL_BruteForceMatcherFixture_MatchCrossCheck.MatchCrossCheck/1 (274 ms)
[ RUN      ] OCL_BruteForceMatcherFixture_MatchCrossCheck.MatchCrossCheck/2, where GetParam() = (1920x1080, 32FC1)
[ PERFSTAT ]    (samples=13   mean=28.05   median=27.66   min=27.49   stddev=0.70 (2.5%))
[       OK ] OCL_BruteForceMatcherFixture_MatchCrossCheck.MatchCrossCheck/2 (379 ms)
[----------] 3 tests from OCL_BruteForceMatcherFixture_MatchCrossCheck (693 ms total)

[----------] 60 tests from OCL_feature2d_detect
[ RUN      ] OCL_feature2d_detect.detect/0, where GetParam() = (FAST_DEFAULT, "cv/detectors_descriptors_evaluation/images_datasets/leuven/img1.png")
[ PERFSTAT ]    (samples=10   mean=2.48   median=2.46   min=2.45   stddev=0.06 (2.3%))
[       OK ] OCL_feature2d_detect.detect/0 (52 ms)
[ RUN      ] OCL_feature2d_detect.detect/1, where GetParam() = (FAST_DEFAULT, "stitching/a3.png")
[ PERFSTAT ]    (samples=10   mean=1.98   median=1.98   min=1.96   stddev=0.02 (1.1%))
[       OK ] OCL_feature2d_detect.detect/1 (37 ms)
[ RUN      ] OCL_feature2d_detect.detect/2, where GetParam() = (FAST_DEFAULT, "stitching/s2.jpg")
[ PERFSTAT ]    (samples=10   mean=9.60   median=9.50   min=9.45   stddev=0.19 (2.0%))
[       OK ] OCL_feature2d_detect.detect/2 (127 ms)
[ RUN      ] OCL_feature2d_detect.detect/3, where GetParam() = (FAST_20_TRUE_TYPE5_8, "cv/detectors_descriptors_evaluation/images_datasets/leuven/img1.png")
[ PERFSTAT ]    (samples=13   mean=1.55   median=1.54   min=1.51   stddev=0.03 (2.2%))
[       OK ] OCL_feature2d_detect.detect/3 (39 ms)
[ RUN      ] OCL_feature2d_detect.detect/4, where GetParam() = (FAST_20_TRUE_TYPE5_8, "stitching/a3.png")
[ PERFSTAT ]    (samples=13   mean=0.84   median=0.83   min=0.82   stddev=0.01 (1.4%))
[       OK ] OCL_feature2d_detect.detect/4 (26 ms)
[ RUN      ] OCL_feature2d_detect.detect/5, where GetParam() = (FAST_20_TRUE_TYPE5_8, "stitching/s2.jpg")
[ PERFSTAT ]    (samples=10   mean=6.31   median=6.31   min=6.27   stddev=0.02 (0.3%))
[       OK ] OCL_feature2d_detect.detect/5 (91 ms)
[ RUN      ] OCL_feature2d_detect.detect/6, where GetParam() = (FAST_20_TRUE_TYPE7_12, "cv/detectors_descriptors_evaluation/images_datasets/leuven/img1.png")
[ PERFSTAT ]    (samples=10   mean=5.08   median=5.06   min=5.00   stddev=0.09 (1.7%))
[       OK ] OCL_feature2d_detect.detect/6 (70 ms)
[ RUN      ] OCL_feature2d_detect.detect/7, where GetParam() = (FAST_20_TRUE_TYPE7_12, "stitching/a3.png")
[ PERFSTAT ]    (samples=10   mean=2.85   median=2.85   min=2.83   stddev=0.02 (0.8%))
[       OK ] OCL_feature2d_detect.detect/7 (44 ms)
[ RUN      ] OCL_feature2d_detect.detect/8, where GetParam() = (FAST_20_TRUE_TYPE7_12, "stitching/s2.jpg")
[ PERFSTAT ]    (samples=10   mean=20.11   median=20.06   min=19.95   stddev=0.11 (0.6%))
[       OK ] OCL_feature2d_detect.detect/8 (229 ms)
[ RUN      ] OCL_feature2d_detect.detect/9, where GetParam() = (FAST_20_TRUE_TYPE9_16, "cv/detectors_descriptors_evaluation/images_datasets/leuven/img1.png")
[ PERFSTAT ]    (samples=10   mean=1.33   median=1.32   min=1.31   stddev=0.02 (1.8%))
[       OK ] OCL_feature2d_detect.detect/9 (33 ms)
[ RUN      ] OCL_feature2d_detect.detect/10, where GetParam() = (FAST_20_TRUE_TYPE9_16, "stitching/a3.png")
[ PERFSTAT ]    (samples=13   mean=1.03   median=1.03   min=1.01   stddev=0.02 (1.5%))
[       OK ] OCL_feature2d_detect.detect/10 (29 ms)
[ RUN      ] OCL_feature2d_detect.detect/11, where GetParam() = (FAST_20_TRUE_TYPE9_16, "stitching/s2.jpg")
[ PERFSTAT ]    (samples=10   mean=5.63   median=5.64   min=5.50   stddev=0.09 (1.6%))
[       OK ] OCL_feature2d_detect.detect/11 (83 ms)
[ RUN      ] OCL_feature2d_detect.detect/12, where GetParam() = (FAST_20_FALSE_TYPE5_8, "cv/detectors_descriptors_evaluation/images_datasets/leuven/img1.png")
[ PERFSTAT ]    (samples=10   mean=1.50   median=1.49   min=1.47   stddev=0.03 (2.2%))
[       OK ] OCL_feature2d_detect.detect/12 (34 ms)
[ RUN      ] OCL_feature2d_detect.detect/13, where GetParam() = (FAST_20_FALSE_TYPE5_8, "stitching/a3.png")
[ PERFSTAT ]    (samples=10   mean=0.83   median=0.82   min=0.81   stddev=0.02 (2.6%))
[       OK ] OCL_feature2d_detect.detect/13 (24 ms)
[ RUN      ] OCL_feature2d_detect.detect/14, where GetParam() = (FAST_20_FALSE_TYPE5_8, "stitching/s2.jpg")
[ PERFSTAT ]    (samples=10   mean=6.14   median=6.14   min=6.07   stddev=0.05 (0.8%))
[       OK ] OCL_feature2d_detect.detect/14 (88 ms)
[ RUN      ] OCL_feature2d_detect.detect/15, where GetParam() = (FAST_20_FALSE_TYPE7_12, "cv/detectors_descriptors_evaluation/images_datasets/leuven/img1.png")
[ PERFSTAT ]    (samples=10   mean=4.66   median=4.65   min=4.61   stddev=0.04 (0.9%))
[       OK ] OCL_feature2d_detect.detect/15 (70 ms)
[ RUN      ] OCL_feature2d_detect.detect/16, where GetParam() = (FAST_20_FALSE_TYPE7_12, "stitching/a3.png")
[ PERFSTAT ]    (samples=10   mean=2.58   median=2.56   min=2.52   stddev=0.05 (2.0%))
[       OK ] OCL_feature2d_detect.detect/16 (42 ms)
[ RUN      ] OCL_feature2d_detect.detect/17, where GetParam() = (FAST_20_FALSE_TYPE7_12, "stitching/s2.jpg")
[ PERFSTAT ]    (samples=10   mean=17.79   median=17.76   min=17.63   stddev=0.17 (0.9%))
[       OK ] OCL_feature2d_detect.detect/17 (206 ms)
[ RUN      ] OCL_feature2d_detect.detect/18, where GetParam() = (FAST_20_FALSE_TYPE9_16, "cv/detectors_descriptors_evaluation/images_datasets/leuven/img1.png")
[ PERFSTAT ]    (samples=10   mean=0.94   median=0.94   min=0.93   stddev=0.02 (1.6%))
[       OK ] OCL_feature2d_detect.detect/18 (27 ms)
[ RUN      ] OCL_feature2d_detect.detect/19, where GetParam() = (FAST_20_FALSE_TYPE9_16, "stitching/a3.png")
[ PERFSTAT ]    (samples=10   mean=0.66   median=0.66   min=0.65   stddev=0.01 (2.1%))
[       OK ] OCL_feature2d_detect.detect/19 (22 ms)
[ RUN      ] OCL_feature2d_detect.detect/20, where GetParam() = (FAST_20_FALSE_TYPE9_16, "stitching/s2.jpg")
[ PERFSTAT ]    (samples=13   mean=3.24   median=3.22   min=3.21   stddev=0.05 (1.5%))
[       OK ] OCL_feature2d_detect.detect/20 (70 ms)
[ RUN      ] OCL_feature2d_detect.detect/21, where GetParam() = (AGAST_DEFAULT, "cv/detectors_descriptors_evaluation/images_datasets/leuven/img1.png")
[ PERFSTAT ]    (samples=10   mean=12.47   median=12.42   min=12.29   stddev=0.17 (1.4%))
[       OK ] OCL_feature2d_detect.detect/21 (143 ms)
[ RUN      ] OCL_feature2d_detect.detect/22, where GetParam() = (AGAST_DEFAULT, "stitching/a3.png")
[ PERFSTAT ]    (samples=10   mean=10.72   median=10.65   min=10.56   stddev=0.15 (1.4%))
[       OK ] OCL_feature2d_detect.detect/22 (122 ms)
[ RUN      ] OCL_feature2d_detect.detect/23, where GetParam() = (AGAST_DEFAULT, "stitching/s2.jpg")
[ PERFSTAT ]    (samples=10   mean=51.15   median=50.92   min=50.52   stddev=0.98 (1.9%))
[       OK ] OCL_feature2d_detect.detect/23 (539 ms)
[ RUN      ] OCL_feature2d_detect.detect/24, where GetParam() = (AGAST_5_8, "cv/detectors_descriptors_evaluation/images_datasets/leuven/img1.png")
[ PERFSTAT ]    (samples=10   mean=1.21   median=1.19   min=1.19   stddev=0.03 (2.8%))
[       OK ] OCL_feature2d_detect.detect/24 (35 ms)
[ RUN      ] OCL_feature2d_detect.detect/25, where GetParam() = (AGAST_5_8, "stitching/a3.png")
[ PERFSTAT ]    (samples=10   mean=0.95   median=0.95   min=0.94   stddev=0.01 (0.6%))
[       OK ] OCL_feature2d_detect.detect/25 (25 ms)
[ RUN      ] OCL_feature2d_detect.detect/26, where GetParam() = (AGAST_5_8, "stitching/s2.jpg")
[ PERFSTAT ]    (samples=10   mean=3.05   median=3.05   min=2.98   stddev=0.06 (2.0%))
[       OK ] OCL_feature2d_detect.detect/26 (59 ms)
[ RUN      ] OCL_feature2d_detect.detect/27, where GetParam() = (AGAST_7_12d, "cv/detectors_descriptors_evaluation/images_datasets/leuven/img1.png")
[ PERFSTAT ]    (samples=10   mean=1.61   median=1.60   min=1.59   stddev=0.03 (2.1%))
[       OK ] OCL_feature2d_detect.detect/27 (34 ms)
[ RUN      ] OCL_feature2d_detect.detect/28, where GetParam() = (AGAST_7_12d, "stitching/a3.png")
[ PERFSTAT ]    (samples=10   mean=1.59   median=1.58   min=1.56   stddev=0.04 (2.3%))
[       OK ] OCL_feature2d_detect.detect/28 (32 ms)
[ RUN      ] OCL_feature2d_detect.detect/29, where GetParam() = (AGAST_7_12d, "stitching/s2.jpg")
[ PERFSTAT ]    (samples=13   mean=4.50   median=4.48   min=4.39   stddev=0.09 (2.0%))
[       OK ] OCL_feature2d_detect.detect/29 (86 ms)
[ RUN      ] OCL_feature2d_detect.detect/30, where GetParam() = (AGAST_7_12s, "cv/detectors_descriptors_evaluation/images_datasets/leuven/img1.png")
[ PERFSTAT ]    (samples=10   mean=1.55   median=1.53   min=1.52   stddev=0.05 (2.9%))
[       OK ] OCL_feature2d_detect.detect/30 (34 ms)
[ RUN      ] OCL_feature2d_detect.detect/31, where GetParam() = (AGAST_7_12s, "stitching/a3.png")
[ PERFSTAT ]    (samples=13   mean=1.53   median=1.53   min=1.50   stddev=0.04 (2.4%))
[       OK ] OCL_feature2d_detect.detect/31 (35 ms)
[ RUN      ] OCL_feature2d_detect.detect/32, where GetParam() = (AGAST_7_12s, "stitching/s2.jpg")
[ PERFSTAT ]    (samples=10   mean=4.17   median=4.17   min=4.12   stddev=0.05 (1.1%))
[       OK ] OCL_feature2d_detect.detect/32 (70 ms)
[ RUN      ] OCL_feature2d_detect.detect/33, where GetParam() = (AGAST_OAST_9_16, "cv/detectors_descriptors_evaluation/images_datasets/leuven/img1.png")
[ PERFSTAT ]    (samples=10   mean=1.79   median=1.78   min=1.76   stddev=0.03 (1.7%))
[       OK ] OCL_feature2d_detect.detect/33 (36 ms)
[ RUN      ] OCL_feature2d_detect.detect/34, where GetParam() = (AGAST_OAST_9_16, "stitching/a3.png")
[ PERFSTAT ]    (samples=10   mean=1.91   median=1.89   min=1.88   stddev=0.04 (1.9%))
[       OK ] OCL_feature2d_detect.detect/34 (35 ms)
[ RUN      ] OCL_feature2d_detect.detect/35, where GetParam() = (AGAST_OAST_9_16, "stitching/s2.jpg")
[ PERFSTAT ]    (samples=10   mean=4.74   median=4.72   min=4.70   stddev=0.04 (0.9%))
[       OK ] OCL_feature2d_detect.detect/35 (74 ms)
[ RUN      ] OCL_feature2d_detect.detect/36, where GetParam() = (MSER_DEFAULT, "cv/detectors_descriptors_evaluation/images_datasets/leuven/img1.png")
[ PERFSTAT ]    (samples=10   mean=203.86   median=202.78   min=199.81   stddev=4.12 (2.0%))
[       OK ] OCL_feature2d_detect.detect/36 (2057 ms)
[ RUN      ] OCL_feature2d_detect.detect/37, where GetParam() = (MSER_DEFAULT, "stitching/a3.png")
[ PERFSTAT ]    (samples=10   mean=107.10   median=107.42   min=104.22   stddev=2.40 (2.2%))
[       OK ] OCL_feature2d_detect.detect/37 (1091 ms)
[ RUN      ] OCL_feature2d_detect.detect/38, where GetParam() = (MSER_DEFAULT, "stitching/s2.jpg")
[ PERFSTAT ]    (samples=10   mean=292.85   median=292.46   min=285.82   stddev=5.76 (2.0%))
[       OK ] OCL_feature2d_detect.detect/38 (2962 ms)
[ RUN      ] OCL_feature2d_detect.detect/39, where GetParam() = (ORB_DEFAULT, "cv/detectors_descriptors_evaluation/images_datasets/leuven/img1.png")
[ PERFSTAT ]    (samples=10   mean=7.37   median=7.33   min=7.18   stddev=0.14 (2.0%))
[       OK ] OCL_feature2d_detect.detect/39 (100 ms)
[ RUN      ] OCL_feature2d_detect.detect/40, where GetParam() = (ORB_DEFAULT, "stitching/a3.png")
[ PERFSTAT ]    (samples=12   mean=6.43   median=6.41   min=6.20   stddev=0.19 (3.0%))
[       OK ] OCL_feature2d_detect.detect/40 (95 ms)
[ RUN      ] OCL_feature2d_detect.detect/41, where GetParam() = (ORB_DEFAULT, "stitching/s2.jpg")
[ PERFSTAT ]    (samples=10   mean=20.38   median=20.38   min=20.19   stddev=0.16 (0.8%))
[       OK ] OCL_feature2d_detect.detect/41 (232 ms)
[ RUN      ] OCL_feature2d_detect.detect/42, where GetParam() = (ORB_1500_13_1, "cv/detectors_descriptors_evaluation/images_datasets/leuven/img1.png")
[ PERFSTAT ]    (samples=10   mean=2.57   median=2.55   min=2.53   stddev=0.07 (2.6%))
[       OK ] OCL_feature2d_detect.detect/42 (44 ms)
[ RUN      ] OCL_feature2d_detect.detect/43, where GetParam() = (ORB_1500_13_1, "stitching/a3.png")
[ PERFSTAT ]    (samples=10   mean=2.02   median=2.01   min=2.01   stddev=0.02 (0.8%))
[       OK ] OCL_feature2d_detect.detect/43 (36 ms)
[ RUN      ] OCL_feature2d_detect.detect/44, where GetParam() = (ORB_1500_13_1, "stitching/s2.jpg")
[ PERFSTAT ]    (samples=10   mean=7.20   median=7.20   min=7.15   stddev=0.04 (0.6%))
[       OK ] OCL_feature2d_detect.detect/44 (100 ms)
[ RUN      ] OCL_feature2d_detect.detect/45, where GetParam() = (AKAZE_DEFAULT, "cv/detectors_descriptors_evaluation/images_datasets/leuven/img1.png")
[ PERFSTAT ]    (samples=38   mean=49.85   median=49.69   min=48.08   stddev=1.26 (2.5%))
[       OK ] OCL_feature2d_detect.detect/45 (1940 ms)
[ RUN      ] OCL_feature2d_detect.detect/46, where GetParam() = (AKAZE_DEFAULT, "stitching/a3.png")
[ PERFSTAT ]    (samples=100   mean=40.64   median=40.22   min=37.49   stddev=1.96 (4.8%))
[       OK ] OCL_feature2d_detect.detect/46 (4136 ms)
[ RUN      ] OCL_feature2d_detect.detect/47, where GetParam() = (AKAZE_DEFAULT, "stitching/s2.jpg")
[ PERFSTAT ]    (samples=100   mean=92.37   median=91.75   min=86.23   stddev=2.98 (3.2%))
[       OK ] OCL_feature2d_detect.detect/47 (9359 ms)
[ RUN      ] OCL_feature2d_detect.detect/48, where GetParam() = (AKAZE_DESCRIPTOR_KAZE, "cv/detectors_descriptors_evaluation/images_datasets/leuven/img1.png")
[ PERFSTAT ]    (samples=10   mean=52.12   median=52.04   min=51.24   stddev=0.68 (1.3%))
[       OK ] OCL_feature2d_detect.detect/48 (546 ms)
[ RUN      ] OCL_feature2d_detect.detect/49, where GetParam() = (AKAZE_DESCRIPTOR_KAZE, "stitching/a3.png")
[ PERFSTAT ]    (samples=100   mean=40.49   median=40.49   min=38.17   stddev=1.30 (3.2%))
[       OK ] OCL_feature2d_detect.detect/49 (4108 ms)
[ RUN      ] OCL_feature2d_detect.detect/50, where GetParam() = (AKAZE_DESCRIPTOR_KAZE, "stitching/s2.jpg")
[ PERFSTAT ]    (samples=10   mean=90.21   median=89.51   min=87.61   stddev=2.70 (3.0%))
[       OK ] OCL_feature2d_detect.detect/50 (936 ms)
[ RUN      ] OCL_feature2d_detect.detect/51, where GetParam() = (BRISK_DEFAULT, "cv/detectors_descriptors_evaluation/images_datasets/leuven/img1.png")
[ PERFSTAT ]    (samples=10   mean=54.90   median=54.33   min=54.14   stddev=1.59 (2.9%))
[       OK ] OCL_feature2d_detect.detect/51 (590 ms)
[ RUN      ] OCL_feature2d_detect.detect/52, where GetParam() = (BRISK_DEFAULT, "stitching/a3.png")
[ PERFSTAT ]    (samples=10   mean=33.01   median=32.96   min=32.69   stddev=0.24 (0.7%))
[       OK ] OCL_feature2d_detect.detect/52 (365 ms)
[ RUN      ] OCL_feature2d_detect.detect/53, where GetParam() = (BRISK_DEFAULT, "stitching/s2.jpg")
[ PERFSTAT ]    (samples=10   mean=356.42   median=355.57   min=354.76   stddev=2.19 (0.6%))
[       OK ] OCL_feature2d_detect.detect/53 (3609 ms)
[ RUN      ] OCL_feature2d_detect.detect/54, where GetParam() = (KAZE_DEFAULT, "cv/detectors_descriptors_evaluation/images_datasets/leuven/img1.png")
[ PERFSTAT ]    (samples=24   mean=300.41   median=304.01   min=268.64   stddev=8.83 (2.9%))
[       OK ] OCL_feature2d_detect.detect/54 (7247 ms)
[ RUN      ] OCL_feature2d_detect.detect/55, where GetParam() = (KAZE_DEFAULT, "stitching/a3.png")
[ PERFSTAT ]    (samples=10   mean=262.13   median=261.78   min=256.57   stddev=3.15 (1.2%))
[       OK ] OCL_feature2d_detect.detect/55 (2642 ms)
[ RUN      ] OCL_feature2d_detect.detect/56, where GetParam() = (KAZE_DEFAULT, "stitching/s2.jpg")
[ PERFSTAT ]    (samples=10   mean=530.93   median=531.91   min=525.42   stddev=2.53 (0.5%))
[       OK ] OCL_feature2d_detect.detect/56 (5343 ms)
[ RUN      ] OCL_feature2d_detect.detect/57, where GetParam() = (SIFT_DEFAULT, "cv/detectors_descriptors_evaluation/images_datasets/leuven/img1.png")
[ PERFSTAT ]    (samples=100   mean=43.32   median=43.67   min=34.64   stddev=3.58 (8.3%))
[       OK ] OCL_feature2d_detect.detect/57 (4435 ms)
[ RUN      ] OCL_feature2d_detect.detect/58, where GetParam() = (SIFT_DEFAULT, "stitching/a3.png")
[ PERFSTAT ]    (samples=38   mean=68.81   median=68.57   min=66.03   stddev=1.97 (2.9%))
[       OK ] OCL_feature2d_detect.detect/58 (2660 ms)
[ RUN      ] OCL_feature2d_detect.detect/59, where GetParam() = (SIFT_DEFAULT, "stitching/s2.jpg")
[ PERFSTAT ]    (samples=100   mean=67.64   median=67.21   min=63.96   stddev=2.11 (3.1%))
[       OK ] OCL_feature2d_detect.detect/59 (6877 ms)
[----------] 60 tests from OCL_feature2d_detect (64312 ms total)

[----------] 21 tests from OCL_feature2d_extract
[ RUN      ] OCL_feature2d_extract.extract/0, where GetParam() = (ORB_DEFAULT, "cv/detectors_descriptors_evaluation/images_datasets/leuven/img1.png")
[ PERFSTAT ]    (samples=100   mean=3.37   median=3.33   min=3.16   stddev=0.14 (4.2%))
[       OK ] OCL_feature2d_extract.extract/0 (431 ms)
[ RUN      ] OCL_feature2d_extract.extract/1, where GetParam() = (ORB_DEFAULT, "stitching/a3.png")
[ PERFSTAT ]    (samples=10   mean=2.77   median=2.77   min=2.69   stddev=0.06 (2.3%))
[       OK ] OCL_feature2d_extract.extract/1 (92 ms)
[ RUN      ] OCL_feature2d_extract.extract/2, where GetParam() = (ORB_DEFAULT, "stitching/s2.jpg")
[ PERFSTAT ]    (samples=10   mean=9.58   median=9.60   min=9.24   stddev=0.21 (2.2%))
[       OK ] OCL_feature2d_extract.extract/2 (226 ms)
[ RUN      ] OCL_feature2d_extract.extract/3, where GetParam() = (ORB_1500_13_1, "cv/detectors_descriptors_evaluation/images_datasets/leuven/img1.png")
[ PERFSTAT ]    (samples=13   mean=3.10   median=3.06   min=3.02   stddev=0.09 (3.0%))
[       OK ] OCL_feature2d_extract.extract/3 (118 ms)
[ RUN      ] OCL_feature2d_extract.extract/4, where GetParam() = (ORB_1500_13_1, "stitching/a3.png")
[ PERFSTAT ]    (samples=14   mean=2.57   median=2.54   min=2.51   stddev=0.08 (3.0%))
[       OK ] OCL_feature2d_extract.extract/4 (99 ms)
[ RUN      ] OCL_feature2d_extract.extract/5, where GetParam() = (ORB_1500_13_1, "stitching/s2.jpg")
[ PERFSTAT ]    (samples=10   mean=9.19   median=9.21   min=8.90   stddev=0.18 (1.9%))
[       OK ] OCL_feature2d_extract.extract/5 (219 ms)
[ RUN      ] OCL_feature2d_extract.extract/6, where GetParam() = (AKAZE_DEFAULT, "cv/detectors_descriptors_evaluation/images_datasets/leuven/img1.png")
[ PERFSTAT ]    (samples=100   mean=45.94   median=45.61   min=42.36   stddev=1.45 (3.2%))
[       OK ] OCL_feature2d_extract.extract/6 (4734 ms)
[ RUN      ] OCL_feature2d_extract.extract/7, where GetParam() = (AKAZE_DEFAULT, "stitching/a3.png")
[ PERFSTAT ]    (samples=10   mean=38.30   median=38.28   min=37.69   stddev=0.43 (1.1%))
[       OK ] OCL_feature2d_extract.extract/7 (448 ms)
[ RUN      ] OCL_feature2d_extract.extract/8, where GetParam() = (AKAZE_DEFAULT, "stitching/s2.jpg")
[ PERFSTAT ]    (samples=10   mean=80.69   median=79.94   min=78.33   stddev=1.86 (2.3%))
[       OK ] OCL_feature2d_extract.extract/8 (928 ms)
[ RUN      ] OCL_feature2d_extract.extract/9, where GetParam() = (AKAZE_DESCRIPTOR_KAZE, "cv/detectors_descriptors_evaluation/images_datasets/leuven/img1.png")
[ PERFSTAT ]    (samples=10   mean=46.04   median=46.12   min=45.01   stddev=0.61 (1.3%))
[       OK ] OCL_feature2d_extract.extract/9 (540 ms)
[ RUN      ] OCL_feature2d_extract.extract/10, where GetParam() = (AKAZE_DESCRIPTOR_KAZE, "stitching/a3.png")
[ PERFSTAT ]    (samples=13   mean=38.88   median=38.62   min=37.56   stddev=1.00 (2.6%))
[       OK ] OCL_feature2d_extract.extract/10 (572 ms)
[ RUN      ] OCL_feature2d_extract.extract/11, where GetParam() = (AKAZE_DESCRIPTOR_KAZE, "stitching/s2.jpg")
[ PERFSTAT ]    (samples=10   mean=80.53   median=80.13   min=78.35   stddev=1.57 (2.0%))
[       OK ] OCL_feature2d_extract.extract/11 (930 ms)
[ RUN      ] OCL_feature2d_extract.extract/12, where GetParam() = (BRISK_DEFAULT, "cv/detectors_descriptors_evaluation/images_datasets/leuven/img1.png")
[ PERFSTAT ]    (samples=13   mean=11.39   median=11.31   min=11.29   stddev=0.17 (1.5%))
[       OK ] OCL_feature2d_extract.extract/12 (243 ms)
[ RUN      ] OCL_feature2d_extract.extract/13, where GetParam() = (BRISK_DEFAULT, "stitching/a3.png")
[ PERFSTAT ]    (samples=25   mean=7.87   median=7.86   min=7.85   stddev=0.03 (0.4%))
[       OK ] OCL_feature2d_extract.extract/13 (276 ms)
[ RUN      ] OCL_feature2d_extract.extract/14, where GetParam() = (BRISK_DEFAULT, "stitching/s2.jpg")
[ PERFSTAT ]    (samples=10   mean=45.50   median=45.14   min=44.49   stddev=0.86 (1.9%))
[       OK ] OCL_feature2d_extract.extract/14 (592 ms)
[ RUN      ] OCL_feature2d_extract.extract/15, where GetParam() = (KAZE_DEFAULT, "cv/detectors_descriptors_evaluation/images_datasets/leuven/img1.png")
[ PERFSTAT ]    (samples=10   mean=273.00   median=272.52   min=264.06   stddev=4.17 (1.5%))
[       OK ] OCL_feature2d_extract.extract/15 (2802 ms)
[ RUN      ] OCL_feature2d_extract.extract/16, where GetParam() = (KAZE_DEFAULT, "stitching/a3.png")
[ PERFSTAT ]    (samples=10   mean=240.27   median=240.46   min=236.24   stddev=1.75 (0.7%))
[       OK ] OCL_feature2d_extract.extract/16 (2470 ms)
[ RUN      ] OCL_feature2d_extract.extract/17, where GetParam() = (KAZE_DEFAULT, "stitching/s2.jpg")
[ PERFSTAT ]    (samples=13   mean=374.76   median=374.07   min=368.00   stddev=6.06 (1.6%))
[       OK ] OCL_feature2d_extract.extract/17 (5058 ms)
[ RUN      ] OCL_feature2d_extract.extract/18, where GetParam() = (SIFT_DEFAULT, "cv/detectors_descriptors_evaluation/images_datasets/leuven/img1.png")
[ PERFSTAT ]    (samples=13   mean=14.98   median=14.97   min=14.52   stddev=0.29 (1.9%))
[       OK ] OCL_feature2d_extract.extract/18 (279 ms)
[ RUN      ] OCL_feature2d_extract.extract/19, where GetParam() = (SIFT_DEFAULT, "stitching/a3.png")
[ PERFSTAT ]    (samples=13   mean=12.15   median=12.07   min=11.81   stddev=0.33 (2.7%))
[       OK ] OCL_feature2d_extract.extract/19 (222 ms)
[ RUN      ] OCL_feature2d_extract.extract/20, where GetParam() = (SIFT_DEFAULT, "stitching/s2.jpg")
[ PERFSTAT ]    (samples=25   mean=30.99   median=30.72   min=30.41   stddev=0.91 (2.9%))
[       OK ] OCL_feature2d_extract.extract/20 (910 ms)
[----------] 21 tests from OCL_feature2d_extract (22189 ms total)

[----------] 21 tests from OCL_feature2d_detectAndExtract
[ RUN      ] OCL_feature2d_detectAndExtract.detectAndExtract/0, where GetParam() = (ORB_DEFAULT, "cv/detectors_descriptors_evaluation/images_datasets/leuven/img1.png")
[ PERFSTAT ]    (samples=10   mean=9.32   median=9.32   min=9.17   stddev=0.08 (0.9%))
[       OK ] OCL_feature2d_detectAndExtract.detectAndExtract/0 (118 ms)
[ RUN      ] OCL_feature2d_detectAndExtract.detectAndExtract/1, where GetParam() = (ORB_DEFAULT, "stitching/a3.png")
[ PERFSTAT ]    (samples=10   mean=8.24   median=8.25   min=8.16   stddev=0.07 (0.8%))
[       OK ] OCL_feature2d_detectAndExtract.detectAndExtract/1 (100 ms)
[ RUN      ] OCL_feature2d_detectAndExtract.detectAndExtract/2, where GetParam() = (ORB_DEFAULT, "stitching/s2.jpg")
[ PERFSTAT ]    (samples=10   mean=24.04   median=24.06   min=23.69   stddev=0.31 (1.3%))
[       OK ] OCL_feature2d_detectAndExtract.detectAndExtract/2 (269 ms)
[ RUN      ] OCL_feature2d_detectAndExtract.detectAndExtract/3, where GetParam() = (ORB_1500_13_1, "cv/detectors_descriptors_evaluation/images_datasets/leuven/img1.png")
[ PERFSTAT ]    (samples=10   mean=4.28   median=4.27   min=4.19   stddev=0.11 (2.7%))
[       OK ] OCL_feature2d_detectAndExtract.detectAndExtract/3 (62 ms)
[ RUN      ] OCL_feature2d_detectAndExtract.detectAndExtract/4, where GetParam() = (ORB_1500_13_1, "stitching/a3.png")
[ PERFSTAT ]    (samples=10   mean=3.73   median=3.73   min=3.68   stddev=0.04 (1.1%))
[       OK ] OCL_feature2d_detectAndExtract.detectAndExtract/4 (52 ms)
[ RUN      ] OCL_feature2d_detectAndExtract.detectAndExtract/5, where GetParam() = (ORB_1500_13_1, "stitching/s2.jpg")
[ PERFSTAT ]    (samples=10   mean=9.31   median=9.32   min=9.22   stddev=0.07 (0.8%))
[       OK ] OCL_feature2d_detectAndExtract.detectAndExtract/5 (121 ms)
[ RUN      ] OCL_feature2d_detectAndExtract.detectAndExtract/6, where GetParam() = (AKAZE_DEFAULT, "cv/detectors_descriptors_evaluation/images_datasets/leuven/img1.png")
[ PERFSTAT ]    (samples=10   mean=52.61   median=52.39   min=51.04   stddev=1.28 (2.4%))
[       OK ] OCL_feature2d_detectAndExtract.detectAndExtract/6 (545 ms)
[ RUN      ] OCL_feature2d_detectAndExtract.detectAndExtract/7, where GetParam() = (AKAZE_DEFAULT, "stitching/a3.png")
[ PERFSTAT ]    (samples=100   mean=43.27   median=42.47   min=41.75   stddev=1.46 (3.4%))
[       OK ] OCL_feature2d_detectAndExtract.detectAndExtract/7 (4372 ms)
[ RUN      ] OCL_feature2d_detectAndExtract.detectAndExtract/8, where GetParam() = (AKAZE_DEFAULT, "stitching/s2.jpg")
[ PERFSTAT ]    (samples=10   mean=97.91   median=98.20   min=93.08   stddev=2.20 (2.3%))
[       OK ] OCL_feature2d_detectAndExtract.detectAndExtract/8 (1014 ms)
[ RUN      ] OCL_feature2d_detectAndExtract.detectAndExtract/9, where GetParam() = (AKAZE_DESCRIPTOR_KAZE, "cv/detectors_descriptors_evaluation/images_datasets/leuven/img1.png")
[ PERFSTAT ]    (samples=10   mean=52.14   median=52.31   min=51.46   stddev=0.43 (0.8%))
[       OK ] OCL_feature2d_detectAndExtract.detectAndExtract/9 (545 ms)
[ RUN      ] OCL_feature2d_detectAndExtract.detectAndExtract/10, where GetParam() = (AKAZE_DESCRIPTOR_KAZE, "stitching/a3.png")
[ PERFSTAT ]    (samples=10   mean=42.81   median=42.87   min=41.46   stddev=0.92 (2.2%))
[       OK ] OCL_feature2d_detectAndExtract.detectAndExtract/10 (445 ms)
[ RUN      ] OCL_feature2d_detectAndExtract.detectAndExtract/11, where GetParam() = (AKAZE_DESCRIPTOR_KAZE, "stitching/s2.jpg")
[ PERFSTAT ]    (samples=10   mean=95.26   median=95.65   min=93.04   stddev=1.74 (1.8%))
[       OK ] OCL_feature2d_detectAndExtract.detectAndExtract/11 (983 ms)
[ RUN      ] OCL_feature2d_detectAndExtract.detectAndExtract/12, where GetParam() = (BRISK_DEFAULT, "cv/detectors_descriptors_evaluation/images_datasets/leuven/img1.png")
[ PERFSTAT ]    (samples=10   mean=73.53   median=73.22   min=72.42   stddev=1.16 (1.6%))
[       OK ] OCL_feature2d_detectAndExtract.detectAndExtract/12 (777 ms)
[ RUN      ] OCL_feature2d_detectAndExtract.detectAndExtract/13, where GetParam() = (BRISK_DEFAULT, "stitching/a3.png")
[ PERFSTAT ]    (samples=10   mean=44.05   median=43.89   min=43.73   stddev=0.36 (0.8%))
[       OK ] OCL_feature2d_detectAndExtract.detectAndExtract/13 (476 ms)
[ RUN      ] OCL_feature2d_detectAndExtract.detectAndExtract/14, where GetParam() = (BRISK_DEFAULT, "stitching/s2.jpg")
[ PERFSTAT ]    (samples=10   mean=504.31   median=504.29   min=503.44   stddev=0.73 (0.1%))
[       OK ] OCL_feature2d_detectAndExtract.detectAndExtract/14 (5091 ms)
[ RUN      ] OCL_feature2d_detectAndExtract.detectAndExtract/15, where GetParam() = (KAZE_DEFAULT, "cv/detectors_descriptors_evaluation/images_datasets/leuven/img1.png")
[ PERFSTAT ]    (samples=11   mean=325.96   median=328.33   min=297.79   stddev=9.63 (3.0%))
[       OK ] OCL_feature2d_detectAndExtract.detectAndExtract/15 (3610 ms)
[ RUN      ] OCL_feature2d_detectAndExtract.detectAndExtract/16, where GetParam() = (KAZE_DEFAULT, "stitching/a3.png")
[ PERFSTAT ]    (samples=10   mean=286.75   median=288.73   min=279.50   stddev=4.14 (1.4%))
[       OK ] OCL_feature2d_detectAndExtract.detectAndExtract/16 (2889 ms)
[ RUN      ] OCL_feature2d_detectAndExtract.detectAndExtract/17, where GetParam() = (KAZE_DEFAULT, "stitching/s2.jpg")
[ PERFSTAT ]    (samples=13   mean=478.60   median=478.29   min=475.22   stddev=2.47 (0.5%))
[       OK ] OCL_feature2d_detectAndExtract.detectAndExtract/17 (6325 ms)
[ RUN      ] OCL_feature2d_detectAndExtract.detectAndExtract/18, where GetParam() = (SIFT_DEFAULT, "cv/detectors_descriptors_evaluation/images_datasets/leuven/img1.png")
[ PERFSTAT ]    (samples=13   mean=38.74   median=38.63   min=37.41   stddev=0.67 (1.7%))
[       OK ] OCL_feature2d_detectAndExtract.detectAndExtract/18 (540 ms)
[ RUN      ] OCL_feature2d_detectAndExtract.detectAndExtract/19, where GetParam() = (SIFT_DEFAULT, "stitching/a3.png")
[ PERFSTAT ]    (samples=13   mean=69.72   median=70.54   min=66.67   stddev=1.85 (2.7%))
[       OK ] OCL_feature2d_detectAndExtract.detectAndExtract/19 (928 ms)
[ RUN      ] OCL_feature2d_detectAndExtract.detectAndExtract/20, where GetParam() = (SIFT_DEFAULT, "stitching/s2.jpg")
[ PERFSTAT ]    (samples=10   mean=72.20   median=72.39   min=68.83   stddev=1.89 (2.6%))
[       OK ] OCL_feature2d_detectAndExtract.detectAndExtract/20 (760 ms)
[----------] 21 tests from OCL_feature2d_detectAndExtract (30023 ms total)

[----------] 8 tests from Norm_Destination_CrossCheck_batchDistance_8U
[ RUN      ] Norm_Destination_CrossCheck_batchDistance_8U.batchDistance_8U/0, where GetParam() = (NORM_L1, 32SC1, false)
[ PERFSTAT ]    (samples=13   mean=1.55   median=1.56   min=1.48   stddev=0.03 (1.6%))
[       OK ] Norm_Destination_CrossCheck_batchDistance_8U.batchDistance_8U/0 (22 ms)
[ RUN      ] Norm_Destination_CrossCheck_batchDistance_8U.batchDistance_8U/1, where GetParam() = (NORM_L1, 32SC1, true)
[ PERFSTAT ]    (samples=10   mean=3.04   median=3.03   min=3.00   stddev=0.05 (1.7%))
[       OK ] Norm_Destination_CrossCheck_batchDistance_8U.batchDistance_8U/1 (32 ms)
[ RUN      ] Norm_Destination_CrossCheck_batchDistance_8U.batchDistance_8U/2, where GetParam() = (NORM_L1, 32FC1, false)
[ PERFSTAT ]    (samples=100   mean=3.46   median=3.42   min=3.35   stddev=0.11 (3.2%))
[       OK ] Norm_Destination_CrossCheck_batchDistance_8U.batchDistance_8U/2 (352 ms)
[ RUN      ] Norm_Destination_CrossCheck_batchDistance_8U.batchDistance_8U/3, where GetParam() = (NORM_L1, 32FC1, true)
[ PERFSTAT ]    (samples=10   mean=6.92   median=6.86   min=6.80   stddev=0.16 (2.3%))
[       OK ] Norm_Destination_CrossCheck_batchDistance_8U.batchDistance_8U/3 (71 ms)
[ RUN      ] Norm_Destination_CrossCheck_batchDistance_8U.batchDistance_8U/4, where GetParam() = (NORM_L2SQR, 32SC1, false)
[ PERFSTAT ]    (samples=13   mean=1.49   median=1.49   min=1.47   stddev=0.02 (1.3%))
[       OK ] Norm_Destination_CrossCheck_batchDistance_8U.batchDistance_8U/4 (22 ms)
[ RUN      ] Norm_Destination_CrossCheck_batchDistance_8U.batchDistance_8U/5, where GetParam() = (NORM_L2SQR, 32SC1, true)
[ PERFSTAT ]    (samples=13   mean=3.04   median=3.02   min=3.01   stddev=0.05 (1.7%))
[       OK ] Norm_Destination_CrossCheck_batchDistance_8U.batchDistance_8U/5 (42 ms)
[ RUN      ] Norm_Destination_CrossCheck_batchDistance_8U.batchDistance_8U/6, where GetParam() = (NORM_L2SQR, 32FC1, false)
[ PERFSTAT ]    (samples=13   mean=3.45   median=3.41   min=3.38   stddev=0.09 (2.6%))
[       OK ] Norm_Destination_CrossCheck_batchDistance_8U.batchDistance_8U/6 (47 ms)
[ RUN      ] Norm_Destination_CrossCheck_batchDistance_8U.batchDistance_8U/7, where GetParam() = (NORM_L2SQR, 32FC1, true)
[ PERFSTAT ]    (samples=10   mean=6.90   median=6.86   min=6.82   stddev=0.14 (2.1%))
[       OK ] Norm_Destination_CrossCheck_batchDistance_8U.batchDistance_8U/7 (71 ms)
[----------] 8 tests from Norm_Destination_CrossCheck_batchDistance_8U (660 ms total)

[----------] 4 tests from Norm_CrossCheck_batchDistance_Dest_32S
[ RUN      ] Norm_CrossCheck_batchDistance_Dest_32S.batchDistance_Dest_32S/0, where GetParam() = (NORM_HAMMING, false)
[ PERFSTAT ]    (samples=50   mean=0.32   median=0.32   min=0.31   stddev=0.01 (2.4%))
[       OK ] Norm_CrossCheck_batchDistance_Dest_32S.batchDistance_Dest_32S/0 (19 ms)
[ RUN      ] Norm_CrossCheck_batchDistance_Dest_32S.batchDistance_Dest_32S/1, where GetParam() = (NORM_HAMMING, true)
[ PERFSTAT ]    (samples=25   mean=0.72   median=0.72   min=0.70   stddev=0.01 (1.2%))
[       OK ] Norm_CrossCheck_batchDistance_Dest_32S.batchDistance_Dest_32S/1 (21 ms)
[ RUN      ] Norm_CrossCheck_batchDistance_Dest_32S.batchDistance_Dest_32S/2, where GetParam() = (NORM_HAMMING2, false)
[ PERFSTAT ]    (samples=13   mean=0.80   median=0.80   min=0.78   stddev=0.02 (1.9%))
[       OK ] Norm_CrossCheck_batchDistance_Dest_32S.batchDistance_Dest_32S/2 (13 ms)
[ RUN      ] Norm_CrossCheck_batchDistance_Dest_32S.batchDistance_Dest_32S/3, where GetParam() = (NORM_HAMMING2, true)
[ PERFSTAT ]    (samples=13   mean=1.66   median=1.65   min=1.65   stddev=0.01 (0.9%))
[       OK ] Norm_CrossCheck_batchDistance_Dest_32S.batchDistance_Dest_32S/3 (24 ms)
[----------] 4 tests from Norm_CrossCheck_batchDistance_Dest_32S (77 ms total)

[----------] 4 tests from Source_CrossCheck_batchDistance_L2
[ RUN      ] Source_CrossCheck_batchDistance_L2.batchDistance_L2/0, where GetParam() = (8UC1, false)
[ PERFSTAT ]    (samples=13   mean=3.52   median=3.47   min=3.44   stddev=0.10 (2.8%))
[       OK ] Source_CrossCheck_batchDistance_L2.batchDistance_L2/0 (48 ms)
[ RUN      ] Source_CrossCheck_batchDistance_L2.batchDistance_L2/1, where GetParam() = (8UC1, true)
[ PERFSTAT ]    (samples=38   mean=7.12   median=7.02   min=6.92   stddev=0.20 (2.8%))
[       OK ] Source_CrossCheck_batchDistance_L2.batchDistance_L2/1 (276 ms)
[ RUN      ] Source_CrossCheck_batchDistance_L2.batchDistance_L2/2, where GetParam() = (32FC1, false)
[ PERFSTAT ]    (samples=25   mean=0.83   median=0.82   min=0.81   stddev=0.02 (2.7%))
[       OK ] Source_CrossCheck_batchDistance_L2.batchDistance_L2/2 (26 ms)
[ RUN      ] Source_CrossCheck_batchDistance_L2.batchDistance_L2/3, where GetParam() = (32FC1, true)
[ PERFSTAT ]    (samples=25   mean=1.68   median=1.68   min=1.67   stddev=0.01 (0.5%))
[       OK ] Source_CrossCheck_batchDistance_L2.batchDistance_L2/3 (48 ms)
[----------] 4 tests from Source_CrossCheck_batchDistance_L2 (398 ms total)

[----------] 4 tests from Norm_CrossCheck_batchDistance_32F
[ RUN      ] Norm_CrossCheck_batchDistance_32F.batchDistance_32F/0, where GetParam() = (NORM_L1, false)
[ PERFSTAT ]    (samples=13   mean=1.77   median=1.77   min=1.75   stddev=0.03 (1.9%))
[       OK ] Norm_CrossCheck_batchDistance_32F.batchDistance_32F/0 (28 ms)
[ RUN      ] Norm_CrossCheck_batchDistance_32F.batchDistance_32F/1, where GetParam() = (NORM_L1, true)
[ PERFSTAT ]    (samples=13   mean=3.52   median=3.51   min=3.50   stddev=0.02 (0.5%))
[       OK ] Norm_CrossCheck_batchDistance_32F.batchDistance_32F/1 (52 ms)
[ RUN      ] Norm_CrossCheck_batchDistance_32F.batchDistance_32F/2, where GetParam() = (NORM_L2SQR, false)
[ PERFSTAT ]    (samples=27   mean=0.79   median=0.78   min=0.77   stddev=0.02 (3.0%))
[       OK ] Norm_CrossCheck_batchDistance_32F.batchDistance_32F/2 (27 ms)
[ RUN      ] Norm_CrossCheck_batchDistance_32F.batchDistance_32F/3, where GetParam() = (NORM_L2SQR, true)
[ PERFSTAT ]    (samples=38   mean=1.62   median=1.61   min=1.58   stddev=0.03 (1.6%))
[       OK ] Norm_CrossCheck_batchDistance_32F.batchDistance_32F/3 (68 ms)
[----------] 4 tests from Norm_CrossCheck_batchDistance_32F (175 ms total)

[----------] 12 tests from Fast_Params_detect
[ RUN      ] Fast_Params_detect.detect/0, where GetParam() = (20, 2, false, "cv/inpaint/orig.png")
[ PERFSTAT ]    (samples=13   mean=0.34   median=0.34   min=0.34   stddev=0.00 (1.0%))
[       OK ] Fast_Params_detect.detect/0 (16 ms)
[ RUN      ] Fast_Params_detect.detect/1, where GetParam() = (20, 2, false, "cv/cameracalibration/chess9.png")
[ PERFSTAT ]    (samples=13   mean=0.91   median=0.90   min=0.90   stddev=0.02 (1.9%))
[       OK ] Fast_Params_detect.detect/1 (42 ms)
[ RUN      ] Fast_Params_detect.detect/2, where GetParam() = (20, 2, true, "cv/inpaint/orig.png")
[ PERFSTAT ]    (samples=10   mean=0.48   median=0.48   min=0.47   stddev=0.01 (1.2%))
[       OK ] Fast_Params_detect.detect/2 (13 ms)
[ RUN      ] Fast_Params_detect.detect/3, where GetParam() = (20, 2, true, "cv/cameracalibration/chess9.png")
[ PERFSTAT ]    (samples=10   mean=1.12   median=1.11   min=1.11   stddev=0.01 (1.3%))
[       OK ] Fast_Params_detect.detect/3 (39 ms)
[ RUN      ] Fast_Params_detect.detect/4, where GetParam() = (30, 2, false, "cv/inpaint/orig.png")
[ PERFSTAT ]    (samples=10   mean=0.23   median=0.23   min=0.23   stddev=0.00 (2.0%))
[       OK ] Fast_Params_detect.detect/4 (11 ms)
[ RUN      ] Fast_Params_detect.detect/5, where GetParam() = (30, 2, false, "cv/cameracalibration/chess9.png")
[ PERFSTAT ]    (samples=10   mean=0.82   median=0.82   min=0.81   stddev=0.01 (0.7%))
[       OK ] Fast_Params_detect.detect/5 (36 ms)
[ RUN      ] Fast_Params_detect.detect/6, where GetParam() = (30, 2, true, "cv/inpaint/orig.png")
[ PERFSTAT ]    (samples=10   mean=0.30   median=0.30   min=0.29   stddev=0.00 (1.6%))
[       OK ] Fast_Params_detect.detect/6 (11 ms)
[ RUN      ] Fast_Params_detect.detect/7, where GetParam() = (30, 2, true, "cv/cameracalibration/chess9.png")
[ PERFSTAT ]    (samples=10   mean=0.96   median=0.96   min=0.95   stddev=0.01 (0.9%))
[       OK ] Fast_Params_detect.detect/7 (37 ms)
[ RUN      ] Fast_Params_detect.detect/8, where GetParam() = (100, 2, false, "cv/inpaint/orig.png")
[ PERFSTAT ]    (samples=25   mean=0.05   median=0.05   min=0.05   stddev=0.00 (2.1%))
[       OK ] Fast_Params_detect.detect/8 (9 ms)
[ RUN      ] Fast_Params_detect.detect/9, where GetParam() = (100, 2, false, "cv/cameracalibration/chess9.png")
[ PERFSTAT ]    (samples=10   mean=0.27   median=0.27   min=0.27   stddev=0.01 (2.1%))
[       OK ] Fast_Params_detect.detect/9 (30 ms)
[ RUN      ] Fast_Params_detect.detect/10, where GetParam() = (100, 2, true, "cv/inpaint/orig.png")
[ PERFSTAT ]    (samples=25   mean=0.05   median=0.05   min=0.05   stddev=0.00 (2.8%))
[       OK ] Fast_Params_detect.detect/10 (9 ms)
[ RUN      ] Fast_Params_detect.detect/11, where GetParam() = (100, 2, true, "cv/cameracalibration/chess9.png")
[ PERFSTAT ]    (samples=13   mean=0.27   median=0.27   min=0.27   stddev=0.01 (2.4%))
[       OK ] Fast_Params_detect.detect/11 (31 ms)
[----------] 12 tests from Fast_Params_detect (284 ms total)

[----------] 60 tests from feature2d_detect
[ RUN      ] feature2d_detect.detect/0, where GetParam() = (FAST_DEFAULT, "cv/detectors_descriptors_evaluation/images_datasets/leuven/img1.png")
[ PERFSTAT ]    (samples=10   mean=2.45   median=2.43   min=2.42   stddev=0.07 (3.0%))
[       OK ] feature2d_detect.detect/0 (45 ms)
[ RUN      ] feature2d_detect.detect/1, where GetParam() = (FAST_DEFAULT, "stitching/a3.png")
[ PERFSTAT ]    (samples=10   mean=1.95   median=1.94   min=1.93   stddev=0.01 (0.7%))
[       OK ] feature2d_detect.detect/1 (35 ms)
[ RUN      ] feature2d_detect.detect/2, where GetParam() = (FAST_DEFAULT, "stitching/s2.jpg")
[ PERFSTAT ]    (samples=10   mean=9.36   median=9.33   min=9.30   stddev=0.07 (0.7%))
[       OK ] feature2d_detect.detect/2 (123 ms)
[ RUN      ] feature2d_detect.detect/3, where GetParam() = (FAST_20_TRUE_TYPE5_8, "cv/detectors_descriptors_evaluation/images_datasets/leuven/img1.png")
[ PERFSTAT ]    (samples=10   mean=1.51   median=1.50   min=1.49   stddev=0.01 (1.0%))
[       OK ] feature2d_detect.detect/3 (33 ms)
[ RUN      ] feature2d_detect.detect/4, where GetParam() = (FAST_20_TRUE_TYPE5_8, "stitching/a3.png")
[ PERFSTAT ]    (samples=10   mean=0.82   median=0.82   min=0.82   stddev=0.00 (0.5%))
[       OK ] feature2d_detect.detect/4 (23 ms)
[ RUN      ] feature2d_detect.detect/5, where GetParam() = (FAST_20_TRUE_TYPE5_8, "stitching/s2.jpg")
[ PERFSTAT ]    (samples=10   mean=6.25   median=6.25   min=6.19   stddev=0.04 (0.7%))
[       OK ] feature2d_detect.detect/5 (90 ms)
[ RUN      ] feature2d_detect.detect/6, where GetParam() = (FAST_20_TRUE_TYPE7_12, "cv/detectors_descriptors_evaluation/images_datasets/leuven/img1.png")
[ PERFSTAT ]    (samples=10   mean=5.02   median=4.98   min=4.94   stddev=0.10 (2.1%))
[       OK ] feature2d_detect.detect/6 (68 ms)
[ RUN      ] feature2d_detect.detect/7, where GetParam() = (FAST_20_TRUE_TYPE7_12, "stitching/a3.png")
[ PERFSTAT ]    (samples=10   mean=2.82   median=2.81   min=2.80   stddev=0.02 (0.6%))
[       OK ] feature2d_detect.detect/7 (43 ms)
[ RUN      ] feature2d_detect.detect/8, where GetParam() = (FAST_20_TRUE_TYPE7_12, "stitching/s2.jpg")
[ PERFSTAT ]    (samples=10   mean=19.94   median=19.95   min=19.83   stddev=0.08 (0.4%))
[       OK ] feature2d_detect.detect/8 (227 ms)
[ RUN      ] feature2d_detect.detect/9, where GetParam() = (FAST_20_TRUE_TYPE9_16, "cv/detectors_descriptors_evaluation/images_datasets/leuven/img1.png")
[ PERFSTAT ]    (samples=10   mean=1.32   median=1.31   min=1.30   stddev=0.02 (1.2%))
[       OK ] feature2d_detect.detect/9 (31 ms)
[ RUN      ] feature2d_detect.detect/10, where GetParam() = (FAST_20_TRUE_TYPE9_16, "stitching/a3.png")
[ PERFSTAT ]    (samples=10   mean=1.01   median=1.01   min=1.01   stddev=0.01 (0.8%))
[       OK ] feature2d_detect.detect/10 (27 ms)
[ RUN      ] feature2d_detect.detect/11, where GetParam() = (FAST_20_TRUE_TYPE9_16, "stitching/s2.jpg")
[ PERFSTAT ]    (samples=10   mean=5.50   median=5.50   min=5.45   stddev=0.05 (0.9%))
[       OK ] feature2d_detect.detect/11 (82 ms)
[ RUN      ] feature2d_detect.detect/12, where GetParam() = (FAST_20_FALSE_TYPE5_8, "cv/detectors_descriptors_evaluation/images_datasets/leuven/img1.png")
[ PERFSTAT ]    (samples=10   mean=1.49   median=1.48   min=1.47   stddev=0.03 (2.0%))
[       OK ] feature2d_detect.detect/12 (36 ms)
[ RUN      ] feature2d_detect.detect/13, where GetParam() = (FAST_20_FALSE_TYPE5_8, "stitching/a3.png")
[ PERFSTAT ]    (samples=10   mean=0.82   median=0.81   min=0.81   stddev=0.02 (1.9%))
[       OK ] feature2d_detect.detect/13 (24 ms)
[ RUN      ] feature2d_detect.detect/14, where GetParam() = (FAST_20_FALSE_TYPE5_8, "stitching/s2.jpg")
[ PERFSTAT ]    (samples=10   mean=6.07   median=6.06   min=6.03   stddev=0.05 (0.7%))
[       OK ] feature2d_detect.detect/14 (88 ms)
[ RUN      ] feature2d_detect.detect/15, where GetParam() = (FAST_20_FALSE_TYPE7_12, "cv/detectors_descriptors_evaluation/images_datasets/leuven/img1.png")
[ PERFSTAT ]    (samples=17   mean=4.64   median=4.59   min=4.55   stddev=0.14 (2.9%))
[       OK ] feature2d_detect.detect/15 (98 ms)
[ RUN      ] feature2d_detect.detect/16, where GetParam() = (FAST_20_FALSE_TYPE7_12, "stitching/a3.png")
[ PERFSTAT ]    (samples=10   mean=2.53   median=2.52   min=2.52   stddev=0.02 (0.7%))
[       OK ] feature2d_detect.detect/16 (41 ms)
[ RUN      ] feature2d_detect.detect/17, where GetParam() = (FAST_20_FALSE_TYPE7_12, "stitching/s2.jpg")
[ PERFSTAT ]    (samples=10   mean=17.62   median=17.58   min=17.48   stddev=0.14 (0.8%))
[       OK ] feature2d_detect.detect/17 (204 ms)
[ RUN      ] feature2d_detect.detect/18, where GetParam() = (FAST_20_FALSE_TYPE9_16, "cv/detectors_descriptors_evaluation/images_datasets/leuven/img1.png")
[ PERFSTAT ]    (samples=10   mean=0.94   median=0.93   min=0.92   stddev=0.02 (1.7%))
[       OK ] feature2d_detect.detect/18 (29 ms)
[ RUN      ] feature2d_detect.detect/19, where GetParam() = (FAST_20_FALSE_TYPE9_16, "stitching/a3.png")
[ PERFSTAT ]    (samples=10   mean=0.66   median=0.65   min=0.65   stddev=0.01 (1.7%))
[       OK ] feature2d_detect.detect/19 (22 ms)
[ RUN      ] feature2d_detect.detect/20, where GetParam() = (FAST_20_FALSE_TYPE9_16, "stitching/s2.jpg")
[ PERFSTAT ]    (samples=13   mean=3.24   median=3.23   min=3.22   stddev=0.01 (0.4%))
[       OK ] feature2d_detect.detect/20 (69 ms)
[ RUN      ] feature2d_detect.detect/21, where GetParam() = (AGAST_DEFAULT, "cv/detectors_descriptors_evaluation/images_datasets/leuven/img1.png")
[ PERFSTAT ]    (samples=10   mean=12.38   median=12.29   min=12.22   stddev=0.18 (1.4%))
[       OK ] feature2d_detect.detect/21 (141 ms)
[ RUN      ] feature2d_detect.detect/22, where GetParam() = (AGAST_DEFAULT, "stitching/a3.png")
[ PERFSTAT ]    (samples=10   mean=10.66   median=10.61   min=10.50   stddev=0.13 (1.2%))
[       OK ] feature2d_detect.detect/22 (123 ms)
[ RUN      ] feature2d_detect.detect/23, where GetParam() = (AGAST_DEFAULT, "stitching/s2.jpg")
[ PERFSTAT ]    (samples=10   mean=50.74   median=50.43   min=50.15   stddev=0.85 (1.7%))
[       OK ] feature2d_detect.detect/23 (534 ms)
[ RUN      ] feature2d_detect.detect/24, where GetParam() = (AGAST_5_8, "cv/detectors_descriptors_evaluation/images_datasets/leuven/img1.png")
[ PERFSTAT ]    (samples=10   mean=1.19   median=1.19   min=1.18   stddev=0.01 (0.9%))
[       OK ] feature2d_detect.detect/24 (33 ms)
[ RUN      ] feature2d_detect.detect/25, where GetParam() = (AGAST_5_8, "stitching/a3.png")
[ PERFSTAT ]    (samples=10   mean=0.95   median=0.95   min=0.94   stddev=0.01 (0.7%))
[       OK ] feature2d_detect.detect/25 (26 ms)
[ RUN      ] feature2d_detect.detect/26, where GetParam() = (AGAST_5_8, "stitching/s2.jpg")
[ PERFSTAT ]    (samples=10   mean=2.98   median=2.98   min=2.96   stddev=0.02 (0.7%))
[       OK ] feature2d_detect.detect/26 (58 ms)
[ RUN      ] feature2d_detect.detect/27, where GetParam() = (AGAST_7_12d, "cv/detectors_descriptors_evaluation/images_datasets/leuven/img1.png")
[ PERFSTAT ]    (samples=10   mean=1.60   median=1.60   min=1.58   stddev=0.02 (1.1%))
[       OK ] feature2d_detect.detect/27 (35 ms)
[ RUN      ] feature2d_detect.detect/28, where GetParam() = (AGAST_7_12d, "stitching/a3.png")
[ PERFSTAT ]    (samples=10   mean=1.58   median=1.58   min=1.57   stddev=0.02 (1.0%))
[       OK ] feature2d_detect.detect/28 (31 ms)
[ RUN      ] feature2d_detect.detect/29, where GetParam() = (AGAST_7_12d, "stitching/s2.jpg")
[ PERFSTAT ]    (samples=10   mean=4.42   median=4.41   min=4.39   stddev=0.03 (0.7%))
[       OK ] feature2d_detect.detect/29 (71 ms)
[ RUN      ] feature2d_detect.detect/30, where GetParam() = (AGAST_7_12s, "cv/detectors_descriptors_evaluation/images_datasets/leuven/img1.png")
[ PERFSTAT ]    (samples=10   mean=1.53   median=1.52   min=1.51   stddev=0.02 (1.0%))
[       OK ] feature2d_detect.detect/30 (34 ms)
[ RUN      ] feature2d_detect.detect/31, where GetParam() = (AGAST_7_12s, "stitching/a3.png")
[ PERFSTAT ]    (samples=10   mean=1.53   median=1.52   min=1.51   stddev=0.01 (0.9%))
[       OK ] feature2d_detect.detect/31 (30 ms)
[ RUN      ] feature2d_detect.detect/32, where GetParam() = (AGAST_7_12s, "stitching/s2.jpg")
[ PERFSTAT ]    (samples=10   mean=4.11   median=4.11   min=4.08   stddev=0.02 (0.5%))
[       OK ] feature2d_detect.detect/32 (68 ms)
[ RUN      ] feature2d_detect.detect/33, where GetParam() = (AGAST_OAST_9_16, "cv/detectors_descriptors_evaluation/images_datasets/leuven/img1.png")
[ PERFSTAT ]    (samples=10   mean=1.77   median=1.76   min=1.75   stddev=0.02 (1.3%))
[       OK ] feature2d_detect.detect/33 (36 ms)
[ RUN      ] feature2d_detect.detect/34, where GetParam() = (AGAST_OAST_9_16, "stitching/a3.png")
[ PERFSTAT ]    (samples=10   mean=1.88   median=1.88   min=1.87   stddev=0.02 (1.0%))
[       OK ] feature2d_detect.detect/34 (34 ms)
[ RUN      ] feature2d_detect.detect/35, where GetParam() = (AGAST_OAST_9_16, "stitching/s2.jpg")
[ PERFSTAT ]    (samples=10   mean=4.72   median=4.70   min=4.68   stddev=0.06 (1.3%))
[       OK ] feature2d_detect.detect/35 (74 ms)
[ RUN      ] feature2d_detect.detect/36, where GetParam() = (MSER_DEFAULT, "cv/detectors_descriptors_evaluation/images_datasets/leuven/img1.png")
[ PERFSTAT ]    (samples=10   mean=194.66   median=193.70   min=193.13   stddev=2.61 (1.3%))
[       OK ] feature2d_detect.detect/36 (1965 ms)
[ RUN      ] feature2d_detect.detect/37, where GetParam() = (MSER_DEFAULT, "stitching/a3.png")
[ PERFSTAT ]    (samples=10   mean=103.48   median=103.07   min=102.61   stddev=1.07 (1.0%))
[       OK ] feature2d_detect.detect/37 (1056 ms)
[ RUN      ] feature2d_detect.detect/38, where GetParam() = (MSER_DEFAULT, "stitching/s2.jpg")
[ PERFSTAT ]    (samples=10   mean=283.03   median=281.88   min=280.60   stddev=2.98 (1.1%))
[       OK ] feature2d_detect.detect/38 (2862 ms)
[ RUN      ] feature2d_detect.detect/39, where GetParam() = (ORB_DEFAULT, "cv/detectors_descriptors_evaluation/images_datasets/leuven/img1.png")
[ PERFSTAT ]    (samples=10   mean=6.94   median=6.88   min=6.80   stddev=0.19 (2.7%))
[       OK ] feature2d_detect.detect/39 (96 ms)
[ RUN      ] feature2d_detect.detect/40, where GetParam() = (ORB_DEFAULT, "stitching/a3.png")
[ PERFSTAT ]    (samples=10   mean=6.13   median=6.07   min=5.97   stddev=0.17 (2.8%))
[       OK ] feature2d_detect.detect/40 (78 ms)
[ RUN      ] feature2d_detect.detect/41, where GetParam() = (ORB_DEFAULT, "stitching/s2.jpg")
[ PERFSTAT ]    (samples=10   mean=20.23   median=20.13   min=19.85   stddev=0.28 (1.4%))
[       OK ] feature2d_detect.detect/41 (230 ms)
[ RUN      ] feature2d_detect.detect/42, where GetParam() = (ORB_1500_13_1, "cv/detectors_descriptors_evaluation/images_datasets/leuven/img1.png")
[ PERFSTAT ]    (samples=10   mean=2.55   median=2.54   min=2.52   stddev=0.04 (1.6%))
[       OK ] feature2d_detect.detect/42 (50 ms)
[ RUN      ] feature2d_detect.detect/43, where GetParam() = (ORB_1500_13_1, "stitching/a3.png")
[ PERFSTAT ]    (samples=10   mean=2.01   median=2.00   min=2.00   stddev=0.02 (0.9%))
[       OK ] feature2d_detect.detect/43 (36 ms)
[ RUN      ] feature2d_detect.detect/44, where GetParam() = (ORB_1500_13_1, "stitching/s2.jpg")
[ PERFSTAT ]    (samples=10   mean=7.18   median=7.17   min=7.15   stddev=0.03 (0.5%))
[       OK ] feature2d_detect.detect/44 (100 ms)
[ RUN      ] feature2d_detect.detect/45, where GetParam() = (AKAZE_DEFAULT, "cv/detectors_descriptors_evaluation/images_datasets/leuven/img1.png")
[ PERFSTAT ]    (samples=100   mean=48.93   median=49.03   min=45.40   stddev=1.73 (3.5%))
[       OK ] feature2d_detect.detect/45 (4963 ms)
[ RUN      ] feature2d_detect.detect/46, where GetParam() = (AKAZE_DEFAULT, "stitching/a3.png")
[ PERFSTAT ]    (samples=11   mean=39.27   median=39.75   min=37.17   stddev=1.16 (3.0%))
[       OK ] feature2d_detect.detect/46 (453 ms)
[ RUN      ] feature2d_detect.detect/47, where GetParam() = (AKAZE_DEFAULT, "stitching/s2.jpg")
[ PERFSTAT ]    (samples=25   mean=86.77   median=87.19   min=80.58   stddev=2.45 (2.8%))
[       OK ] feature2d_detect.detect/47 (2211 ms)
[ RUN      ] feature2d_detect.detect/48, where GetParam() = (AKAZE_DESCRIPTOR_KAZE, "cv/detectors_descriptors_evaluation/images_datasets/leuven/img1.png")
[ PERFSTAT ]    (samples=42   mean=49.37   median=49.76   min=46.86   stddev=1.47 (3.0%))
[       OK ] feature2d_detect.detect/48 (2113 ms)
[ RUN      ] feature2d_detect.detect/49, where GetParam() = (AKAZE_DESCRIPTOR_KAZE, "stitching/a3.png")
[ PERFSTAT ]    (samples=30   mean=40.14   median=40.15   min=37.04   stddev=1.20 (3.0%))
[       OK ] feature2d_detect.detect/49 (1236 ms)
[ RUN      ] feature2d_detect.detect/50, where GetParam() = (AKAZE_DESCRIPTOR_KAZE, "stitching/s2.jpg")
[ PERFSTAT ]    (samples=10   mean=87.57   median=87.71   min=85.16   stddev=1.97 (2.3%))
[       OK ] feature2d_detect.detect/50 (908 ms)
[ RUN      ] feature2d_detect.detect/51, where GetParam() = (BRISK_DEFAULT, "cv/detectors_descriptors_evaluation/images_datasets/leuven/img1.png")
[ PERFSTAT ]    (samples=10   mean=54.40   median=54.05   min=53.69   stddev=0.90 (1.7%))
[       OK ] feature2d_detect.detect/51 (582 ms)
[ RUN      ] feature2d_detect.detect/52, where GetParam() = (BRISK_DEFAULT, "stitching/a3.png")
[ PERFSTAT ]    (samples=10   mean=32.61   median=32.47   min=32.35   stddev=0.27 (0.8%))
[       OK ] feature2d_detect.detect/52 (356 ms)
[ RUN      ] feature2d_detect.detect/53, where GetParam() = (BRISK_DEFAULT, "stitching/s2.jpg")
[ PERFSTAT ]    (samples=10   mean=354.19   median=353.96   min=353.27   stddev=0.83 (0.2%))
[       OK ] feature2d_detect.detect/53 (3582 ms)
[ RUN      ] feature2d_detect.detect/54, where GetParam() = (KAZE_DEFAULT, "cv/detectors_descriptors_evaluation/images_datasets/leuven/img1.png")
[ PERFSTAT ]    (samples=10   mean=298.07   median=297.10   min=290.32   stddev=4.70 (1.6%))
[       OK ] feature2d_detect.detect/54 (3005 ms)
[ RUN      ] feature2d_detect.detect/55, where GetParam() = (KAZE_DEFAULT, "stitching/a3.png")
[ PERFSTAT ]    (samples=10   mean=268.47   median=266.43   min=264.48   stddev=4.93 (1.8%))
[       OK ] feature2d_detect.detect/55 (2708 ms)
[ RUN      ] feature2d_detect.detect/56, where GetParam() = (KAZE_DEFAULT, "stitching/s2.jpg")
[ PERFSTAT ]    (samples=10   mean=524.86   median=524.73   min=520.04   stddev=4.26 (0.8%))
[       OK ] feature2d_detect.detect/56 (5281 ms)
[ RUN      ] feature2d_detect.detect/57, where GetParam() = (SIFT_DEFAULT, "cv/detectors_descriptors_evaluation/images_datasets/leuven/img1.png")
[ PERFSTAT ]    (samples=14   mean=34.79   median=34.96   min=33.17   stddev=1.02 (2.9%))
[       OK ] feature2d_detect.detect/57 (529 ms)
[ RUN      ] feature2d_detect.detect/58, where GetParam() = (SIFT_DEFAULT, "stitching/a3.png")
[ PERFSTAT ]    (samples=15   mean=68.70   median=68.92   min=65.84   stddev=2.03 (3.0%))
[       OK ] feature2d_detect.detect/58 (1056 ms)
[ RUN      ] feature2d_detect.detect/59, where GetParam() = (SIFT_DEFAULT, "stitching/s2.jpg")
[ PERFSTAT ]    (samples=10   mean=69.51   median=69.41   min=67.26   stddev=1.94 (2.8%))
[       OK ] feature2d_detect.detect/59 (729 ms)
[----------] 60 tests from feature2d_detect (38952 ms total)

[----------] 21 tests from feature2d_extract
[ RUN      ] feature2d_extract.extract/0, where GetParam() = (ORB_DEFAULT, "cv/detectors_descriptors_evaluation/images_datasets/leuven/img1.png")
[ PERFSTAT ]    (samples=31   mean=3.49   median=3.48   min=3.35   stddev=0.10 (3.0%))
[       OK ] feature2d_extract.extract/0 (186 ms)
[ RUN      ] feature2d_extract.extract/1, where GetParam() = (ORB_DEFAULT, "stitching/a3.png")
[ PERFSTAT ]    (samples=18   mean=2.82   median=2.79   min=2.73   stddev=0.08 (3.0%))
[       OK ] feature2d_extract.extract/1 (114 ms)
[ RUN      ] feature2d_extract.extract/2, where GetParam() = (ORB_DEFAULT, "stitching/s2.jpg")
[ PERFSTAT ]    (samples=10   mean=9.71   median=9.81   min=9.18   stddev=0.24 (2.4%))
[       OK ] feature2d_extract.extract/2 (227 ms)
[ RUN      ] feature2d_extract.extract/3, where GetParam() = (ORB_1500_13_1, "cv/detectors_descriptors_evaluation/images_datasets/leuven/img1.png")
[ PERFSTAT ]    (samples=13   mean=3.18   median=3.15   min=3.09   stddev=0.09 (2.9%))
[       OK ] feature2d_extract.extract/3 (114 ms)
[ RUN      ] feature2d_extract.extract/4, where GetParam() = (ORB_1500_13_1, "stitching/a3.png")
[ PERFSTAT ]    (samples=13   mean=2.61   median=2.60   min=2.55   stddev=0.04 (1.7%))
[       OK ] feature2d_extract.extract/4 (93 ms)
[ RUN      ] feature2d_extract.extract/5, where GetParam() = (ORB_1500_13_1, "stitching/s2.jpg")
[ PERFSTAT ]    (samples=10   mean=9.20   median=9.19   min=8.86   stddev=0.24 (2.6%))
[       OK ] feature2d_extract.extract/5 (215 ms)
[ RUN      ] feature2d_extract.extract/6, where GetParam() = (AKAZE_DEFAULT, "cv/detectors_descriptors_evaluation/images_datasets/leuven/img1.png")
[ PERFSTAT ]    (samples=13   mean=46.03   median=46.18   min=44.02   stddev=1.22 (2.6%))
[       OK ] feature2d_extract.extract/6 (674 ms)
[ RUN      ] feature2d_extract.extract/7, where GetParam() = (AKAZE_DEFAULT, "stitching/a3.png")
[ PERFSTAT ]    (samples=25   mean=37.77   median=37.32   min=36.79   stddev=0.90 (2.4%))
[       OK ] feature2d_extract.extract/7 (1027 ms)
[ RUN      ] feature2d_extract.extract/8, where GetParam() = (AKAZE_DEFAULT, "stitching/s2.jpg")
[ PERFSTAT ]    (samples=10   mean=81.86   median=81.53   min=80.84   stddev=1.22 (1.5%))
[       OK ] feature2d_extract.extract/8 (951 ms)
[ RUN      ] feature2d_extract.extract/9, where GetParam() = (AKAZE_DESCRIPTOR_KAZE, "cv/detectors_descriptors_evaluation/images_datasets/leuven/img1.png")
[ PERFSTAT ]    (samples=25   mean=45.98   median=46.06   min=43.21   stddev=1.35 (2.9%))
[       OK ] feature2d_extract.extract/9 (1232 ms)
[ RUN      ] feature2d_extract.extract/10, where GetParam() = (AKAZE_DESCRIPTOR_KAZE, "stitching/a3.png")
[ PERFSTAT ]    (samples=12   mean=37.71   median=37.29   min=36.40   stddev=1.10 (2.9%))
[       OK ] feature2d_extract.extract/10 (513 ms)
[ RUN      ] feature2d_extract.extract/11, where GetParam() = (AKAZE_DESCRIPTOR_KAZE, "stitching/s2.jpg")
[ PERFSTAT ]    (samples=10   mean=80.75   median=80.44   min=79.39   stddev=1.07 (1.3%))
[       OK ] feature2d_extract.extract/11 (929 ms)
[ RUN      ] feature2d_extract.extract/12, where GetParam() = (BRISK_DEFAULT, "cv/detectors_descriptors_evaluation/images_datasets/leuven/img1.png")
[ PERFSTAT ]    (samples=10   mean=11.36   median=11.32   min=11.25   stddev=0.15 (1.3%))
[       OK ] feature2d_extract.extract/12 (213 ms)
[ RUN      ] feature2d_extract.extract/13, where GetParam() = (BRISK_DEFAULT, "stitching/a3.png")
[ PERFSTAT ]    (samples=10   mean=7.88   median=7.87   min=7.83   stddev=0.05 (0.6%))
[       OK ] feature2d_extract.extract/13 (156 ms)
[ RUN      ] feature2d_extract.extract/14, where GetParam() = (BRISK_DEFAULT, "stitching/s2.jpg")
[ PERFSTAT ]    (samples=10   mean=44.50   median=44.43   min=44.33   stddev=0.20 (0.5%))
[       OK ] feature2d_extract.extract/14 (580 ms)
[ RUN      ] feature2d_extract.extract/15, where GetParam() = (KAZE_DEFAULT, "cv/detectors_descriptors_evaluation/images_datasets/leuven/img1.png")
[ PERFSTAT ]    (samples=10   mean=272.62   median=274.29   min=258.31   stddev=5.12 (1.9%))
[       OK ] feature2d_extract.extract/15 (2802 ms)
[ RUN      ] feature2d_extract.extract/16, where GetParam() = (KAZE_DEFAULT, "stitching/a3.png")
[ PERFSTAT ]    (samples=10   mean=237.03   median=237.07   min=234.91   stddev=1.29 (0.5%))
[       OK ] feature2d_extract.extract/16 (2435 ms)
[ RUN      ] feature2d_extract.extract/17, where GetParam() = (KAZE_DEFAULT, "stitching/s2.jpg")
[ PERFSTAT ]    (samples=13   mean=371.87   median=373.07   min=357.50   stddev=10.00 (2.7%))
[       OK ] feature2d_extract.extract/17 (5037 ms)
[ RUN      ] feature2d_extract.extract/18, where GetParam() = (SIFT_DEFAULT, "cv/detectors_descriptors_evaluation/images_datasets/leuven/img1.png")
[ PERFSTAT ]    (samples=10   mean=15.21   median=15.02   min=14.88   stddev=0.35 (2.3%))
[       OK ] feature2d_extract.extract/18 (232 ms)
[ RUN      ] feature2d_extract.extract/19, where GetParam() = (SIFT_DEFAULT, "stitching/a3.png")
[ PERFSTAT ]    (samples=10   mean=12.24   median=12.14   min=11.87   stddev=0.34 (2.8%))
[       OK ] feature2d_extract.extract/19 (184 ms)
[ RUN      ] feature2d_extract.extract/20, where GetParam() = (SIFT_DEFAULT, "stitching/s2.jpg")
[ PERFSTAT ]    (samples=13   mean=30.96   median=30.73   min=29.98   stddev=0.82 (2.7%))
[       OK ] feature2d_extract.extract/20 (526 ms)
[----------] 21 tests from feature2d_extract (18441 ms total)

[----------] 21 tests from feature2d_detectAndExtract
[ RUN      ] feature2d_detectAndExtract.detectAndExtract/0, where GetParam() = (ORB_DEFAULT, "cv/detectors_descriptors_evaluation/images_datasets/leuven/img1.png")
[ PERFSTAT ]    (samples=10   mean=9.00   median=8.98   min=8.89   stddev=0.11 (1.3%))
[       OK ] feature2d_detectAndExtract.detectAndExtract/0 (109 ms)
[ RUN      ] feature2d_detectAndExtract.detectAndExtract/1, where GetParam() = (ORB_DEFAULT, "stitching/a3.png")
[ PERFSTAT ]    (samples=10   mean=8.00   median=7.97   min=7.79   stddev=0.18 (2.3%))
[       OK ] feature2d_detectAndExtract.detectAndExtract/1 (100 ms)
[ RUN      ] feature2d_detectAndExtract.detectAndExtract/2, where GetParam() = (ORB_DEFAULT, "stitching/s2.jpg")
[ PERFSTAT ]    (samples=10   mean=23.89   median=23.73   min=23.40   stddev=0.47 (2.0%))
[       OK ] feature2d_detectAndExtract.detectAndExtract/2 (267 ms)
[ RUN      ] feature2d_detectAndExtract.detectAndExtract/3, where GetParam() = (ORB_1500_13_1, "cv/detectors_descriptors_evaluation/images_datasets/leuven/img1.png")
[ PERFSTAT ]    (samples=10   mean=4.25   median=4.24   min=4.21   stddev=0.03 (0.8%))
[       OK ] feature2d_detectAndExtract.detectAndExtract/3 (63 ms)
[ RUN      ] feature2d_detectAndExtract.detectAndExtract/4, where GetParam() = (ORB_1500_13_1, "stitching/a3.png")
[ PERFSTAT ]    (samples=10   mean=3.74   median=3.73   min=3.71   stddev=0.03 (0.9%))
[       OK ] feature2d_detectAndExtract.detectAndExtract/4 (54 ms)
[ RUN      ] feature2d_detectAndExtract.detectAndExtract/5, where GetParam() = (ORB_1500_13_1, "stitching/s2.jpg")
[ PERFSTAT ]    (samples=10   mean=9.32   median=9.32   min=9.29   stddev=0.03 (0.3%))
[       OK ] feature2d_detectAndExtract.detectAndExtract/5 (122 ms)
[ RUN      ] feature2d_detectAndExtract.detectAndExtract/6, where GetParam() = (AKAZE_DEFAULT, "cv/detectors_descriptors_evaluation/images_datasets/leuven/img1.png")
[ PERFSTAT ]    (samples=13   mean=54.51   median=54.42   min=52.59   stddev=1.18 (2.2%))
[       OK ] feature2d_detectAndExtract.detectAndExtract/6 (739 ms)
[ RUN      ] feature2d_detectAndExtract.detectAndExtract/7, where GetParam() = (AKAZE_DEFAULT, "stitching/a3.png")
[ PERFSTAT ]    (samples=100   mean=43.09   median=43.21   min=39.03   stddev=1.90 (4.4%))
[       OK ] feature2d_detectAndExtract.detectAndExtract/7 (4383 ms)
[ RUN      ] feature2d_detectAndExtract.detectAndExtract/8, where GetParam() = (AKAZE_DEFAULT, "stitching/s2.jpg")
[ PERFSTAT ]    (samples=25   mean=97.91   median=97.31   min=94.95   stddev=2.76 (2.8%))
[       OK ] feature2d_detectAndExtract.detectAndExtract/8 (2525 ms)
[ RUN      ] feature2d_detectAndExtract.detectAndExtract/9, where GetParam() = (AKAZE_DESCRIPTOR_KAZE, "cv/detectors_descriptors_evaluation/images_datasets/leuven/img1.png")
[ PERFSTAT ]    (samples=12   mean=54.84   median=54.95   min=51.85   stddev=1.59 (2.9%))
[       OK ] feature2d_detectAndExtract.detectAndExtract/9 (684 ms)
[ RUN      ] feature2d_detectAndExtract.detectAndExtract/10, where GetParam() = (AKAZE_DESCRIPTOR_KAZE, "stitching/a3.png")
[ PERFSTAT ]    (samples=100   mean=42.61   median=42.52   min=39.35   stddev=1.59 (3.7%))
[       OK ] feature2d_detectAndExtract.detectAndExtract/10 (4345 ms)
[ RUN      ] feature2d_detectAndExtract.detectAndExtract/11, where GetParam() = (AKAZE_DESCRIPTOR_KAZE, "stitching/s2.jpg")
[ PERFSTAT ]    (samples=13   mean=96.46   median=95.79   min=93.55   stddev=2.10 (2.2%))
[       OK ] feature2d_detectAndExtract.detectAndExtract/11 (1294 ms)
[ RUN      ] feature2d_detectAndExtract.detectAndExtract/12, where GetParam() = (BRISK_DEFAULT, "cv/detectors_descriptors_evaluation/images_datasets/leuven/img1.png")
[ PERFSTAT ]    (samples=10   mean=73.38   median=73.06   min=72.14   stddev=1.11 (1.5%))
[       OK ] feature2d_detectAndExtract.detectAndExtract/12 (777 ms)
[ RUN      ] feature2d_detectAndExtract.detectAndExtract/13, where GetParam() = (BRISK_DEFAULT, "stitching/a3.png")
[ PERFSTAT ]    (samples=10   mean=44.04   median=43.82   min=43.42   stddev=0.58 (1.3%))
[       OK ] feature2d_detectAndExtract.detectAndExtract/13 (474 ms)
[ RUN      ] feature2d_detectAndExtract.detectAndExtract/14, where GetParam() = (BRISK_DEFAULT, "stitching/s2.jpg")
[ PERFSTAT ]    (samples=10   mean=507.87   median=505.48   min=503.23   stddev=6.03 (1.2%))
[       OK ] feature2d_detectAndExtract.detectAndExtract/14 (5130 ms)
[ RUN      ] feature2d_detectAndExtract.detectAndExtract/15, where GetParam() = (KAZE_DEFAULT, "cv/detectors_descriptors_evaluation/images_datasets/leuven/img1.png")
[ PERFSTAT ]    (samples=12   mean=335.51   median=338.01   min=305.54   stddev=9.88 (2.9%))
[       OK ] feature2d_detectAndExtract.detectAndExtract/15 (4052 ms)
[ RUN      ] feature2d_detectAndExtract.detectAndExtract/16, where GetParam() = (KAZE_DEFAULT, "stitching/a3.png")
[ PERFSTAT ]    (samples=10   mean=287.25   median=287.99   min=283.93   stddev=1.68 (0.6%))
[       OK ] feature2d_detectAndExtract.detectAndExtract/16 (2893 ms)
[ RUN      ] feature2d_detectAndExtract.detectAndExtract/17, where GetParam() = (KAZE_DEFAULT, "stitching/s2.jpg")
[ PERFSTAT ]    (samples=13   mean=500.85   median=499.50   min=496.20   stddev=4.39 (0.9%))
[       OK ] feature2d_detectAndExtract.detectAndExtract/17 (6616 ms)
[ RUN      ] feature2d_detectAndExtract.detectAndExtract/18, where GetParam() = (SIFT_DEFAULT, "cv/detectors_descriptors_evaluation/images_datasets/leuven/img1.png")
[ PERFSTAT ]    (samples=13   mean=39.95   median=40.39   min=37.44   stddev=1.12 (2.8%))
[       OK ] feature2d_detectAndExtract.detectAndExtract/18 (554 ms)
[ RUN      ] feature2d_detectAndExtract.detectAndExtract/19, where GetParam() = (SIFT_DEFAULT, "stitching/a3.png")
[ PERFSTAT ]    (samples=13   mean=73.43   median=73.46   min=71.33   stddev=1.65 (2.2%))
[       OK ] feature2d_detectAndExtract.detectAndExtract/19 (981 ms)
[ RUN      ] feature2d_detectAndExtract.detectAndExtract/20, where GetParam() = (SIFT_DEFAULT, "stitching/s2.jpg")
[ PERFSTAT ]    (samples=10   mean=75.69   median=75.34   min=73.10   stddev=2.11 (2.8%))
[       OK ] feature2d_detectAndExtract.detectAndExtract/20 (793 ms)
[----------] 21 tests from feature2d_detectAndExtract (36958 ms total)

[----------] 4 tests from DescriptorMatcherFixture_bfmatch_knn_L2_float
[ RUN      ] DescriptorMatcherFixture_bfmatch_knn_L2_float.bfmatch_knn_L2_float/0, where GetParam() = (64, 512)
[ PERFSTAT ]    (samples=100   mean=0.22   median=0.22   min=0.19   stddev=0.02 (7.9%))
[       OK ] DescriptorMatcherFixture_bfmatch_knn_L2_float.bfmatch_knn_L2_float/0 (24 ms)
[ RUN      ] DescriptorMatcherFixture_bfmatch_knn_L2_float.bfmatch_knn_L2_float/1, where GetParam() = (64, 1000)
[ PERFSTAT ]    (samples=38   mean=0.57   median=0.57   min=0.55   stddev=0.01 (1.8%))
[       OK ] DescriptorMatcherFixture_bfmatch_knn_L2_float.bfmatch_knn_L2_float/1 (24 ms)
[ RUN      ] DescriptorMatcherFixture_bfmatch_knn_L2_float.bfmatch_knn_L2_float/2, where GetParam() = (128, 512)
[ PERFSTAT ]    (samples=100   mean=0.31   median=0.30   min=0.28   stddev=0.02 (7.4%))
[       OK ] DescriptorMatcherFixture_bfmatch_knn_L2_float.bfmatch_knn_L2_float/2 (33 ms)
[ RUN      ] DescriptorMatcherFixture_bfmatch_knn_L2_float.bfmatch_knn_L2_float/3, where GetParam() = (128, 1000)
[ PERFSTAT ]    (samples=13   mean=0.94   median=0.94   min=0.92   stddev=0.02 (1.8%))
[       OK ] DescriptorMatcherFixture_bfmatch_knn_L2_float.bfmatch_knn_L2_float/3 (14 ms)
[----------] 4 tests from DescriptorMatcherFixture_bfmatch_knn_L2_float (95 ms total)

[----------] 4 tests from DescriptorMatcherFixture_bfmatch_knn_L1_float
[ RUN      ] DescriptorMatcherFixture_bfmatch_knn_L1_float.bfmatch_knn_L1_float/0, where GetParam() = (64, 512)
[ PERFSTAT ]    (samples=13   mean=0.26   median=0.26   min=0.25   stddev=0.01 (2.4%))
[       OK ] DescriptorMatcherFixture_bfmatch_knn_L1_float.bfmatch_knn_L1_float/0 (4 ms)
[ RUN      ] DescriptorMatcherFixture_bfmatch_knn_L1_float.bfmatch_knn_L1_float/1, where GetParam() = (64, 1000)
[ PERFSTAT ]    (samples=13   mean=0.77   median=0.77   min=0.77   stddev=0.01 (1.1%))
[       OK ] DescriptorMatcherFixture_bfmatch_knn_L1_float.bfmatch_knn_L1_float/1 (11 ms)
[ RUN      ] DescriptorMatcherFixture_bfmatch_knn_L1_float.bfmatch_knn_L1_float/2, where GetParam() = (128, 512)
[ PERFSTAT ]    (samples=13   mean=0.41   median=0.40   min=0.40   stddev=0.01 (1.8%))
[       OK ] DescriptorMatcherFixture_bfmatch_knn_L1_float.bfmatch_knn_L1_float/2 (6 ms)
[ RUN      ] DescriptorMatcherFixture_bfmatch_knn_L1_float.bfmatch_knn_L1_float/3, where GetParam() = (128, 1000)
[ PERFSTAT ]    (samples=13   mean=1.34   median=1.34   min=1.34   stddev=0.01 (0.4%))
[       OK ] DescriptorMatcherFixture_bfmatch_knn_L1_float.bfmatch_knn_L1_float/3 (20 ms)
[----------] 4 tests from DescriptorMatcherFixture_bfmatch_knn_L1_float (41 ms total)

[----------] 4 tests from DescriptorMatcherFixture_bfmatch_knn_Hamming_binary
[ RUN      ] DescriptorMatcherFixture_bfmatch_knn_Hamming_binary.bfmatch_knn_Hamming_binary/0, where GetParam() = (32, 512)
[ PERFSTAT ]    (samples=17   mean=0.18   median=0.18   min=0.17   stddev=0.01 (3.0%))
[       OK ] DescriptorMatcherFixture_bfmatch_knn_Hamming_binary.bfmatch_knn_Hamming_binary/0 (3 ms)
[ RUN      ] DescriptorMatcherFixture_bfmatch_knn_Hamming_binary.bfmatch_knn_Hamming_binary/1, where GetParam() = (32, 1000)
[ PERFSTAT ]    (samples=15   mean=0.41   median=0.41   min=0.40   stddev=0.01 (2.9%))
[       OK ] DescriptorMatcherFixture_bfmatch_knn_Hamming_binary.bfmatch_knn_Hamming_binary/1 (7 ms)
[ RUN      ] DescriptorMatcherFixture_bfmatch_knn_Hamming_binary.bfmatch_knn_Hamming_binary/2, where GetParam() = (64, 512)
[ PERFSTAT ]    (samples=13   mean=0.18   median=0.18   min=0.18   stddev=0.01 (3.0%))
[       OK ] DescriptorMatcherFixture_bfmatch_knn_Hamming_binary.bfmatch_knn_Hamming_binary/2 (2 ms)
[ RUN      ] DescriptorMatcherFixture_bfmatch_knn_Hamming_binary.bfmatch_knn_Hamming_binary/3, where GetParam() = (64, 1000)
[ PERFSTAT ]    (samples=100   mean=0.49   median=0.46   min=0.44   stddev=0.06 (11.5%))
[       OK ] DescriptorMatcherFixture_bfmatch_knn_Hamming_binary.bfmatch_knn_Hamming_binary/3 (53 ms)
[----------] 4 tests from DescriptorMatcherFixture_bfmatch_knn_Hamming_binary (65 ms total)

[----------] Global test environment tear-down
[==========] 279 tests from 22 test cases ran. (344725 ms total)
[  PASSED  ] 279 tests.
