TEST: Skip tests with tags: 'mem_6gb', 'verylong'
CTEST_FULL_OUTPUT
OpenCV version: 4.14.0-pre
OpenCV VCS version: 4.13.0-493-g7aa163b83f
Build type: Release
Compiler: /usr/bin/c++  (ver 11.4.0)
Algorithm hint: ALGO_HINT_ACCURATE
HAL: YES (ipp (ver 0.0.1))
Parallel framework: pthreads (nthreads=30)
CPU features: SSE SSE2 SSE3 *SSE4.1 *SSE4.2 *AVX *FP16 *AVX2 *AVX512-SKX?
Intel(R) IPP version: ippIP AVX2 (l9) 2026.0.0 (-) Jun 30 2026
Intel(R) IPP features code: 0x8000
OpenCL is disabled
[==========] Running 131 tests from 12 test cases.
[----------] Global test environment set-up.
[----------] 1 test from CalibrateCamera
[ RUN      ] CalibrateCamera.BulkImages_N500
[ PERFSTAT ]    (samples=1   mean=825.35   median=825.35   min=825.35   stddev=0.00 (0.0%))
[       OK ] CalibrateCamera.BulkImages_N500 (852 ms)
[----------] 1 test from CalibrateCamera (852 ms total)

[----------] 2 tests from Undistort
[ RUN      ] Undistort.InitUndistortMap
[ PERFSTAT ]    (samples=100   mean=0.12   median=0.12   min=0.11   stddev=0.00 (3.5%))
[       OK ] Undistort.InitUndistortMap (13 ms)
[ RUN      ] Undistort.fisheye_undistortPoints_100k_10iter
[ PERFSTAT ]    (samples=11   mean=15.79   median=15.66   min=15.62   stddev=0.46 (2.9%))
[       OK ] Undistort.fisheye_undistortPoints_100k_10iter (175 ms)
[----------] 2 tests from Undistort (188 ms total)

[----------] 6 tests from OCL_StereoBMFixture_StereoBM
[ RUN      ] OCL_StereoBMFixture_StereoBM.StereoBM/0, where GetParam() = (32, 11)
[ PERFSTAT ]    (samples=10   mean=6.77   median=6.74   min=6.73   stddev=0.09 (1.3%))
[       OK ] OCL_StereoBMFixture_StereoBM.StereoBM/0 (103 ms)
[ RUN      ] OCL_StereoBMFixture_StereoBM.StereoBM/1, where GetParam() = (32, 21)
[ PERFSTAT ]    (samples=10   mean=6.40   median=6.38   min=6.37   stddev=0.07 (1.1%))
[       OK ] OCL_StereoBMFixture_StereoBM.StereoBM/1 (88 ms)
[ RUN      ] OCL_StereoBMFixture_StereoBM.StereoBM/2, where GetParam() = (64, 11)
[ PERFSTAT ]    (samples=13   mean=6.09   median=6.09   min=6.07   stddev=0.02 (0.3%))
[       OK ] OCL_StereoBMFixture_StereoBM.StereoBM/2 (104 ms)
[ RUN      ] OCL_StereoBMFixture_StereoBM.StereoBM/3, where GetParam() = (64, 21)
[ PERFSTAT ]    (samples=10   mean=6.21   median=6.17   min=6.06   stddev=0.14 (2.3%))
[       OK ] OCL_StereoBMFixture_StereoBM.StereoBM/3 (85 ms)
[ RUN      ] OCL_StereoBMFixture_StereoBM.StereoBM/4, where GetParam() = (128, 11)
[ PERFSTAT ]    (samples=13   mean=8.13   median=8.13   min=7.90   stddev=0.14 (1.7%))
[       OK ] OCL_StereoBMFixture_StereoBM.StereoBM/4 (130 ms)
[ RUN      ] OCL_StereoBMFixture_StereoBM.StereoBM/5, where GetParam() = (128, 21)
[ PERFSTAT ]    (samples=10   mean=8.62   median=8.59   min=8.49   stddev=0.16 (1.9%))
[       OK ] OCL_StereoBMFixture_StereoBM.StereoBM/5 (110 ms)
[----------] 6 tests from OCL_StereoBMFixture_StereoBM (620 ms total)

[----------] 36 tests from EstimateAffine_EstimateAffine2D
[ RUN      ] EstimateAffine_EstimateAffine2D.EstimateAffine2D/0, where GetParam() = (100000, 0.99, RANSAC, 10)
[ PERFSTAT ]    (samples=13   mean=14.69   median=14.67   min=14.56   stddev=0.09 (0.6%))
[       OK ] EstimateAffine_EstimateAffine2D.EstimateAffine2D/0 (194 ms)
[ RUN      ] EstimateAffine_EstimateAffine2D.EstimateAffine2D/1, where GetParam() = (100000, 0.99, RANSAC, 0)
[ PERFSTAT ]    (samples=10   mean=6.06   median=6.07   min=5.99   stddev=0.04 (0.7%))
[       OK ] EstimateAffine_EstimateAffine2D.EstimateAffine2D/1 (62 ms)
[ RUN      ] EstimateAffine_EstimateAffine2D.EstimateAffine2D/2, where GetParam() = (100000, 0.99, LMEDS, 10)
[ PERFSTAT ]    (samples=10   mean=27.73   median=27.62   min=27.34   stddev=0.52 (1.9%))
[       OK ] EstimateAffine_EstimateAffine2D.EstimateAffine2D/2 (277 ms)
[ RUN      ] EstimateAffine_EstimateAffine2D.EstimateAffine2D/3, where GetParam() = (100000, 0.99, LMEDS, 0)
[ PERFSTAT ]    (samples=10   mean=20.89   median=20.88   min=20.76   stddev=0.10 (0.5%))
[       OK ] EstimateAffine_EstimateAffine2D.EstimateAffine2D/3 (209 ms)
[ RUN      ] EstimateAffine_EstimateAffine2D.EstimateAffine2D/4, where GetParam() = (100000, 0.95, RANSAC, 10)
[ PERFSTAT ]    (samples=10   mean=12.77   median=12.72   min=12.66   stddev=0.13 (1.0%))
[       OK ] EstimateAffine_EstimateAffine2D.EstimateAffine2D/4 (128 ms)
[ RUN      ] EstimateAffine_EstimateAffine2D.EstimateAffine2D/5, where GetParam() = (100000, 0.95, RANSAC, 0)
[ PERFSTAT ]    (samples=10   mean=4.04   median=4.04   min=3.98   stddev=0.02 (0.5%))
[       OK ] EstimateAffine_EstimateAffine2D.EstimateAffine2D/5 (41 ms)
[ RUN      ] EstimateAffine_EstimateAffine2D.EstimateAffine2D/6, where GetParam() = (100000, 0.95, LMEDS, 10)
[ PERFSTAT ]    (samples=10   mean=37.91   median=37.73   min=37.38   stddev=0.58 (1.5%))
[       OK ] EstimateAffine_EstimateAffine2D.EstimateAffine2D/6 (380 ms)
[ RUN      ] EstimateAffine_EstimateAffine2D.EstimateAffine2D/7, where GetParam() = (100000, 0.95, LMEDS, 0)
[ PERFSTAT ]    (samples=10   mean=14.17   median=14.07   min=14.00   stddev=0.30 (2.1%))
[       OK ] EstimateAffine_EstimateAffine2D.EstimateAffine2D/7 (142 ms)
[ RUN      ] EstimateAffine_EstimateAffine2D.EstimateAffine2D/8, where GetParam() = (100000, 0.9, RANSAC, 10)
[ PERFSTAT ]    (samples=13   mean=11.79   median=11.76   min=11.66   stddev=0.14 (1.2%))
[       OK ] EstimateAffine_EstimateAffine2D.EstimateAffine2D/8 (158 ms)
[ RUN      ] EstimateAffine_EstimateAffine2D.EstimateAffine2D/9, where GetParam() = (100000, 0.9, RANSAC, 0)
[ PERFSTAT ]    (samples=10   mean=3.18   median=3.19   min=3.14   stddev=0.02 (0.5%))
[       OK ] EstimateAffine_EstimateAffine2D.EstimateAffine2D/9 (32 ms)
[ RUN      ] EstimateAffine_EstimateAffine2D.EstimateAffine2D/10, where GetParam() = (100000, 0.9, LMEDS, 10)
[ PERFSTAT ]    (samples=25   mean=29.77   median=29.54   min=29.26   stddev=0.84 (2.8%))
[       OK ] EstimateAffine_EstimateAffine2D.EstimateAffine2D/10 (753 ms)
[ RUN      ] EstimateAffine_EstimateAffine2D.EstimateAffine2D/11, where GetParam() = (100000, 0.9, LMEDS, 0)
[ PERFSTAT ]    (samples=13   mean=11.55   median=11.51   min=11.40   stddev=0.18 (1.5%))
[       OK ] EstimateAffine_EstimateAffine2D.EstimateAffine2D/11 (152 ms)
[ RUN      ] EstimateAffine_EstimateAffine2D.EstimateAffine2D/12, where GetParam() = (5000, 0.99, RANSAC, 10)
[ PERFSTAT ]    (samples=13   mean=0.59   median=0.59   min=0.59   stddev=0.00 (0.8%))
[       OK ] EstimateAffine_EstimateAffine2D.EstimateAffine2D/12 (8 ms)
[ RUN      ] EstimateAffine_EstimateAffine2D.EstimateAffine2D/13, where GetParam() = (5000, 0.99, RANSAC, 0)
[ PERFSTAT ]    (samples=13   mean=0.32   median=0.32   min=0.32   stddev=0.00 (1.1%))
[       OK ] EstimateAffine_EstimateAffine2D.EstimateAffine2D/13 (5 ms)
[ RUN      ] EstimateAffine_EstimateAffine2D.EstimateAffine2D/14, where GetParam() = (5000, 0.99, LMEDS, 10)
[ PERFSTAT ]    (samples=10   mean=1.26   median=1.25   min=1.23   stddev=0.03 (2.2%))
[       OK ] EstimateAffine_EstimateAffine2D.EstimateAffine2D/14 (12 ms)
[ RUN      ] EstimateAffine_EstimateAffine2D.EstimateAffine2D/15, where GetParam() = (5000, 0.99, LMEDS, 0)
[ PERFSTAT ]    (samples=10   mean=1.00   median=0.99   min=0.98   stddev=0.02 (2.1%))
[       OK ] EstimateAffine_EstimateAffine2D.EstimateAffine2D/15 (10 ms)
[ RUN      ] EstimateAffine_EstimateAffine2D.EstimateAffine2D/16, where GetParam() = (5000, 0.95, RANSAC, 10)
[ PERFSTAT ]    (samples=25   mean=0.48   median=0.48   min=0.47   stddev=0.00 (1.0%))
[       OK ] EstimateAffine_EstimateAffine2D.EstimateAffine2D/16 (13 ms)
[ RUN      ] EstimateAffine_EstimateAffine2D.EstimateAffine2D/17, where GetParam() = (5000, 0.95, RANSAC, 0)
[ PERFSTAT ]    (samples=10   mean=0.21   median=0.21   min=0.21   stddev=0.00 (1.2%))
[       OK ] EstimateAffine_EstimateAffine2D.EstimateAffine2D/17 (2 ms)
[ RUN      ] EstimateAffine_EstimateAffine2D.EstimateAffine2D/18, where GetParam() = (5000, 0.95, LMEDS, 10)
[ PERFSTAT ]    (samples=13   mean=1.01   median=1.01   min=0.99   stddev=0.02 (2.2%))
[       OK ] EstimateAffine_EstimateAffine2D.EstimateAffine2D/18 (13 ms)
[ RUN      ] EstimateAffine_EstimateAffine2D.EstimateAffine2D/19, where GetParam() = (5000, 0.95, LMEDS, 0)
[ PERFSTAT ]    (samples=10   mean=0.60   median=0.60   min=0.58   stddev=0.01 (2.1%))
[       OK ] EstimateAffine_EstimateAffine2D.EstimateAffine2D/19 (6 ms)
[ RUN      ] EstimateAffine_EstimateAffine2D.EstimateAffine2D/20, where GetParam() = (5000, 0.9, RANSAC, 10)
[ PERFSTAT ]    (samples=38   mean=0.44   median=0.44   min=0.43   stddev=0.01 (1.4%))
[       OK ] EstimateAffine_EstimateAffine2D.EstimateAffine2D/20 (17 ms)
[ RUN      ] EstimateAffine_EstimateAffine2D.EstimateAffine2D/21, where GetParam() = (5000, 0.9, RANSAC, 0)
[ PERFSTAT ]    (samples=100   mean=0.17   median=0.16   min=0.16   stddev=0.01 (3.3%))
[       OK ] EstimateAffine_EstimateAffine2D.EstimateAffine2D/21 (17 ms)
[ RUN      ] EstimateAffine_EstimateAffine2D.EstimateAffine2D/22, where GetParam() = (5000, 0.9, LMEDS, 10)
[ PERFSTAT ]    (samples=10   mean=0.88   median=0.88   min=0.87   stddev=0.01 (0.9%))
[       OK ] EstimateAffine_EstimateAffine2D.EstimateAffine2D/22 (9 ms)
[ RUN      ] EstimateAffine_EstimateAffine2D.EstimateAffine2D/23, where GetParam() = (5000, 0.9, LMEDS, 0)
[ PERFSTAT ]    (samples=10   mean=0.48   median=0.48   min=0.47   stddev=0.01 (2.0%))
[       OK ] EstimateAffine_EstimateAffine2D.EstimateAffine2D/23 (5 ms)
[ RUN      ] EstimateAffine_EstimateAffine2D.EstimateAffine2D/24, where GetParam() = (100, 0.99, RANSAC, 10)
[ PERFSTAT ]    (samples=25   mean=0.05   median=0.05   min=0.05   stddev=0.00 (2.4%))
[       OK ] EstimateAffine_EstimateAffine2D.EstimateAffine2D/24 (1 ms)
[ RUN      ] EstimateAffine_EstimateAffine2D.EstimateAffine2D/25, where GetParam() = (100, 0.99, RANSAC, 0)
[ PERFSTAT ]    (samples=13   mean=0.03   median=0.03   min=0.03   stddev=0.00 (0.9%))
[       OK ] EstimateAffine_EstimateAffine2D.EstimateAffine2D/25 (1 ms)
[ RUN      ] EstimateAffine_EstimateAffine2D.EstimateAffine2D/26, where GetParam() = (100, 0.99, LMEDS, 10)
[ PERFSTAT ]    (samples=100   mean=0.03   median=0.03   min=0.03   stddev=0.00 (1.7%))
[       OK ] EstimateAffine_EstimateAffine2D.EstimateAffine2D/26 (3 ms)
[ RUN      ] EstimateAffine_EstimateAffine2D.EstimateAffine2D/27, where GetParam() = (100, 0.99, LMEDS, 0)
[ PERFSTAT ]    (samples=13   mean=0.02   median=0.02   min=0.02   stddev=0.00 (2.1%))
[       OK ] EstimateAffine_EstimateAffine2D.EstimateAffine2D/27 (1 ms)
[ RUN      ] EstimateAffine_EstimateAffine2D.EstimateAffine2D/28, where GetParam() = (100, 0.95, RANSAC, 10)
[ PERFSTAT ]    (samples=13   mean=0.04   median=0.04   min=0.04   stddev=0.00 (0.7%))
[       OK ] EstimateAffine_EstimateAffine2D.EstimateAffine2D/28 (0 ms)
[ RUN      ] EstimateAffine_EstimateAffine2D.EstimateAffine2D/29, where GetParam() = (100, 0.95, RANSAC, 0)
[ PERFSTAT ]    (samples=10   mean=0.02   median=0.02   min=0.02   stddev=0.00 (1.3%))
[       OK ] EstimateAffine_EstimateAffine2D.EstimateAffine2D/29 (1 ms)
[ RUN      ] EstimateAffine_EstimateAffine2D.EstimateAffine2D/30, where GetParam() = (100, 0.95, LMEDS, 10)
[ PERFSTAT ]    (samples=37   mean=0.03   median=0.03   min=0.03   stddev=0.00 (3.0%))
[       OK ] EstimateAffine_EstimateAffine2D.EstimateAffine2D/30 (1 ms)
[ RUN      ] EstimateAffine_EstimateAffine2D.EstimateAffine2D/31, where GetParam() = (100, 0.95, LMEDS, 0)
[ PERFSTAT ]    (samples=13   mean=0.01   median=0.01   min=0.01   stddev=0.00 (2.8%))
[       OK ] EstimateAffine_EstimateAffine2D.EstimateAffine2D/31 (0 ms)
[ RUN      ] EstimateAffine_EstimateAffine2D.EstimateAffine2D/32, where GetParam() = (100, 0.9, RANSAC, 10)
[ PERFSTAT ]    (samples=13   mean=0.04   median=0.04   min=0.04   stddev=0.00 (1.5%))
[       OK ] EstimateAffine_EstimateAffine2D.EstimateAffine2D/32 (0 ms)
[ RUN      ] EstimateAffine_EstimateAffine2D.EstimateAffine2D/33, where GetParam() = (100, 0.9, RANSAC, 0)
[ PERFSTAT ]    (samples=10   mean=0.02   median=0.02   min=0.02   stddev=0.00 (1.6%))
[       OK ] EstimateAffine_EstimateAffine2D.EstimateAffine2D/33 (1 ms)
[ RUN      ] EstimateAffine_EstimateAffine2D.EstimateAffine2D/34, where GetParam() = (100, 0.9, LMEDS, 10)
[ PERFSTAT ]    (samples=14   mean=0.04   median=0.04   min=0.04   stddev=0.00 (2.9%))
[       OK ] EstimateAffine_EstimateAffine2D.EstimateAffine2D/34 (0 ms)
[ RUN      ] EstimateAffine_EstimateAffine2D.EstimateAffine2D/35, where GetParam() = (100, 0.9, LMEDS, 0)
[ PERFSTAT ]    (samples=13   mean=0.01   median=0.01   min=0.01   stddev=0.00 (1.3%))
[       OK ] EstimateAffine_EstimateAffine2D.EstimateAffine2D/35 (0 ms)
[----------] 36 tests from EstimateAffine_EstimateAffine2D (2655 ms total)

[----------] 36 tests from EstimateAffine_EstimateAffinePartial2D
[ RUN      ] EstimateAffine_EstimateAffinePartial2D.EstimateAffinePartial2D/0, where GetParam() = (100000, 0.99, RANSAC, 10)
[ PERFSTAT ]    (samples=10   mean=6.94   median=6.88   min=6.82   stddev=0.20 (2.9%))
[       OK ] EstimateAffine_EstimateAffinePartial2D.EstimateAffinePartial2D/0 (70 ms)
[ RUN      ] EstimateAffine_EstimateAffinePartial2D.EstimateAffinePartial2D/1, where GetParam() = (100000, 0.99, RANSAC, 0)
[ PERFSTAT ]    (samples=10   mean=2.42   median=2.42   min=2.41   stddev=0.01 (0.6%))
[       OK ] EstimateAffine_EstimateAffinePartial2D.EstimateAffinePartial2D/1 (25 ms)
[ RUN      ] EstimateAffine_EstimateAffinePartial2D.EstimateAffinePartial2D/2, where GetParam() = (100000, 0.99, LMEDS, 10)
[ PERFSTAT ]    (samples=13   mean=18.78   median=18.78   min=18.60   stddev=0.10 (0.6%))
[       OK ] EstimateAffine_EstimateAffinePartial2D.EstimateAffinePartial2D/2 (248 ms)
[ RUN      ] EstimateAffine_EstimateAffinePartial2D.EstimateAffinePartial2D/3, where GetParam() = (100000, 0.99, LMEDS, 0)
[ PERFSTAT ]    (samples=10   mean=10.41   median=10.40   min=10.32   stddev=0.06 (0.6%))
[       OK ] EstimateAffine_EstimateAffinePartial2D.EstimateAffinePartial2D/3 (105 ms)
[ RUN      ] EstimateAffine_EstimateAffinePartial2D.EstimateAffinePartial2D/4, where GetParam() = (100000, 0.95, RANSAC, 10)
[ PERFSTAT ]    (samples=10   mean=6.15   median=6.16   min=6.06   stddev=0.05 (0.9%))
[       OK ] EstimateAffine_EstimateAffinePartial2D.EstimateAffinePartial2D/4 (62 ms)
[ RUN      ] EstimateAffine_EstimateAffinePartial2D.EstimateAffinePartial2D/5, where GetParam() = (100000, 0.95, RANSAC, 0)
[ PERFSTAT ]    (samples=10   mean=1.65   median=1.65   min=1.61   stddev=0.02 (1.1%))
[       OK ] EstimateAffine_EstimateAffinePartial2D.EstimateAffinePartial2D/5 (17 ms)
[ RUN      ] EstimateAffine_EstimateAffinePartial2D.EstimateAffinePartial2D/6, where GetParam() = (100000, 0.95, LMEDS, 10)
[ PERFSTAT ]    (samples=25   mean=15.12   median=15.00   min=14.86   stddev=0.39 (2.6%))
[       OK ] EstimateAffine_EstimateAffinePartial2D.EstimateAffinePartial2D/6 (382 ms)
[ RUN      ] EstimateAffine_EstimateAffinePartial2D.EstimateAffinePartial2D/7, where GetParam() = (100000, 0.95, LMEDS, 0)
[ PERFSTAT ]    (samples=10   mean=6.48   median=6.48   min=6.42   stddev=0.04 (0.6%))
[       OK ] EstimateAffine_EstimateAffinePartial2D.EstimateAffinePartial2D/7 (65 ms)
[ RUN      ] EstimateAffine_EstimateAffinePartial2D.EstimateAffinePartial2D/8, where GetParam() = (100000, 0.9, RANSAC, 10)
[ PERFSTAT ]    (samples=10   mean=5.73   median=5.72   min=5.66   stddev=0.05 (0.9%))
[       OK ] EstimateAffine_EstimateAffinePartial2D.EstimateAffinePartial2D/8 (58 ms)
[ RUN      ] EstimateAffine_EstimateAffinePartial2D.EstimateAffinePartial2D/9, where GetParam() = (100000, 0.9, RANSAC, 0)
[ PERFSTAT ]    (samples=10   mean=1.30   median=1.30   min=1.23   stddev=0.03 (2.2%))
[       OK ] EstimateAffine_EstimateAffinePartial2D.EstimateAffinePartial2D/9 (14 ms)
[ RUN      ] EstimateAffine_EstimateAffinePartial2D.EstimateAffinePartial2D/10, where GetParam() = (100000, 0.9, LMEDS, 10)
[ PERFSTAT ]    (samples=10   mean=13.19   median=13.13   min=12.85   stddev=0.38 (2.9%))
[       OK ] EstimateAffine_EstimateAffinePartial2D.EstimateAffinePartial2D/10 (132 ms)
[ RUN      ] EstimateAffine_EstimateAffinePartial2D.EstimateAffinePartial2D/11, where GetParam() = (100000, 0.9, LMEDS, 0)
[ PERFSTAT ]    (samples=10   mean=4.64   median=4.66   min=4.57   stddev=0.04 (0.9%))
[       OK ] EstimateAffine_EstimateAffinePartial2D.EstimateAffinePartial2D/11 (47 ms)
[ RUN      ] EstimateAffine_EstimateAffinePartial2D.EstimateAffinePartial2D/12, where GetParam() = (5000, 0.99, RANSAC, 10)
[ PERFSTAT ]    (samples=13   mean=0.29   median=0.30   min=0.29   stddev=0.00 (1.0%))
[       OK ] EstimateAffine_EstimateAffinePartial2D.EstimateAffinePartial2D/12 (4 ms)
[ RUN      ] EstimateAffine_EstimateAffinePartial2D.EstimateAffinePartial2D/13, where GetParam() = (5000, 0.99, RANSAC, 0)
[ PERFSTAT ]    (samples=25   mean=0.12   median=0.12   min=0.12   stddev=0.00 (2.3%))
[       OK ] EstimateAffine_EstimateAffinePartial2D.EstimateAffinePartial2D/13 (3 ms)
[ RUN      ] EstimateAffine_EstimateAffinePartial2D.EstimateAffinePartial2D/14, where GetParam() = (5000, 0.99, LMEDS, 10)
[ PERFSTAT ]    (samples=10   mean=0.62   median=0.62   min=0.61   stddev=0.01 (0.9%))
[       OK ] EstimateAffine_EstimateAffinePartial2D.EstimateAffinePartial2D/14 (7 ms)
[ RUN      ] EstimateAffine_EstimateAffinePartial2D.EstimateAffinePartial2D/15, where GetParam() = (5000, 0.99, LMEDS, 0)
[ PERFSTAT ]    (samples=10   mean=0.46   median=0.46   min=0.45   stddev=0.01 (1.8%))
[       OK ] EstimateAffine_EstimateAffinePartial2D.EstimateAffinePartial2D/15 (4 ms)
[ RUN      ] EstimateAffine_EstimateAffinePartial2D.EstimateAffinePartial2D/16, where GetParam() = (5000, 0.95, RANSAC, 10)
[ PERFSTAT ]    (samples=13   mean=0.25   median=0.25   min=0.25   stddev=0.00 (1.6%))
[       OK ] EstimateAffine_EstimateAffinePartial2D.EstimateAffinePartial2D/16 (4 ms)
[ RUN      ] EstimateAffine_EstimateAffinePartial2D.EstimateAffinePartial2D/17, where GetParam() = (5000, 0.95, RANSAC, 0)
[ PERFSTAT ]    (samples=13   mean=0.08   median=0.08   min=0.08   stddev=0.00 (2.4%))
[       OK ] EstimateAffine_EstimateAffinePartial2D.EstimateAffinePartial2D/17 (1 ms)
[ RUN      ] EstimateAffine_EstimateAffinePartial2D.EstimateAffinePartial2D/18, where GetParam() = (5000, 0.95, LMEDS, 10)
[ PERFSTAT ]    (samples=10   mean=0.50   median=0.50   min=0.49   stddev=0.00 (0.9%))
[       OK ] EstimateAffine_EstimateAffinePartial2D.EstimateAffinePartial2D/18 (5 ms)
[ RUN      ] EstimateAffine_EstimateAffinePartial2D.EstimateAffinePartial2D/19, where GetParam() = (5000, 0.95, LMEDS, 0)
[ PERFSTAT ]    (samples=26   mean=0.25   median=0.25   min=0.24   stddev=0.01 (3.0%))
[       OK ] EstimateAffine_EstimateAffinePartial2D.EstimateAffinePartial2D/19 (7 ms)
[ RUN      ] EstimateAffine_EstimateAffinePartial2D.EstimateAffinePartial2D/20, where GetParam() = (5000, 0.9, RANSAC, 10)
[ PERFSTAT ]    (samples=10   mean=0.23   median=0.23   min=0.23   stddev=0.00 (1.3%))
[       OK ] EstimateAffine_EstimateAffinePartial2D.EstimateAffinePartial2D/20 (2 ms)
[ RUN      ] EstimateAffine_EstimateAffinePartial2D.EstimateAffinePartial2D/21, where GetParam() = (5000, 0.9, RANSAC, 0)
[ PERFSTAT ]    (samples=10   mean=0.07   median=0.07   min=0.06   stddev=0.00 (2.5%))
[       OK ] EstimateAffine_EstimateAffinePartial2D.EstimateAffinePartial2D/21 (1 ms)
[ RUN      ] EstimateAffine_EstimateAffinePartial2D.EstimateAffinePartial2D/22, where GetParam() = (5000, 0.9, LMEDS, 10)
[ PERFSTAT ]    (samples=10   mean=0.43   median=0.43   min=0.43   stddev=0.00 (1.1%))
[       OK ] EstimateAffine_EstimateAffinePartial2D.EstimateAffinePartial2D/22 (4 ms)
[ RUN      ] EstimateAffine_EstimateAffinePartial2D.EstimateAffinePartial2D/23, where GetParam() = (5000, 0.9, LMEDS, 0)
[ PERFSTAT ]    (samples=10   mean=0.19   median=0.18   min=0.18   stddev=0.00 (2.1%))
[       OK ] EstimateAffine_EstimateAffinePartial2D.EstimateAffinePartial2D/23 (2 ms)
[ RUN      ] EstimateAffine_EstimateAffinePartial2D.EstimateAffinePartial2D/24, where GetParam() = (100, 0.99, RANSAC, 10)
[ PERFSTAT ]    (samples=13   mean=0.03   median=0.03   min=0.03   stddev=0.00 (1.6%))
[       OK ] EstimateAffine_EstimateAffinePartial2D.EstimateAffinePartial2D/24 (0 ms)
[ RUN      ] EstimateAffine_EstimateAffinePartial2D.EstimateAffinePartial2D/25, where GetParam() = (100, 0.99, RANSAC, 0)
[ PERFSTAT ]    (samples=13   mean=0.01   median=0.01   min=0.01   stddev=0.00 (1.9%))
[       OK ] EstimateAffine_EstimateAffinePartial2D.EstimateAffinePartial2D/25 (1 ms)
[ RUN      ] EstimateAffine_EstimateAffinePartial2D.EstimateAffinePartial2D/26, where GetParam() = (100, 0.99, LMEDS, 10)
[ PERFSTAT ]    (samples=19   mean=0.02   median=0.02   min=0.02   stddev=0.00 (3.0%))
[       OK ] EstimateAffine_EstimateAffinePartial2D.EstimateAffinePartial2D/26 (0 ms)
[ RUN      ] EstimateAffine_EstimateAffinePartial2D.EstimateAffinePartial2D/27, where GetParam() = (100, 0.99, LMEDS, 0)
[ PERFSTAT ]    (samples=10   mean=0.01   median=0.01   min=0.01   stddev=0.00 (2.4%))
[       OK ] EstimateAffine_EstimateAffinePartial2D.EstimateAffinePartial2D/27 (0 ms)
[ RUN      ] EstimateAffine_EstimateAffinePartial2D.EstimateAffinePartial2D/28, where GetParam() = (100, 0.95, RANSAC, 10)
[ PERFSTAT ]    (samples=25   mean=0.03   median=0.03   min=0.03   stddev=0.00 (2.9%))
[       OK ] EstimateAffine_EstimateAffinePartial2D.EstimateAffinePartial2D/28 (1 ms)
[ RUN      ] EstimateAffine_EstimateAffinePartial2D.EstimateAffinePartial2D/29, where GetParam() = (100, 0.95, RANSAC, 0)
[ PERFSTAT ]    (samples=12   mean=0.01   median=0.01   min=0.01   stddev=0.00 (2.9%))
[       OK ] EstimateAffine_EstimateAffinePartial2D.EstimateAffinePartial2D/29 (0 ms)
[ RUN      ] EstimateAffine_EstimateAffinePartial2D.EstimateAffinePartial2D/30, where GetParam() = (100, 0.95, LMEDS, 10)
[ PERFSTAT ]    (samples=13   mean=0.03   median=0.03   min=0.03   stddev=0.00 (1.0%))
[       OK ] EstimateAffine_EstimateAffinePartial2D.EstimateAffinePartial2D/30 (0 ms)
[ RUN      ] EstimateAffine_EstimateAffinePartial2D.EstimateAffinePartial2D/31, where GetParam() = (100, 0.95, LMEDS, 0)
[ PERFSTAT ]    (samples=13   mean=0.01   median=0.01   min=0.01   stddev=0.00 (1.4%))
[       OK ] EstimateAffine_EstimateAffinePartial2D.EstimateAffinePartial2D/31 (1 ms)
[ RUN      ] EstimateAffine_EstimateAffinePartial2D.EstimateAffinePartial2D/32, where GetParam() = (100, 0.9, RANSAC, 10)
[ PERFSTAT ]    (samples=13   mean=0.02   median=0.02   min=0.02   stddev=0.00 (1.0%))
[       OK ] EstimateAffine_EstimateAffinePartial2D.EstimateAffinePartial2D/32 (0 ms)
[ RUN      ] EstimateAffine_EstimateAffinePartial2D.EstimateAffinePartial2D/33, where GetParam() = (100, 0.9, RANSAC, 0)
[ PERFSTAT ]    (samples=13   mean=0.01   median=0.01   min=0.01   stddev=0.00 (1.6%))
[       OK ] EstimateAffine_EstimateAffinePartial2D.EstimateAffinePartial2D/33 (0 ms)
[ RUN      ] EstimateAffine_EstimateAffinePartial2D.EstimateAffinePartial2D/34, where GetParam() = (100, 0.9, LMEDS, 10)
[ PERFSTAT ]    (samples=13   mean=0.02   median=0.02   min=0.02   stddev=0.00 (0.8%))
[       OK ] EstimateAffine_EstimateAffinePartial2D.EstimateAffinePartial2D/34 (0 ms)
[ RUN      ] EstimateAffine_EstimateAffinePartial2D.EstimateAffinePartial2D/35, where GetParam() = (100, 0.9, LMEDS, 0)
[ PERFSTAT ]    (samples=13   mean=0.01   median=0.01   min=0.01   stddev=0.00 (1.0%))
[       OK ] EstimateAffine_EstimateAffinePartial2D.EstimateAffinePartial2D/35 (1 ms)
[----------] 36 tests from EstimateAffine_EstimateAffinePartial2D (1273 ms total)

[----------] 9 tests from String_Size_asymm_circles_grid
[ RUN      ] String_Size_asymm_circles_grid.asymm_circles_grid/0, where GetParam() = ("cv/cameracalibration/asymmetric_circles/acircles1.png", 7x13)
[ PERFSTAT ]    (samples=13   mean=12.14   median=12.15   min=11.94   stddev=0.11 (0.9%))
[       OK ] String_Size_asymm_circles_grid.asymm_circles_grid/0 (187 ms)
[ RUN      ] String_Size_asymm_circles_grid.asymm_circles_grid/1, where GetParam() = ("cv/cameracalibration/asymmetric_circles/acircles2.png", 7x13)
[ PERFSTAT ]    (samples=10   mean=13.98   median=13.97   min=13.90   stddev=0.06 (0.5%))
[       OK ] String_Size_asymm_circles_grid.asymm_circles_grid/1 (146 ms)
[ RUN      ] String_Size_asymm_circles_grid.asymm_circles_grid/2, where GetParam() = ("cv/cameracalibration/asymmetric_circles/acircles3.png", 7x13)
[ PERFSTAT ]    (samples=10   mean=14.29   median=14.26   min=14.18   stddev=0.11 (0.8%))
[       OK ] String_Size_asymm_circles_grid.asymm_circles_grid/2 (149 ms)
[ RUN      ] String_Size_asymm_circles_grid.asymm_circles_grid/3, where GetParam() = ("cv/cameracalibration/asymmetric_circles/acircles4.png", 5x5)
[ PERFSTAT ]    (samples=10   mean=8.66   median=8.65   min=8.53   stddev=0.10 (1.2%))
[       OK ] String_Size_asymm_circles_grid.asymm_circles_grid/3 (92 ms)
[ RUN      ] String_Size_asymm_circles_grid.asymm_circles_grid/4, where GetParam() = ("cv/cameracalibration/asymmetric_circles/acircles5.png", 5x5)
[ PERFSTAT ]    (samples=50   mean=6.78   median=6.77   min=6.55   stddev=0.14 (2.1%))
[       OK ] String_Size_asymm_circles_grid.asymm_circles_grid/4 (352 ms)
[ RUN      ] String_Size_asymm_circles_grid.asymm_circles_grid/5, where GetParam() = ("cv/cameracalibration/asymmetric_circles/acircles6.png", 5x5)
[ PERFSTAT ]    (samples=10   mean=7.34   median=7.35   min=7.29   stddev=0.04 (0.5%))
[       OK ] String_Size_asymm_circles_grid.asymm_circles_grid/5 (80 ms)
[ RUN      ] String_Size_asymm_circles_grid.asymm_circles_grid/6, where GetParam() = ("cv/cameracalibration/asymmetric_circles/acircles7.png", 3x9)
[ PERFSTAT ]    (samples=10   mean=8.34   median=8.36   min=8.22   stddev=0.07 (0.9%))
[       OK ] String_Size_asymm_circles_grid.asymm_circles_grid/6 (91 ms)
[ RUN      ] String_Size_asymm_circles_grid.asymm_circles_grid/7, where GetParam() = ("cv/cameracalibration/asymmetric_circles/acircles8.png", 3x9)
[ PERFSTAT ]    (samples=10   mean=7.57   median=7.59   min=7.47   stddev=0.06 (0.8%))
[       OK ] String_Size_asymm_circles_grid.asymm_circles_grid/7 (82 ms)
[ RUN      ] String_Size_asymm_circles_grid.asymm_circles_grid/8, where GetParam() = ("cv/cameracalibration/asymmetric_circles/acircles9.png", 3x9)
[ PERFSTAT ]    (samples=10   mean=6.99   median=7.00   min=6.91   stddev=0.03 (0.5%))
[       OK ] String_Size_asymm_circles_grid.asymm_circles_grid/8 (76 ms)
[----------] 9 tests from String_Size_asymm_circles_grid (1255 ms total)

[----------] 5 tests from CirclesGrid_RNG_Size_detect_keypoints_symmetric
[ RUN      ] CirclesGrid_RNG_Size_detect_keypoints_symmetric.detect_keypoints_symmetric/0, where GetParam() = 6x5
[ PERFSTAT ]    (samples=13   mean=1.27   median=1.28   min=1.22   stddev=0.03 (2.1%))
[       OK ] CirclesGrid_RNG_Size_detect_keypoints_symmetric.detect_keypoints_symmetric/0 (19 ms)
[ RUN      ] CirclesGrid_RNG_Size_detect_keypoints_symmetric.detect_keypoints_symmetric/1, where GetParam() = 8x6
[ PERFSTAT ]    (samples=13   mean=2.85   median=2.85   min=2.77   stddev=0.07 (2.4%))
[       OK ] CirclesGrid_RNG_Size_detect_keypoints_symmetric.detect_keypoints_symmetric/1 (38 ms)
[ RUN      ] CirclesGrid_RNG_Size_detect_keypoints_symmetric.detect_keypoints_symmetric/2, where GetParam() = 10x8
[ PERFSTAT ]    (samples=10   mean=4.38   median=4.39   min=4.29   stddev=0.05 (1.2%))
[       OK ] CirclesGrid_RNG_Size_detect_keypoints_symmetric.detect_keypoints_symmetric/2 (44 ms)
[ RUN      ] CirclesGrid_RNG_Size_detect_keypoints_symmetric.detect_keypoints_symmetric/3, where GetParam() = 15x12
[ PERFSTAT ]    (samples=10   mean=10.97   median=10.95   min=10.80   stddev=0.14 (1.3%))
[       OK ] CirclesGrid_RNG_Size_detect_keypoints_symmetric.detect_keypoints_symmetric/3 (109 ms)
[ RUN      ] CirclesGrid_RNG_Size_detect_keypoints_symmetric.detect_keypoints_symmetric/4, where GetParam() = 20x15
[ PERFSTAT ]    (samples=10   mean=23.29   median=23.35   min=22.86   stddev=0.27 (1.2%))
[       OK ] CirclesGrid_RNG_Size_detect_keypoints_symmetric.detect_keypoints_symmetric/4 (233 ms)
[----------] 5 tests from CirclesGrid_RNG_Size_detect_keypoints_symmetric (443 ms total)

[----------] 12 tests from PointsNum_Algo_solvePnP
[ RUN      ] PointsNum_Algo_solvePnP.solvePnP/0, where GetParam() = (6, SOLVEPNP_ITERATIVE)
[ PERFSTAT ]    (samples=22   mean=0.07   median=0.07   min=0.07   stddev=0.00 (3.0%))
[       OK ] PointsNum_Algo_solvePnP.solvePnP/0 (6 ms)
[ RUN      ] PointsNum_Algo_solvePnP.solvePnP/1, where GetParam() = (6, SOLVEPNP_EPNP)
[ PERFSTAT ]    (samples=50   mean=0.05   median=0.05   min=0.05   stddev=0.00 (2.9%))
[       OK ] PointsNum_Algo_solvePnP.solvePnP/1 (3 ms)
[ RUN      ] PointsNum_Algo_solvePnP.solvePnP/2, where GetParam() = (6, SOLVEPNP_UPNP)
[ PERFSTAT ]    (samples=33   mean=0.05   median=0.05   min=0.05   stddev=0.00 (3.0%))
[       OK ] PointsNum_Algo_solvePnP.solvePnP/2 (1 ms)
[ RUN      ] PointsNum_Algo_solvePnP.solvePnP/3, where GetParam() = (6, SOLVEPNP_DLS)
[ PERFSTAT ]    (samples=38   mean=0.05   median=0.05   min=0.05   stddev=0.00 (2.5%))
[       OK ] PointsNum_Algo_solvePnP.solvePnP/3 (2 ms)
[ RUN      ] PointsNum_Algo_solvePnP.solvePnP/4, where GetParam() = (27, SOLVEPNP_ITERATIVE)
[ PERFSTAT ]    (samples=35   mean=0.09   median=0.09   min=0.08   stddev=0.00 (3.0%))
[       OK ] PointsNum_Algo_solvePnP.solvePnP/4 (4 ms)
[ RUN      ] PointsNum_Algo_solvePnP.solvePnP/5, where GetParam() = (27, SOLVEPNP_EPNP)
[ PERFSTAT ]    (samples=38   mean=0.05   median=0.05   min=0.05   stddev=0.00 (2.9%))
[       OK ] PointsNum_Algo_solvePnP.solvePnP/5 (2 ms)
[ RUN      ] PointsNum_Algo_solvePnP.solvePnP/6, where GetParam() = (27, SOLVEPNP_UPNP)
[ PERFSTAT ]    (samples=25   mean=0.05   median=0.05   min=0.05   stddev=0.00 (2.8%))
[       OK ] PointsNum_Algo_solvePnP.solvePnP/6 (1 ms)
[ RUN      ] PointsNum_Algo_solvePnP.solvePnP/7, where GetParam() = (27, SOLVEPNP_DLS)
[ PERFSTAT ]    (samples=38   mean=0.05   median=0.05   min=0.05   stddev=0.00 (2.1%))
[       OK ] PointsNum_Algo_solvePnP.solvePnP/7 (2 ms)
[ RUN      ] PointsNum_Algo_solvePnP.solvePnP/8, where GetParam() = (91, SOLVEPNP_ITERATIVE)
[ PERFSTAT ]    (samples=13   mean=0.27   median=0.26   min=0.26   stddev=0.01 (3.0%))
[       OK ] PointsNum_Algo_solvePnP.solvePnP/8 (4 ms)
[ RUN      ] PointsNum_Algo_solvePnP.solvePnP/9, where GetParam() = (91, SOLVEPNP_EPNP)
[ PERFSTAT ]    (samples=38   mean=0.07   median=0.07   min=0.07   stddev=0.00 (2.5%))
[       OK ] PointsNum_Algo_solvePnP.solvePnP/9 (3 ms)
[ RUN      ] PointsNum_Algo_solvePnP.solvePnP/10, where GetParam() = (91, SOLVEPNP_UPNP)
[ PERFSTAT ]    (samples=75   mean=0.07   median=0.07   min=0.07   stddev=0.00 (2.9%))
[       OK ] PointsNum_Algo_solvePnP.solvePnP/10 (5 ms)
[ RUN      ] PointsNum_Algo_solvePnP.solvePnP/11, where GetParam() = (91, SOLVEPNP_DLS)
[ PERFSTAT ]    (samples=38   mean=0.07   median=0.07   min=0.07   stddev=0.00 (2.6%))
[       OK ] PointsNum_Algo_solvePnP.solvePnP/11 (3 ms)
[----------] 12 tests from PointsNum_Algo_solvePnP (36 ms total)

[----------] 4 tests from PointsNum_Algo_solvePnPSmallPoints
[ RUN      ] PointsNum_Algo_solvePnPSmallPoints.solvePnPSmallPoints/0, where GetParam() = (5, SOLVEPNP_P3P)
[ PERFSTAT ]    (samples=100   mean=0.02   median=0.02   min=0.02   stddev=0.00 (4.1%))
[       OK ] PointsNum_Algo_solvePnPSmallPoints.solvePnPSmallPoints/0 (2 ms)
[ RUN      ] PointsNum_Algo_solvePnPSmallPoints.solvePnPSmallPoints/1, where GetParam() = (5, SOLVEPNP_EPNP)
[ PERFSTAT ]    (samples=50   mean=0.05   median=0.05   min=0.05   stddev=0.00 (2.9%))
[       OK ] PointsNum_Algo_solvePnPSmallPoints.solvePnPSmallPoints/1 (2 ms)
[ RUN      ] PointsNum_Algo_solvePnPSmallPoints.solvePnPSmallPoints/2, where GetParam() = (5, SOLVEPNP_DLS)
[ PERFSTAT ]    (samples=38   mean=0.05   median=0.05   min=0.05   stddev=0.00 (2.5%))
[       OK ] PointsNum_Algo_solvePnPSmallPoints.solvePnPSmallPoints/2 (2 ms)
[ RUN      ] PointsNum_Algo_solvePnPSmallPoints.solvePnPSmallPoints/3, where GetParam() = (5, SOLVEPNP_UPNP)
[ PERFSTAT ]    (samples=35   mean=0.05   median=0.05   min=0.05   stddev=0.00 (3.0%))
[       OK ] PointsNum_Algo_solvePnPSmallPoints.solvePnPSmallPoints/3 (2 ms)
[----------] 4 tests from PointsNum_Algo_solvePnPSmallPoints (8 ms total)

[----------] 12 tests from TestStereoCorrespSGBM_SGBM
[ RUN      ] TestStereoCorrespSGBM_SGBM.SGBM/0, where GetParam() = (1280x720, 256, StereoSGBM::MODE_SGBM)
[ PERFSTAT ]    (samples=10   mean=462.99   median=461.69   min=460.11   stddev=3.55 (0.8%))
[       OK ] TestStereoCorrespSGBM_SGBM.SGBM/0 (4663 ms)
[ RUN      ] TestStereoCorrespSGBM_SGBM.SGBM/1, where GetParam() = (1280x720, 256, StereoSGBM::MODE_SGBM_3WAY)
[ PERFSTAT ]    (samples=25   mean=122.68   median=123.64   min=118.07   stddev=3.66 (3.0%))
[       OK ] TestStereoCorrespSGBM_SGBM.SGBM/1 (3243 ms)
[ RUN      ] TestStereoCorrespSGBM_SGBM.SGBM/2, where GetParam() = (1280x720, 256, StereoSGBM::MODE_HH4)
.
[ PERFSTAT ]    (samples=100   mean=160.01   median=160.65   min=145.45   stddev=5.73 (3.6%))
[       OK ] TestStereoCorrespSGBM_SGBM.SGBM/2 (16145 ms)
[ RUN      ] TestStereoCorrespSGBM_SGBM.SGBM/3, where GetParam() = (1280x720, 128, StereoSGBM::MODE_SGBM)
[ PERFSTAT ]    (samples=10   mean=312.48   median=311.97   min=307.59   stddev=3.95 (1.3%))
[       OK ] TestStereoCorrespSGBM_SGBM.SGBM/3 (3159 ms)
[ RUN      ] TestStereoCorrespSGBM_SGBM.SGBM/4, where GetParam() = (1280x720, 128, StereoSGBM::MODE_SGBM_3WAY)
[ PERFSTAT ]    (samples=10   mean=80.13   median=79.49   min=78.41   stddev=1.94 (2.4%))
[       OK ] TestStereoCorrespSGBM_SGBM.SGBM/4 (834 ms)
[ RUN      ] TestStereoCorrespSGBM_SGBM.SGBM/5, where GetParam() = (1280x720, 128, StereoSGBM::MODE_HH4)
[ PERFSTAT ]    (samples=10   mean=93.57   median=93.91   min=88.19   stddev=2.04 (2.2%))
[       OK ] TestStereoCorrespSGBM_SGBM.SGBM/5 (970 ms)
[ RUN      ] TestStereoCorrespSGBM_SGBM.SGBM/6, where GetParam() = (640x480, 256, StereoSGBM::MODE_SGBM)
[ PERFSTAT ]    (samples=10   mean=116.80   median=116.55   min=116.24   stddev=0.86 (0.7%))
[       OK ] TestStereoCorrespSGBM_SGBM.SGBM/6 (1179 ms)
[ RUN      ] TestStereoCorrespSGBM_SGBM.SGBM/7, where GetParam() = (640x480, 256, StereoSGBM::MODE_SGBM_3WAY)
[ PERFSTAT ]    (samples=10   mean=30.44   median=30.41   min=30.16   stddev=0.28 (0.9%))
[       OK ] TestStereoCorrespSGBM_SGBM.SGBM/7 (316 ms)
[ RUN      ] TestStereoCorrespSGBM_SGBM.SGBM/8, where GetParam() = (640x480, 256, StereoSGBM::MODE_HH4)
[ PERFSTAT ]    (samples=38   mean=48.71   median=48.99   min=42.44   stddev=1.43 (2.9%))
[       OK ] TestStereoCorrespSGBM_SGBM.SGBM/8 (1869 ms)
[ RUN      ] TestStereoCorrespSGBM_SGBM.SGBM/9, where GetParam() = (640x480, 128, StereoSGBM::MODE_SGBM)
[ PERFSTAT ]    (samples=10   mean=92.34   median=92.37   min=91.84   stddev=0.34 (0.4%))
[       OK ] TestStereoCorrespSGBM_SGBM.SGBM/9 (935 ms)
[ RUN      ] TestStereoCorrespSGBM_SGBM.SGBM/10, where GetParam() = (640x480, 128, StereoSGBM::MODE_SGBM_3WAY)
[ PERFSTAT ]    (samples=10   mean=23.73   median=23.67   min=23.55   stddev=0.20 (0.8%))
[       OK ] TestStereoCorrespSGBM_SGBM.SGBM/10 (248 ms)
[ RUN      ] TestStereoCorrespSGBM_SGBM.SGBM/11, where GetParam() = (640x480, 128, StereoSGBM::MODE_HH4)
[ PERFSTAT ]    (samples=32   mean=35.75   median=36.02   min=30.77   stddev=1.06 (3.0%))
[       OK ] TestStereoCorrespSGBM_SGBM.SGBM/11 (1158 ms)
[----------] 12 tests from TestStereoCorrespSGBM_SGBM (34719 ms total)

[----------] 4 tests from TestStereoCorrespBM_BM
[ RUN      ] TestStereoCorrespBM_BM.BM/0, where GetParam() = (1280x720, 256)
[ PERFSTAT ]    (samples=10   mean=20.29   median=20.26   min=20.09   stddev=0.16 (0.8%))
[       OK ] TestStereoCorrespBM_BM.BM/0 (214 ms)
[ RUN      ] TestStereoCorrespBM_BM.BM/1, where GetParam() = (1280x720, 128)
[ PERFSTAT ]    (samples=10   mean=14.25   median=14.09   min=13.94   stddev=0.41 (2.9%))
[       OK ] TestStereoCorrespBM_BM.BM/1 (154 ms)
[ RUN      ] TestStereoCorrespBM_BM.BM/2, where GetParam() = (640x480, 256)
[ PERFSTAT ]    (samples=10   mean=6.88   median=6.85   min=6.80   stddev=0.12 (1.7%))
[       OK ] TestStereoCorrespBM_BM.BM/2 (72 ms)
[ RUN      ] TestStereoCorrespBM_BM.BM/3, where GetParam() = (640x480, 128)
[ PERFSTAT ]    (samples=13   mean=5.66   median=5.64   min=5.55   stddev=0.11 (1.9%))
[       OK ] TestStereoCorrespBM_BM.BM/3 (78 ms)
[----------] 4 tests from TestStereoCorrespBM_BM (518 ms total)

[----------] 4 tests from EstimateTranslation2DPerf_EstimateTranslation2D
[ RUN      ] EstimateTranslation2DPerf_EstimateTranslation2D.EstimateTranslation2D/0, where GetParam() = (1000, 0.95, RANSAC, 10)
[ PERFSTAT ]    (samples=100   mean=0.05   median=0.05   min=0.05   stddev=0.00 (7.2%))
[       OK ] EstimateTranslation2DPerf_EstimateTranslation2D.EstimateTranslation2D/0 (8 ms)
[ RUN      ] EstimateTranslation2DPerf_EstimateTranslation2D.EstimateTranslation2D/1, where GetParam() = (1000, 0.95, RANSAC, 0)
[ PERFSTAT ]    (samples=13   mean=0.01   median=0.01   min=0.01   stddev=0.00 (1.4%))
[       OK ] EstimateTranslation2DPerf_EstimateTranslation2D.EstimateTranslation2D/1 (0 ms)
[ RUN      ] EstimateTranslation2DPerf_EstimateTranslation2D.EstimateTranslation2D/2, where GetParam() = (1000, 0.95, LMEDS, 10)
[ PERFSTAT ]    (samples=13   mean=0.10   median=0.10   min=0.10   stddev=0.00 (3.0%))
[       OK ] EstimateTranslation2DPerf_EstimateTranslation2D.EstimateTranslation2D/2 (1 ms)
[ RUN      ] EstimateTranslation2DPerf_EstimateTranslation2D.EstimateTranslation2D/3, where GetParam() = (1000, 0.95, LMEDS, 0)
[ PERFSTAT ]    (samples=10   mean=0.02   median=0.02   min=0.02   stddev=0.00 (2.9%))
[       OK ] EstimateTranslation2DPerf_EstimateTranslation2D.EstimateTranslation2D/3 (1 ms)
[----------] 4 tests from EstimateTranslation2DPerf_EstimateTranslation2D (10 ms total)

[----------] Global test environment tear-down
[==========] 131 tests from 12 test cases ran. (42577 ms total)
[  PASSED  ] 131 tests.

  YOU HAVE 4 DISABLED TESTS

