[----------]
[   INFO   ] 	Implementation variant: cuda.
[----------]
[----------]
[ GPU INFO ] 	Run test suite on NVIDIA A100-SXM4-40GB GPU.
[----------]
*** CUDA Device Query (Runtime API) version (CUDART static linking) *** 

Device count: 1

Device 0: "NVIDIA A100-SXM4-40GB"
  CUDA Driver Version / Runtime Version          12.40 / 12.40
  CUDA Capability Major/Minor version number:    8.0
  Total amount of global memory:                 40507 MBytes (42474471424 bytes)
  GPU Clock Speed:                               1.41 GHz
  Max Texture Dimension Size (x,y,z)             1D=(131072), 2D=(131072,65536), 3D=(16384,16384,16384)
  Max Layered Texture Size (dim) x layers        1D=(32768) x 2048, 2D=(32768,32768) x 2048
  Total amount of constant memory:               65536 bytes
  Total amount of shared memory per block:       49152 bytes
  Total number of registers available per block: 65536
  Warp size:                                     32
  Maximum number of threads per block:           1024
  Maximum sizes of each dimension of a block:    1024 x 1024 x 64
  Maximum sizes of each dimension of a grid:     2147483647 x 65535 x 65535
  Maximum memory pitch:                          2147483647 bytes
  Texture alignment:                             512 bytes
  Concurrent copy and execution:                 Yes with 3 copy engine(s)
  Run time limit on kernels:                     No
  Integrated GPU sharing Host Memory:            No
  Support host page-locked memory mapping:       Yes
  Concurrent kernel execution:                   Yes
  Alignment requirement for Surfaces:            Yes
  Device has ECC support enabled:                Yes
  Device is using TCC driver mode:               No
  Device supports Unified Addressing (UVA):      Yes
  Device PCI Bus ID / PCI location ID:           163 / 0
  Compute Mode:
      Default (multiple host threads can use ::cudaSetDevice() with device simultaneously) 

deviceQuery, CUDA Driver = CUDART, CUDA Driver Version  = 12.40, CUDA Runtime Version = 12.40, NumDevs = 1

TEST: Skip tests with tags: 'mem_6gb', 'verylong'
CTEST_FULL_OUTPUT
OpenCV version: 4.14.0-pre
OpenCV VCS version: 4.13.0-493-g7aa163b83f
Build type: Release
Compiler: /usr/bin/c++  (ver 11.4.0)
Algorithm hint: ALGO_HINT_ACCURATE
HAL: YES (ipp (ver 0.0.1))
Parallel framework: pthreads (nthreads=30)
CPU features: SSE SSE2 SSE3 *SSE4.1 *SSE4.2 *AVX *FP16 *AVX2 *AVX512-SKX?
Intel(R) IPP version: ippIP AVX2 (l9) 2026.0.0 (-) Jun 30 2026
Intel(R) IPP features code: 0x8000
[==========] Running 41 tests from 7 test cases.
[----------] Global test environment set-up.
[----------] 1 test from ImagePair_BroxOpticalFlow
[ RUN      ] ImagePair_BroxOpticalFlow.BroxOpticalFlow/0, where GetParam() = ("gpu/opticalflow/frame0.png", "gpu/opticalflow/frame1.png")
[ PERFSTAT ]    (samples=82   mean=25.88   median=25.72   min=25.56   stddev=0.77 (3.0%))
[       OK ] ImagePair_BroxOpticalFlow.BroxOpticalFlow/0 (2241 ms)
[----------] 1 test from ImagePair_BroxOpticalFlow (2241 ms total)

[----------] 8 tests from ImagePair_Gray_NPts_WinSz_Levels_Iters_PyrLKOpticalFlowSparse
[ RUN      ] ImagePair_Gray_NPts_WinSz_Levels_Iters_PyrLKOpticalFlowSparse.PyrLKOpticalFlowSparse/0, where GetParam() = (("gpu/opticalflow/frame0.png", "gpu/opticalflow/frame1.png"), false, 8000, 21, 1, 1)
/data/xumengying/tool-verify/opencv-verify/src/opencv/modules/ts/src/ts_perf.cpp:375: Failure
Expected equality of these values:
  expect_cols
    Which is: 3854
  actual.size.p[1]
    Which is: 3851
Argument "gpu_nextPts" has unexpected number of columns

params    = (("gpu/opticalflow/frame0.png", "gpu/opticalflow/frame1.png"), false, 8000, 21, 1, 1)
termination reason:  unknown
bytesIn   =          0
bytesOut  =          0
samples   =         13 of 100
outliers  =          1
frequency = 1000000000
min       =     201651 = 0.20ms
median    =     202934 = 0.20ms
gmean     =     203913 = 0.20ms
gstddev   = 0.01551532 = 0.02ms for 97% dispersion interval
mean      =     203935 = 0.20ms
stddev    =       3224 = 0.00ms
[  FAILED  ] ImagePair_Gray_NPts_WinSz_Levels_Iters_PyrLKOpticalFlowSparse.PyrLKOpticalFlowSparse/0, where GetParam() = (("gpu/opticalflow/frame0.png", "gpu/opticalflow/frame1.png"), false, 8000, 21, 1, 1) (112 ms)
[ RUN      ] ImagePair_Gray_NPts_WinSz_Levels_Iters_PyrLKOpticalFlowSparse.PyrLKOpticalFlowSparse/1, where GetParam() = (("gpu/opticalflow/frame0.png", "gpu/opticalflow/frame1.png"), false, 8000, 21, 1, 30)
/data/xumengying/tool-verify/opencv-verify/src/opencv/modules/ts/src/ts_perf.cpp:375: Failure
Expected equality of these values:
  expect_cols
    Which is: 3854
  actual.size.p[1]
    Which is: 3851
Argument "gpu_nextPts" has unexpected number of columns

params    = (("gpu/opticalflow/frame0.png", "gpu/opticalflow/frame1.png"), false, 8000, 21, 1, 30)
termination reason:  unknown
bytesIn   =          0
bytesOut  =          0
samples   =         13 of 100
outliers  =          1
frequency = 1000000000
min       =     315085 = 0.32ms
median    =     319464 = 0.32ms
gmean     =     322763 = 0.32ms
gstddev   = 0.02755640 = 0.05ms for 97% dispersion interval
mean      =     322877 = 0.32ms
stddev    =       9113 = 0.01ms
[  FAILED  ] ImagePair_Gray_NPts_WinSz_Levels_Iters_PyrLKOpticalFlowSparse.PyrLKOpticalFlowSparse/1, where GetParam() = (("gpu/opticalflow/frame0.png", "gpu/opticalflow/frame1.png"), false, 8000, 21, 1, 30) (29 ms)
[ RUN      ] ImagePair_Gray_NPts_WinSz_Levels_Iters_PyrLKOpticalFlowSparse.PyrLKOpticalFlowSparse/2, where GetParam() = (("gpu/opticalflow/frame0.png", "gpu/opticalflow/frame1.png"), false, 8000, 21, 3, 1)
/data/xumengying/tool-verify/opencv-verify/src/opencv/modules/ts/src/ts_perf.cpp:375: Failure
Expected equality of these values:
  expect_cols
    Which is: 3854
  actual.size.p[1]
    Which is: 3851
Argument "gpu_nextPts" has unexpected number of columns

params    = (("gpu/opticalflow/frame0.png", "gpu/opticalflow/frame1.png"), false, 8000, 21, 3, 1)
termination reason:  unknown
bytesIn   =          0
bytesOut  =          0
samples   =         13 of 100
outliers  =          1
frequency = 1000000000
min       =     719720 = 0.72ms
median    =     723552 = 0.72ms
gmean     =     723611 = 0.72ms
gstddev   = 0.00319949 = 0.01ms for 97% dispersion interval
mean      =     723614 = 0.72ms
stddev    =       2318 = 0.00ms
[  FAILED  ] ImagePair_Gray_NPts_WinSz_Levels_Iters_PyrLKOpticalFlowSparse.PyrLKOpticalFlowSparse/2, where GetParam() = (("gpu/opticalflow/frame0.png", "gpu/opticalflow/frame1.png"), false, 8000, 21, 3, 1) (41 ms)
[ RUN      ] ImagePair_Gray_NPts_WinSz_Levels_Iters_PyrLKOpticalFlowSparse.PyrLKOpticalFlowSparse/3, where GetParam() = (("gpu/opticalflow/frame0.png", "gpu/opticalflow/frame1.png"), false, 8000, 21, 3, 30)
/data/xumengying/tool-verify/opencv-verify/src/opencv/modules/ts/src/ts_perf.cpp:375: Failure
Expected equality of these values:
  expect_cols
    Which is: 3854
  actual.size.p[1]
    Which is: 3851
Argument "gpu_nextPts" has unexpected number of columns

params    = (("gpu/opticalflow/frame0.png", "gpu/opticalflow/frame1.png"), false, 8000, 21, 3, 30)
termination reason:  unknown
bytesIn   =          0
bytesOut  =          0
samples   =         13 of 100
outliers  =          1
frequency = 1000000000
min       =    1107433 = 1.11ms
median    =    1120016 = 1.12ms
gmean     =    1118841 = 1.12ms
gstddev   = 0.00670861 = 0.05ms for 97% dispersion interval
mean      =    1118864 = 1.12ms
stddev    =       7517 = 0.01ms
[  FAILED  ] ImagePair_Gray_NPts_WinSz_Levels_Iters_PyrLKOpticalFlowSparse.PyrLKOpticalFlowSparse/3, where GetParam() = (("gpu/opticalflow/frame0.png", "gpu/opticalflow/frame1.png"), false, 8000, 21, 3, 30) (39 ms)
[ RUN      ] ImagePair_Gray_NPts_WinSz_Levels_Iters_PyrLKOpticalFlowSparse.PyrLKOpticalFlowSparse/4, where GetParam() = (("gpu/opticalflow/frame0.png", "gpu/opticalflow/frame1.png"), true, 8000, 21, 1, 1)
[ PERFSTAT ]    (samples=14   mean=0.11   median=0.10   min=0.10   stddev=0.00 (3.0%))
[       OK ] ImagePair_Gray_NPts_WinSz_Levels_Iters_PyrLKOpticalFlowSparse.PyrLKOpticalFlowSparse/4 (23 ms)
[ RUN      ] ImagePair_Gray_NPts_WinSz_Levels_Iters_PyrLKOpticalFlowSparse.PyrLKOpticalFlowSparse/5, where GetParam() = (("gpu/opticalflow/frame0.png", "gpu/opticalflow/frame1.png"), true, 8000, 21, 1, 30)
[ PERFSTAT ]    (samples=13   mean=0.16   median=0.16   min=0.16   stddev=0.00 (1.1%))
[       OK ] ImagePair_Gray_NPts_WinSz_Levels_Iters_PyrLKOpticalFlowSparse.PyrLKOpticalFlowSparse/5 (21 ms)
[ RUN      ] ImagePair_Gray_NPts_WinSz_Levels_Iters_PyrLKOpticalFlowSparse.PyrLKOpticalFlowSparse/6, where GetParam() = (("gpu/opticalflow/frame0.png", "gpu/opticalflow/frame1.png"), true, 8000, 21, 3, 1)
[ PERFSTAT ]    (samples=13   mean=0.30   median=0.30   min=0.30   stddev=0.00 (0.6%))
[       OK ] ImagePair_Gray_NPts_WinSz_Levels_Iters_PyrLKOpticalFlowSparse.PyrLKOpticalFlowSparse/6 (23 ms)
[ RUN      ] ImagePair_Gray_NPts_WinSz_Levels_Iters_PyrLKOpticalFlowSparse.PyrLKOpticalFlowSparse/7, where GetParam() = (("gpu/opticalflow/frame0.png", "gpu/opticalflow/frame1.png"), true, 8000, 21, 3, 30)
[ PERFSTAT ]    (samples=13   mean=0.47   median=0.47   min=0.47   stddev=0.00 (0.3%))
[       OK ] ImagePair_Gray_NPts_WinSz_Levels_Iters_PyrLKOpticalFlowSparse.PyrLKOpticalFlowSparse/7 (25 ms)
[----------] 8 tests from ImagePair_Gray_NPts_WinSz_Levels_Iters_PyrLKOpticalFlowSparse (313 ms total)

[----------] 28 tests from ImagePair_WinSz_Levels_Iters_PyrLKOpticalFlowDense
[ RUN      ] ImagePair_WinSz_Levels_Iters_PyrLKOpticalFlowDense.PyrLKOpticalFlowDense/0, where GetParam() = (("gpu/opticalflow/frame0.png", "gpu/opticalflow/frame1.png"), 3, 1, 1)
[ PERFSTAT ]    (samples=25   mean=0.86   median=0.86   min=0.85   stddev=0.01 (0.6%))
[       OK ] ImagePair_WinSz_Levels_Iters_PyrLKOpticalFlowDense.PyrLKOpticalFlowDense/0 (53 ms)
[ RUN      ] ImagePair_WinSz_Levels_Iters_PyrLKOpticalFlowDense.PyrLKOpticalFlowDense/1, where GetParam() = (("gpu/opticalflow/frame0.png", "gpu/opticalflow/frame1.png"), 3, 1, 10)
[ PERFSTAT ]    (samples=13   mean=0.91   median=0.91   min=0.90   stddev=0.00 (0.4%))
[       OK ] ImagePair_WinSz_Levels_Iters_PyrLKOpticalFlowDense.PyrLKOpticalFlowDense/1 (29 ms)
[ RUN      ] ImagePair_WinSz_Levels_Iters_PyrLKOpticalFlowDense.PyrLKOpticalFlowDense/2, where GetParam() = (("gpu/opticalflow/frame0.png", "gpu/opticalflow/frame1.png"), 3, 3, 1)
[ PERFSTAT ]    (samples=13   mean=0.97   median=0.97   min=0.96   stddev=0.00 (0.3%))
[       OK ] ImagePair_WinSz_Levels_Iters_PyrLKOpticalFlowDense.PyrLKOpticalFlowDense/2 (30 ms)
[ RUN      ] ImagePair_WinSz_Levels_Iters_PyrLKOpticalFlowDense.PyrLKOpticalFlowDense/3, where GetParam() = (("gpu/opticalflow/frame0.png", "gpu/opticalflow/frame1.png"), 3, 3, 10)
[ PERFSTAT ]    (samples=13   mean=1.05   median=1.05   min=1.04   stddev=0.01 (0.5%))
[       OK ] ImagePair_WinSz_Levels_Iters_PyrLKOpticalFlowDense.PyrLKOpticalFlowDense/3 (32 ms)
[ RUN      ] ImagePair_WinSz_Levels_Iters_PyrLKOpticalFlowDense.PyrLKOpticalFlowDense/4, where GetParam() = (("gpu/opticalflow/frame0.png", "gpu/opticalflow/frame1.png"), 5, 1, 1)
[ PERFSTAT ]    (samples=25   mean=0.87   median=0.87   min=0.86   stddev=0.01 (0.6%))
[       OK ] ImagePair_WinSz_Levels_Iters_PyrLKOpticalFlowDense.PyrLKOpticalFlowDense/4 (39 ms)
[ RUN      ] ImagePair_WinSz_Levels_Iters_PyrLKOpticalFlowDense.PyrLKOpticalFlowDense/5, where GetParam() = (("gpu/opticalflow/frame0.png", "gpu/opticalflow/frame1.png"), 5, 1, 10)
[ PERFSTAT ]    (samples=13   mean=0.97   median=0.97   min=0.96   stddev=0.01 (0.6%))
[       OK ] ImagePair_WinSz_Levels_Iters_PyrLKOpticalFlowDense.PyrLKOpticalFlowDense/5 (30 ms)
[ RUN      ] ImagePair_WinSz_Levels_Iters_PyrLKOpticalFlowDense.PyrLKOpticalFlowDense/6, where GetParam() = (("gpu/opticalflow/frame0.png", "gpu/opticalflow/frame1.png"), 5, 3, 1)
[ PERFSTAT ]    (samples=13   mean=0.98   median=0.98   min=0.97   stddev=0.00 (0.3%))
[       OK ] ImagePair_WinSz_Levels_Iters_PyrLKOpticalFlowDense.PyrLKOpticalFlowDense/6 (30 ms)
[ RUN      ] ImagePair_WinSz_Levels_Iters_PyrLKOpticalFlowDense.PyrLKOpticalFlowDense/7, where GetParam() = (("gpu/opticalflow/frame0.png", "gpu/opticalflow/frame1.png"), 5, 3, 10)
[ PERFSTAT ]    (samples=13   mean=1.15   median=1.14   min=1.13   stddev=0.02 (2.2%))
[       OK ] ImagePair_WinSz_Levels_Iters_PyrLKOpticalFlowDense.PyrLKOpticalFlowDense/7 (33 ms)
[ RUN      ] ImagePair_WinSz_Levels_Iters_PyrLKOpticalFlowDense.PyrLKOpticalFlowDense/8, where GetParam() = (("gpu/opticalflow/frame0.png", "gpu/opticalflow/frame1.png"), 7, 1, 1)
[ PERFSTAT ]    (samples=13   mean=0.89   median=0.88   min=0.87   stddev=0.02 (2.6%))
[       OK ] ImagePair_WinSz_Levels_Iters_PyrLKOpticalFlowDense.PyrLKOpticalFlowDense/8 (29 ms)
[ RUN      ] ImagePair_WinSz_Levels_Iters_PyrLKOpticalFlowDense.PyrLKOpticalFlowDense/9, where GetParam() = (("gpu/opticalflow/frame0.png", "gpu/opticalflow/frame1.png"), 7, 1, 10)
[ PERFSTAT ]    (samples=13   mean=1.07   median=1.07   min=1.06   stddev=0.01 (0.6%))
[       OK ] ImagePair_WinSz_Levels_Iters_PyrLKOpticalFlowDense.PyrLKOpticalFlowDense/9 (32 ms)
[ RUN      ] ImagePair_WinSz_Levels_Iters_PyrLKOpticalFlowDense.PyrLKOpticalFlowDense/10, where GetParam() = (("gpu/opticalflow/frame0.png", "gpu/opticalflow/frame1.png"), 7, 3, 1)
[ PERFSTAT ]    (samples=25   mean=1.00   median=1.00   min=1.00   stddev=0.00 (0.4%))
[       OK ] ImagePair_WinSz_Levels_Iters_PyrLKOpticalFlowDense.PyrLKOpticalFlowDense/10 (42 ms)
[ RUN      ] ImagePair_WinSz_Levels_Iters_PyrLKOpticalFlowDense.PyrLKOpticalFlowDense/11, where GetParam() = (("gpu/opticalflow/frame0.png", "gpu/opticalflow/frame1.png"), 7, 3, 10)
[ PERFSTAT ]    (samples=25   mean=1.28   median=1.28   min=1.28   stddev=0.01 (0.4%))
[       OK ] ImagePair_WinSz_Levels_Iters_PyrLKOpticalFlowDense.PyrLKOpticalFlowDense/11 (52 ms)
[ RUN      ] ImagePair_WinSz_Levels_Iters_PyrLKOpticalFlowDense.PyrLKOpticalFlowDense/12, where GetParam() = (("gpu/opticalflow/frame0.png", "gpu/opticalflow/frame1.png"), 9, 1, 1)
[ PERFSTAT ]    (samples=13   mean=0.90   median=0.90   min=0.89   stddev=0.00 (0.5%))
[       OK ] ImagePair_WinSz_Levels_Iters_PyrLKOpticalFlowDense.PyrLKOpticalFlowDense/12 (29 ms)
[ RUN      ] ImagePair_WinSz_Levels_Iters_PyrLKOpticalFlowDense.PyrLKOpticalFlowDense/13, where GetParam() = (("gpu/opticalflow/frame0.png", "gpu/opticalflow/frame1.png"), 9, 1, 10)
[ PERFSTAT ]    (samples=16   mean=1.19   median=1.19   min=1.17   stddev=0.04 (3.0%))
[       OK ] ImagePair_WinSz_Levels_Iters_PyrLKOpticalFlowDense.PyrLKOpticalFlowDense/13 (38 ms)
[ RUN      ] ImagePair_WinSz_Levels_Iters_PyrLKOpticalFlowDense.PyrLKOpticalFlowDense/14, where GetParam() = (("gpu/opticalflow/frame0.png", "gpu/opticalflow/frame1.png"), 9, 3, 1)
[ PERFSTAT ]    (samples=13   mean=1.01   median=1.01   min=1.01   stddev=0.01 (0.5%))
[       OK ] ImagePair_WinSz_Levels_Iters_PyrLKOpticalFlowDense.PyrLKOpticalFlowDense/14 (31 ms)
[ RUN      ] ImagePair_WinSz_Levels_Iters_PyrLKOpticalFlowDense.PyrLKOpticalFlowDense/15, where GetParam() = (("gpu/opticalflow/frame0.png", "gpu/opticalflow/frame1.png"), 9, 3, 10)
[ PERFSTAT ]    (samples=13   mean=1.46   median=1.46   min=1.45   stddev=0.01 (0.5%))
[       OK ] ImagePair_WinSz_Levels_Iters_PyrLKOpticalFlowDense.PyrLKOpticalFlowDense/15 (37 ms)
[ RUN      ] ImagePair_WinSz_Levels_Iters_PyrLKOpticalFlowDense.PyrLKOpticalFlowDense/16, where GetParam() = (("gpu/opticalflow/frame0.png", "gpu/opticalflow/frame1.png"), 13, 1, 1)
[ PERFSTAT ]    (samples=25   mean=0.94   median=0.94   min=0.93   stddev=0.01 (0.7%))
[       OK ] ImagePair_WinSz_Levels_Iters_PyrLKOpticalFlowDense.PyrLKOpticalFlowDense/16 (42 ms)
[ RUN      ] ImagePair_WinSz_Levels_Iters_PyrLKOpticalFlowDense.PyrLKOpticalFlowDense/17, where GetParam() = (("gpu/opticalflow/frame0.png", "gpu/opticalflow/frame1.png"), 13, 1, 10)
[ PERFSTAT ]    (samples=13   mean=1.55   median=1.55   min=1.53   stddev=0.01 (0.9%))
[       OK ] ImagePair_WinSz_Levels_Iters_PyrLKOpticalFlowDense.PyrLKOpticalFlowDense/17 (38 ms)
[ RUN      ] ImagePair_WinSz_Levels_Iters_PyrLKOpticalFlowDense.PyrLKOpticalFlowDense/18, where GetParam() = (("gpu/opticalflow/frame0.png", "gpu/opticalflow/frame1.png"), 13, 3, 1)
[ PERFSTAT ]    (samples=23   mean=1.11   median=1.10   min=1.09   stddev=0.03 (3.0%))
[       OK ] ImagePair_WinSz_Levels_Iters_PyrLKOpticalFlowDense.PyrLKOpticalFlowDense/18 (43 ms)
[ RUN      ] ImagePair_WinSz_Levels_Iters_PyrLKOpticalFlowDense.PyrLKOpticalFlowDense/19, where GetParam() = (("gpu/opticalflow/frame0.png", "gpu/opticalflow/frame1.png"), 13, 3, 10)
[ PERFSTAT ]    (samples=13   mean=1.96   median=1.96   min=1.96   stddev=0.01 (0.3%))
[       OK ] ImagePair_WinSz_Levels_Iters_PyrLKOpticalFlowDense.PyrLKOpticalFlowDense/19 (47 ms)
[ RUN      ] ImagePair_WinSz_Levels_Iters_PyrLKOpticalFlowDense.PyrLKOpticalFlowDense/20, where GetParam() = (("gpu/opticalflow/frame0.png", "gpu/opticalflow/frame1.png"), 17, 1, 1)
[ PERFSTAT ]    (samples=13   mean=1.00   median=1.00   min=1.00   stddev=0.00 (0.2%))
[       OK ] ImagePair_WinSz_Levels_Iters_PyrLKOpticalFlowDense.PyrLKOpticalFlowDense/20 (31 ms)
[ RUN      ] ImagePair_WinSz_Levels_Iters_PyrLKOpticalFlowDense.PyrLKOpticalFlowDense/21, where GetParam() = (("gpu/opticalflow/frame0.png", "gpu/opticalflow/frame1.png"), 17, 1, 10)
[ PERFSTAT ]    (samples=13   mean=1.94   median=1.94   min=1.91   stddev=0.04 (2.3%))
[       OK ] ImagePair_WinSz_Levels_Iters_PyrLKOpticalFlowDense.PyrLKOpticalFlowDense/21 (44 ms)
[ RUN      ] ImagePair_WinSz_Levels_Iters_PyrLKOpticalFlowDense.PyrLKOpticalFlowDense/22, where GetParam() = (("gpu/opticalflow/frame0.png", "gpu/opticalflow/frame1.png"), 17, 3, 1)
[ PERFSTAT ]    (samples=13   mean=1.20   median=1.20   min=1.19   stddev=0.01 (0.5%))
[       OK ] ImagePair_WinSz_Levels_Iters_PyrLKOpticalFlowDense.PyrLKOpticalFlowDense/22 (33 ms)
[ RUN      ] ImagePair_WinSz_Levels_Iters_PyrLKOpticalFlowDense.PyrLKOpticalFlowDense/23, where GetParam() = (("gpu/opticalflow/frame0.png", "gpu/opticalflow/frame1.png"), 17, 3, 10)
[ PERFSTAT ]    (samples=13   mean=2.58   median=2.55   min=2.54   stddev=0.05 (2.1%))
[       OK ] ImagePair_WinSz_Levels_Iters_PyrLKOpticalFlowDense.PyrLKOpticalFlowDense/23 (51 ms)
[ RUN      ] ImagePair_WinSz_Levels_Iters_PyrLKOpticalFlowDense.PyrLKOpticalFlowDense/24, where GetParam() = (("gpu/opticalflow/frame0.png", "gpu/opticalflow/frame1.png"), 21, 1, 1)
[ PERFSTAT ]    (samples=13   mean=1.09   median=1.09   min=1.09   stddev=0.00 (0.3%))
[       OK ] ImagePair_WinSz_Levels_Iters_PyrLKOpticalFlowDense.PyrLKOpticalFlowDense/24 (33 ms)
[ RUN      ] ImagePair_WinSz_Levels_Iters_PyrLKOpticalFlowDense.PyrLKOpticalFlowDense/25, where GetParam() = (("gpu/opticalflow/frame0.png", "gpu/opticalflow/frame1.png"), 21, 1, 10)
[ PERFSTAT ]    (samples=13   mean=2.42   median=2.42   min=2.38   stddev=0.03 (1.1%))
[       OK ] ImagePair_WinSz_Levels_Iters_PyrLKOpticalFlowDense.PyrLKOpticalFlowDense/25 (49 ms)
[ RUN      ] ImagePair_WinSz_Levels_Iters_PyrLKOpticalFlowDense.PyrLKOpticalFlowDense/26, where GetParam() = (("gpu/opticalflow/frame0.png", "gpu/opticalflow/frame1.png"), 21, 3, 1)
[ PERFSTAT ]    (samples=13   mean=1.33   median=1.32   min=1.32   stddev=0.04 (2.7%))
[       OK ] ImagePair_WinSz_Levels_Iters_PyrLKOpticalFlowDense.PyrLKOpticalFlowDense/26 (35 ms)
[ RUN      ] ImagePair_WinSz_Levels_Iters_PyrLKOpticalFlowDense.PyrLKOpticalFlowDense/27, where GetParam() = (("gpu/opticalflow/frame0.png", "gpu/opticalflow/frame1.png"), 21, 3, 10)
[ PERFSTAT ]    (samples=13   mean=3.31   median=3.31   min=3.25   stddev=0.03 (0.8%))
[       OK ] ImagePair_WinSz_Levels_Iters_PyrLKOpticalFlowDense.PyrLKOpticalFlowDense/27 (61 ms)
[----------] 28 tests from ImagePair_WinSz_Levels_Iters_PyrLKOpticalFlowDense (1073 ms total)

[----------] 1 test from ImagePair_FarnebackOpticalFlow
[ RUN      ] ImagePair_FarnebackOpticalFlow.FarnebackOpticalFlow/0, where GetParam() = ("gpu/opticalflow/frame0.png", "gpu/opticalflow/frame1.png")
[ PERFSTAT ]    (samples=13   mean=1.59   median=1.59   min=1.55   stddev=0.02 (1.2%))
[       OK ] ImagePair_FarnebackOpticalFlow.FarnebackOpticalFlow/0 (64 ms)
[----------] 1 test from ImagePair_FarnebackOpticalFlow (64 ms total)

[----------] 1 test from ImagePair_OpticalFlowDual_TVL1
[ RUN      ] ImagePair_OpticalFlowDual_TVL1.OpticalFlowDual_TVL1/0, where GetParam() = ("gpu/opticalflow/frame0.png", "gpu/opticalflow/frame1.png")
[ PERFSTAT ]    (samples=13   mean=26.58   median=26.57   min=26.36   stddev=0.15 (0.6%))
[       OK ] ImagePair_OpticalFlowDual_TVL1.OpticalFlowDual_TVL1/0 (388 ms)
[----------] 1 test from ImagePair_OpticalFlowDual_TVL1 (388 ms total)

[----------] 1 test from ImagePair_NvidiaOpticalFlow_1_0
[ RUN      ] ImagePair_NvidiaOpticalFlow_1_0.NvidiaOpticalFlow_1_0/0, where GetParam() = ("gpu/opticalflow/frame0.png", "gpu/opticalflow/frame1.png")
[ PERFSTAT ]    (samples=13   mean=0.34   median=0.34   min=0.33   stddev=0.01 (2.2%))
[       OK ] ImagePair_NvidiaOpticalFlow_1_0.NvidiaOpticalFlow_1_0/0 (283 ms)
[----------] 1 test from ImagePair_NvidiaOpticalFlow_1_0 (283 ms total)

[----------] 1 test from ImagePair_NvidiaOpticalFlow_2_0
[ RUN      ] ImagePair_NvidiaOpticalFlow_2_0.NvidiaOpticalFlow_2_0/0, where GetParam() = ("gpu/opticalflow/frame0.png", "gpu/opticalflow/frame1.png")
[ PERFSTAT ]    (samples=13   mean=1.91   median=1.90   min=1.90   stddev=0.01 (0.6%))
[       OK ] ImagePair_NvidiaOpticalFlow_2_0.NvidiaOpticalFlow_2_0/0 (277 ms)
[----------] 1 test from ImagePair_NvidiaOpticalFlow_2_0 (277 ms total)

[----------] Global test environment tear-down
[==========] 41 tests from 7 test cases ran. (4639 ms total)
[  PASSED  ] 37 tests.
[  FAILED  ] 4 tests, listed below:
[  FAILED  ] ImagePair_Gray_NPts_WinSz_Levels_Iters_PyrLKOpticalFlowSparse.PyrLKOpticalFlowSparse/0, where GetParam() = (("gpu/opticalflow/frame0.png", "gpu/opticalflow/frame1.png"), false, 8000, 21, 1, 1)
[  FAILED  ] ImagePair_Gray_NPts_WinSz_Levels_Iters_PyrLKOpticalFlowSparse.PyrLKOpticalFlowSparse/1, where GetParam() = (("gpu/opticalflow/frame0.png", "gpu/opticalflow/frame1.png"), false, 8000, 21, 1, 30)
[  FAILED  ] ImagePair_Gray_NPts_WinSz_Levels_Iters_PyrLKOpticalFlowSparse.PyrLKOpticalFlowSparse/2, where GetParam() = (("gpu/opticalflow/frame0.png", "gpu/opticalflow/frame1.png"), false, 8000, 21, 3, 1)
[  FAILED  ] ImagePair_Gray_NPts_WinSz_Levels_Iters_PyrLKOpticalFlowSparse.PyrLKOpticalFlowSparse/3, where GetParam() = (("gpu/opticalflow/frame0.png", "gpu/opticalflow/frame1.png"), false, 8000, 21, 3, 30)

 4 FAILED TESTS
