[----------]
[   INFO   ] 	Implementation variant: cuda.
[----------]
[----------]
[ GPU INFO ] 	Run test suite on NVIDIA A100-SXM4-40GB GPU.
[----------]
*** CUDA Device Query (Runtime API) version (CUDART static linking) *** 

Device count: 1

Device 0: "NVIDIA A100-SXM4-40GB"
  CUDA Driver Version / Runtime Version          12.40 / 12.40
  CUDA Capability Major/Minor version number:    8.0
  Total amount of global memory:                 40507 MBytes (42474471424 bytes)
  GPU Clock Speed:                               1.41 GHz
  Max Texture Dimension Size (x,y,z)             1D=(131072), 2D=(131072,65536), 3D=(16384,16384,16384)
  Max Layered Texture Size (dim) x layers        1D=(32768) x 2048, 2D=(32768,32768) x 2048
  Total amount of constant memory:               65536 bytes
  Total amount of shared memory per block:       49152 bytes
  Total number of registers available per block: 65536
  Warp size:                                     32
  Maximum number of threads per block:           1024
  Maximum sizes of each dimension of a block:    1024 x 1024 x 64
  Maximum sizes of each dimension of a grid:     2147483647 x 65535 x 65535
  Maximum memory pitch:                          2147483647 bytes
  Texture alignment:                             512 bytes
  Concurrent copy and execution:                 Yes with 3 copy engine(s)
  Run time limit on kernels:                     No
  Integrated GPU sharing Host Memory:            No
  Support host page-locked memory mapping:       Yes
  Concurrent kernel execution:                   Yes
  Alignment requirement for Surfaces:            Yes
  Device has ECC support enabled:                Yes
  Device is using TCC driver mode:               No
  Device supports Unified Addressing (UVA):      Yes
  Device PCI Bus ID / PCI location ID:           163 / 0
  Compute Mode:
      Default (multiple host threads can use ::cudaSetDevice() with device simultaneously) 

deviceQuery, CUDA Driver = CUDART, CUDA Driver Version  = 12.40, CUDA Runtime Version = 12.40, NumDevs = 1

TEST: Skip tests with tags: 'mem_6gb', 'verylong'
CTEST_FULL_OUTPUT
OpenCV version: 4.14.0-pre
OpenCV VCS version: 4.13.0-493-g7aa163b83f
Build type: Release
Compiler: /usr/bin/c++  (ver 11.4.0)
Algorithm hint: ALGO_HINT_ACCURATE
HAL: YES (ipp (ver 0.0.1))
Parallel framework: pthreads (nthreads=30)
CPU features: SSE SSE2 SSE3 *SSE4.1 *SSE4.2 *AVX *FP16 *AVX2 *AVX512-SKX?
Intel(R) IPP version: ippIP AVX2 (l9) 2026.0.0 (-) Jun 30 2026
Intel(R) IPP features code: 0x8000
[==========] Running 18 tests from 8 test cases.
[----------] Global test environment set-up.
[----------] 1 test from ImagePair_StereoBM
[ RUN      ] ImagePair_StereoBM.StereoBM/0, where GetParam() = ("gpu/perf/aloe.png", "gpu/perf/aloeR.png")
[ PERFSTAT ]    (samples=13   mean=2.39   median=2.39   min=2.39   stddev=0.00 (0.2%))
[       OK ] ImagePair_StereoBM.StereoBM/0 (158 ms)
[----------] 1 test from ImagePair_StereoBM (159 ms total)

[----------] 1 test from ImagePair_StereoBMwithUniqueness
[ RUN      ] ImagePair_StereoBMwithUniqueness.StereoBMwithUniqueness/0, where GetParam() = ("gpu/perf/aloe.png", "gpu/perf/aloeR.png")
[ PERFSTAT ]    (samples=13   mean=2.97   median=2.97   min=2.96   stddev=0.00 (0.1%))
[       OK ] ImagePair_StereoBMwithUniqueness.StereoBMwithUniqueness/0 (139 ms)
[----------] 1 test from ImagePair_StereoBMwithUniqueness (139 ms total)

[----------] 1 test from ImagePair_StereoBeliefPropagation
[ RUN      ] ImagePair_StereoBeliefPropagation.StereoBeliefPropagation/0, where GetParam() = ("gpu/stereobp/aloe-L.png", "gpu/stereobp/aloe-R.png")
[ PERFSTAT ]    (samples=13   mean=8.91   median=8.91   min=8.88   stddev=0.02 (0.2%))
[       OK ] ImagePair_StereoBeliefPropagation.StereoBeliefPropagation/0 (135 ms)
[----------] 1 test from ImagePair_StereoBeliefPropagation (135 ms total)

[----------] 1 test from ImagePair_StereoConstantSpaceBP
[ RUN      ] ImagePair_StereoConstantSpaceBP.StereoConstantSpaceBP/0, where GetParam() = ("gpu/stereobm/aloe-L.png", "gpu/stereobm/aloe-R.png")
[ PERFSTAT ]    (samples=13   mean=4.68   median=4.67   min=4.66   stddev=0.01 (0.2%))
[       OK ] ImagePair_StereoConstantSpaceBP.StereoConstantSpaceBP/0 (98 ms)
[----------] 1 test from ImagePair_StereoConstantSpaceBP (98 ms total)

[----------] 1 test from ImagePair_DisparityBilateralFilter
[ RUN      ] ImagePair_DisparityBilateralFilter.DisparityBilateralFilter/0, where GetParam() = ("gpu/stereobm/aloe-L.png", "gpu/stereobm/aloe-disp.png")
[ PERFSTAT ]    (samples=13   mean=0.07   median=0.07   min=0.07   stddev=0.00 (2.4%))
[       OK ] ImagePair_DisparityBilateralFilter.DisparityBilateralFilter/0 (19 ms)
[----------] 1 test from ImagePair_DisparityBilateralFilter (19 ms total)

[----------] 6 tests from Sz_Depth_ReprojectImageTo3D
[ RUN      ] Sz_Depth_ReprojectImageTo3D.ReprojectImageTo3D/0, where GetParam() = (1280x720, CV_8U)
[ PERFSTAT ]    (samples=13   mean=0.02   median=0.02   min=0.02   stddev=0.00 (2.9%))
[       OK ] Sz_Depth_ReprojectImageTo3D.ReprojectImageTo3D/0 (8 ms)
[ RUN      ] Sz_Depth_ReprojectImageTo3D.ReprojectImageTo3D/1, where GetParam() = (1280x720, CV_16S)
[ PERFSTAT ]    (samples=13   mean=0.02   median=0.02   min=0.02   stddev=0.00 (2.7%))
[       OK ] Sz_Depth_ReprojectImageTo3D.ReprojectImageTo3D/1 (7 ms)
[ RUN      ] Sz_Depth_ReprojectImageTo3D.ReprojectImageTo3D/2, where GetParam() = (1280x1024, CV_8U)
[ PERFSTAT ]    (samples=13   mean=0.02   median=0.02   min=0.02   stddev=0.00 (2.3%))
[       OK ] Sz_Depth_ReprojectImageTo3D.ReprojectImageTo3D/2 (8 ms)
[ RUN      ] Sz_Depth_ReprojectImageTo3D.ReprojectImageTo3D/3, where GetParam() = (1280x1024, CV_16S)
[ PERFSTAT ]    (samples=13   mean=0.02   median=0.02   min=0.02   stddev=0.00 (2.3%))
[       OK ] Sz_Depth_ReprojectImageTo3D.ReprojectImageTo3D/3 (7 ms)
[ RUN      ] Sz_Depth_ReprojectImageTo3D.ReprojectImageTo3D/4, where GetParam() = (1920x1080, CV_8U)
[ PERFSTAT ]    (samples=13   mean=0.04   median=0.04   min=0.04   stddev=0.00 (1.7%))
[       OK ] Sz_Depth_ReprojectImageTo3D.ReprojectImageTo3D/4 (13 ms)
[ RUN      ] Sz_Depth_ReprojectImageTo3D.ReprojectImageTo3D/5, where GetParam() = (1920x1080, CV_16S)
[ PERFSTAT ]    (samples=13   mean=0.04   median=0.04   min=0.04   stddev=0.00 (1.5%))
[       OK ] Sz_Depth_ReprojectImageTo3D.ReprojectImageTo3D/5 (11 ms)
[----------] 6 tests from Sz_Depth_ReprojectImageTo3D (54 ms total)

[----------] 6 tests from Sz_Depth_DrawColorDisp
[ RUN      ] Sz_Depth_DrawColorDisp.DrawColorDisp/0, where GetParam() = (1280x720, CV_8U)
[ PERFSTAT ]    (samples=25   mean=0.02   median=0.02   min=0.02   stddev=0.00 (2.6%))
[       OK ] Sz_Depth_DrawColorDisp.DrawColorDisp/0 (3 ms)
[ RUN      ] Sz_Depth_DrawColorDisp.DrawColorDisp/1, where GetParam() = (1280x720, CV_16S)
[ PERFSTAT ]    (samples=25   mean=0.02   median=0.02   min=0.02   stddev=0.00 (1.4%))
[       OK ] Sz_Depth_DrawColorDisp.DrawColorDisp/1 (3 ms)
[ RUN      ] Sz_Depth_DrawColorDisp.DrawColorDisp/2, where GetParam() = (1280x1024, CV_8U)
[ PERFSTAT ]    (samples=13   mean=0.02   median=0.02   min=0.02   stddev=0.00 (1.3%))
[       OK ] Sz_Depth_DrawColorDisp.DrawColorDisp/2 (2 ms)
[ RUN      ] Sz_Depth_DrawColorDisp.DrawColorDisp/3, where GetParam() = (1280x1024, CV_16S)
[ PERFSTAT ]    (samples=25   mean=0.02   median=0.02   min=0.02   stddev=0.00 (1.7%))
[       OK ] Sz_Depth_DrawColorDisp.DrawColorDisp/3 (4 ms)
[ RUN      ] Sz_Depth_DrawColorDisp.DrawColorDisp/4, where GetParam() = (1920x1080, CV_8U)
[ PERFSTAT ]    (samples=13   mean=0.02   median=0.02   min=0.02   stddev=0.00 (0.8%))
[       OK ] Sz_Depth_DrawColorDisp.DrawColorDisp/4 (3 ms)
[ RUN      ] Sz_Depth_DrawColorDisp.DrawColorDisp/5, where GetParam() = (1920x1080, CV_16S)
[ PERFSTAT ]    (samples=13   mean=0.02   median=0.02   min=0.02   stddev=0.00 (1.0%))
[       OK ] Sz_Depth_DrawColorDisp.DrawColorDisp/5 (5 ms)
[----------] 6 tests from Sz_Depth_DrawColorDisp (20 ms total)

[----------] 1 test from ImagePair_StereoSGM
[ RUN      ] ImagePair_StereoSGM.StereoSGM/0, where GetParam() = ("gpu/perf/aloe.png", "gpu/perf/aloeR.png")
[ PERFSTAT ]    (samples=13   mean=3.03   median=3.03   min=3.01   stddev=0.01 (0.3%))
[       OK ] ImagePair_StereoSGM.StereoSGM/0 (151 ms)
[----------] 1 test from ImagePair_StereoSGM (151 ms total)

[----------] Global test environment tear-down
[==========] 18 tests from 8 test cases ran. (775 ms total)
[  PASSED  ] 18 tests.
