TEST: Skip tests with tags: 'mem_6gb', 'verylong'
CTEST_FULL_OUTPUT
OpenCV version: 4.14.0-pre
OpenCV VCS version: 4.13.0-493-g7aa163b83f
Build type: Release
Compiler: /usr/bin/c++  (ver 11.4.0)
Algorithm hint: ALGO_HINT_ACCURATE
HAL: YES (ipp (ver 0.0.1))
Parallel framework: pthreads (nthreads=30)
CPU features: SSE SSE2 SSE3 *SSE4.1 *SSE4.2 *AVX *FP16 *AVX2 *AVX512-SKX?
Intel(R) IPP version: ippIP AVX2 (l9) 2026.0.0 (-) Jun 30 2026
Intel(R) IPP features code: 0x8000
[==========] Running 146 tests from 11 test cases.
[----------] Global test environment set-up.
[----------] 8 tests from Norm_Destination_CrossCheck_batchDistance_8U
[ RUN      ] Norm_Destination_CrossCheck_batchDistance_8U.batchDistance_8U/0, where GetParam() = (NORM_L1, 32SC1, false)
[ PERFSTAT ]    (samples=25   mean=1.82   median=1.82   min=1.73   stddev=0.03 (1.6%))
[       OK ] Norm_Destination_CrossCheck_batchDistance_8U.batchDistance_8U/0 (65 ms)
[ RUN      ] Norm_Destination_CrossCheck_batchDistance_8U.batchDistance_8U/1, where GetParam() = (NORM_L1, 32SC1, true)
[ PERFSTAT ]    (samples=10   mean=3.56   median=3.53   min=3.52   stddev=0.09 (2.4%))
[       OK ] Norm_Destination_CrossCheck_batchDistance_8U.batchDistance_8U/1 (38 ms)
[ RUN      ] Norm_Destination_CrossCheck_batchDistance_8U.batchDistance_8U/2, where GetParam() = (NORM_L1, 32FC1, false)
[ PERFSTAT ]    (samples=10   mean=4.64   median=4.61   min=4.58   stddev=0.09 (2.0%))
[       OK ] Norm_Destination_CrossCheck_batchDistance_8U.batchDistance_8U/2 (51 ms)
[ RUN      ] Norm_Destination_CrossCheck_batchDistance_8U.batchDistance_8U/3, where GetParam() = (NORM_L1, 32FC1, true)
[ PERFSTAT ]    (samples=100   mean=7.33   median=7.21   min=6.75   stddev=0.54 (7.3%))
[       OK ] Norm_Destination_CrossCheck_batchDistance_8U.batchDistance_8U/3 (748 ms)
[ RUN      ] Norm_Destination_CrossCheck_batchDistance_8U.batchDistance_8U/4, where GetParam() = (NORM_L2SQR, 32SC1, false)
[ PERFSTAT ]    (samples=13   mean=1.49   median=1.49   min=1.47   stddev=0.02 (1.3%))
[       OK ] Norm_Destination_CrossCheck_batchDistance_8U.batchDistance_8U/4 (22 ms)
[ RUN      ] Norm_Destination_CrossCheck_batchDistance_8U.batchDistance_8U/5, where GetParam() = (NORM_L2SQR, 32SC1, true)
[ PERFSTAT ]    (samples=13   mean=3.05   median=3.04   min=3.01   stddev=0.05 (1.5%))
[       OK ] Norm_Destination_CrossCheck_batchDistance_8U.batchDistance_8U/5 (42 ms)
[ RUN      ] Norm_Destination_CrossCheck_batchDistance_8U.batchDistance_8U/6, where GetParam() = (NORM_L2SQR, 32FC1, false)
[ PERFSTAT ]    (samples=21   mean=3.50   median=3.48   min=3.42   stddev=0.10 (3.0%))
[       OK ] Norm_Destination_CrossCheck_batchDistance_8U.batchDistance_8U/6 (79 ms)
[ RUN      ] Norm_Destination_CrossCheck_batchDistance_8U.batchDistance_8U/7, where GetParam() = (NORM_L2SQR, 32FC1, true)
[ PERFSTAT ]    (samples=13   mean=6.96   median=6.94   min=6.91   stddev=0.06 (0.9%))
[       OK ] Norm_Destination_CrossCheck_batchDistance_8U.batchDistance_8U/7 (94 ms)
[----------] 8 tests from Norm_Destination_CrossCheck_batchDistance_8U (1139 ms total)

[----------] 4 tests from Norm_CrossCheck_batchDistance_Dest_32S
[ RUN      ] Norm_CrossCheck_batchDistance_Dest_32S.batchDistance_Dest_32S/0, where GetParam() = (NORM_HAMMING, false)
[ PERFSTAT ]    (samples=74   mean=0.32   median=0.32   min=0.31   stddev=0.01 (3.0%))
[       OK ] Norm_CrossCheck_batchDistance_Dest_32S.batchDistance_Dest_32S/0 (27 ms)
[ RUN      ] Norm_CrossCheck_batchDistance_Dest_32S.batchDistance_Dest_32S/1, where GetParam() = (NORM_HAMMING, true)
[ PERFSTAT ]    (samples=25   mean=0.73   median=0.72   min=0.71   stddev=0.02 (2.2%))
[       OK ] Norm_CrossCheck_batchDistance_Dest_32S.batchDistance_Dest_32S/1 (21 ms)
[ RUN      ] Norm_CrossCheck_batchDistance_Dest_32S.batchDistance_Dest_32S/2, where GetParam() = (NORM_HAMMING2, false)
[ PERFSTAT ]    (samples=13   mean=0.80   median=0.80   min=0.79   stddev=0.01 (1.4%))
[       OK ] Norm_CrossCheck_batchDistance_Dest_32S.batchDistance_Dest_32S/2 (14 ms)
[ RUN      ] Norm_CrossCheck_batchDistance_Dest_32S.batchDistance_Dest_32S/3, where GetParam() = (NORM_HAMMING2, true)
[ PERFSTAT ]    (samples=13   mean=1.67   median=1.67   min=1.65   stddev=0.01 (0.8%))
[       OK ] Norm_CrossCheck_batchDistance_Dest_32S.batchDistance_Dest_32S/3 (24 ms)
[----------] 4 tests from Norm_CrossCheck_batchDistance_Dest_32S (86 ms total)

[----------] 4 tests from Source_CrossCheck_batchDistance_L2
[ RUN      ] Source_CrossCheck_batchDistance_L2.batchDistance_L2/0, where GetParam() = (8UC1, false)
[ PERFSTAT ]    (samples=13   mean=3.73   median=3.78   min=3.46   stddev=0.11 (3.0%))
[       OK ] Source_CrossCheck_batchDistance_L2.batchDistance_L2/0 (51 ms)
[ RUN      ] Source_CrossCheck_batchDistance_L2.batchDistance_L2/1, where GetParam() = (8UC1, true)
[ PERFSTAT ]    (samples=13   mean=7.20   median=7.22   min=6.98   stddev=0.18 (2.5%))
[       OK ] Source_CrossCheck_batchDistance_L2.batchDistance_L2/1 (96 ms)
[ RUN      ] Source_CrossCheck_batchDistance_L2.batchDistance_L2/2, where GetParam() = (32FC1, false)
[ PERFSTAT ]    (samples=100   mean=0.92   median=0.91   min=0.89   stddev=0.03 (3.3%))
[       OK ] Source_CrossCheck_batchDistance_L2.batchDistance_L2/2 (99 ms)
[ RUN      ] Source_CrossCheck_batchDistance_L2.batchDistance_L2/3, where GetParam() = (32FC1, true)
[ PERFSTAT ]    (samples=21   mean=1.84   median=1.82   min=1.78   stddev=0.05 (3.0%))
[       OK ] Source_CrossCheck_batchDistance_L2.batchDistance_L2/3 (44 ms)
[----------] 4 tests from Source_CrossCheck_batchDistance_L2 (290 ms total)

[----------] 4 tests from Norm_CrossCheck_batchDistance_32F
[ RUN      ] Norm_CrossCheck_batchDistance_32F.batchDistance_32F/0, where GetParam() = (NORM_L1, false)
[ PERFSTAT ]    (samples=13   mean=1.95   median=1.95   min=1.93   stddev=0.01 (0.4%))
[       OK ] Norm_CrossCheck_batchDistance_32F.batchDistance_32F/0 (30 ms)
[ RUN      ] Norm_CrossCheck_batchDistance_32F.batchDistance_32F/1, where GetParam() = (NORM_L1, true)
[ PERFSTAT ]    (samples=100   mean=3.59   median=3.51   min=3.47   stddev=0.13 (3.5%))
[       OK ] Norm_CrossCheck_batchDistance_32F.batchDistance_32F/1 (371 ms)
[ RUN      ] Norm_CrossCheck_batchDistance_32F.batchDistance_32F/2, where GetParam() = (NORM_L2SQR, false)
[ PERFSTAT ]    (samples=37   mean=0.84   median=0.83   min=0.82   stddev=0.03 (3.0%))
[       OK ] Norm_CrossCheck_batchDistance_32F.batchDistance_32F/2 (37 ms)
[ RUN      ] Norm_CrossCheck_batchDistance_32F.batchDistance_32F/3, where GetParam() = (NORM_L2SQR, true)
[ PERFSTAT ]    (samples=25   mean=1.68   median=1.67   min=1.63   stddev=0.04 (2.5%))
[       OK ] Norm_CrossCheck_batchDistance_32F.batchDistance_32F/3 (49 ms)
[----------] 4 tests from Norm_CrossCheck_batchDistance_32F (487 ms total)

[----------] 12 tests from Fast_Params_detect
[ RUN      ] Fast_Params_detect.detect/0, where GetParam() = (20, 2, false, "cv/inpaint/orig.png")
[ PERFSTAT ]    (samples=13   mean=0.37   median=0.37   min=0.36   stddev=0.00 (1.0%))
[       OK ] Fast_Params_detect.detect/0 (23 ms)
[ RUN      ] Fast_Params_detect.detect/1, where GetParam() = (20, 2, false, "cv/cameracalibration/chess9.png")
[ PERFSTAT ]    (samples=13   mean=0.95   median=0.95   min=0.94   stddev=0.00 (0.5%))
[       OK ] Fast_Params_detect.detect/1 (42 ms)
[ RUN      ] Fast_Params_detect.detect/2, where GetParam() = (20, 2, true, "cv/inpaint/orig.png")
[ PERFSTAT ]    (samples=10   mean=0.48   median=0.48   min=0.48   stddev=0.01 (1.3%))
[       OK ] Fast_Params_detect.detect/2 (13 ms)
[ RUN      ] Fast_Params_detect.detect/3, where GetParam() = (20, 2, true, "cv/cameracalibration/chess9.png")
[ PERFSTAT ]    (samples=10   mean=1.14   median=1.14   min=1.14   stddev=0.01 (0.7%))
[       OK ] Fast_Params_detect.detect/3 (39 ms)
[ RUN      ] Fast_Params_detect.detect/4, where GetParam() = (30, 2, false, "cv/inpaint/orig.png")
[ PERFSTAT ]    (samples=10   mean=0.24   median=0.24   min=0.24   stddev=0.00 (1.8%))
[       OK ] Fast_Params_detect.detect/4 (10 ms)
[ RUN      ] Fast_Params_detect.detect/5, where GetParam() = (30, 2, false, "cv/cameracalibration/chess9.png")
[ PERFSTAT ]    (samples=10   mean=0.87   median=0.86   min=0.86   stddev=0.02 (2.4%))
[       OK ] Fast_Params_detect.detect/5 (36 ms)
[ RUN      ] Fast_Params_detect.detect/6, where GetParam() = (30, 2, true, "cv/inpaint/orig.png")
[ PERFSTAT ]    (samples=10   mean=0.31   median=0.31   min=0.30   stddev=0.00 (1.2%))
[       OK ] Fast_Params_detect.detect/6 (11 ms)
[ RUN      ] Fast_Params_detect.detect/7, where GetParam() = (30, 2, true, "cv/cameracalibration/chess9.png")
[ PERFSTAT ]    (samples=10   mean=0.99   median=0.99   min=0.98   stddev=0.01 (0.7%))
[       OK ] Fast_Params_detect.detect/7 (37 ms)
[ RUN      ] Fast_Params_detect.detect/8, where GetParam() = (100, 2, false, "cv/inpaint/orig.png")
[ PERFSTAT ]    (samples=25   mean=0.05   median=0.05   min=0.05   stddev=0.00 (2.1%))
[       OK ] Fast_Params_detect.detect/8 (9 ms)
[ RUN      ] Fast_Params_detect.detect/9, where GetParam() = (100, 2, false, "cv/cameracalibration/chess9.png")
[ PERFSTAT ]    (samples=13   mean=0.27   median=0.26   min=0.26   stddev=0.00 (1.7%))
[       OK ] Fast_Params_detect.detect/9 (30 ms)
[ RUN      ] Fast_Params_detect.detect/10, where GetParam() = (100, 2, true, "cv/inpaint/orig.png")
[ PERFSTAT ]    (samples=25   mean=0.05   median=0.05   min=0.05   stddev=0.00 (1.6%))
[       OK ] Fast_Params_detect.detect/10 (9 ms)
[ RUN      ] Fast_Params_detect.detect/11, where GetParam() = (100, 2, true, "cv/cameracalibration/chess9.png")
[ PERFSTAT ]    (samples=63   mean=0.27   median=0.27   min=0.26   stddev=0.01 (2.8%))
[       OK ] Fast_Params_detect.detect/11 (45 ms)
[----------] 12 tests from Fast_Params_detect (304 ms total)

[----------] 60 tests from feature2d_detect
[ RUN      ] feature2d_detect.detect/0, where GetParam() = (FAST_DEFAULT, "cv/detectors_descriptors_evaluation/images_datasets/leuven/img1.png")
[ PERFSTAT ]    (samples=13   mean=2.44   median=2.44   min=2.43   stddev=0.01 (0.3%))
[       OK ] feature2d_detect.detect/0 (55 ms)
[ RUN      ] feature2d_detect.detect/1, where GetParam() = (FAST_DEFAULT, "stitching/a3.png")
[ PERFSTAT ]    (samples=10   mean=1.97   median=1.96   min=1.94   stddev=0.03 (1.6%))
[       OK ] feature2d_detect.detect/1 (37 ms)
[ RUN      ] feature2d_detect.detect/2, where GetParam() = (FAST_DEFAULT, "stitching/s2.jpg")
[ PERFSTAT ]    (samples=13   mean=9.16   median=9.13   min=9.07   stddev=0.07 (0.8%))
[       OK ] feature2d_detect.detect/2 (151 ms)
[ RUN      ] feature2d_detect.detect/3, where GetParam() = (FAST_20_TRUE_TYPE5_8, "cv/detectors_descriptors_evaluation/images_datasets/leuven/img1.png")
[ PERFSTAT ]    (samples=10   mean=1.51   median=1.51   min=1.48   stddev=0.03 (1.8%))
[       OK ] feature2d_detect.detect/3 (34 ms)
[ RUN      ] feature2d_detect.detect/4, where GetParam() = (FAST_20_TRUE_TYPE5_8, "stitching/a3.png")
[ PERFSTAT ]    (samples=10   mean=0.82   median=0.82   min=0.81   stddev=0.01 (0.7%))
[       OK ] feature2d_detect.detect/4 (23 ms)
[ RUN      ] feature2d_detect.detect/5, where GetParam() = (FAST_20_TRUE_TYPE5_8, "stitching/s2.jpg")
[ PERFSTAT ]    (samples=10   mean=6.24   median=6.21   min=6.16   stddev=0.07 (1.1%))
[       OK ] feature2d_detect.detect/5 (92 ms)
[ RUN      ] feature2d_detect.detect/6, where GetParam() = (FAST_20_TRUE_TYPE7_12, "cv/detectors_descriptors_evaluation/images_datasets/leuven/img1.png")
[ PERFSTAT ]    (samples=10   mean=4.97   median=4.91   min=4.89   stddev=0.12 (2.4%))
[       OK ] feature2d_detect.detect/6 (68 ms)
[ RUN      ] feature2d_detect.detect/7, where GetParam() = (FAST_20_TRUE_TYPE7_12, "stitching/a3.png")
[ PERFSTAT ]    (samples=10   mean=2.77   median=2.77   min=2.76   stddev=0.01 (0.5%))
[       OK ] feature2d_detect.detect/7 (43 ms)
[ RUN      ] feature2d_detect.detect/8, where GetParam() = (FAST_20_TRUE_TYPE7_12, "stitching/s2.jpg")
[ PERFSTAT ]    (samples=10   mean=19.70   median=19.66   min=19.46   stddev=0.26 (1.3%))
[       OK ] feature2d_detect.detect/8 (225 ms)
[ RUN      ] feature2d_detect.detect/9, where GetParam() = (FAST_20_TRUE_TYPE9_16, "cv/detectors_descriptors_evaluation/images_datasets/leuven/img1.png")
[ PERFSTAT ]    (samples=10   mean=1.33   median=1.32   min=1.32   stddev=0.03 (2.1%))
[       OK ] feature2d_detect.detect/9 (33 ms)
[ RUN      ] feature2d_detect.detect/10, where GetParam() = (FAST_20_TRUE_TYPE9_16, "stitching/a3.png")
[ PERFSTAT ]    (samples=10   mean=1.02   median=1.02   min=1.02   stddev=0.01 (0.5%))
[       OK ] feature2d_detect.detect/10 (26 ms)
[ RUN      ] feature2d_detect.detect/11, where GetParam() = (FAST_20_TRUE_TYPE9_16, "stitching/s2.jpg")
[ PERFSTAT ]    (samples=13   mean=5.39   median=5.38   min=5.37   stddev=0.03 (0.6%))
[       OK ] feature2d_detect.detect/11 (99 ms)
[ RUN      ] feature2d_detect.detect/12, where GetParam() = (FAST_20_FALSE_TYPE5_8, "cv/detectors_descriptors_evaluation/images_datasets/leuven/img1.png")
[ PERFSTAT ]    (samples=10   mean=1.48   median=1.48   min=1.47   stddev=0.01 (0.8%))
[       OK ] feature2d_detect.detect/12 (33 ms)
[ RUN      ] feature2d_detect.detect/13, where GetParam() = (FAST_20_FALSE_TYPE5_8, "stitching/a3.png")
[ PERFSTAT ]    (samples=10   mean=0.82   median=0.81   min=0.81   stddev=0.02 (2.3%))
[       OK ] feature2d_detect.detect/13 (24 ms)
[ RUN      ] feature2d_detect.detect/14, where GetParam() = (FAST_20_FALSE_TYPE5_8, "stitching/s2.jpg")
[ PERFSTAT ]    (samples=10   mean=6.09   median=6.05   min=6.01   stddev=0.11 (1.8%))
[       OK ] feature2d_detect.detect/14 (89 ms)
[ RUN      ] feature2d_detect.detect/15, where GetParam() = (FAST_20_FALSE_TYPE7_12, "cv/detectors_descriptors_evaluation/images_datasets/leuven/img1.png")
[ PERFSTAT ]    (samples=10   mean=4.60   median=4.59   min=4.57   stddev=0.04 (0.8%))
[       OK ] feature2d_detect.detect/15 (65 ms)
[ RUN      ] feature2d_detect.detect/16, where GetParam() = (FAST_20_FALSE_TYPE7_12, "stitching/a3.png")
[ PERFSTAT ]    (samples=10   mean=2.54   median=2.53   min=2.50   stddev=0.03 (1.4%))
[       OK ] feature2d_detect.detect/16 (42 ms)
[ RUN      ] feature2d_detect.detect/17, where GetParam() = (FAST_20_FALSE_TYPE7_12, "stitching/s2.jpg")
[ PERFSTAT ]    (samples=10   mean=17.66   median=17.51   min=17.45   stddev=0.43 (2.5%))
[       OK ] feature2d_detect.detect/17 (205 ms)
[ RUN      ] feature2d_detect.detect/18, where GetParam() = (FAST_20_FALSE_TYPE9_16, "cv/detectors_descriptors_evaluation/images_datasets/leuven/img1.png")
[ PERFSTAT ]    (samples=10   mean=1.02   median=1.01   min=1.00   stddev=0.02 (2.2%))
[       OK ] feature2d_detect.detect/18 (28 ms)
[ RUN      ] feature2d_detect.detect/19, where GetParam() = (FAST_20_FALSE_TYPE9_16, "stitching/a3.png")
[ PERFSTAT ]    (samples=10   mean=0.70   median=0.70   min=0.69   stddev=0.01 (1.5%))
[       OK ] feature2d_detect.detect/19 (23 ms)
[ RUN      ] feature2d_detect.detect/20, where GetParam() = (FAST_20_FALSE_TYPE9_16, "stitching/s2.jpg")
[ PERFSTAT ]    (samples=13   mean=3.77   median=3.75   min=3.75   stddev=0.05 (1.3%))
[       OK ] feature2d_detect.detect/20 (77 ms)
[ RUN      ] feature2d_detect.detect/21, where GetParam() = (AGAST_DEFAULT, "cv/detectors_descriptors_evaluation/images_datasets/leuven/img1.png")
[ PERFSTAT ]    (samples=10   mean=12.54   median=12.41   min=12.29   stddev=0.36 (2.9%))
[       OK ] feature2d_detect.detect/21 (143 ms)
[ RUN      ] feature2d_detect.detect/22, where GetParam() = (AGAST_DEFAULT, "stitching/a3.png")
[ PERFSTAT ]    (samples=10   mean=10.69   median=10.65   min=10.59   stddev=0.13 (1.2%))
[       OK ] feature2d_detect.detect/22 (123 ms)
[ RUN      ] feature2d_detect.detect/23, where GetParam() = (AGAST_DEFAULT, "stitching/s2.jpg")
[ PERFSTAT ]    (samples=10   mean=51.30   median=50.97   min=50.77   stddev=0.77 (1.5%))
[       OK ] feature2d_detect.detect/23 (543 ms)
[ RUN      ] feature2d_detect.detect/24, where GetParam() = (AGAST_5_8, "cv/detectors_descriptors_evaluation/images_datasets/leuven/img1.png")
[ PERFSTAT ]    (samples=10   mean=1.20   median=1.19   min=1.19   stddev=0.02 (1.8%))
[       OK ] feature2d_detect.detect/24 (33 ms)
[ RUN      ] feature2d_detect.detect/25, where GetParam() = (AGAST_5_8, "stitching/a3.png")
[ PERFSTAT ]    (samples=10   mean=0.95   median=0.95   min=0.94   stddev=0.01 (0.6%))
[       OK ] feature2d_detect.detect/25 (28 ms)
[ RUN      ] feature2d_detect.detect/26, where GetParam() = (AGAST_5_8, "stitching/s2.jpg")
[ PERFSTAT ]    (samples=10   mean=2.99   median=2.98   min=2.96   stddev=0.02 (0.8%))
[       OK ] feature2d_detect.detect/26 (58 ms)
[ RUN      ] feature2d_detect.detect/27, where GetParam() = (AGAST_7_12d, "cv/detectors_descriptors_evaluation/images_datasets/leuven/img1.png")
[ PERFSTAT ]    (samples=10   mean=1.60   median=1.60   min=1.57   stddev=0.03 (1.6%))
[       OK ] feature2d_detect.detect/27 (35 ms)
[ RUN      ] feature2d_detect.detect/28, where GetParam() = (AGAST_7_12d, "stitching/a3.png")
[ PERFSTAT ]    (samples=10   mean=1.59   median=1.59   min=1.58   stddev=0.02 (1.0%))
[       OK ] feature2d_detect.detect/28 (31 ms)
[ RUN      ] feature2d_detect.detect/29, where GetParam() = (AGAST_7_12d, "stitching/s2.jpg")
[ PERFSTAT ]    (samples=10   mean=4.42   median=4.42   min=4.37   stddev=0.04 (0.8%))
[       OK ] feature2d_detect.detect/29 (71 ms)
[ RUN      ] feature2d_detect.detect/30, where GetParam() = (AGAST_7_12s, "cv/detectors_descriptors_evaluation/images_datasets/leuven/img1.png")
[ PERFSTAT ]    (samples=10   mean=1.52   median=1.52   min=1.51   stddev=0.02 (1.3%))
[       OK ] feature2d_detect.detect/30 (33 ms)
[ RUN      ] feature2d_detect.detect/31, where GetParam() = (AGAST_7_12s, "stitching/a3.png")
[ PERFSTAT ]    (samples=10   mean=1.51   median=1.51   min=1.50   stddev=0.01 (0.9%))
[       OK ] feature2d_detect.detect/31 (31 ms)
[ RUN      ] feature2d_detect.detect/32, where GetParam() = (AGAST_7_12s, "stitching/s2.jpg")
[ PERFSTAT ]    (samples=10   mean=4.12   median=4.11   min=4.10   stddev=0.02 (0.5%))
[       OK ] feature2d_detect.detect/32 (68 ms)
[ RUN      ] feature2d_detect.detect/33, where GetParam() = (AGAST_OAST_9_16, "cv/detectors_descriptors_evaluation/images_datasets/leuven/img1.png")
[ PERFSTAT ]    (samples=10   mean=1.79   median=1.78   min=1.76   stddev=0.03 (1.8%))
[       OK ] feature2d_detect.detect/33 (36 ms)
[ RUN      ] feature2d_detect.detect/34, where GetParam() = (AGAST_OAST_9_16, "stitching/a3.png")
[ PERFSTAT ]    (samples=10   mean=1.90   median=1.89   min=1.87   stddev=0.02 (1.2%))
[       OK ] feature2d_detect.detect/34 (34 ms)
[ RUN      ] feature2d_detect.detect/35, where GetParam() = (AGAST_OAST_9_16, "stitching/s2.jpg")
[ PERFSTAT ]    (samples=10   mean=4.77   median=4.76   min=4.70   stddev=0.05 (1.1%))
[       OK ] feature2d_detect.detect/35 (76 ms)
[ RUN      ] feature2d_detect.detect/36, where GetParam() = (MSER_DEFAULT, "cv/detectors_descriptors_evaluation/images_datasets/leuven/img1.png")
[ PERFSTAT ]    (samples=10   mean=190.23   median=188.80   min=188.14   stddev=4.64 (2.4%))
[       OK ] feature2d_detect.detect/36 (1921 ms)
[ RUN      ] feature2d_detect.detect/37, where GetParam() = (MSER_DEFAULT, "stitching/a3.png")
[ PERFSTAT ]    (samples=10   mean=101.26   median=100.92   min=100.29   stddev=1.39 (1.4%))
[       OK ] feature2d_detect.detect/37 (1034 ms)
[ RUN      ] feature2d_detect.detect/38, where GetParam() = (MSER_DEFAULT, "stitching/s2.jpg")
[ PERFSTAT ]    (samples=10   mean=277.93   median=277.03   min=276.01   stddev=2.99 (1.1%))
[       OK ] feature2d_detect.detect/38 (2811 ms)
[ RUN      ] feature2d_detect.detect/39, where GetParam() = (ORB_DEFAULT, "cv/detectors_descriptors_evaluation/images_datasets/leuven/img1.png")
[ PERFSTAT ]    (samples=13   mean=7.17   median=7.16   min=7.09   stddev=0.06 (0.8%))
[       OK ] feature2d_detect.detect/39 (123 ms)
[ RUN      ] feature2d_detect.detect/40, where GetParam() = (ORB_DEFAULT, "stitching/a3.png")
[ PERFSTAT ]    (samples=10   mean=6.18   median=6.14   min=6.11   stddev=0.08 (1.4%))
[       OK ] feature2d_detect.detect/40 (79 ms)
[ RUN      ] feature2d_detect.detect/41, where GetParam() = (ORB_DEFAULT, "stitching/s2.jpg")
[ PERFSTAT ]    (samples=10   mean=20.52   median=20.45   min=20.29   stddev=0.24 (1.2%))
[       OK ] feature2d_detect.detect/41 (234 ms)
[ RUN      ] feature2d_detect.detect/42, where GetParam() = (ORB_1500_13_1, "cv/detectors_descriptors_evaluation/images_datasets/leuven/img1.png")
[ PERFSTAT ]    (samples=10   mean=2.52   median=2.52   min=2.51   stddev=0.02 (0.9%))
[       OK ] feature2d_detect.detect/42 (44 ms)
[ RUN      ] feature2d_detect.detect/43, where GetParam() = (ORB_1500_13_1, "stitching/a3.png")
[ PERFSTAT ]    (samples=10   mean=2.02   median=2.00   min=2.00   stddev=0.03 (1.3%))
[       OK ] feature2d_detect.detect/43 (36 ms)
[ RUN      ] feature2d_detect.detect/44, where GetParam() = (ORB_1500_13_1, "stitching/s2.jpg")
[ PERFSTAT ]    (samples=10   mean=7.07   median=7.07   min=7.04   stddev=0.03 (0.4%))
[       OK ] feature2d_detect.detect/44 (98 ms)
[ RUN      ] feature2d_detect.detect/45, where GetParam() = (AKAZE_DEFAULT, "cv/detectors_descriptors_evaluation/images_datasets/leuven/img1.png")
[ PERFSTAT ]    (samples=13   mean=50.83   median=50.44   min=49.31   stddev=1.27 (2.5%))
[       OK ] feature2d_detect.detect/45 (711 ms)
[ RUN      ] feature2d_detect.detect/46, where GetParam() = (AKAZE_DEFAULT, "stitching/a3.png")
[ PERFSTAT ]    (samples=10   mean=42.46   median=41.85   min=41.62   stddev=1.24 (2.9%))
[       OK ] feature2d_detect.detect/46 (444 ms)
[ RUN      ] feature2d_detect.detect/47, where GetParam() = (AKAZE_DEFAULT, "stitching/s2.jpg")
[ PERFSTAT ]    (samples=13   mean=91.63   median=90.79   min=89.73   stddev=1.94 (2.1%))
[       OK ] feature2d_detect.detect/47 (1229 ms)
[ RUN      ] feature2d_detect.detect/48, where GetParam() = (AKAZE_DESCRIPTOR_KAZE, "cv/detectors_descriptors_evaluation/images_datasets/leuven/img1.png")
[ PERFSTAT ]    (samples=13   mean=50.78   median=50.88   min=48.06   stddev=1.18 (2.3%))
[       OK ] feature2d_detect.detect/48 (688 ms)
[ RUN      ] feature2d_detect.detect/49, where GetParam() = (AKAZE_DESCRIPTOR_KAZE, "stitching/a3.png")
[ PERFSTAT ]    (samples=11   mean=42.29   median=41.94   min=41.17   stddev=1.26 (3.0%))
[       OK ] feature2d_detect.detect/49 (482 ms)
[ RUN      ] feature2d_detect.detect/50, where GetParam() = (AKAZE_DESCRIPTOR_KAZE, "stitching/s2.jpg")
[ PERFSTAT ]    (samples=13   mean=90.68   median=90.47   min=87.07   stddev=2.29 (2.5%))
[       OK ] feature2d_detect.detect/50 (1221 ms)
[ RUN      ] feature2d_detect.detect/51, where GetParam() = (BRISK_DEFAULT, "cv/detectors_descriptors_evaluation/images_datasets/leuven/img1.png")
[ PERFSTAT ]    (samples=13   mean=53.77   median=53.57   min=53.11   stddev=0.56 (1.0%))
[       OK ] feature2d_detect.detect/51 (738 ms)
[ RUN      ] feature2d_detect.detect/52, where GetParam() = (BRISK_DEFAULT, "stitching/a3.png")
[ PERFSTAT ]    (samples=10   mean=32.67   median=32.61   min=32.44   stddev=0.24 (0.7%))
[       OK ] feature2d_detect.detect/52 (354 ms)
[ RUN      ] feature2d_detect.detect/53, where GetParam() = (BRISK_DEFAULT, "stitching/s2.jpg")
[ PERFSTAT ]    (samples=10   mean=355.69   median=355.30   min=354.20   stddev=1.72 (0.5%))
[       OK ] feature2d_detect.detect/53 (3597 ms)
[ RUN      ] feature2d_detect.detect/54, where GetParam() = (KAZE_DEFAULT, "cv/detectors_descriptors_evaluation/images_datasets/leuven/img1.png")
.
.
[ PERFSTAT ]    (samples=100   mean=274.01   median=270.06   min=246.84   stddev=11.02 (4.0%))
[       OK ] feature2d_detect.detect/54 (27686 ms)
[ RUN      ] feature2d_detect.detect/55, where GetParam() = (KAZE_DEFAULT, "stitching/a3.png")
[ PERFSTAT ]    (samples=10   mean=251.76   median=251.70   min=250.35   stddev=0.89 (0.4%))
[       OK ] feature2d_detect.detect/55 (2538 ms)
[ RUN      ] feature2d_detect.detect/56, where GetParam() = (KAZE_DEFAULT, "stitching/s2.jpg")
[ PERFSTAT ]    (samples=10   mean=545.46   median=545.06   min=524.56   stddev=9.44 (1.7%))
[       OK ] feature2d_detect.detect/56 (5488 ms)
[ RUN      ] feature2d_detect.detect/57, where GetParam() = (SIFT_DEFAULT, "cv/detectors_descriptors_evaluation/images_datasets/leuven/img1.png")
[ PERFSTAT ]    (samples=13   mean=49.22   median=49.41   min=46.90   stddev=1.34 (2.7%))
[       OK ] feature2d_detect.detect/57 (689 ms)
[ RUN      ] feature2d_detect.detect/58, where GetParam() = (SIFT_DEFAULT, "stitching/a3.png")
[ PERFSTAT ]    (samples=100   mean=74.05   median=74.03   min=68.24   stddev=3.42 (4.6%))
[       OK ] feature2d_detect.detect/58 (7501 ms)
[ RUN      ] feature2d_detect.detect/59, where GetParam() = (SIFT_DEFAULT, "stitching/s2.jpg")
[ PERFSTAT ]    (samples=10   mean=76.66   median=76.36   min=74.06   stddev=1.71 (2.2%))
[       OK ] feature2d_detect.detect/59 (800 ms)
[----------] 60 tests from feature2d_detect (63362 ms total)

[----------] 21 tests from feature2d_extract
[ RUN      ] feature2d_extract.extract/0, where GetParam() = (ORB_DEFAULT, "cv/detectors_descriptors_evaluation/images_datasets/leuven/img1.png")
[ PERFSTAT ]    (samples=16   mean=3.38   median=3.34   min=3.30   stddev=0.10 (2.9%))
[       OK ] feature2d_extract.extract/0 (132 ms)
[ RUN      ] feature2d_extract.extract/1, where GetParam() = (ORB_DEFAULT, "stitching/a3.png")
[ PERFSTAT ]    (samples=13   mean=2.89   median=2.89   min=2.83   stddev=0.04 (1.5%))
[       OK ] feature2d_extract.extract/1 (105 ms)
[ RUN      ] feature2d_extract.extract/2, where GetParam() = (ORB_DEFAULT, "stitching/s2.jpg")
[ PERFSTAT ]    (samples=12   mean=9.40   median=9.30   min=9.12   stddev=0.28 (3.0%))
[       OK ] feature2d_extract.extract/2 (254 ms)
[ RUN      ] feature2d_extract.extract/3, where GetParam() = (ORB_1500_13_1, "cv/detectors_descriptors_evaluation/images_datasets/leuven/img1.png")
[ PERFSTAT ]    (samples=13   mean=3.09   median=3.08   min=3.05   stddev=0.04 (1.3%))
[       OK ] feature2d_extract.extract/3 (112 ms)
[ RUN      ] feature2d_extract.extract/4, where GetParam() = (ORB_1500_13_1, "stitching/a3.png")
[ PERFSTAT ]    (samples=13   mean=2.55   median=2.55   min=2.51   stddev=0.04 (1.4%))
[       OK ] feature2d_extract.extract/4 (90 ms)
[ RUN      ] feature2d_extract.extract/5, where GetParam() = (ORB_1500_13_1, "stitching/s2.jpg")
[ PERFSTAT ]    (samples=12   mean=8.86   median=8.91   min=8.48   stddev=0.26 (3.0%))
[       OK ] feature2d_extract.extract/5 (225 ms)
[ RUN      ] feature2d_extract.extract/6, where GetParam() = (AKAZE_DEFAULT, "cv/detectors_descriptors_evaluation/images_datasets/leuven/img1.png")
[ PERFSTAT ]    (samples=100   mean=45.06   median=45.44   min=40.63   stddev=2.18 (4.8%))
[       OK ] feature2d_extract.extract/6 (4633 ms)
[ RUN      ] feature2d_extract.extract/7, where GetParam() = (AKAZE_DEFAULT, "stitching/a3.png")
[ PERFSTAT ]    (samples=100   mean=37.82   median=38.29   min=34.33   stddev=1.36 (3.6%))
[       OK ] feature2d_extract.extract/7 (3872 ms)
[ RUN      ] feature2d_extract.extract/8, where GetParam() = (AKAZE_DEFAULT, "stitching/s2.jpg")
[ PERFSTAT ]    (samples=10   mean=81.62   median=82.02   min=79.22   stddev=1.36 (1.7%))
[       OK ] feature2d_extract.extract/8 (944 ms)
[ RUN      ] feature2d_extract.extract/9, where GetParam() = (AKAZE_DESCRIPTOR_KAZE, "cv/detectors_descriptors_evaluation/images_datasets/leuven/img1.png")
[ PERFSTAT ]    (samples=100   mean=46.69   median=46.65   min=39.70   stddev=3.41 (7.3%))
[       OK ] feature2d_extract.extract/9 (4810 ms)
[ RUN      ] feature2d_extract.extract/10, where GetParam() = (AKAZE_DESCRIPTOR_KAZE, "stitching/a3.png")
[ PERFSTAT ]    (samples=100   mean=38.45   median=38.74   min=33.40   stddev=2.40 (6.2%))
[       OK ] feature2d_extract.extract/10 (3965 ms)
[ RUN      ] feature2d_extract.extract/11, where GetParam() = (AKAZE_DESCRIPTOR_KAZE, "stitching/s2.jpg")
[ PERFSTAT ]    (samples=100   mean=79.44   median=78.81   min=75.00   stddev=2.89 (3.6%))
[       OK ] feature2d_extract.extract/11 (8129 ms)
[ RUN      ] feature2d_extract.extract/12, where GetParam() = (BRISK_DEFAULT, "cv/detectors_descriptors_evaluation/images_datasets/leuven/img1.png")
[ PERFSTAT ]    (samples=10   mean=11.45   median=11.41   min=11.38   stddev=0.14 (1.2%))
[       OK ] feature2d_extract.extract/12 (200 ms)
[ RUN      ] feature2d_extract.extract/13, where GetParam() = (BRISK_DEFAULT, "stitching/a3.png")
[ PERFSTAT ]    (samples=10   mean=7.95   median=7.91   min=7.90   stddev=0.11 (1.4%))
[       OK ] feature2d_extract.extract/13 (153 ms)
[ RUN      ] feature2d_extract.extract/14, where GetParam() = (BRISK_DEFAULT, "stitching/s2.jpg")
[ PERFSTAT ]    (samples=10   mean=45.01   median=44.91   min=44.80   stddev=0.22 (0.5%))
[       OK ] feature2d_extract.extract/14 (582 ms)
[ RUN      ] feature2d_extract.extract/15, where GetParam() = (KAZE_DEFAULT, "cv/detectors_descriptors_evaluation/images_datasets/leuven/img1.png")
[ PERFSTAT ]    (samples=10   mean=251.11   median=252.88   min=236.80   stddev=5.42 (2.2%))
[       OK ] feature2d_extract.extract/15 (2580 ms)
[ RUN      ] feature2d_extract.extract/16, where GetParam() = (KAZE_DEFAULT, "stitching/a3.png")
[ PERFSTAT ]    (samples=10   mean=216.02   median=216.41   min=211.81   stddev=1.68 (0.8%))
[       OK ] feature2d_extract.extract/16 (2227 ms)
[ RUN      ] feature2d_extract.extract/17, where GetParam() = (KAZE_DEFAULT, "stitching/s2.jpg")
.
.
.
[ PERFSTAT ]    (samples=100   mean=373.58   median=372.13   min=322.25   stddev=44.28 (11.9%))
[       OK ] feature2d_extract.extract/17 (38514 ms)
[ RUN      ] feature2d_extract.extract/18, where GetParam() = (SIFT_DEFAULT, "cv/detectors_descriptors_evaluation/images_datasets/leuven/img1.png")
[ PERFSTAT ]    (samples=10   mean=15.17   median=15.05   min=14.89   stddev=0.43 (2.8%))
[       OK ] feature2d_extract.extract/18 (236 ms)
[ RUN      ] feature2d_extract.extract/19, where GetParam() = (SIFT_DEFAULT, "stitching/a3.png")
[ PERFSTAT ]    (samples=10   mean=12.08   median=12.02   min=11.89   stddev=0.17 (1.4%))
[       OK ] feature2d_extract.extract/19 (183 ms)
[ RUN      ] feature2d_extract.extract/20, where GetParam() = (SIFT_DEFAULT, "stitching/s2.jpg")
[ PERFSTAT ]    (samples=10   mean=31.47   median=31.54   min=31.03   stddev=0.32 (1.0%))
[       OK ] feature2d_extract.extract/20 (436 ms)
[----------] 21 tests from feature2d_extract (72383 ms total)

[----------] 21 tests from feature2d_detectAndExtract
[ RUN      ] feature2d_detectAndExtract.detectAndExtract/0, where GetParam() = (ORB_DEFAULT, "cv/detectors_descriptors_evaluation/images_datasets/leuven/img1.png")
[ PERFSTAT ]    (samples=10   mean=8.88   median=8.80   min=8.70   stddev=0.19 (2.1%))
[       OK ] feature2d_detectAndExtract.detectAndExtract/0 (108 ms)
[ RUN      ] feature2d_detectAndExtract.detectAndExtract/1, where GetParam() = (ORB_DEFAULT, "stitching/a3.png")
[ PERFSTAT ]    (samples=10   mean=7.71   median=7.68   min=7.63   stddev=0.07 (1.0%))
[       OK ] feature2d_detectAndExtract.detectAndExtract/1 (93 ms)
[ RUN      ] feature2d_detectAndExtract.detectAndExtract/2, where GetParam() = (ORB_DEFAULT, "stitching/s2.jpg")
[ PERFSTAT ]    (samples=10   mean=22.95   median=22.80   min=22.70   stddev=0.41 (1.8%))
[       OK ] feature2d_detectAndExtract.detectAndExtract/2 (260 ms)
[ RUN      ] feature2d_detectAndExtract.detectAndExtract/3, where GetParam() = (ORB_1500_13_1, "cv/detectors_descriptors_evaluation/images_datasets/leuven/img1.png")
[ PERFSTAT ]    (samples=10   mean=4.25   median=4.22   min=4.19   stddev=0.10 (2.3%))
[       OK ] feature2d_detectAndExtract.detectAndExtract/3 (62 ms)
[ RUN      ] feature2d_detectAndExtract.detectAndExtract/4, where GetParam() = (ORB_1500_13_1, "stitching/a3.png")
[ PERFSTAT ]    (samples=10   mean=3.73   median=3.73   min=3.68   stddev=0.04 (1.2%))
[       OK ] feature2d_detectAndExtract.detectAndExtract/4 (54 ms)
[ RUN      ] feature2d_detectAndExtract.detectAndExtract/5, where GetParam() = (ORB_1500_13_1, "stitching/s2.jpg")
[ PERFSTAT ]    (samples=10   mean=9.17   median=9.14   min=9.08   stddev=0.09 (0.9%))
[       OK ] feature2d_detectAndExtract.detectAndExtract/5 (120 ms)
[ RUN      ] feature2d_detectAndExtract.detectAndExtract/6, where GetParam() = (AKAZE_DEFAULT, "cv/detectors_descriptors_evaluation/images_datasets/leuven/img1.png")
[ PERFSTAT ]    (samples=10   mean=51.86   median=52.07   min=49.13   stddev=1.04 (2.0%))
[       OK ] feature2d_detectAndExtract.detectAndExtract/6 (537 ms)
[ RUN      ] feature2d_detectAndExtract.detectAndExtract/7, where GetParam() = (AKAZE_DEFAULT, "stitching/a3.png")
[ PERFSTAT ]    (samples=25   mean=41.24   median=41.14   min=38.57   stddev=1.21 (2.9%))
[       OK ] feature2d_detectAndExtract.detectAndExtract/7 (1055 ms)
[ RUN      ] feature2d_detectAndExtract.detectAndExtract/8, where GetParam() = (AKAZE_DEFAULT, "stitching/s2.jpg")
[ PERFSTAT ]    (samples=14   mean=91.73   median=90.96   min=88.94   stddev=2.68 (2.9%))
[       OK ] feature2d_detectAndExtract.detectAndExtract/8 (1321 ms)
[ RUN      ] feature2d_detectAndExtract.detectAndExtract/9, where GetParam() = (AKAZE_DESCRIPTOR_KAZE, "cv/detectors_descriptors_evaluation/images_datasets/leuven/img1.png")
[ PERFSTAT ]    (samples=13   mean=50.21   median=50.13   min=47.10   stddev=1.44 (2.9%))
[       OK ] feature2d_detectAndExtract.detectAndExtract/9 (683 ms)
[ RUN      ] feature2d_detectAndExtract.detectAndExtract/10, where GetParam() = (AKAZE_DESCRIPTOR_KAZE, "stitching/a3.png")
[ PERFSTAT ]    (samples=10   mean=40.58   median=40.63   min=39.80   stddev=0.58 (1.4%))
[       OK ] feature2d_detectAndExtract.detectAndExtract/10 (423 ms)
[ RUN      ] feature2d_detectAndExtract.detectAndExtract/11, where GetParam() = (AKAZE_DESCRIPTOR_KAZE, "stitching/s2.jpg")
[ PERFSTAT ]    (samples=12   mean=91.80   median=91.37   min=88.58   stddev=2.74 (3.0%))
[       OK ] feature2d_detectAndExtract.detectAndExtract/11 (1134 ms)
[ RUN      ] feature2d_detectAndExtract.detectAndExtract/12, where GetParam() = (BRISK_DEFAULT, "cv/detectors_descriptors_evaluation/images_datasets/leuven/img1.png")
[ PERFSTAT ]    (samples=10   mean=73.44   median=73.00   min=72.41   stddev=1.44 (2.0%))
[       OK ] feature2d_detectAndExtract.detectAndExtract/12 (771 ms)
[ RUN      ] feature2d_detectAndExtract.detectAndExtract/13, where GetParam() = (BRISK_DEFAULT, "stitching/a3.png")
[ PERFSTAT ]    (samples=10   mean=43.79   median=43.56   min=43.46   stddev=0.58 (1.3%))
[       OK ] feature2d_detectAndExtract.detectAndExtract/13 (470 ms)
[ RUN      ] feature2d_detectAndExtract.detectAndExtract/14, where GetParam() = (BRISK_DEFAULT, "stitching/s2.jpg")
[ PERFSTAT ]    (samples=10   mean=509.96   median=509.57   min=508.85   stddev=1.05 (0.2%))
[       OK ] feature2d_detectAndExtract.detectAndExtract/14 (5145 ms)
[ RUN      ] feature2d_detectAndExtract.detectAndExtract/15, where GetParam() = (KAZE_DEFAULT, "cv/detectors_descriptors_evaluation/images_datasets/leuven/img1.png")
[ PERFSTAT ]    (samples=10   mean=280.21   median=282.09   min=262.62   stddev=7.80 (2.8%))
[       OK ] feature2d_detectAndExtract.detectAndExtract/15 (2827 ms)
[ RUN      ] feature2d_detectAndExtract.detectAndExtract/16, where GetParam() = (KAZE_DEFAULT, "stitching/a3.png")
[ PERFSTAT ]    (samples=10   mean=238.46   median=237.70   min=235.17   stddev=2.68 (1.1%))
[       OK ] feature2d_detectAndExtract.detectAndExtract/16 (2405 ms)
[ RUN      ] feature2d_detectAndExtract.detectAndExtract/17, where GetParam() = (KAZE_DEFAULT, "stitching/s2.jpg")
[ PERFSTAT ]    (samples=13   mean=459.54   median=459.18   min=449.46   stddev=7.22 (1.6%))
[       OK ] feature2d_detectAndExtract.detectAndExtract/17 (6090 ms)
[ RUN      ] feature2d_detectAndExtract.detectAndExtract/18, where GetParam() = (SIFT_DEFAULT, "cv/detectors_descriptors_evaluation/images_datasets/leuven/img1.png")
[ PERFSTAT ]    (samples=27   mean=52.36   median=52.11   min=49.65   stddev=1.57 (3.0%))
[       OK ] feature2d_detectAndExtract.detectAndExtract/18 (1453 ms)
[ RUN      ] feature2d_detectAndExtract.detectAndExtract/19, where GetParam() = (SIFT_DEFAULT, "stitching/a3.png")
[ PERFSTAT ]    (samples=100   mean=82.14   median=81.52   min=72.60   stddev=2.70 (3.3%))
[       OK ] feature2d_detectAndExtract.detectAndExtract/19 (8281 ms)
[ RUN      ] feature2d_detectAndExtract.detectAndExtract/20, where GetParam() = (SIFT_DEFAULT, "stitching/s2.jpg")
[ PERFSTAT ]    (samples=10   mean=85.74   median=85.70   min=84.08   stddev=1.26 (1.5%))
[       OK ] feature2d_detectAndExtract.detectAndExtract/20 (894 ms)
[----------] 21 tests from feature2d_detectAndExtract (34187 ms total)

[----------] 4 tests from DescriptorMatcherFixture_bfmatch_knn_L2_float
[ RUN      ] DescriptorMatcherFixture_bfmatch_knn_L2_float.bfmatch_knn_L2_float/0, where GetParam() = (64, 512)
[ PERFSTAT ]    (samples=100   mean=0.21   median=0.20   min=0.19   stddev=0.02 (8.2%))
[       OK ] DescriptorMatcherFixture_bfmatch_knn_L2_float.bfmatch_knn_L2_float/0 (23 ms)
[ RUN      ] DescriptorMatcherFixture_bfmatch_knn_L2_float.bfmatch_knn_L2_float/1, where GetParam() = (64, 1000)
[ PERFSTAT ]    (samples=20   mean=0.56   median=0.55   min=0.54   stddev=0.02 (3.0%))
[       OK ] DescriptorMatcherFixture_bfmatch_knn_L2_float.bfmatch_knn_L2_float/1 (12 ms)
[ RUN      ] DescriptorMatcherFixture_bfmatch_knn_L2_float.bfmatch_knn_L2_float/2, where GetParam() = (128, 512)
[ PERFSTAT ]    (samples=36   mean=0.30   median=0.30   min=0.29   stddev=0.01 (3.0%))
[       OK ] DescriptorMatcherFixture_bfmatch_knn_L2_float.bfmatch_knn_L2_float/2 (12 ms)
[ RUN      ] DescriptorMatcherFixture_bfmatch_knn_L2_float.bfmatch_knn_L2_float/3, where GetParam() = (128, 1000)
[ PERFSTAT ]    (samples=26   mean=0.89   median=0.89   min=0.87   stddev=0.03 (3.0%))
[       OK ] DescriptorMatcherFixture_bfmatch_knn_L2_float.bfmatch_knn_L2_float/3 (26 ms)
[----------] 4 tests from DescriptorMatcherFixture_bfmatch_knn_L2_float (73 ms total)

[----------] 4 tests from DescriptorMatcherFixture_bfmatch_knn_L1_float
[ RUN      ] DescriptorMatcherFixture_bfmatch_knn_L1_float.bfmatch_knn_L1_float/0, where GetParam() = (64, 512)
[ PERFSTAT ]    (samples=13   mean=0.26   median=0.26   min=0.25   stddev=0.01 (2.1%))
[       OK ] DescriptorMatcherFixture_bfmatch_knn_L1_float.bfmatch_knn_L1_float/0 (4 ms)
[ RUN      ] DescriptorMatcherFixture_bfmatch_knn_L1_float.bfmatch_knn_L1_float/1, where GetParam() = (64, 1000)
[ PERFSTAT ]    (samples=13   mean=0.77   median=0.77   min=0.76   stddev=0.00 (0.6%))
[       OK ] DescriptorMatcherFixture_bfmatch_knn_L1_float.bfmatch_knn_L1_float/1 (11 ms)
[ RUN      ] DescriptorMatcherFixture_bfmatch_knn_L1_float.bfmatch_knn_L1_float/2, where GetParam() = (128, 512)
[ PERFSTAT ]    (samples=13   mean=0.40   median=0.40   min=0.39   stddev=0.01 (1.8%))
[       OK ] DescriptorMatcherFixture_bfmatch_knn_L1_float.bfmatch_knn_L1_float/2 (6 ms)
[ RUN      ] DescriptorMatcherFixture_bfmatch_knn_L1_float.bfmatch_knn_L1_float/3, where GetParam() = (128, 1000)
[ PERFSTAT ]    (samples=25   mean=1.34   median=1.33   min=1.31   stddev=0.03 (2.2%))
[       OK ] DescriptorMatcherFixture_bfmatch_knn_L1_float.bfmatch_knn_L1_float/3 (36 ms)
[----------] 4 tests from DescriptorMatcherFixture_bfmatch_knn_L1_float (57 ms total)

[----------] 4 tests from DescriptorMatcherFixture_bfmatch_knn_Hamming_binary
[ RUN      ] DescriptorMatcherFixture_bfmatch_knn_Hamming_binary.bfmatch_knn_Hamming_binary/0, where GetParam() = (32, 512)
[ PERFSTAT ]    (samples=100   mean=0.19   median=0.18   min=0.16   stddev=0.02 (8.5%))
[       OK ] DescriptorMatcherFixture_bfmatch_knn_Hamming_binary.bfmatch_knn_Hamming_binary/0 (21 ms)
[ RUN      ] DescriptorMatcherFixture_bfmatch_knn_Hamming_binary.bfmatch_knn_Hamming_binary/1, where GetParam() = (32, 1000)
[ PERFSTAT ]    (samples=25   mean=0.41   median=0.41   min=0.40   stddev=0.01 (1.9%))
[       OK ] DescriptorMatcherFixture_bfmatch_knn_Hamming_binary.bfmatch_knn_Hamming_binary/1 (11 ms)
[ RUN      ] DescriptorMatcherFixture_bfmatch_knn_Hamming_binary.bfmatch_knn_Hamming_binary/2, where GetParam() = (64, 512)
[ PERFSTAT ]    (samples=13   mean=0.18   median=0.19   min=0.17   stddev=0.01 (3.0%))
[       OK ] DescriptorMatcherFixture_bfmatch_knn_Hamming_binary.bfmatch_knn_Hamming_binary/2 (2 ms)
[ RUN      ] DescriptorMatcherFixture_bfmatch_knn_Hamming_binary.bfmatch_knn_Hamming_binary/3, where GetParam() = (64, 1000)
[ PERFSTAT ]    (samples=38   mean=0.45   median=0.45   min=0.44   stddev=0.01 (2.4%))
[       OK ] DescriptorMatcherFixture_bfmatch_knn_Hamming_binary.bfmatch_knn_Hamming_binary/3 (19 ms)
[----------] 4 tests from DescriptorMatcherFixture_bfmatch_knn_Hamming_binary (53 ms total)

[----------] Global test environment tear-down
[==========] 146 tests from 11 test cases ran. (172421 ms total)
[  PASSED  ] 146 tests.
