[ERROR:0@0.008] global persistence.cpp:577 open Can't open file: '/data/xumengying/tool-verify/opencv-verify/src/opencv_extra/testdata/perf/ml.xml' in read mode
TEST: Skip tests with tags: 'mem_6gb', 'verylong'
CTEST_FULL_OUTPUT
OpenCV version: 4.14.0-pre
OpenCV VCS version: 4.13.0-493-g7aa163b83f
Build type: Release
Compiler: /usr/bin/c++  (ver 11.4.0)
Algorithm hint: ALGO_HINT_ACCURATE
HAL: YES (ipp (ver 0.0.1))
Parallel framework: pthreads (nthreads=30)
CPU features: SSE SSE2 SSE3 *SSE4.1 *SSE4.2 *AVX *FP16 *AVX2 *AVX512-SKX?
Intel(R) IPP version: ippIP AVX2 (l9) 2026.0.0 (-) Jun 30 2026
Intel(R) IPP features code: 0x8000
[==========] Running 6 tests from 2 test cases.
[----------] Global test environment set-up.
[----------] 2 tests from KNNFindNearest_brute_force
[ RUN      ] KNNFindNearest_brute_force.brute_force/0, where GetParam() = (5000, 128, 5)
[ PERFSTAT ]    (samples=13   mean=7.73   median=7.71   min=7.58   stddev=0.12 (1.5%))
[       OK ] KNNFindNearest_brute_force.brute_force/0 (119 ms)
[ RUN      ] KNNFindNearest_brute_force.brute_force/1, where GetParam() = (10000, 64, 10)
[ PERFSTAT ]    (samples=10   mean=8.65   median=8.58   min=8.51   stddev=0.19 (2.2%))
[       OK ] KNNFindNearest_brute_force.brute_force/1 (89 ms)
[----------] 2 tests from KNNFindNearest_brute_force (208 ms total)

[----------] 4 tests from SVMPredict_kernels
[ RUN      ] SVMPredict_kernels.kernels/0, where GetParam() = (1500, 512, 2)
[ PERFSTAT ]    (samples=22   mean=4.34   median=4.31   min=4.25   stddev=0.13 (3.0%))
[       OK ] SVMPredict_kernels.kernels/0 (271 ms)
[ RUN      ] SVMPredict_kernels.kernels/1, where GetParam() = (1500, 512, 1)
[ PERFSTAT ]    (samples=25   mean=3.22   median=3.20   min=3.14   stddev=0.09 (2.8%))
[       OK ] SVMPredict_kernels.kernels/1 (219 ms)
[ RUN      ] SVMPredict_kernels.kernels/2, where GetParam() = (1500, 512, 5)
[ PERFSTAT ]    (samples=13   mean=3.15   median=3.13   min=3.11   stddev=0.05 (1.7%))
[       OK ] SVMPredict_kernels.kernels/2 (172 ms)
[ RUN      ] SVMPredict_kernels.kernels/3, where GetParam() = (1500, 512, 4)
[ PERFSTAT ]    (samples=13   mean=9.49   median=9.47   min=9.36   stddev=0.09 (0.9%))
[       OK ] SVMPredict_kernels.kernels/3 (489 ms)
[----------] 4 tests from SVMPredict_kernels (1151 ms total)

[----------] Global test environment tear-down
[==========] 6 tests from 2 test cases ran. (1359 ms total)
[  PASSED  ] 6 tests.
