TEST: Skip tests with tags: 'mem_6gb', 'verylong'
CTEST_FULL_OUTPUT
OpenCV version: 4.14.0-pre
OpenCV VCS version: 4.13.0-493-g7aa163b83f
Build type: Release
Compiler: /usr/bin/c++  (ver 11.4.0)
Algorithm hint: ALGO_HINT_ACCURATE
HAL: YES (ipp (ver 0.0.1))
Parallel framework: pthreads (nthreads=30)
CPU features: SSE SSE2 SSE3 *SSE4.1 *SSE4.2 *AVX *FP16 *AVX2 *AVX512-SKX?
Intel(R) IPP version: ippIP AVX2 (l9) 2026.0.0 (-) Jun 30 2026
Intel(R) IPP features code: 0x8000
[==========] Running 6 tests from 2 test cases.
[----------] Global test environment set-up.
[----------] 3 tests from Tracking_Boosting
[ RUN      ] Tracking_Boosting.Boosting/0, where GetParam() = ("david/data/david.webm", 300, [47 x 56 from (163, 62)])
/data/xumengying/tool-verify/opencv-verify/src/opencv_contrib/modules/tracking/perf/perf_trackers.cpp:46: Failure
Value of: c.isOpened()
  Actual: false
Expected: true
/data/xumengying/tool-verify/opencv-verify/src/opencv_extra/testdata/cv/tracking/david/data/david.webm
params    = ("david/data/david.webm", 300, [47 x 56 from (163, 62)])
termination reason:  unknown
bytesIn   =          0
bytesOut  =          0
samples   =          0 of 100
outliers  =          0
frequency =          0
[  FAILED  ] Tracking_Boosting.Boosting/0, where GetParam() = ("david/data/david.webm", 300, [47 x 56 from (163, 62)]) (120 ms)
[ RUN      ] Tracking_Boosting.Boosting/1, where GetParam() = ("dudek/data/dudek.webm", 1, [132 x 176 from (123, 87)])
/data/xumengying/tool-verify/opencv-verify/src/opencv_contrib/modules/tracking/perf/perf_trackers.cpp:46: Failure
Value of: c.isOpened()
  Actual: false
Expected: true
/data/xumengying/tool-verify/opencv-verify/src/opencv_extra/testdata/cv/tracking/dudek/data/dudek.webm
params    = ("dudek/data/dudek.webm", 1, [132 x 176 from (123, 87)])
termination reason:  unknown
bytesIn   =          0
bytesOut  =          0
samples   =          0 of 100
outliers  =          0
frequency =          0
[  FAILED  ] Tracking_Boosting.Boosting/1, where GetParam() = ("dudek/data/dudek.webm", 1, [132 x 176 from (123, 87)]) (3 ms)
[ RUN      ] Tracking_Boosting.Boosting/2, where GetParam() = ("faceocc2/data/faceocc2.webm", 1, [82 x 98 from (118, 57)])
/data/xumengying/tool-verify/opencv-verify/src/opencv_contrib/modules/tracking/perf/perf_trackers.cpp:46: Failure
Value of: c.isOpened()
  Actual: false
Expected: true
/data/xumengying/tool-verify/opencv-verify/src/opencv_extra/testdata/cv/tracking/faceocc2/data/faceocc2.webm
params    = ("faceocc2/data/faceocc2.webm", 1, [82 x 98 from (118, 57)])
termination reason:  unknown
bytesIn   =          0
bytesOut  =          0
samples   =          0 of 100
outliers  =          0
frequency =          0
[  FAILED  ] Tracking_Boosting.Boosting/2, where GetParam() = ("faceocc2/data/faceocc2.webm", 1, [82 x 98 from (118, 57)]) (5 ms)
[----------] 3 tests from Tracking_Boosting (128 ms total)

[----------] 3 tests from Tracking_TLD
[ RUN      ] Tracking_TLD.TLD/0, where GetParam() = ("david/data/david.webm", 300, [47 x 56 from (163, 62)])
/data/xumengying/tool-verify/opencv-verify/src/opencv_contrib/modules/tracking/perf/perf_trackers.cpp:46: Failure
Value of: c.isOpened()
  Actual: false
Expected: true
/data/xumengying/tool-verify/opencv-verify/src/opencv_extra/testdata/cv/tracking/david/data/david.webm
params    = ("david/data/david.webm", 300, [47 x 56 from (163, 62)])
termination reason:  unknown
bytesIn   =          0
bytesOut  =          0
samples   =          0 of 100
outliers  =          0
frequency =          0
[  FAILED  ] Tracking_TLD.TLD/0, where GetParam() = ("david/data/david.webm", 300, [47 x 56 from (163, 62)]) (3 ms)
[ RUN      ] Tracking_TLD.TLD/1, where GetParam() = ("dudek/data/dudek.webm", 1, [132 x 176 from (123, 87)])
/data/xumengying/tool-verify/opencv-verify/src/opencv_contrib/modules/tracking/perf/perf_trackers.cpp:46: Failure
Value of: c.isOpened()
  Actual: false
Expected: true
/data/xumengying/tool-verify/opencv-verify/src/opencv_extra/testdata/cv/tracking/dudek/data/dudek.webm
params    = ("dudek/data/dudek.webm", 1, [132 x 176 from (123, 87)])
termination reason:  unknown
bytesIn   =          0
bytesOut  =          0
samples   =          0 of 100
outliers  =          0
frequency =          0
[  FAILED  ] Tracking_TLD.TLD/1, where GetParam() = ("dudek/data/dudek.webm", 1, [132 x 176 from (123, 87)]) (2 ms)
[ RUN      ] Tracking_TLD.TLD/2, where GetParam() = ("faceocc2/data/faceocc2.webm", 1, [82 x 98 from (118, 57)])
/data/xumengying/tool-verify/opencv-verify/src/opencv_contrib/modules/tracking/perf/perf_trackers.cpp:46: Failure
Value of: c.isOpened()
  Actual: false
Expected: true
/data/xumengying/tool-verify/opencv-verify/src/opencv_extra/testdata/cv/tracking/faceocc2/data/faceocc2.webm
params    = ("faceocc2/data/faceocc2.webm", 1, [82 x 98 from (118, 57)])
termination reason:  unknown
bytesIn   =          0
bytesOut  =          0
samples   =          0 of 100
outliers  =          0
frequency =          0
[  FAILED  ] Tracking_TLD.TLD/2, where GetParam() = ("faceocc2/data/faceocc2.webm", 1, [82 x 98 from (118, 57)]) (1 ms)
[----------] 3 tests from Tracking_TLD (6 ms total)

[----------] Global test environment tear-down
[==========] 6 tests from 2 test cases ran. (134 ms total)
[  PASSED  ] 0 tests.
[  FAILED  ] 6 tests, listed below:
[  FAILED  ] Tracking_Boosting.Boosting/0, where GetParam() = ("david/data/david.webm", 300, [47 x 56 from (163, 62)])
[  FAILED  ] Tracking_Boosting.Boosting/1, where GetParam() = ("dudek/data/dudek.webm", 1, [132 x 176 from (123, 87)])
[  FAILED  ] Tracking_Boosting.Boosting/2, where GetParam() = ("faceocc2/data/faceocc2.webm", 1, [82 x 98 from (118, 57)])
[  FAILED  ] Tracking_TLD.TLD/0, where GetParam() = ("david/data/david.webm", 300, [47 x 56 from (163, 62)])
[  FAILED  ] Tracking_TLD.TLD/1, where GetParam() = ("dudek/data/dudek.webm", 1, [132 x 176 from (123, 87)])
[  FAILED  ] Tracking_TLD.TLD/2, where GetParam() = ("faceocc2/data/faceocc2.webm", 1, [82 x 98 from (118, 57)])

 6 FAILED TESTS
