TEST: Skip tests with tags: 'mem_6gb', 'verylong'
CTEST_FULL_OUTPUT
OpenCV version: 4.14.0-pre
OpenCV VCS version: 4.13.0-493-g7aa163b83f
Build type: Release
Compiler: /usr/bin/c++  (ver 11.4.0)
Algorithm hint: ALGO_HINT_ACCURATE
HAL: YES (ipp (ver 0.0.1))
Parallel framework: pthreads (nthreads=30)
CPU features: SSE SSE2 SSE3 *SSE4.1 *SSE4.2 *AVX *FP16 *AVX2 *AVX512-SKX?
Intel(R) IPP version: ippIP AVX2 (l9) 2026.0.0 (-) Jun 30 2026
Intel(R) IPP features code: 0x8000
[==========] Running 17 tests from 4 test cases.
[----------] Global test environment set-up.
[----------] 2 tests from DenseOpticalFlow_DeepFlow_perf
[ RUN      ] DenseOpticalFlow_DeepFlow_perf.perf/0, where GetParam() = (640x480)
[ PERFSTAT ]    (samples=1   mean=898.54   median=898.54   min=898.54   stddev=0.00 (0.0%))
[       OK ] DenseOpticalFlow_DeepFlow_perf.perf/0 (903 ms)
[ RUN      ] DenseOpticalFlow_DeepFlow_perf.perf/1, where GetParam() = (1280x720)
[ PERFSTAT ]    (samples=1   mean=2237.69   median=2237.69   min=2237.69   stddev=0.00 (0.0%))
[       OK ] DenseOpticalFlow_DeepFlow_perf.perf/1 (2242 ms)
[----------] 2 tests from DenseOpticalFlow_DeepFlow_perf (3145 ms total)

[----------] 8 tests from ST_SR_IM_Sparse_OpticalFlow_SparseRLOF
[ RUN      ] ST_SR_IM_Sparse_OpticalFlow_SparseRLOF.OpticalFlow_SparseRLOF/0, where GetParam() = ("ST_BILINEAR", "SR_CROSS", true)
[ PERFSTAT ]    (samples=13   mean=32.98   median=33.02   min=32.45   stddev=0.32 (1.0%))
[       OK ] ST_SR_IM_Sparse_OpticalFlow_SparseRLOF.OpticalFlow_SparseRLOF/0 (474 ms)
[ RUN      ] ST_SR_IM_Sparse_OpticalFlow_SparseRLOF.OpticalFlow_SparseRLOF/1, where GetParam() = ("ST_BILINEAR", "SR_CROSS", false)
[ PERFSTAT ]    (samples=10   mean=27.49   median=27.36   min=27.16   stddev=0.30 (1.1%))
[       OK ] ST_SR_IM_Sparse_OpticalFlow_SparseRLOF.OpticalFlow_SparseRLOF/1 (292 ms)
[ RUN      ] ST_SR_IM_Sparse_OpticalFlow_SparseRLOF.OpticalFlow_SparseRLOF/2, where GetParam() = ("ST_BILINEAR", "SR_FIXED", true)
[ PERFSTAT ]    (samples=10   mean=19.56   median=19.55   min=19.19   stddev=0.20 (1.0%))
[       OK ] ST_SR_IM_Sparse_OpticalFlow_SparseRLOF.OpticalFlow_SparseRLOF/2 (212 ms)
[ RUN      ] ST_SR_IM_Sparse_OpticalFlow_SparseRLOF.OpticalFlow_SparseRLOF/3, where GetParam() = ("ST_BILINEAR", "SR_FIXED", false)
[ PERFSTAT ]    (samples=100   mean=13.38   median=13.19   min=12.87   stddev=0.53 (4.0%))
[       OK ] ST_SR_IM_Sparse_OpticalFlow_SparseRLOF.OpticalFlow_SparseRLOF/3 (1370 ms)
[ RUN      ] ST_SR_IM_Sparse_OpticalFlow_SparseRLOF.OpticalFlow_SparseRLOF/4, where GetParam() = ("ST_STANDART", "SR_CROSS", true)
[ PERFSTAT ]    (samples=13   mean=32.11   median=32.10   min=31.30   stddev=0.41 (1.3%))
[       OK ] ST_SR_IM_Sparse_OpticalFlow_SparseRLOF.OpticalFlow_SparseRLOF/4 (450 ms)
[ RUN      ] ST_SR_IM_Sparse_OpticalFlow_SparseRLOF.OpticalFlow_SparseRLOF/5, where GetParam() = ("ST_STANDART", "SR_CROSS", false)
[ PERFSTAT ]    (samples=10   mean=28.12   median=28.07   min=27.84   stddev=0.27 (1.0%))
[       OK ] ST_SR_IM_Sparse_OpticalFlow_SparseRLOF.OpticalFlow_SparseRLOF/5 (298 ms)
[ RUN      ] ST_SR_IM_Sparse_OpticalFlow_SparseRLOF.OpticalFlow_SparseRLOF/6, where GetParam() = ("ST_STANDART", "SR_FIXED", true)
[ PERFSTAT ]    (samples=10   mean=18.41   median=18.30   min=18.22   stddev=0.21 (1.2%))
[       OK ] ST_SR_IM_Sparse_OpticalFlow_SparseRLOF.OpticalFlow_SparseRLOF/6 (202 ms)
[ RUN      ] ST_SR_IM_Sparse_OpticalFlow_SparseRLOF.OpticalFlow_SparseRLOF/7, where GetParam() = ("ST_STANDART", "SR_FIXED", false)
[ PERFSTAT ]    (samples=10   mean=13.80   median=13.71   min=13.58   stddev=0.23 (1.7%))
[       OK ] ST_SR_IM_Sparse_OpticalFlow_SparseRLOF.OpticalFlow_SparseRLOF/7 (154 ms)
[----------] 8 tests from ST_SR_IM_Sparse_OpticalFlow_SparseRLOF (3452 ms total)

[----------] 6 tests from INTERP_GRID_Dense_OpticalFlow_DenseRLOF
[ RUN      ] INTERP_GRID_Dense_OpticalFlow_DenseRLOF.OpticalFlow_DenseRLOF/0, where GetParam() = ("INTERP_EPIC", 4)
[ PERFSTAT ]    (samples=13   mean=143.55   median=143.25   min=140.10   stddev=1.91 (1.3%))
[       OK ] INTERP_GRID_Dense_OpticalFlow_DenseRLOF.OpticalFlow_DenseRLOF/0 (1902 ms)
[ RUN      ] INTERP_GRID_Dense_OpticalFlow_DenseRLOF.OpticalFlow_DenseRLOF/1, where GetParam() = ("INTERP_EPIC", 10)
[ PERFSTAT ]    (samples=10   mean=53.32   median=53.68   min=51.05   stddev=0.88 (1.7%))
[       OK ] INTERP_GRID_Dense_OpticalFlow_DenseRLOF.OpticalFlow_DenseRLOF/1 (554 ms)
[ RUN      ] INTERP_GRID_Dense_OpticalFlow_DenseRLOF.OpticalFlow_DenseRLOF/2, where GetParam() = ("INTERP_GEO", 4)
[ PERFSTAT ]    (samples=13   mean=124.25   median=124.15   min=120.71   stddev=2.41 (1.9%))
[       OK ] INTERP_GRID_Dense_OpticalFlow_DenseRLOF.OpticalFlow_DenseRLOF/2 (1650 ms)
[ RUN      ] INTERP_GRID_Dense_OpticalFlow_DenseRLOF.OpticalFlow_DenseRLOF/3, where GetParam() = ("INTERP_GEO", 10)
[ PERFSTAT ]    (samples=10   mean=82.41   median=82.00   min=81.43   stddev=1.29 (1.6%))
[       OK ] INTERP_GRID_Dense_OpticalFlow_DenseRLOF.OpticalFlow_DenseRLOF/3 (846 ms)
[ RUN      ] INTERP_GRID_Dense_OpticalFlow_DenseRLOF.OpticalFlow_DenseRLOF/4, where GetParam() = ("INTERP_RIC", 4)
[ PERFSTAT ]    (samples=13   mean=276.83   median=276.32   min=271.86   stddev=2.78 (1.0%))
[       OK ] INTERP_GRID_Dense_OpticalFlow_DenseRLOF.OpticalFlow_DenseRLOF/4 (3654 ms)
[ RUN      ] INTERP_GRID_Dense_OpticalFlow_DenseRLOF.OpticalFlow_DenseRLOF/5, where GetParam() = ("INTERP_RIC", 10)
[ PERFSTAT ]    (samples=10   mean=209.11   median=208.29   min=205.84   stddev=3.86 (1.8%))
[       OK ] INTERP_GRID_Dense_OpticalFlow_DenseRLOF.OpticalFlow_DenseRLOF/5 (2114 ms)
[----------] 6 tests from INTERP_GRID_Dense_OpticalFlow_DenseRLOF (10720 ms total)

[----------] 1 test from ImagePair_OpticalFlowDual_TVL1
[ RUN      ] ImagePair_OpticalFlowDual_TVL1.OpticalFlowDual_TVL1/0, where GetParam() = ("cv/optflow/RubberWhale1.png", "cv/optflow/RubberWhale2.png")
.
[ PERFSTAT ]    (samples=10   mean=1563.69   median=1565.69   min=1497.72   stddev=30.31 (1.9%))
[       OK ] ImagePair_OpticalFlowDual_TVL1.OpticalFlowDual_TVL1/0 (15657 ms)
[----------] 1 test from ImagePair_OpticalFlowDual_TVL1 (15658 ms total)

[----------] Global test environment tear-down
[==========] 17 tests from 4 test cases ran. (32975 ms total)
[  PASSED  ] 17 tests.
