[----------]
[   INFO   ] 	Implementation variant: cuda.
[----------]
[----------]
[ GPU INFO ] 	Run test suite on NVIDIA A100-SXM4-40GB GPU.
[----------]
*** CUDA Device Query (Runtime API) version (CUDART static linking) *** 

Device count: 1

Device 0: "NVIDIA A100-SXM4-40GB"
  CUDA Driver Version / Runtime Version          12.40 / 12.40
  CUDA Capability Major/Minor version number:    8.0
  Total amount of global memory:                 40507 MBytes (42474471424 bytes)
  GPU Clock Speed:                               1.41 GHz
  Max Texture Dimension Size (x,y,z)             1D=(131072), 2D=(131072,65536), 3D=(16384,16384,16384)
  Max Layered Texture Size (dim) x layers        1D=(32768) x 2048, 2D=(32768,32768) x 2048
  Total amount of constant memory:               65536 bytes
  Total amount of shared memory per block:       49152 bytes
  Total number of registers available per block: 65536
  Warp size:                                     32
  Maximum number of threads per block:           1024
  Maximum sizes of each dimension of a block:    1024 x 1024 x 64
  Maximum sizes of each dimension of a grid:     2147483647 x 65535 x 65535
  Maximum memory pitch:                          2147483647 bytes
  Texture alignment:                             512 bytes
  Concurrent copy and execution:                 Yes with 3 copy engine(s)
  Run time limit on kernels:                     No
  Integrated GPU sharing Host Memory:            No
  Support host page-locked memory mapping:       Yes
  Concurrent kernel execution:                   Yes
  Alignment requirement for Surfaces:            Yes
  Device has ECC support enabled:                Yes
  Device is using TCC driver mode:               No
  Device supports Unified Addressing (UVA):      Yes
  Device PCI Bus ID / PCI location ID:           163 / 0
  Compute Mode:
      Default (multiple host threads can use ::cudaSetDevice() with device simultaneously) 

deviceQuery, CUDA Driver = CUDART, CUDA Driver Version  = 12.40, CUDA Runtime Version = 12.40, NumDevs = 1

TEST: Skip tests with tags: 'mem_6gb', 'verylong'
CTEST_FULL_OUTPUT
OpenCV version: 4.14.0-pre
OpenCV VCS version: 4.13.0-493-g7aa163b83f
Build type: Release
Compiler: /usr/bin/c++  (ver 11.4.0)
Algorithm hint: ALGO_HINT_ACCURATE
HAL: YES (ipp (ver 0.0.1))
Parallel framework: pthreads (nthreads=30)
CPU features: SSE SSE2 SSE3 *SSE4.1 *SSE4.2 *AVX *FP16 *AVX2 *AVX512-SKX?
Intel(R) IPP version: ippIP AVX2 (l9) 2026.0.0 (-) Jun 30 2026
Intel(R) IPP features code: 0x8000
[==========] Running 333 tests from 10 test cases.
[----------] Global test environment set-up.
[----------] 27 tests from Sz_Type_KernelSz_Blur
[ RUN      ] Sz_Type_KernelSz_Blur.Blur/0, where GetParam() = (1280x720, 8UC1, 3)
[ PERFSTAT ]    (samples=38   mean=0.03   median=0.03   min=0.03   stddev=0.00 (2.7%))
[       OK ] Sz_Type_KernelSz_Blur.Blur/0 (39 ms)
[ RUN      ] Sz_Type_KernelSz_Blur.Blur/1, where GetParam() = (1280x720, 8UC1, 5)
[ PERFSTAT ]    (samples=25   mean=0.03   median=0.03   min=0.03   stddev=0.00 (2.3%))
[       OK ] Sz_Type_KernelSz_Blur.Blur/1 (3 ms)
[ RUN      ] Sz_Type_KernelSz_Blur.Blur/2, where GetParam() = (1280x720, 8UC1, 7)
[ PERFSTAT ]    (samples=13   mean=0.12   median=0.12   min=0.11   stddev=0.00 (2.7%))
[       OK ] Sz_Type_KernelSz_Blur.Blur/2 (4 ms)
[ RUN      ] Sz_Type_KernelSz_Blur.Blur/3, where GetParam() = (1280x720, 8UC4, 3)
[ PERFSTAT ]    (samples=13   mean=0.04   median=0.04   min=0.04   stddev=0.00 (1.2%))
[       OK ] Sz_Type_KernelSz_Blur.Blur/3 (7 ms)
[ RUN      ] Sz_Type_KernelSz_Blur.Blur/4, where GetParam() = (1280x720, 8UC4, 5)
[ PERFSTAT ]    (samples=13   mean=0.06   median=0.06   min=0.06   stddev=0.00 (1.9%))
[       OK ] Sz_Type_KernelSz_Blur.Blur/4 (7 ms)
[ RUN      ] Sz_Type_KernelSz_Blur.Blur/5, where GetParam() = (1280x720, 8UC4, 7)
[ PERFSTAT ]    (samples=13   mean=0.11   median=0.11   min=0.11   stddev=0.00 (0.7%))
[       OK ] Sz_Type_KernelSz_Blur.Blur/5 (7 ms)
[ RUN      ] Sz_Type_KernelSz_Blur.Blur/6, where GetParam() = (1280x720, 32FC1, 3)
[ PERFSTAT ]    (samples=13   mean=0.04   median=0.04   min=0.04   stddev=0.00 (1.5%))
[       OK ] Sz_Type_KernelSz_Blur.Blur/6 (5 ms)
[ RUN      ] Sz_Type_KernelSz_Blur.Blur/7, where GetParam() = (1280x720, 32FC1, 5)
[ PERFSTAT ]    (samples=13   mean=0.04   median=0.04   min=0.04   stddev=0.00 (1.8%))
[       OK ] Sz_Type_KernelSz_Blur.Blur/7 (5 ms)
[ RUN      ] Sz_Type_KernelSz_Blur.Blur/8, where GetParam() = (1280x720, 32FC1, 7)
[ PERFSTAT ]    (samples=13   mean=0.08   median=0.08   min=0.08   stddev=0.00 (3.0%))
[       OK ] Sz_Type_KernelSz_Blur.Blur/8 (6 ms)
[ RUN      ] Sz_Type_KernelSz_Blur.Blur/9, where GetParam() = (1280x1024, 8UC1, 3)
[ PERFSTAT ]    (samples=13   mean=0.03   median=0.03   min=0.03   stddev=0.00 (1.7%))
[       OK ] Sz_Type_KernelSz_Blur.Blur/9 (3 ms)
[ RUN      ] Sz_Type_KernelSz_Blur.Blur/10, where GetParam() = (1280x1024, 8UC1, 5)
[ PERFSTAT ]    (samples=13   mean=0.04   median=0.04   min=0.04   stddev=0.00 (1.4%))
[       OK ] Sz_Type_KernelSz_Blur.Blur/10 (3 ms)
[ RUN      ] Sz_Type_KernelSz_Blur.Blur/11, where GetParam() = (1280x1024, 8UC1, 7)
[ PERFSTAT ]    (samples=13   mean=0.16   median=0.16   min=0.15   stddev=0.00 (2.1%))
[       OK ] Sz_Type_KernelSz_Blur.Blur/11 (4 ms)
[ RUN      ] Sz_Type_KernelSz_Blur.Blur/12, where GetParam() = (1280x1024, 8UC4, 3)
[ PERFSTAT ]    (samples=13   mean=0.05   median=0.05   min=0.05   stddev=0.00 (1.0%))
[       OK ] Sz_Type_KernelSz_Blur.Blur/12 (10 ms)
[ RUN      ] Sz_Type_KernelSz_Blur.Blur/13, where GetParam() = (1280x1024, 8UC4, 5)
[ PERFSTAT ]    (samples=13   mean=0.07   median=0.07   min=0.07   stddev=0.00 (1.4%))
[       OK ] Sz_Type_KernelSz_Blur.Blur/13 (8 ms)
[ RUN      ] Sz_Type_KernelSz_Blur.Blur/14, where GetParam() = (1280x1024, 8UC4, 7)
[ PERFSTAT ]    (samples=13   mean=0.14   median=0.14   min=0.14   stddev=0.00 (0.7%))
[       OK ] Sz_Type_KernelSz_Blur.Blur/14 (10 ms)
[ RUN      ] Sz_Type_KernelSz_Blur.Blur/15, where GetParam() = (1280x1024, 32FC1, 3)
[ PERFSTAT ]    (samples=13   mean=0.05   median=0.05   min=0.04   stddev=0.00 (1.3%))
[       OK ] Sz_Type_KernelSz_Blur.Blur/15 (6 ms)
[ RUN      ] Sz_Type_KernelSz_Blur.Blur/16, where GetParam() = (1280x1024, 32FC1, 5)
[ PERFSTAT ]    (samples=13   mean=0.05   median=0.05   min=0.05   stddev=0.00 (1.5%))
[       OK ] Sz_Type_KernelSz_Blur.Blur/16 (6 ms)
[ RUN      ] Sz_Type_KernelSz_Blur.Blur/17, where GetParam() = (1280x1024, 32FC1, 7)
[ PERFSTAT ]    (samples=13   mean=0.10   median=0.10   min=0.10   stddev=0.00 (1.2%))
[       OK ] Sz_Type_KernelSz_Blur.Blur/17 (7 ms)
[ RUN      ] Sz_Type_KernelSz_Blur.Blur/18, where GetParam() = (1920x1080, 8UC1, 3)
[ PERFSTAT ]    (samples=25   mean=0.04   median=0.04   min=0.04   stddev=0.00 (1.1%))
[       OK ] Sz_Type_KernelSz_Blur.Blur/18 (6 ms)
[ RUN      ] Sz_Type_KernelSz_Blur.Blur/19, where GetParam() = (1920x1080, 8UC1, 5)
[ PERFSTAT ]    (samples=13   mean=0.04   median=0.04   min=0.04   stddev=0.00 (1.0%))
[       OK ] Sz_Type_KernelSz_Blur.Blur/19 (3 ms)
[ RUN      ] Sz_Type_KernelSz_Blur.Blur/20, where GetParam() = (1920x1080, 8UC1, 7)
[ PERFSTAT ]    (samples=13   mean=0.20   median=0.20   min=0.20   stddev=0.00 (1.3%))
[       OK ] Sz_Type_KernelSz_Blur.Blur/20 (6 ms)
[ RUN      ] Sz_Type_KernelSz_Blur.Blur/21, where GetParam() = (1920x1080, 8UC4, 3)
[ PERFSTAT ]    (samples=13   mean=0.07   median=0.07   min=0.07   stddev=0.00 (1.6%))
[       OK ] Sz_Type_KernelSz_Blur.Blur/21 (12 ms)
[ RUN      ] Sz_Type_KernelSz_Blur.Blur/22, where GetParam() = (1920x1080, 8UC4, 5)
[ PERFSTAT ]    (samples=13   mean=0.10   median=0.10   min=0.10   stddev=0.00 (2.4%))
[       OK ] Sz_Type_KernelSz_Blur.Blur/22 (13 ms)
[ RUN      ] Sz_Type_KernelSz_Blur.Blur/23, where GetParam() = (1920x1080, 8UC4, 7)
[ PERFSTAT ]    (samples=13   mean=0.21   median=0.21   min=0.21   stddev=0.00 (0.4%))
[       OK ] Sz_Type_KernelSz_Blur.Blur/23 (14 ms)
[ RUN      ] Sz_Type_KernelSz_Blur.Blur/24, where GetParam() = (1920x1080, 32FC1, 3)
[ PERFSTAT ]    (samples=13   mean=0.06   median=0.06   min=0.06   stddev=0.00 (1.9%))
[       OK ] Sz_Type_KernelSz_Blur.Blur/24 (9 ms)
[ RUN      ] Sz_Type_KernelSz_Blur.Blur/25, where GetParam() = (1920x1080, 32FC1, 5)
[ PERFSTAT ]    (samples=13   mean=0.06   median=0.06   min=0.06   stddev=0.00 (2.5%))
[       OK ] Sz_Type_KernelSz_Blur.Blur/25 (8 ms)
[ RUN      ] Sz_Type_KernelSz_Blur.Blur/26, where GetParam() = (1920x1080, 32FC1, 7)
[ PERFSTAT ]    (samples=13   mean=0.14   median=0.14   min=0.14   stddev=0.00 (0.4%))
[       OK ] Sz_Type_KernelSz_Blur.Blur/26 (10 ms)
[----------] 27 tests from Sz_Type_KernelSz_Blur (221 ms total)

[----------] 84 tests from Sz_Type_KernelSz_Filter2D
[ RUN      ] Sz_Type_KernelSz_Filter2D.Filter2D/0, where GetParam() = (1280x720, 8UC1, 3)
[ PERFSTAT ]    (samples=13   mean=0.04   median=0.04   min=0.04   stddev=0.00 (1.3%))
[       OK ] Sz_Type_KernelSz_Filter2D.Filter2D/0 (10 ms)
[ RUN      ] Sz_Type_KernelSz_Filter2D.Filter2D/1, where GetParam() = (1280x720, 8UC1, 5)
[ PERFSTAT ]    (samples=13   mean=0.09   median=0.09   min=0.09   stddev=0.00 (0.4%))
[       OK ] Sz_Type_KernelSz_Filter2D.Filter2D/1 (3 ms)
[ RUN      ] Sz_Type_KernelSz_Filter2D.Filter2D/2, where GetParam() = (1280x720, 8UC1, 7)
[ PERFSTAT ]    (samples=13   mean=0.15   median=0.15   min=0.15   stddev=0.00 (0.2%))
[       OK ] Sz_Type_KernelSz_Filter2D.Filter2D/2 (3 ms)
[ RUN      ] Sz_Type_KernelSz_Filter2D.Filter2D/3, where GetParam() = (1280x720, 8UC1, 9)
[ PERFSTAT ]    (samples=13   mean=0.23   median=0.23   min=0.23   stddev=0.00 (0.1%))
[       OK ] Sz_Type_KernelSz_Filter2D.Filter2D/3 (5 ms)
[ RUN      ] Sz_Type_KernelSz_Filter2D.Filter2D/4, where GetParam() = (1280x720, 8UC1, 11)
[ PERFSTAT ]    (samples=13   mean=0.32   median=0.32   min=0.32   stddev=0.00 (0.1%))
[       OK ] Sz_Type_KernelSz_Filter2D.Filter2D/4 (6 ms)
[ RUN      ] Sz_Type_KernelSz_Filter2D.Filter2D/5, where GetParam() = (1280x720, 8UC1, 13)
[ PERFSTAT ]    (samples=13   mean=0.44   median=0.44   min=0.44   stddev=0.00 (0.3%))
[       OK ] Sz_Type_KernelSz_Filter2D.Filter2D/5 (7 ms)
[ RUN      ] Sz_Type_KernelSz_Filter2D.Filter2D/6, where GetParam() = (1280x720, 8UC1, 15)
[ PERFSTAT ]    (samples=13   mean=0.57   median=0.57   min=0.57   stddev=0.00 (0.1%))
[       OK ] Sz_Type_KernelSz_Filter2D.Filter2D/6 (10 ms)
[ RUN      ] Sz_Type_KernelSz_Filter2D.Filter2D/7, where GetParam() = (1280x720, 8UC4, 3)
[ PERFSTAT ]    (samples=13   mean=0.05   median=0.05   min=0.05   stddev=0.00 (0.6%))
[       OK ] Sz_Type_KernelSz_Filter2D.Filter2D/7 (6 ms)
[ RUN      ] Sz_Type_KernelSz_Filter2D.Filter2D/8, where GetParam() = (1280x720, 8UC4, 5)
[ PERFSTAT ]    (samples=13   mean=0.10   median=0.10   min=0.10   stddev=0.00 (0.3%))
[       OK ] Sz_Type_KernelSz_Filter2D.Filter2D/8 (5 ms)
[ RUN      ] Sz_Type_KernelSz_Filter2D.Filter2D/9, where GetParam() = (1280x720, 8UC4, 7)
[ PERFSTAT ]    (samples=13   mean=0.16   median=0.16   min=0.16   stddev=0.00 (0.3%))
[       OK ] Sz_Type_KernelSz_Filter2D.Filter2D/9 (7 ms)
[ RUN      ] Sz_Type_KernelSz_Filter2D.Filter2D/10, where GetParam() = (1280x720, 8UC4, 9)
[ PERFSTAT ]    (samples=13   mean=0.25   median=0.25   min=0.24   stddev=0.00 (0.2%))
[       OK ] Sz_Type_KernelSz_Filter2D.Filter2D/10 (7 ms)
[ RUN      ] Sz_Type_KernelSz_Filter2D.Filter2D/11, where GetParam() = (1280x720, 8UC4, 11)
[ PERFSTAT ]    (samples=13   mean=0.35   median=0.35   min=0.35   stddev=0.00 (0.1%))
[       OK ] Sz_Type_KernelSz_Filter2D.Filter2D/11 (9 ms)
[ RUN      ] Sz_Type_KernelSz_Filter2D.Filter2D/12, where GetParam() = (1280x720, 8UC4, 13)
[ PERFSTAT ]    (samples=13   mean=0.47   median=0.47   min=0.47   stddev=0.00 (0.0%))
[       OK ] Sz_Type_KernelSz_Filter2D.Filter2D/12 (11 ms)
[ RUN      ] Sz_Type_KernelSz_Filter2D.Filter2D/13, where GetParam() = (1280x720, 8UC4, 15)
[ PERFSTAT ]    (samples=13   mean=0.61   median=0.61   min=0.61   stddev=0.00 (0.1%))
[       OK ] Sz_Type_KernelSz_Filter2D.Filter2D/13 (12 ms)
[ RUN      ] Sz_Type_KernelSz_Filter2D.Filter2D/14, where GetParam() = (1280x720, 32FC1, 3)
[ PERFSTAT ]    (samples=13   mean=0.04   median=0.04   min=0.04   stddev=0.00 (1.1%))
[       OK ] Sz_Type_KernelSz_Filter2D.Filter2D/14 (4 ms)
[ RUN      ] Sz_Type_KernelSz_Filter2D.Filter2D/15, where GetParam() = (1280x720, 32FC1, 5)
[ PERFSTAT ]    (samples=13   mean=0.08   median=0.08   min=0.08   stddev=0.00 (2.1%))
[       OK ] Sz_Type_KernelSz_Filter2D.Filter2D/15 (4 ms)
[ RUN      ] Sz_Type_KernelSz_Filter2D.Filter2D/16, where GetParam() = (1280x720, 32FC1, 7)
[ PERFSTAT ]    (samples=13   mean=0.13   median=0.13   min=0.13   stddev=0.00 (0.3%))
[       OK ] Sz_Type_KernelSz_Filter2D.Filter2D/16 (5 ms)
[ RUN      ] Sz_Type_KernelSz_Filter2D.Filter2D/17, where GetParam() = (1280x720, 32FC1, 9)
[ PERFSTAT ]    (samples=13   mean=0.20   median=0.20   min=0.20   stddev=0.00 (0.3%))
[       OK ] Sz_Type_KernelSz_Filter2D.Filter2D/17 (6 ms)
[ RUN      ] Sz_Type_KernelSz_Filter2D.Filter2D/18, where GetParam() = (1280x720, 32FC1, 11)
[ PERFSTAT ]    (samples=13   mean=0.28   median=0.28   min=0.28   stddev=0.00 (0.2%))
[       OK ] Sz_Type_KernelSz_Filter2D.Filter2D/18 (7 ms)
[ RUN      ] Sz_Type_KernelSz_Filter2D.Filter2D/19, where GetParam() = (1280x720, 32FC1, 13)
[ PERFSTAT ]    (samples=13   mean=0.37   median=0.37   min=0.37   stddev=0.00 (0.1%))
[       OK ] Sz_Type_KernelSz_Filter2D.Filter2D/19 (8 ms)
[ RUN      ] Sz_Type_KernelSz_Filter2D.Filter2D/20, where GetParam() = (1280x720, 32FC1, 15)
[ PERFSTAT ]    (samples=13   mean=0.48   median=0.48   min=0.48   stddev=0.00 (0.1%))
[       OK ] Sz_Type_KernelSz_Filter2D.Filter2D/20 (10 ms)
[ RUN      ] Sz_Type_KernelSz_Filter2D.Filter2D/21, where GetParam() = (1280x720, 32FC4, 3)
[ PERFSTAT ]    (samples=13   mean=0.05   median=0.05   min=0.05   stddev=0.00 (1.7%))
[       OK ] Sz_Type_KernelSz_Filter2D.Filter2D/21 (15 ms)
[ RUN      ] Sz_Type_KernelSz_Filter2D.Filter2D/22, where GetParam() = (1280x720, 32FC4, 5)
[ PERFSTAT ]    (samples=13   mean=0.09   median=0.09   min=0.09   stddev=0.00 (0.5%))
[       OK ] Sz_Type_KernelSz_Filter2D.Filter2D/22 (15 ms)
[ RUN      ] Sz_Type_KernelSz_Filter2D.Filter2D/23, where GetParam() = (1280x720, 32FC4, 7)
[ PERFSTAT ]    (samples=13   mean=0.15   median=0.15   min=0.15   stddev=0.00 (0.3%))
[       OK ] Sz_Type_KernelSz_Filter2D.Filter2D/23 (16 ms)
[ RUN      ] Sz_Type_KernelSz_Filter2D.Filter2D/24, where GetParam() = (1280x720, 32FC4, 9)
[ PERFSTAT ]    (samples=13   mean=0.23   median=0.23   min=0.23   stddev=0.00 (0.3%))
[       OK ] Sz_Type_KernelSz_Filter2D.Filter2D/24 (16 ms)
[ RUN      ] Sz_Type_KernelSz_Filter2D.Filter2D/25, where GetParam() = (1280x720, 32FC4, 11)
[ PERFSTAT ]    (samples=13   mean=0.33   median=0.33   min=0.33   stddev=0.00 (0.1%))
[       OK ] Sz_Type_KernelSz_Filter2D.Filter2D/25 (18 ms)
[ RUN      ] Sz_Type_KernelSz_Filter2D.Filter2D/26, where GetParam() = (1280x720, 32FC4, 13)
[ PERFSTAT ]    (samples=13   mean=0.44   median=0.44   min=0.44   stddev=0.00 (0.1%))
[       OK ] Sz_Type_KernelSz_Filter2D.Filter2D/26 (20 ms)
[ RUN      ] Sz_Type_KernelSz_Filter2D.Filter2D/27, where GetParam() = (1280x720, 32FC4, 15)
[ PERFSTAT ]    (samples=13   mean=0.57   median=0.57   min=0.57   stddev=0.00 (0.1%))
[       OK ] Sz_Type_KernelSz_Filter2D.Filter2D/27 (21 ms)
[ RUN      ] Sz_Type_KernelSz_Filter2D.Filter2D/28, where GetParam() = (1280x1024, 8UC1, 3)
[ PERFSTAT ]    (samples=13   mean=0.06   median=0.06   min=0.06   stddev=0.00 (0.6%))
[       OK ] Sz_Type_KernelSz_Filter2D.Filter2D/28 (4 ms)
[ RUN      ] Sz_Type_KernelSz_Filter2D.Filter2D/29, where GetParam() = (1280x1024, 8UC1, 5)
[ PERFSTAT ]    (samples=13   mean=0.12   median=0.12   min=0.12   stddev=0.00 (1.2%))
[       OK ] Sz_Type_KernelSz_Filter2D.Filter2D/29 (3 ms)
[ RUN      ] Sz_Type_KernelSz_Filter2D.Filter2D/30, where GetParam() = (1280x1024, 8UC1, 7)
[ PERFSTAT ]    (samples=13   mean=0.21   median=0.21   min=0.21   stddev=0.00 (0.1%))
[       OK ] Sz_Type_KernelSz_Filter2D.Filter2D/30 (5 ms)
[ RUN      ] Sz_Type_KernelSz_Filter2D.Filter2D/31, where GetParam() = (1280x1024, 8UC1, 9)
[ PERFSTAT ]    (samples=13   mean=0.32   median=0.32   min=0.32   stddev=0.00 (0.1%))
[       OK ] Sz_Type_KernelSz_Filter2D.Filter2D/31 (6 ms)
[ RUN      ] Sz_Type_KernelSz_Filter2D.Filter2D/32, where GetParam() = (1280x1024, 8UC1, 11)
[ PERFSTAT ]    (samples=13   mean=0.45   median=0.45   min=0.45   stddev=0.00 (0.1%))
[       OK ] Sz_Type_KernelSz_Filter2D.Filter2D/32 (8 ms)
[ RUN      ] Sz_Type_KernelSz_Filter2D.Filter2D/33, where GetParam() = (1280x1024, 8UC1, 13)
[ PERFSTAT ]    (samples=13   mean=0.61   median=0.61   min=0.61   stddev=0.00 (0.1%))
[       OK ] Sz_Type_KernelSz_Filter2D.Filter2D/33 (10 ms)
[ RUN      ] Sz_Type_KernelSz_Filter2D.Filter2D/34, where GetParam() = (1280x1024, 8UC1, 15)
[ PERFSTAT ]    (samples=13   mean=0.79   median=0.79   min=0.79   stddev=0.00 (0.0%))
[       OK ] Sz_Type_KernelSz_Filter2D.Filter2D/34 (13 ms)
[ RUN      ] Sz_Type_KernelSz_Filter2D.Filter2D/35, where GetParam() = (1280x1024, 8UC4, 3)
[ PERFSTAT ]    (samples=13   mean=0.06   median=0.06   min=0.06   stddev=0.00 (0.6%))
[       OK ] Sz_Type_KernelSz_Filter2D.Filter2D/35 (8 ms)
[ RUN      ] Sz_Type_KernelSz_Filter2D.Filter2D/36, where GetParam() = (1280x1024, 8UC4, 5)
[ PERFSTAT ]    (samples=13   mean=0.13   median=0.13   min=0.13   stddev=0.00 (0.3%))
[       OK ] Sz_Type_KernelSz_Filter2D.Filter2D/36 (7 ms)
[ RUN      ] Sz_Type_KernelSz_Filter2D.Filter2D/37, where GetParam() = (1280x1024, 8UC4, 7)
[ PERFSTAT ]    (samples=13   mean=0.22   median=0.22   min=0.22   stddev=0.00 (0.2%))
[       OK ] Sz_Type_KernelSz_Filter2D.Filter2D/37 (9 ms)
[ RUN      ] Sz_Type_KernelSz_Filter2D.Filter2D/38, where GetParam() = (1280x1024, 8UC4, 9)
[ PERFSTAT ]    (samples=13   mean=0.34   median=0.34   min=0.34   stddev=0.00 (0.1%))
[       OK ] Sz_Type_KernelSz_Filter2D.Filter2D/38 (10 ms)
[ RUN      ] Sz_Type_KernelSz_Filter2D.Filter2D/39, where GetParam() = (1280x1024, 8UC4, 11)
[ PERFSTAT ]    (samples=13   mean=0.48   median=0.48   min=0.48   stddev=0.00 (0.1%))
[       OK ] Sz_Type_KernelSz_Filter2D.Filter2D/39 (12 ms)
[ RUN      ] Sz_Type_KernelSz_Filter2D.Filter2D/40, where GetParam() = (1280x1024, 8UC4, 13)
[ PERFSTAT ]    (samples=13   mean=0.65   median=0.65   min=0.65   stddev=0.00 (0.1%))
[       OK ] Sz_Type_KernelSz_Filter2D.Filter2D/40 (15 ms)
[ RUN      ] Sz_Type_KernelSz_Filter2D.Filter2D/41, where GetParam() = (1280x1024, 8UC4, 15)
[ PERFSTAT ]    (samples=13   mean=0.85   median=0.85   min=0.84   stddev=0.00 (0.0%))
[       OK ] Sz_Type_KernelSz_Filter2D.Filter2D/41 (17 ms)
[ RUN      ] Sz_Type_KernelSz_Filter2D.Filter2D/42, where GetParam() = (1280x1024, 32FC1, 3)
[ PERFSTAT ]    (samples=13   mean=0.05   median=0.05   min=0.05   stddev=0.00 (0.6%))
[       OK ] Sz_Type_KernelSz_Filter2D.Filter2D/42 (5 ms)
[ RUN      ] Sz_Type_KernelSz_Filter2D.Filter2D/43, where GetParam() = (1280x1024, 32FC1, 5)
[ PERFSTAT ]    (samples=13   mean=0.11   median=0.11   min=0.11   stddev=0.00 (1.4%))
[       OK ] Sz_Type_KernelSz_Filter2D.Filter2D/43 (6 ms)
[ RUN      ] Sz_Type_KernelSz_Filter2D.Filter2D/44, where GetParam() = (1280x1024, 32FC1, 7)
[ PERFSTAT ]    (samples=13   mean=0.18   median=0.18   min=0.18   stddev=0.00 (0.3%))
[       OK ] Sz_Type_KernelSz_Filter2D.Filter2D/44 (6 ms)
[ RUN      ] Sz_Type_KernelSz_Filter2D.Filter2D/45, where GetParam() = (1280x1024, 32FC1, 9)
[ PERFSTAT ]    (samples=13   mean=0.27   median=0.27   min=0.27   stddev=0.00 (0.2%))
[       OK ] Sz_Type_KernelSz_Filter2D.Filter2D/45 (8 ms)
[ RUN      ] Sz_Type_KernelSz_Filter2D.Filter2D/46, where GetParam() = (1280x1024, 32FC1, 11)
[ PERFSTAT ]    (samples=13   mean=0.39   median=0.39   min=0.39   stddev=0.00 (0.1%))
[       OK ] Sz_Type_KernelSz_Filter2D.Filter2D/46 (9 ms)
[ RUN      ] Sz_Type_KernelSz_Filter2D.Filter2D/47, where GetParam() = (1280x1024, 32FC1, 13)
[ PERFSTAT ]    (samples=13   mean=0.52   median=0.52   min=0.52   stddev=0.00 (0.1%))
[       OK ] Sz_Type_KernelSz_Filter2D.Filter2D/47 (11 ms)
[ RUN      ] Sz_Type_KernelSz_Filter2D.Filter2D/48, where GetParam() = (1280x1024, 32FC1, 15)
[ PERFSTAT ]    (samples=13   mean=0.68   median=0.68   min=0.67   stddev=0.00 (0.1%))
[       OK ] Sz_Type_KernelSz_Filter2D.Filter2D/48 (13 ms)
[ RUN      ] Sz_Type_KernelSz_Filter2D.Filter2D/49, where GetParam() = (1280x1024, 32FC4, 3)
[ PERFSTAT ]    (samples=13   mean=0.06   median=0.06   min=0.06   stddev=0.00 (0.8%))
[       OK ] Sz_Type_KernelSz_Filter2D.Filter2D/49 (21 ms)
[ RUN      ] Sz_Type_KernelSz_Filter2D.Filter2D/50, where GetParam() = (1280x1024, 32FC4, 5)
[ PERFSTAT ]    (samples=13   mean=0.12   median=0.12   min=0.12   stddev=0.00 (0.3%))
[       OK ] Sz_Type_KernelSz_Filter2D.Filter2D/50 (20 ms)
[ RUN      ] Sz_Type_KernelSz_Filter2D.Filter2D/51, where GetParam() = (1280x1024, 32FC4, 7)
[ PERFSTAT ]    (samples=13   mean=0.21   median=0.21   min=0.21   stddev=0.00 (0.3%))
[       OK ] Sz_Type_KernelSz_Filter2D.Filter2D/51 (22 ms)
[ RUN      ] Sz_Type_KernelSz_Filter2D.Filter2D/52, where GetParam() = (1280x1024, 32FC4, 9)
[ PERFSTAT ]    (samples=13   mean=0.32   median=0.32   min=0.32   stddev=0.00 (0.5%))
[       OK ] Sz_Type_KernelSz_Filter2D.Filter2D/52 (23 ms)
[ RUN      ] Sz_Type_KernelSz_Filter2D.Filter2D/53, where GetParam() = (1280x1024, 32FC4, 11)
[ PERFSTAT ]    (samples=13   mean=0.45   median=0.45   min=0.45   stddev=0.00 (0.1%))
[       OK ] Sz_Type_KernelSz_Filter2D.Filter2D/53 (25 ms)
[ RUN      ] Sz_Type_KernelSz_Filter2D.Filter2D/54, where GetParam() = (1280x1024, 32FC4, 13)
[ PERFSTAT ]    (samples=13   mean=0.62   median=0.62   min=0.62   stddev=0.00 (0.1%))
[       OK ] Sz_Type_KernelSz_Filter2D.Filter2D/54 (27 ms)
[ RUN      ] Sz_Type_KernelSz_Filter2D.Filter2D/55, where GetParam() = (1280x1024, 32FC4, 15)
[ PERFSTAT ]    (samples=13   mean=0.79   median=0.79   min=0.79   stddev=0.00 (0.1%))
[       OK ] Sz_Type_KernelSz_Filter2D.Filter2D/55 (29 ms)
[ RUN      ] Sz_Type_KernelSz_Filter2D.Filter2D/56, where GetParam() = (1920x1080, 8UC1, 3)
[ PERFSTAT ]    (samples=13   mean=0.08   median=0.08   min=0.08   stddev=0.00 (0.2%))
[       OK ] Sz_Type_KernelSz_Filter2D.Filter2D/56 (6 ms)
[ RUN      ] Sz_Type_KernelSz_Filter2D.Filter2D/57, where GetParam() = (1920x1080, 8UC1, 5)
[ PERFSTAT ]    (samples=13   mean=0.19   median=0.19   min=0.18   stddev=0.00 (0.1%))
[       OK ] Sz_Type_KernelSz_Filter2D.Filter2D/57 (5 ms)
[ RUN      ] Sz_Type_KernelSz_Filter2D.Filter2D/58, where GetParam() = (1920x1080, 8UC1, 7)
[ PERFSTAT ]    (samples=13   mean=0.32   median=0.32   min=0.32   stddev=0.00 (0.1%))
[       OK ] Sz_Type_KernelSz_Filter2D.Filter2D/58 (7 ms)
[ RUN      ] Sz_Type_KernelSz_Filter2D.Filter2D/59, where GetParam() = (1920x1080, 8UC1, 9)
[ PERFSTAT ]    (samples=13   mean=0.49   median=0.49   min=0.49   stddev=0.00 (0.0%))
[       OK ] Sz_Type_KernelSz_Filter2D.Filter2D/59 (9 ms)
[ RUN      ] Sz_Type_KernelSz_Filter2D.Filter2D/60, where GetParam() = (1920x1080, 8UC1, 11)
[ PERFSTAT ]    (samples=13   mean=0.70   median=0.70   min=0.70   stddev=0.00 (0.0%))
[       OK ] Sz_Type_KernelSz_Filter2D.Filter2D/60 (13 ms)
[ RUN      ] Sz_Type_KernelSz_Filter2D.Filter2D/61, where GetParam() = (1920x1080, 8UC1, 13)
[ PERFSTAT ]    (samples=25   mean=0.95   median=0.95   min=0.95   stddev=0.00 (0.4%))
[       OK ] Sz_Type_KernelSz_Filter2D.Filter2D/61 (27 ms)
[ RUN      ] Sz_Type_KernelSz_Filter2D.Filter2D/62, where GetParam() = (1920x1080, 8UC1, 15)
[ PERFSTAT ]    (samples=13   mean=1.24   median=1.24   min=1.24   stddev=0.00 (0.0%))
[       OK ] Sz_Type_KernelSz_Filter2D.Filter2D/62 (19 ms)
[ RUN      ] Sz_Type_KernelSz_Filter2D.Filter2D/63, where GetParam() = (1920x1080, 8UC4, 3)
[ PERFSTAT ]    (samples=13   mean=0.09   median=0.09   min=0.09   stddev=0.00 (0.4%))
[       OK ] Sz_Type_KernelSz_Filter2D.Filter2D/63 (12 ms)
[ RUN      ] Sz_Type_KernelSz_Filter2D.Filter2D/64, where GetParam() = (1920x1080, 8UC4, 5)
[ PERFSTAT ]    (samples=13   mean=0.20   median=0.20   min=0.20   stddev=0.00 (0.2%))
[       OK ] Sz_Type_KernelSz_Filter2D.Filter2D/64 (11 ms)
[ RUN      ] Sz_Type_KernelSz_Filter2D.Filter2D/65, where GetParam() = (1920x1080, 8UC4, 7)
[ PERFSTAT ]    (samples=13   mean=0.34   median=0.34   min=0.34   stddev=0.00 (0.1%))
[       OK ] Sz_Type_KernelSz_Filter2D.Filter2D/65 (13 ms)
[ RUN      ] Sz_Type_KernelSz_Filter2D.Filter2D/66, where GetParam() = (1920x1080, 8UC4, 9)
[ PERFSTAT ]    (samples=13   mean=0.53   median=0.53   min=0.52   stddev=0.00 (0.1%))
[       OK ] Sz_Type_KernelSz_Filter2D.Filter2D/66 (47 ms)
[ RUN      ] Sz_Type_KernelSz_Filter2D.Filter2D/67, where GetParam() = (1920x1080, 8UC4, 11)
[ PERFSTAT ]    (samples=13   mean=0.75   median=0.75   min=0.75   stddev=0.00 (0.0%))
[       OK ] Sz_Type_KernelSz_Filter2D.Filter2D/67 (18 ms)
[ RUN      ] Sz_Type_KernelSz_Filter2D.Filter2D/68, where GetParam() = (1920x1080, 8UC4, 13)
[ PERFSTAT ]    (samples=13   mean=1.01   median=1.01   min=1.01   stddev=0.00 (0.1%))
[       OK ] Sz_Type_KernelSz_Filter2D.Filter2D/68 (22 ms)
[ RUN      ] Sz_Type_KernelSz_Filter2D.Filter2D/69, where GetParam() = (1920x1080, 8UC4, 15)
[ PERFSTAT ]    (samples=13   mean=1.32   median=1.32   min=1.32   stddev=0.00 (0.0%))
[       OK ] Sz_Type_KernelSz_Filter2D.Filter2D/69 (26 ms)
[ RUN      ] Sz_Type_KernelSz_Filter2D.Filter2D/70, where GetParam() = (1920x1080, 32FC1, 3)
[ PERFSTAT ]    (samples=13   mean=0.08   median=0.08   min=0.08   stddev=0.00 (0.6%))
[       OK ] Sz_Type_KernelSz_Filter2D.Filter2D/70 (7 ms)
[ RUN      ] Sz_Type_KernelSz_Filter2D.Filter2D/71, where GetParam() = (1920x1080, 32FC1, 5)
[ PERFSTAT ]    (samples=13   mean=0.17   median=0.17   min=0.17   stddev=0.00 (0.2%))
[       OK ] Sz_Type_KernelSz_Filter2D.Filter2D/71 (8 ms)
[ RUN      ] Sz_Type_KernelSz_Filter2D.Filter2D/72, where GetParam() = (1920x1080, 32FC1, 7)
[ PERFSTAT ]    (samples=13   mean=0.28   median=0.28   min=0.28   stddev=0.00 (0.1%))
[       OK ] Sz_Type_KernelSz_Filter2D.Filter2D/72 (10 ms)
[ RUN      ] Sz_Type_KernelSz_Filter2D.Filter2D/73, where GetParam() = (1920x1080, 32FC1, 9)
[ PERFSTAT ]    (samples=13   mean=0.43   median=0.43   min=0.42   stddev=0.00 (0.1%))
[       OK ] Sz_Type_KernelSz_Filter2D.Filter2D/73 (12 ms)
[ RUN      ] Sz_Type_KernelSz_Filter2D.Filter2D/74, where GetParam() = (1920x1080, 32FC1, 11)
[ PERFSTAT ]    (samples=13   mean=0.60   median=0.60   min=0.60   stddev=0.00 (0.1%))
[       OK ] Sz_Type_KernelSz_Filter2D.Filter2D/74 (14 ms)
[ RUN      ] Sz_Type_KernelSz_Filter2D.Filter2D/75, where GetParam() = (1920x1080, 32FC1, 13)
[ PERFSTAT ]    (samples=13   mean=0.81   median=0.81   min=0.81   stddev=0.00 (0.1%))
[       OK ] Sz_Type_KernelSz_Filter2D.Filter2D/75 (17 ms)
[ RUN      ] Sz_Type_KernelSz_Filter2D.Filter2D/76, where GetParam() = (1920x1080, 32FC1, 15)
[ PERFSTAT ]    (samples=13   mean=1.05   median=1.05   min=1.05   stddev=0.00 (0.0%))
[       OK ] Sz_Type_KernelSz_Filter2D.Filter2D/76 (20 ms)
[ RUN      ] Sz_Type_KernelSz_Filter2D.Filter2D/77, where GetParam() = (1920x1080, 32FC4, 3)
[ PERFSTAT ]    (samples=13   mean=0.09   median=0.09   min=0.09   stddev=0.00 (0.9%))
[       OK ] Sz_Type_KernelSz_Filter2D.Filter2D/77 (31 ms)
[ RUN      ] Sz_Type_KernelSz_Filter2D.Filter2D/78, where GetParam() = (1920x1080, 32FC4, 5)
[ PERFSTAT ]    (samples=13   mean=0.19   median=0.19   min=0.19   stddev=0.00 (0.2%))
[       OK ] Sz_Type_KernelSz_Filter2D.Filter2D/78 (30 ms)
[ RUN      ] Sz_Type_KernelSz_Filter2D.Filter2D/79, where GetParam() = (1920x1080, 32FC4, 7)
[ PERFSTAT ]    (samples=13   mean=0.32   median=0.32   min=0.32   stddev=0.00 (0.1%))
[       OK ] Sz_Type_KernelSz_Filter2D.Filter2D/79 (31 ms)
[ RUN      ] Sz_Type_KernelSz_Filter2D.Filter2D/80, where GetParam() = (1920x1080, 32FC4, 9)
[ PERFSTAT ]    (samples=13   mean=0.50   median=0.50   min=0.50   stddev=0.00 (0.1%))
[       OK ] Sz_Type_KernelSz_Filter2D.Filter2D/80 (34 ms)
[ RUN      ] Sz_Type_KernelSz_Filter2D.Filter2D/81, where GetParam() = (1920x1080, 32FC4, 11)
[ PERFSTAT ]    (samples=13   mean=0.70   median=0.70   min=0.70   stddev=0.00 (0.1%))
[       OK ] Sz_Type_KernelSz_Filter2D.Filter2D/81 (37 ms)
[ RUN      ] Sz_Type_KernelSz_Filter2D.Filter2D/82, where GetParam() = (1920x1080, 32FC4, 13)
[ PERFSTAT ]    (samples=13   mean=0.96   median=0.96   min=0.96   stddev=0.00 (0.3%))
[       OK ] Sz_Type_KernelSz_Filter2D.Filter2D/82 (41 ms)
[ RUN      ] Sz_Type_KernelSz_Filter2D.Filter2D/83, where GetParam() = (1920x1080, 32FC4, 15)
[ PERFSTAT ]    (samples=13   mean=1.23   median=1.23   min=1.23   stddev=0.00 (0.1%))
[       OK ] Sz_Type_KernelSz_Filter2D.Filter2D/83 (45 ms)
[----------] 84 tests from Sz_Type_KernelSz_Filter2D (1191 ms total)

[----------] 24 tests from Sz_Type_KernelSz_Laplacian
[ RUN      ] Sz_Type_KernelSz_Laplacian.Laplacian/0, where GetParam() = (1280x720, 8UC1, 1)
[ PERFSTAT ]    (samples=13   mean=0.04   median=0.04   min=0.04   stddev=0.00 (0.9%))
[       OK ] Sz_Type_KernelSz_Laplacian.Laplacian/0 (3 ms)
[ RUN      ] Sz_Type_KernelSz_Laplacian.Laplacian/1, where GetParam() = (1280x720, 8UC1, 3)
[ PERFSTAT ]    (samples=13   mean=0.04   median=0.04   min=0.04   stddev=0.00 (2.8%))
[       OK ] Sz_Type_KernelSz_Laplacian.Laplacian/1 (2 ms)
[ RUN      ] Sz_Type_KernelSz_Laplacian.Laplacian/2, where GetParam() = (1280x720, 8UC4, 1)
[ PERFSTAT ]    (samples=13   mean=0.05   median=0.05   min=0.05   stddev=0.00 (0.7%))
[       OK ] Sz_Type_KernelSz_Laplacian.Laplacian/2 (6 ms)
[ RUN      ] Sz_Type_KernelSz_Laplacian.Laplacian/3, where GetParam() = (1280x720, 8UC4, 3)
[ PERFSTAT ]    (samples=13   mean=0.05   median=0.05   min=0.05   stddev=0.00 (0.9%))
[       OK ] Sz_Type_KernelSz_Laplacian.Laplacian/3 (5 ms)
[ RUN      ] Sz_Type_KernelSz_Laplacian.Laplacian/4, where GetParam() = (1280x720, 32FC1, 1)
[ PERFSTAT ]    (samples=13   mean=0.04   median=0.04   min=0.04   stddev=0.00 (0.9%))
[       OK ] Sz_Type_KernelSz_Laplacian.Laplacian/4 (4 ms)
[ RUN      ] Sz_Type_KernelSz_Laplacian.Laplacian/5, where GetParam() = (1280x720, 32FC1, 3)
[ PERFSTAT ]    (samples=13   mean=0.04   median=0.04   min=0.04   stddev=0.00 (1.2%))
[       OK ] Sz_Type_KernelSz_Laplacian.Laplacian/5 (4 ms)
[ RUN      ] Sz_Type_KernelSz_Laplacian.Laplacian/6, where GetParam() = (1280x720, 32FC4, 1)
[ PERFSTAT ]    (samples=25   mean=0.05   median=0.05   min=0.05   stddev=0.00 (1.0%))
[       OK ] Sz_Type_KernelSz_Laplacian.Laplacian/6 (14 ms)
[ RUN      ] Sz_Type_KernelSz_Laplacian.Laplacian/7, where GetParam() = (1280x720, 32FC4, 3)
[ PERFSTAT ]    (samples=13   mean=0.05   median=0.05   min=0.05   stddev=0.00 (1.6%))
[       OK ] Sz_Type_KernelSz_Laplacian.Laplacian/7 (12 ms)
[ RUN      ] Sz_Type_KernelSz_Laplacian.Laplacian/8, where GetParam() = (1280x1024, 8UC1, 1)
[ PERFSTAT ]    (samples=13   mean=0.06   median=0.06   min=0.06   stddev=0.00 (0.5%))
[       OK ] Sz_Type_KernelSz_Laplacian.Laplacian/8 (2 ms)
[ RUN      ] Sz_Type_KernelSz_Laplacian.Laplacian/9, where GetParam() = (1280x1024, 8UC1, 3)
[ PERFSTAT ]    (samples=13   mean=0.06   median=0.06   min=0.06   stddev=0.00 (0.8%))
[       OK ] Sz_Type_KernelSz_Laplacian.Laplacian/9 (3 ms)
[ RUN      ] Sz_Type_KernelSz_Laplacian.Laplacian/10, where GetParam() = (1280x1024, 8UC4, 1)
[ PERFSTAT ]    (samples=13   mean=0.06   median=0.06   min=0.06   stddev=0.00 (0.8%))
[       OK ] Sz_Type_KernelSz_Laplacian.Laplacian/10 (7 ms)
[ RUN      ] Sz_Type_KernelSz_Laplacian.Laplacian/11, where GetParam() = (1280x1024, 8UC4, 3)
[ PERFSTAT ]    (samples=13   mean=0.06   median=0.06   min=0.06   stddev=0.00 (0.7%))
[       OK ] Sz_Type_KernelSz_Laplacian.Laplacian/11 (7 ms)
[ RUN      ] Sz_Type_KernelSz_Laplacian.Laplacian/12, where GetParam() = (1280x1024, 32FC1, 1)
[ PERFSTAT ]    (samples=13   mean=0.05   median=0.05   min=0.05   stddev=0.00 (0.6%))
[       OK ] Sz_Type_KernelSz_Laplacian.Laplacian/12 (4 ms)
[ RUN      ] Sz_Type_KernelSz_Laplacian.Laplacian/13, where GetParam() = (1280x1024, 32FC1, 3)
[ PERFSTAT ]    (samples=13   mean=0.05   median=0.05   min=0.05   stddev=0.00 (0.6%))
[       OK ] Sz_Type_KernelSz_Laplacian.Laplacian/13 (5 ms)
[ RUN      ] Sz_Type_KernelSz_Laplacian.Laplacian/14, where GetParam() = (1280x1024, 32FC4, 1)
[ PERFSTAT ]    (samples=13   mean=0.06   median=0.06   min=0.06   stddev=0.00 (0.5%))
[       OK ] Sz_Type_KernelSz_Laplacian.Laplacian/14 (18 ms)
[ RUN      ] Sz_Type_KernelSz_Laplacian.Laplacian/15, where GetParam() = (1280x1024, 32FC4, 3)
[ PERFSTAT ]    (samples=13   mean=0.06   median=0.06   min=0.06   stddev=0.00 (1.1%))
[       OK ] Sz_Type_KernelSz_Laplacian.Laplacian/15 (15 ms)
[ RUN      ] Sz_Type_KernelSz_Laplacian.Laplacian/16, where GetParam() = (1920x1080, 8UC1, 1)
[ PERFSTAT ]    (samples=13   mean=0.08   median=0.08   min=0.08   stddev=0.00 (0.4%))
[       OK ] Sz_Type_KernelSz_Laplacian.Laplacian/16 (5 ms)
[ RUN      ] Sz_Type_KernelSz_Laplacian.Laplacian/17, where GetParam() = (1920x1080, 8UC1, 3)
[ PERFSTAT ]    (samples=13   mean=0.08   median=0.08   min=0.08   stddev=0.00 (0.4%))
[       OK ] Sz_Type_KernelSz_Laplacian.Laplacian/17 (4 ms)
[ RUN      ] Sz_Type_KernelSz_Laplacian.Laplacian/18, where GetParam() = (1920x1080, 8UC4, 1)
[ PERFSTAT ]    (samples=13   mean=0.09   median=0.09   min=0.09   stddev=0.00 (0.4%))
[       OK ] Sz_Type_KernelSz_Laplacian.Laplacian/18 (9 ms)
[ RUN      ] Sz_Type_KernelSz_Laplacian.Laplacian/19, where GetParam() = (1920x1080, 8UC4, 3)
[ PERFSTAT ]    (samples=13   mean=0.09   median=0.09   min=0.09   stddev=0.00 (0.3%))
[       OK ] Sz_Type_KernelSz_Laplacian.Laplacian/19 (10 ms)
[ RUN      ] Sz_Type_KernelSz_Laplacian.Laplacian/20, where GetParam() = (1920x1080, 32FC1, 1)
[ PERFSTAT ]    (samples=13   mean=0.08   median=0.08   min=0.08   stddev=0.00 (0.3%))
[       OK ] Sz_Type_KernelSz_Laplacian.Laplacian/20 (7 ms)
[ RUN      ] Sz_Type_KernelSz_Laplacian.Laplacian/21, where GetParam() = (1920x1080, 32FC1, 3)
[ PERFSTAT ]    (samples=13   mean=0.08   median=0.08   min=0.08   stddev=0.00 (0.5%))
[       OK ] Sz_Type_KernelSz_Laplacian.Laplacian/21 (7 ms)
[ RUN      ] Sz_Type_KernelSz_Laplacian.Laplacian/22, where GetParam() = (1920x1080, 32FC4, 1)
[ PERFSTAT ]    (samples=13   mean=0.09   median=0.09   min=0.09   stddev=0.00 (0.5%))
[       OK ] Sz_Type_KernelSz_Laplacian.Laplacian/22 (26 ms)
[ RUN      ] Sz_Type_KernelSz_Laplacian.Laplacian/23, where GetParam() = (1920x1080, 32FC4, 3)
[ PERFSTAT ]    (samples=13   mean=0.09   median=0.09   min=0.09   stddev=0.00 (0.4%))
[       OK ] Sz_Type_KernelSz_Laplacian.Laplacian/23 (29 ms)
[----------] 24 tests from Sz_Type_KernelSz_Laplacian (208 ms total)

[----------] 63 tests from Sz_Type_KernelSz_Sobel
[ RUN      ] Sz_Type_KernelSz_Sobel.Sobel/0, where GetParam() = (1280x720, 8UC1, 3)
[ PERFSTAT ]    (samples=38   mean=0.03   median=0.03   min=0.03   stddev=0.00 (1.1%))
[       OK ] Sz_Type_KernelSz_Sobel.Sobel/0 (37 ms)
[ RUN      ] Sz_Type_KernelSz_Sobel.Sobel/1, where GetParam() = (1280x720, 8UC1, 5)
[ PERFSTAT ]    (samples=13   mean=0.03   median=0.03   min=0.03   stddev=0.00 (1.7%))
[       OK ] Sz_Type_KernelSz_Sobel.Sobel/1 (3 ms)
[ RUN      ] Sz_Type_KernelSz_Sobel.Sobel/2, where GetParam() = (1280x720, 8UC1, 7)
[ PERFSTAT ]    (samples=13   mean=0.03   median=0.03   min=0.03   stddev=0.00 (1.8%))
[       OK ] Sz_Type_KernelSz_Sobel.Sobel/2 (2 ms)
[ RUN      ] Sz_Type_KernelSz_Sobel.Sobel/3, where GetParam() = (1280x720, 8UC1, 9)
[ PERFSTAT ]    (samples=13   mean=0.03   median=0.03   min=0.03   stddev=0.00 (1.2%))
[       OK ] Sz_Type_KernelSz_Sobel.Sobel/3 (3 ms)
[ RUN      ] Sz_Type_KernelSz_Sobel.Sobel/4, where GetParam() = (1280x720, 8UC1, 11)
[ PERFSTAT ]    (samples=13   mean=0.03   median=0.03   min=0.03   stddev=0.00 (1.0%))
[       OK ] Sz_Type_KernelSz_Sobel.Sobel/4 (2 ms)
[ RUN      ] Sz_Type_KernelSz_Sobel.Sobel/5, where GetParam() = (1280x720, 8UC1, 13)
[ PERFSTAT ]    (samples=13   mean=0.04   median=0.04   min=0.04   stddev=0.00 (0.8%))
[       OK ] Sz_Type_KernelSz_Sobel.Sobel/5 (3 ms)
[ RUN      ] Sz_Type_KernelSz_Sobel.Sobel/6, where GetParam() = (1280x720, 8UC1, 15)
[ PERFSTAT ]    (samples=13   mean=0.04   median=0.04   min=0.04   stddev=0.00 (1.1%))
[       OK ] Sz_Type_KernelSz_Sobel.Sobel/6 (3 ms)
[ RUN      ] Sz_Type_KernelSz_Sobel.Sobel/7, where GetParam() = (1280x720, 8UC4, 3)
[ PERFSTAT ]    (samples=25   mean=0.04   median=0.04   min=0.04   stddev=0.00 (0.9%))
[       OK ] Sz_Type_KernelSz_Sobel.Sobel/7 (47 ms)
[ RUN      ] Sz_Type_KernelSz_Sobel.Sobel/8, where GetParam() = (1280x720, 8UC4, 5)
[ PERFSTAT ]    (samples=13   mean=0.04   median=0.04   min=0.04   stddev=0.00 (1.5%))
[       OK ] Sz_Type_KernelSz_Sobel.Sobel/8 (6 ms)
[ RUN      ] Sz_Type_KernelSz_Sobel.Sobel/9, where GetParam() = (1280x720, 8UC4, 7)
[ PERFSTAT ]    (samples=13   mean=0.05   median=0.05   min=0.04   stddev=0.00 (1.1%))
[       OK ] Sz_Type_KernelSz_Sobel.Sobel/9 (7 ms)
[ RUN      ] Sz_Type_KernelSz_Sobel.Sobel/10, where GetParam() = (1280x720, 8UC4, 9)
[ PERFSTAT ]    (samples=13   mean=0.05   median=0.05   min=0.05   stddev=0.00 (1.4%))
[       OK ] Sz_Type_KernelSz_Sobel.Sobel/10 (5 ms)
[ RUN      ] Sz_Type_KernelSz_Sobel.Sobel/11, where GetParam() = (1280x720, 8UC4, 11)
[ PERFSTAT ]    (samples=13   mean=0.05   median=0.05   min=0.05   stddev=0.00 (1.8%))
[       OK ] Sz_Type_KernelSz_Sobel.Sobel/11 (7 ms)
[ RUN      ] Sz_Type_KernelSz_Sobel.Sobel/12, where GetParam() = (1280x720, 8UC4, 13)
[ PERFSTAT ]    (samples=13   mean=0.06   median=0.06   min=0.05   stddev=0.00 (2.7%))
[       OK ] Sz_Type_KernelSz_Sobel.Sobel/12 (5 ms)
[ RUN      ] Sz_Type_KernelSz_Sobel.Sobel/13, where GetParam() = (1280x720, 8UC4, 15)
[ PERFSTAT ]    (samples=13   mean=0.06   median=0.06   min=0.06   stddev=0.00 (1.5%))
[       OK ] Sz_Type_KernelSz_Sobel.Sobel/13 (6 ms)
[ RUN      ] Sz_Type_KernelSz_Sobel.Sobel/14, where GetParam() = (1280x720, 32FC1, 3)
[ PERFSTAT ]    (samples=25   mean=0.03   median=0.03   min=0.03   stddev=0.00 (1.1%))
[       OK ] Sz_Type_KernelSz_Sobel.Sobel/14 (35 ms)
[ RUN      ] Sz_Type_KernelSz_Sobel.Sobel/15, where GetParam() = (1280x720, 32FC1, 5)
[ PERFSTAT ]    (samples=13   mean=0.03   median=0.03   min=0.03   stddev=0.00 (2.3%))
[       OK ] Sz_Type_KernelSz_Sobel.Sobel/15 (5 ms)
[ RUN      ] Sz_Type_KernelSz_Sobel.Sobel/16, where GetParam() = (1280x720, 32FC1, 7)
[ PERFSTAT ]    (samples=25   mean=0.03   median=0.03   min=0.03   stddev=0.00 (2.3%))
[       OK ] Sz_Type_KernelSz_Sobel.Sobel/16 (4 ms)
[ RUN      ] Sz_Type_KernelSz_Sobel.Sobel/17, where GetParam() = (1280x720, 32FC1, 9)
[ PERFSTAT ]    (samples=13   mean=0.03   median=0.03   min=0.03   stddev=0.00 (1.2%))
[       OK ] Sz_Type_KernelSz_Sobel.Sobel/17 (4 ms)
[ RUN      ] Sz_Type_KernelSz_Sobel.Sobel/18, where GetParam() = (1280x720, 32FC1, 11)
[ PERFSTAT ]    (samples=13   mean=0.03   median=0.03   min=0.03   stddev=0.00 (1.4%))
[       OK ] Sz_Type_KernelSz_Sobel.Sobel/18 (4 ms)
[ RUN      ] Sz_Type_KernelSz_Sobel.Sobel/19, where GetParam() = (1280x720, 32FC1, 13)
[ PERFSTAT ]    (samples=13   mean=0.04   median=0.04   min=0.03   stddev=0.00 (1.3%))
[       OK ] Sz_Type_KernelSz_Sobel.Sobel/19 (4 ms)
[ RUN      ] Sz_Type_KernelSz_Sobel.Sobel/20, where GetParam() = (1280x720, 32FC1, 15)
[ PERFSTAT ]    (samples=13   mean=0.04   median=0.04   min=0.04   stddev=0.00 (1.3%))
[       OK ] Sz_Type_KernelSz_Sobel.Sobel/20 (4 ms)
[ RUN      ] Sz_Type_KernelSz_Sobel.Sobel/21, where GetParam() = (1280x1024, 8UC1, 3)
[ PERFSTAT ]    (samples=13   mean=0.03   median=0.03   min=0.03   stddev=0.00 (1.2%))
[       OK ] Sz_Type_KernelSz_Sobel.Sobel/21 (3 ms)
[ RUN      ] Sz_Type_KernelSz_Sobel.Sobel/22, where GetParam() = (1280x1024, 8UC1, 5)
[ PERFSTAT ]    (samples=13   mean=0.03   median=0.03   min=0.03   stddev=0.00 (1.4%))
[       OK ] Sz_Type_KernelSz_Sobel.Sobel/22 (3 ms)
[ RUN      ] Sz_Type_KernelSz_Sobel.Sobel/23, where GetParam() = (1280x1024, 8UC1, 7)
[ PERFSTAT ]    (samples=13   mean=0.03   median=0.03   min=0.03   stddev=0.00 (2.0%))
[       OK ] Sz_Type_KernelSz_Sobel.Sobel/23 (2 ms)
[ RUN      ] Sz_Type_KernelSz_Sobel.Sobel/24, where GetParam() = (1280x1024, 8UC1, 9)
[ PERFSTAT ]    (samples=25   mean=0.04   median=0.04   min=0.04   stddev=0.00 (2.9%))
[       OK ] Sz_Type_KernelSz_Sobel.Sobel/24 (3 ms)
[ RUN      ] Sz_Type_KernelSz_Sobel.Sobel/25, where GetParam() = (1280x1024, 8UC1, 11)
[ PERFSTAT ]    (samples=13   mean=0.04   median=0.04   min=0.04   stddev=0.00 (1.0%))
[       OK ] Sz_Type_KernelSz_Sobel.Sobel/25 (3 ms)
[ RUN      ] Sz_Type_KernelSz_Sobel.Sobel/26, where GetParam() = (1280x1024, 8UC1, 13)
[ PERFSTAT ]    (samples=13   mean=0.04   median=0.04   min=0.04   stddev=0.00 (0.9%))
[       OK ] Sz_Type_KernelSz_Sobel.Sobel/26 (3 ms)
[ RUN      ] Sz_Type_KernelSz_Sobel.Sobel/27, where GetParam() = (1280x1024, 8UC1, 15)
[ PERFSTAT ]    (samples=13   mean=0.04   median=0.04   min=0.04   stddev=0.00 (1.7%))
[       OK ] Sz_Type_KernelSz_Sobel.Sobel/27 (3 ms)
[ RUN      ] Sz_Type_KernelSz_Sobel.Sobel/28, where GetParam() = (1280x1024, 8UC4, 3)
[ PERFSTAT ]    (samples=13   mean=0.05   median=0.05   min=0.05   stddev=0.00 (1.5%))
[       OK ] Sz_Type_KernelSz_Sobel.Sobel/28 (8 ms)
[ RUN      ] Sz_Type_KernelSz_Sobel.Sobel/29, where GetParam() = (1280x1024, 8UC4, 5)
[ PERFSTAT ]    (samples=13   mean=0.05   median=0.05   min=0.05   stddev=0.00 (1.4%))
[       OK ] Sz_Type_KernelSz_Sobel.Sobel/29 (6 ms)
[ RUN      ] Sz_Type_KernelSz_Sobel.Sobel/30, where GetParam() = (1280x1024, 8UC4, 7)
[ PERFSTAT ]    (samples=13   mean=0.06   median=0.06   min=0.06   stddev=0.00 (1.1%))
[       OK ] Sz_Type_KernelSz_Sobel.Sobel/30 (7 ms)
[ RUN      ] Sz_Type_KernelSz_Sobel.Sobel/31, where GetParam() = (1280x1024, 8UC4, 9)
[ PERFSTAT ]    (samples=13   mean=0.06   median=0.06   min=0.06   stddev=0.00 (1.3%))
[       OK ] Sz_Type_KernelSz_Sobel.Sobel/31 (7 ms)
[ RUN      ] Sz_Type_KernelSz_Sobel.Sobel/32, where GetParam() = (1280x1024, 8UC4, 11)
[ PERFSTAT ]    (samples=13   mean=0.07   median=0.07   min=0.07   stddev=0.00 (1.4%))
[       OK ] Sz_Type_KernelSz_Sobel.Sobel/32 (7 ms)
[ RUN      ] Sz_Type_KernelSz_Sobel.Sobel/33, where GetParam() = (1280x1024, 8UC4, 13)
[ PERFSTAT ]    (samples=13   mean=0.07   median=0.07   min=0.07   stddev=0.00 (0.8%))
[       OK ] Sz_Type_KernelSz_Sobel.Sobel/33 (7 ms)
[ RUN      ] Sz_Type_KernelSz_Sobel.Sobel/34, where GetParam() = (1280x1024, 8UC4, 15)
[ PERFSTAT ]    (samples=13   mean=0.08   median=0.08   min=0.08   stddev=0.00 (1.1%))
[       OK ] Sz_Type_KernelSz_Sobel.Sobel/34 (7 ms)
[ RUN      ] Sz_Type_KernelSz_Sobel.Sobel/35, where GetParam() = (1280x1024, 32FC1, 3)
[ PERFSTAT ]    (samples=13   mean=0.03   median=0.03   min=0.03   stddev=0.00 (1.0%))
[       OK ] Sz_Type_KernelSz_Sobel.Sobel/35 (5 ms)
[ RUN      ] Sz_Type_KernelSz_Sobel.Sobel/36, where GetParam() = (1280x1024, 32FC1, 5)
[ PERFSTAT ]    (samples=13   mean=0.03   median=0.03   min=0.03   stddev=0.00 (1.6%))
[       OK ] Sz_Type_KernelSz_Sobel.Sobel/36 (6 ms)
[ RUN      ] Sz_Type_KernelSz_Sobel.Sobel/37, where GetParam() = (1280x1024, 32FC1, 7)
[ PERFSTAT ]    (samples=13   mean=0.04   median=0.03   min=0.03   stddev=0.00 (1.0%))
[       OK ] Sz_Type_KernelSz_Sobel.Sobel/37 (5 ms)
[ RUN      ] Sz_Type_KernelSz_Sobel.Sobel/38, where GetParam() = (1280x1024, 32FC1, 9)
[ PERFSTAT ]    (samples=13   mean=0.04   median=0.04   min=0.04   stddev=0.00 (2.0%))
[       OK ] Sz_Type_KernelSz_Sobel.Sobel/38 (4 ms)
[ RUN      ] Sz_Type_KernelSz_Sobel.Sobel/39, where GetParam() = (1280x1024, 32FC1, 11)
[ PERFSTAT ]    (samples=13   mean=0.04   median=0.04   min=0.04   stddev=0.00 (0.8%))
[       OK ] Sz_Type_KernelSz_Sobel.Sobel/39 (5 ms)
[ RUN      ] Sz_Type_KernelSz_Sobel.Sobel/40, where GetParam() = (1280x1024, 32FC1, 13)
[ PERFSTAT ]    (samples=13   mean=0.04   median=0.04   min=0.04   stddev=0.00 (1.1%))
[       OK ] Sz_Type_KernelSz_Sobel.Sobel/40 (5 ms)
[ RUN      ] Sz_Type_KernelSz_Sobel.Sobel/41, where GetParam() = (1280x1024, 32FC1, 15)
[ PERFSTAT ]    (samples=13   mean=0.04   median=0.04   min=0.04   stddev=0.00 (0.9%))
[       OK ] Sz_Type_KernelSz_Sobel.Sobel/41 (5 ms)
[ RUN      ] Sz_Type_KernelSz_Sobel.Sobel/42, where GetParam() = (1920x1080, 8UC1, 3)
[ PERFSTAT ]    (samples=13   mean=0.03   median=0.03   min=0.03   stddev=0.00 (1.3%))
[       OK ] Sz_Type_KernelSz_Sobel.Sobel/42 (4 ms)
[ RUN      ] Sz_Type_KernelSz_Sobel.Sobel/43, where GetParam() = (1920x1080, 8UC1, 5)
[ PERFSTAT ]    (samples=13   mean=0.04   median=0.04   min=0.04   stddev=0.00 (1.0%))
[       OK ] Sz_Type_KernelSz_Sobel.Sobel/43 (4 ms)
[ RUN      ] Sz_Type_KernelSz_Sobel.Sobel/44, where GetParam() = (1920x1080, 8UC1, 7)
[ PERFSTAT ]    (samples=13   mean=0.04   median=0.04   min=0.04   stddev=0.00 (0.9%))
[       OK ] Sz_Type_KernelSz_Sobel.Sobel/44 (4 ms)
[ RUN      ] Sz_Type_KernelSz_Sobel.Sobel/45, where GetParam() = (1920x1080, 8UC1, 9)
[ PERFSTAT ]    (samples=18   mean=0.05   median=0.05   min=0.05   stddev=0.00 (2.9%))
[       OK ] Sz_Type_KernelSz_Sobel.Sobel/45 (4 ms)
[ RUN      ] Sz_Type_KernelSz_Sobel.Sobel/46, where GetParam() = (1920x1080, 8UC1, 11)
[ PERFSTAT ]    (samples=13   mean=0.05   median=0.05   min=0.05   stddev=0.00 (1.2%))
[       OK ] Sz_Type_KernelSz_Sobel.Sobel/46 (4 ms)
[ RUN      ] Sz_Type_KernelSz_Sobel.Sobel/47, where GetParam() = (1920x1080, 8UC1, 13)
[ PERFSTAT ]    (samples=13   mean=0.05   median=0.05   min=0.05   stddev=0.00 (0.7%))
[       OK ] Sz_Type_KernelSz_Sobel.Sobel/47 (4 ms)
[ RUN      ] Sz_Type_KernelSz_Sobel.Sobel/48, where GetParam() = (1920x1080, 8UC1, 15)
[ PERFSTAT ]    (samples=13   mean=0.06   median=0.06   min=0.06   stddev=0.00 (0.7%))
[       OK ] Sz_Type_KernelSz_Sobel.Sobel/48 (4 ms)
[ RUN      ] Sz_Type_KernelSz_Sobel.Sobel/49, where GetParam() = (1920x1080, 8UC4, 3)
[ PERFSTAT ]    (samples=13   mean=0.09   median=0.09   min=0.09   stddev=0.00 (0.6%))
[       OK ] Sz_Type_KernelSz_Sobel.Sobel/49 (11 ms)
[ RUN      ] Sz_Type_KernelSz_Sobel.Sobel/50, where GetParam() = (1920x1080, 8UC4, 5)
[ PERFSTAT ]    (samples=13   mean=0.09   median=0.09   min=0.09   stddev=0.00 (2.4%))
[       OK ] Sz_Type_KernelSz_Sobel.Sobel/50 (10 ms)
[ RUN      ] Sz_Type_KernelSz_Sobel.Sobel/51, where GetParam() = (1920x1080, 8UC4, 7)
[ PERFSTAT ]    (samples=13   mean=0.09   median=0.09   min=0.09   stddev=0.00 (1.8%))
[       OK ] Sz_Type_KernelSz_Sobel.Sobel/51 (10 ms)
[ RUN      ] Sz_Type_KernelSz_Sobel.Sobel/52, where GetParam() = (1920x1080, 8UC4, 9)
[ PERFSTAT ]    (samples=13   mean=0.10   median=0.10   min=0.10   stddev=0.00 (0.9%))
[       OK ] Sz_Type_KernelSz_Sobel.Sobel/52 (10 ms)
[ RUN      ] Sz_Type_KernelSz_Sobel.Sobel/53, where GetParam() = (1920x1080, 8UC4, 11)
[ PERFSTAT ]    (samples=13   mean=0.10   median=0.10   min=0.10   stddev=0.00 (0.9%))
[       OK ] Sz_Type_KernelSz_Sobel.Sobel/53 (10 ms)
[ RUN      ] Sz_Type_KernelSz_Sobel.Sobel/54, where GetParam() = (1920x1080, 8UC4, 13)
[ PERFSTAT ]    (samples=13   mean=0.11   median=0.11   min=0.11   stddev=0.00 (1.7%))
[       OK ] Sz_Type_KernelSz_Sobel.Sobel/54 (10 ms)
[ RUN      ] Sz_Type_KernelSz_Sobel.Sobel/55, where GetParam() = (1920x1080, 8UC4, 15)
[ PERFSTAT ]    (samples=13   mean=0.12   median=0.12   min=0.12   stddev=0.00 (0.3%))
[       OK ] Sz_Type_KernelSz_Sobel.Sobel/55 (10 ms)
[ RUN      ] Sz_Type_KernelSz_Sobel.Sobel/56, where GetParam() = (1920x1080, 32FC1, 3)
[ PERFSTAT ]    (samples=13   mean=0.04   median=0.04   min=0.04   stddev=0.00 (1.9%))
[       OK ] Sz_Type_KernelSz_Sobel.Sobel/56 (8 ms)
[ RUN      ] Sz_Type_KernelSz_Sobel.Sobel/57, where GetParam() = (1920x1080, 32FC1, 5)
[ PERFSTAT ]    (samples=17   mean=0.04   median=0.04   min=0.04   stddev=0.00 (2.9%))
[       OK ] Sz_Type_KernelSz_Sobel.Sobel/57 (7 ms)
[ RUN      ] Sz_Type_KernelSz_Sobel.Sobel/58, where GetParam() = (1920x1080, 32FC1, 7)
[ PERFSTAT ]    (samples=25   mean=0.04   median=0.04   min=0.04   stddev=0.00 (1.2%))
[       OK ] Sz_Type_KernelSz_Sobel.Sobel/58 (8 ms)
[ RUN      ] Sz_Type_KernelSz_Sobel.Sobel/59, where GetParam() = (1920x1080, 32FC1, 9)
[ PERFSTAT ]    (samples=13   mean=0.05   median=0.05   min=0.05   stddev=0.00 (1.7%))
[       OK ] Sz_Type_KernelSz_Sobel.Sobel/59 (7 ms)
[ RUN      ] Sz_Type_KernelSz_Sobel.Sobel/60, where GetParam() = (1920x1080, 32FC1, 11)
[ PERFSTAT ]    (samples=13   mean=0.05   median=0.05   min=0.05   stddev=0.00 (0.8%))
[       OK ] Sz_Type_KernelSz_Sobel.Sobel/60 (7 ms)
[ RUN      ] Sz_Type_KernelSz_Sobel.Sobel/61, where GetParam() = (1920x1080, 32FC1, 13)
[ PERFSTAT ]    (samples=13   mean=0.05   median=0.05   min=0.05   stddev=0.00 (1.8%))
[       OK ] Sz_Type_KernelSz_Sobel.Sobel/61 (7 ms)
[ RUN      ] Sz_Type_KernelSz_Sobel.Sobel/62, where GetParam() = (1920x1080, 32FC1, 15)
[ PERFSTAT ]    (samples=13   mean=0.06   median=0.06   min=0.06   stddev=0.00 (2.9%))
[       OK ] Sz_Type_KernelSz_Sobel.Sobel/62 (7 ms)
[----------] 63 tests from Sz_Type_KernelSz_Sobel (451 ms total)

[----------] 9 tests from Sz_Type_Scharr
[ RUN      ] Sz_Type_Scharr.Scharr/0, where GetParam() = (1280x720, 8UC1)
[ PERFSTAT ]    (samples=13   mean=0.03   median=0.03   min=0.03   stddev=0.00 (0.9%))
[       OK ] Sz_Type_Scharr.Scharr/0 (3 ms)
[ RUN      ] Sz_Type_Scharr.Scharr/1, where GetParam() = (1280x720, 8UC4)
[ PERFSTAT ]    (samples=13   mean=0.04   median=0.04   min=0.04   stddev=0.00 (1.6%))
[       OK ] Sz_Type_Scharr.Scharr/1 (5 ms)
[ RUN      ] Sz_Type_Scharr.Scharr/2, where GetParam() = (1280x720, 32FC1)
[ PERFSTAT ]    (samples=25   mean=0.03   median=0.03   min=0.03   stddev=0.00 (2.8%))
[       OK ] Sz_Type_Scharr.Scharr/2 (4 ms)
[ RUN      ] Sz_Type_Scharr.Scharr/3, where GetParam() = (1280x1024, 8UC1)
[ PERFSTAT ]    (samples=13   mean=0.03   median=0.03   min=0.03   stddev=0.00 (1.1%))
[       OK ] Sz_Type_Scharr.Scharr/3 (3 ms)
[ RUN      ] Sz_Type_Scharr.Scharr/4, where GetParam() = (1280x1024, 8UC4)
[ PERFSTAT ]    (samples=13   mean=0.05   median=0.05   min=0.05   stddev=0.00 (0.9%))
[       OK ] Sz_Type_Scharr.Scharr/4 (7 ms)
[ RUN      ] Sz_Type_Scharr.Scharr/5, where GetParam() = (1280x1024, 32FC1)
[ PERFSTAT ]    (samples=25   mean=0.03   median=0.03   min=0.03   stddev=0.00 (1.7%))
[       OK ] Sz_Type_Scharr.Scharr/5 (5 ms)
[ RUN      ] Sz_Type_Scharr.Scharr/6, where GetParam() = (1920x1080, 8UC1)
[ PERFSTAT ]    (samples=25   mean=0.03   median=0.03   min=0.03   stddev=0.00 (1.3%))
[       OK ] Sz_Type_Scharr.Scharr/6 (4 ms)
[ RUN      ] Sz_Type_Scharr.Scharr/7, where GetParam() = (1920x1080, 8UC4)
[ PERFSTAT ]    (samples=13   mean=0.09   median=0.09   min=0.09   stddev=0.00 (1.2%))
[       OK ] Sz_Type_Scharr.Scharr/7 (10 ms)
[ RUN      ] Sz_Type_Scharr.Scharr/8, where GetParam() = (1920x1080, 32FC1)
[ PERFSTAT ]    (samples=25   mean=0.04   median=0.04   min=0.04   stddev=0.00 (1.4%))
[       OK ] Sz_Type_Scharr.Scharr/8 (7 ms)
[----------] 9 tests from Sz_Type_Scharr (48 ms total)

[----------] 63 tests from Sz_Type_KernelSz_GaussianBlur
[ RUN      ] Sz_Type_KernelSz_GaussianBlur.GaussianBlur/0, where GetParam() = (1280x720, 8UC1, 3)
[ PERFSTAT ]    (samples=25   mean=0.03   median=0.03   min=0.03   stddev=0.00 (1.8%))
[       OK ] Sz_Type_KernelSz_GaussianBlur.GaussianBlur/0 (4 ms)
[ RUN      ] Sz_Type_KernelSz_GaussianBlur.GaussianBlur/1, where GetParam() = (1280x720, 8UC1, 5)
[ PERFSTAT ]    (samples=13   mean=0.03   median=0.03   min=0.03   stddev=0.00 (0.9%))
[       OK ] Sz_Type_KernelSz_GaussianBlur.GaussianBlur/1 (2 ms)
[ RUN      ] Sz_Type_KernelSz_GaussianBlur.GaussianBlur/2, where GetParam() = (1280x720, 8UC1, 7)
[ PERFSTAT ]    (samples=13   mean=0.03   median=0.03   min=0.03   stddev=0.00 (0.9%))
[       OK ] Sz_Type_KernelSz_GaussianBlur.GaussianBlur/2 (3 ms)
[ RUN      ] Sz_Type_KernelSz_GaussianBlur.GaussianBlur/3, where GetParam() = (1280x720, 8UC1, 9)
[ PERFSTAT ]    (samples=13   mean=0.03   median=0.03   min=0.03   stddev=0.00 (0.7%))
[       OK ] Sz_Type_KernelSz_GaussianBlur.GaussianBlur/3 (2 ms)
[ RUN      ] Sz_Type_KernelSz_GaussianBlur.GaussianBlur/4, where GetParam() = (1280x720, 8UC1, 11)
[ PERFSTAT ]    (samples=13   mean=0.03   median=0.03   min=0.03   stddev=0.00 (0.9%))
[       OK ] Sz_Type_KernelSz_GaussianBlur.GaussianBlur/4 (3 ms)
[ RUN      ] Sz_Type_KernelSz_GaussianBlur.GaussianBlur/5, where GetParam() = (1280x720, 8UC1, 13)
[ PERFSTAT ]    (samples=13   mean=0.04   median=0.04   min=0.04   stddev=0.00 (0.8%))
[       OK ] Sz_Type_KernelSz_GaussianBlur.GaussianBlur/5 (2 ms)
[ RUN      ] Sz_Type_KernelSz_GaussianBlur.GaussianBlur/6, where GetParam() = (1280x720, 8UC1, 15)
[ PERFSTAT ]    (samples=13   mean=0.04   median=0.04   min=0.04   stddev=0.00 (1.1%))
[       OK ] Sz_Type_KernelSz_GaussianBlur.GaussianBlur/6 (4 ms)
[ RUN      ] Sz_Type_KernelSz_GaussianBlur.GaussianBlur/7, where GetParam() = (1280x720, 8UC4, 3)
[ PERFSTAT ]    (samples=13   mean=0.04   median=0.04   min=0.04   stddev=0.00 (1.4%))
[       OK ] Sz_Type_KernelSz_GaussianBlur.GaussianBlur/7 (6 ms)
[ RUN      ] Sz_Type_KernelSz_GaussianBlur.GaussianBlur/8, where GetParam() = (1280x720, 8UC4, 5)
[ PERFSTAT ]    (samples=13   mean=0.04   median=0.04   min=0.04   stddev=0.00 (1.3%))
[       OK ] Sz_Type_KernelSz_GaussianBlur.GaussianBlur/8 (6 ms)
[ RUN      ] Sz_Type_KernelSz_GaussianBlur.GaussianBlur/9, where GetParam() = (1280x720, 8UC4, 7)
[ PERFSTAT ]    (samples=25   mean=0.04   median=0.04   min=0.04   stddev=0.00 (1.7%))
[       OK ] Sz_Type_KernelSz_GaussianBlur.GaussianBlur/9 (6 ms)
[ RUN      ] Sz_Type_KernelSz_GaussianBlur.GaussianBlur/10, where GetParam() = (1280x720, 8UC4, 9)
[ PERFSTAT ]    (samples=13   mean=0.05   median=0.05   min=0.05   stddev=0.00 (1.8%))
[       OK ] Sz_Type_KernelSz_GaussianBlur.GaussianBlur/10 (5 ms)
[ RUN      ] Sz_Type_KernelSz_GaussianBlur.GaussianBlur/11, where GetParam() = (1280x720, 8UC4, 11)
[ PERFSTAT ]    (samples=13   mean=0.05   median=0.05   min=0.05   stddev=0.00 (0.9%))
[       OK ] Sz_Type_KernelSz_GaussianBlur.GaussianBlur/11 (6 ms)
[ RUN      ] Sz_Type_KernelSz_GaussianBlur.GaussianBlur/12, where GetParam() = (1280x720, 8UC4, 13)
[ PERFSTAT ]    (samples=13   mean=0.06   median=0.06   min=0.06   stddev=0.00 (1.0%))
[       OK ] Sz_Type_KernelSz_GaussianBlur.GaussianBlur/12 (5 ms)
[ RUN      ] Sz_Type_KernelSz_GaussianBlur.GaussianBlur/13, where GetParam() = (1280x720, 8UC4, 15)
[ PERFSTAT ]    (samples=13   mean=0.06   median=0.06   min=0.06   stddev=0.00 (2.4%))
[       OK ] Sz_Type_KernelSz_GaussianBlur.GaussianBlur/13 (6 ms)
[ RUN      ] Sz_Type_KernelSz_GaussianBlur.GaussianBlur/14, where GetParam() = (1280x720, 32FC1, 3)
[ PERFSTAT ]    (samples=25   mean=0.03   median=0.03   min=0.03   stddev=0.00 (2.6%))
[       OK ] Sz_Type_KernelSz_GaussianBlur.GaussianBlur/14 (4 ms)
[ RUN      ] Sz_Type_KernelSz_GaussianBlur.GaussianBlur/15, where GetParam() = (1280x720, 32FC1, 5)
[ PERFSTAT ]    (samples=13   mean=0.03   median=0.03   min=0.03   stddev=0.00 (1.0%))
[       OK ] Sz_Type_KernelSz_GaussianBlur.GaussianBlur/15 (4 ms)
[ RUN      ] Sz_Type_KernelSz_GaussianBlur.GaussianBlur/16, where GetParam() = (1280x720, 32FC1, 7)
[ PERFSTAT ]    (samples=13   mean=0.03   median=0.03   min=0.03   stddev=0.00 (1.2%))
[       OK ] Sz_Type_KernelSz_GaussianBlur.GaussianBlur/16 (4 ms)
[ RUN      ] Sz_Type_KernelSz_GaussianBlur.GaussianBlur/17, where GetParam() = (1280x720, 32FC1, 9)
[ PERFSTAT ]    (samples=25   mean=0.03   median=0.03   min=0.03   stddev=0.00 (2.3%))
[       OK ] Sz_Type_KernelSz_GaussianBlur.GaussianBlur/17 (4 ms)
[ RUN      ] Sz_Type_KernelSz_GaussianBlur.GaussianBlur/18, where GetParam() = (1280x720, 32FC1, 11)
[ PERFSTAT ]    (samples=13   mean=0.03   median=0.03   min=0.03   stddev=0.00 (1.1%))
[       OK ] Sz_Type_KernelSz_GaussianBlur.GaussianBlur/18 (4 ms)
[ RUN      ] Sz_Type_KernelSz_GaussianBlur.GaussianBlur/19, where GetParam() = (1280x720, 32FC1, 13)
[ PERFSTAT ]    (samples=13   mean=0.04   median=0.04   min=0.03   stddev=0.00 (1.0%))
[       OK ] Sz_Type_KernelSz_GaussianBlur.GaussianBlur/19 (5 ms)
[ RUN      ] Sz_Type_KernelSz_GaussianBlur.GaussianBlur/20, where GetParam() = (1280x720, 32FC1, 15)
[ PERFSTAT ]    (samples=13   mean=0.04   median=0.04   min=0.04   stddev=0.00 (0.9%))
[       OK ] Sz_Type_KernelSz_GaussianBlur.GaussianBlur/20 (4 ms)
[ RUN      ] Sz_Type_KernelSz_GaussianBlur.GaussianBlur/21, where GetParam() = (1280x1024, 8UC1, 3)
[ PERFSTAT ]    (samples=13   mean=0.03   median=0.03   min=0.03   stddev=0.00 (1.3%))
[       OK ] Sz_Type_KernelSz_GaussianBlur.GaussianBlur/21 (3 ms)
[ RUN      ] Sz_Type_KernelSz_GaussianBlur.GaussianBlur/22, where GetParam() = (1280x1024, 8UC1, 5)
[ PERFSTAT ]    (samples=25   mean=0.03   median=0.03   min=0.03   stddev=0.00 (0.9%))
[       OK ] Sz_Type_KernelSz_GaussianBlur.GaussianBlur/22 (3 ms)
[ RUN      ] Sz_Type_KernelSz_GaussianBlur.GaussianBlur/23, where GetParam() = (1280x1024, 8UC1, 7)
[ PERFSTAT ]    (samples=13   mean=0.04   median=0.04   min=0.03   stddev=0.00 (1.2%))
[       OK ] Sz_Type_KernelSz_GaussianBlur.GaussianBlur/23 (3 ms)
[ RUN      ] Sz_Type_KernelSz_GaussianBlur.GaussianBlur/24, where GetParam() = (1280x1024, 8UC1, 9)
[ PERFSTAT ]    (samples=13   mean=0.04   median=0.04   min=0.04   stddev=0.00 (0.9%))
[       OK ] Sz_Type_KernelSz_GaussianBlur.GaussianBlur/24 (3 ms)
[ RUN      ] Sz_Type_KernelSz_GaussianBlur.GaussianBlur/25, where GetParam() = (1280x1024, 8UC1, 11)
[ PERFSTAT ]    (samples=13   mean=0.04   median=0.04   min=0.04   stddev=0.00 (1.1%))
[       OK ] Sz_Type_KernelSz_GaussianBlur.GaussianBlur/25 (3 ms)
[ RUN      ] Sz_Type_KernelSz_GaussianBlur.GaussianBlur/26, where GetParam() = (1280x1024, 8UC1, 13)
[ PERFSTAT ]    (samples=13   mean=0.04   median=0.04   min=0.04   stddev=0.00 (2.2%))
[       OK ] Sz_Type_KernelSz_GaussianBlur.GaussianBlur/26 (3 ms)
[ RUN      ] Sz_Type_KernelSz_GaussianBlur.GaussianBlur/27, where GetParam() = (1280x1024, 8UC1, 15)
[ PERFSTAT ]    (samples=25   mean=0.04   median=0.04   min=0.04   stddev=0.00 (0.8%))
[       OK ] Sz_Type_KernelSz_GaussianBlur.GaussianBlur/27 (3 ms)
[ RUN      ] Sz_Type_KernelSz_GaussianBlur.GaussianBlur/28, where GetParam() = (1280x1024, 8UC4, 3)
[ PERFSTAT ]    (samples=13   mean=0.05   median=0.05   min=0.05   stddev=0.00 (1.5%))
[       OK ] Sz_Type_KernelSz_GaussianBlur.GaussianBlur/28 (7 ms)
[ RUN      ] Sz_Type_KernelSz_GaussianBlur.GaussianBlur/29, where GetParam() = (1280x1024, 8UC4, 5)
[ PERFSTAT ]    (samples=25   mean=0.05   median=0.05   min=0.05   stddev=0.00 (1.5%))
[       OK ] Sz_Type_KernelSz_GaussianBlur.GaussianBlur/29 (8 ms)
[ RUN      ] Sz_Type_KernelSz_GaussianBlur.GaussianBlur/30, where GetParam() = (1280x1024, 8UC4, 7)
[ PERFSTAT ]    (samples=13   mean=0.06   median=0.06   min=0.06   stddev=0.00 (0.7%))
[       OK ] Sz_Type_KernelSz_GaussianBlur.GaussianBlur/30 (7 ms)
[ RUN      ] Sz_Type_KernelSz_GaussianBlur.GaussianBlur/31, where GetParam() = (1280x1024, 8UC4, 9)
[ PERFSTAT ]    (samples=13   mean=0.06   median=0.06   min=0.06   stddev=0.00 (2.3%))
[       OK ] Sz_Type_KernelSz_GaussianBlur.GaussianBlur/31 (7 ms)
[ RUN      ] Sz_Type_KernelSz_GaussianBlur.GaussianBlur/32, where GetParam() = (1280x1024, 8UC4, 11)
[ PERFSTAT ]    (samples=13   mean=0.07   median=0.07   min=0.07   stddev=0.00 (1.2%))
[       OK ] Sz_Type_KernelSz_GaussianBlur.GaussianBlur/32 (8 ms)
[ RUN      ] Sz_Type_KernelSz_GaussianBlur.GaussianBlur/33, where GetParam() = (1280x1024, 8UC4, 13)
[ PERFSTAT ]    (samples=16   mean=0.07   median=0.07   min=0.07   stddev=0.00 (3.0%))
[       OK ] Sz_Type_KernelSz_GaussianBlur.GaussianBlur/33 (7 ms)
[ RUN      ] Sz_Type_KernelSz_GaussianBlur.GaussianBlur/34, where GetParam() = (1280x1024, 8UC4, 15)
[ PERFSTAT ]    (samples=15   mean=0.08   median=0.08   min=0.08   stddev=0.00 (3.0%))
[       OK ] Sz_Type_KernelSz_GaussianBlur.GaussianBlur/34 (8 ms)
[ RUN      ] Sz_Type_KernelSz_GaussianBlur.GaussianBlur/35, where GetParam() = (1280x1024, 32FC1, 3)
[ PERFSTAT ]    (samples=13   mean=0.03   median=0.03   min=0.03   stddev=0.00 (1.5%))
[       OK ] Sz_Type_KernelSz_GaussianBlur.GaussianBlur/35 (5 ms)
[ RUN      ] Sz_Type_KernelSz_GaussianBlur.GaussianBlur/36, where GetParam() = (1280x1024, 32FC1, 5)
[ PERFSTAT ]    (samples=14   mean=0.03   median=0.03   min=0.03   stddev=0.00 (3.0%))
[       OK ] Sz_Type_KernelSz_GaussianBlur.GaussianBlur/36 (5 ms)
[ RUN      ] Sz_Type_KernelSz_GaussianBlur.GaussianBlur/37, where GetParam() = (1280x1024, 32FC1, 7)
[ PERFSTAT ]    (samples=22   mean=0.04   median=0.03   min=0.03   stddev=0.00 (3.0%))
[       OK ] Sz_Type_KernelSz_GaussianBlur.GaussianBlur/37 (5 ms)
[ RUN      ] Sz_Type_KernelSz_GaussianBlur.GaussianBlur/38, where GetParam() = (1280x1024, 32FC1, 9)
[ PERFSTAT ]    (samples=13   mean=0.04   median=0.04   min=0.04   stddev=0.00 (1.2%))
[       OK ] Sz_Type_KernelSz_GaussianBlur.GaussianBlur/38 (5 ms)
[ RUN      ] Sz_Type_KernelSz_GaussianBlur.GaussianBlur/39, where GetParam() = (1280x1024, 32FC1, 11)
[ PERFSTAT ]    (samples=13   mean=0.04   median=0.04   min=0.04   stddev=0.00 (2.0%))
[       OK ] Sz_Type_KernelSz_GaussianBlur.GaussianBlur/39 (5 ms)
[ RUN      ] Sz_Type_KernelSz_GaussianBlur.GaussianBlur/40, where GetParam() = (1280x1024, 32FC1, 13)
[ PERFSTAT ]    (samples=13   mean=0.04   median=0.04   min=0.04   stddev=0.00 (0.7%))
[       OK ] Sz_Type_KernelSz_GaussianBlur.GaussianBlur/40 (5 ms)
[ RUN      ] Sz_Type_KernelSz_GaussianBlur.GaussianBlur/41, where GetParam() = (1280x1024, 32FC1, 15)
[ PERFSTAT ]    (samples=13   mean=0.04   median=0.04   min=0.04   stddev=0.00 (1.0%))
[       OK ] Sz_Type_KernelSz_GaussianBlur.GaussianBlur/41 (5 ms)
[ RUN      ] Sz_Type_KernelSz_GaussianBlur.GaussianBlur/42, where GetParam() = (1920x1080, 8UC1, 3)
[ PERFSTAT ]    (samples=25   mean=0.03   median=0.03   min=0.03   stddev=0.00 (1.1%))
[       OK ] Sz_Type_KernelSz_GaussianBlur.GaussianBlur/42 (4 ms)
[ RUN      ] Sz_Type_KernelSz_GaussianBlur.GaussianBlur/43, where GetParam() = (1920x1080, 8UC1, 5)
[ PERFSTAT ]    (samples=25   mean=0.04   median=0.04   min=0.04   stddev=0.00 (2.1%))
[       OK ] Sz_Type_KernelSz_GaussianBlur.GaussianBlur/43 (4 ms)
[ RUN      ] Sz_Type_KernelSz_GaussianBlur.GaussianBlur/44, where GetParam() = (1920x1080, 8UC1, 7)
[ PERFSTAT ]    (samples=13   mean=0.04   median=0.04   min=0.04   stddev=0.00 (0.8%))
[       OK ] Sz_Type_KernelSz_GaussianBlur.GaussianBlur/44 (4 ms)
[ RUN      ] Sz_Type_KernelSz_GaussianBlur.GaussianBlur/45, where GetParam() = (1920x1080, 8UC1, 9)
[ PERFSTAT ]    (samples=13   mean=0.05   median=0.05   min=0.05   stddev=0.00 (0.6%))
[       OK ] Sz_Type_KernelSz_GaussianBlur.GaussianBlur/45 (4 ms)
[ RUN      ] Sz_Type_KernelSz_GaussianBlur.GaussianBlur/46, where GetParam() = (1920x1080, 8UC1, 11)
[ PERFSTAT ]    (samples=13   mean=0.05   median=0.05   min=0.05   stddev=0.00 (0.4%))
[       OK ] Sz_Type_KernelSz_GaussianBlur.GaussianBlur/46 (5 ms)
[ RUN      ] Sz_Type_KernelSz_GaussianBlur.GaussianBlur/47, where GetParam() = (1920x1080, 8UC1, 13)
[ PERFSTAT ]    (samples=13   mean=0.05   median=0.05   min=0.05   stddev=0.00 (2.0%))
[       OK ] Sz_Type_KernelSz_GaussianBlur.GaussianBlur/47 (4 ms)
[ RUN      ] Sz_Type_KernelSz_GaussianBlur.GaussianBlur/48, where GetParam() = (1920x1080, 8UC1, 15)
[ PERFSTAT ]    (samples=13   mean=0.06   median=0.06   min=0.06   stddev=0.00 (0.5%))
[       OK ] Sz_Type_KernelSz_GaussianBlur.GaussianBlur/48 (4 ms)
[ RUN      ] Sz_Type_KernelSz_GaussianBlur.GaussianBlur/49, where GetParam() = (1920x1080, 8UC4, 3)
[ PERFSTAT ]    (samples=13   mean=0.09   median=0.09   min=0.09   stddev=0.00 (0.9%))
[       OK ] Sz_Type_KernelSz_GaussianBlur.GaussianBlur/49 (11 ms)
[ RUN      ] Sz_Type_KernelSz_GaussianBlur.GaussianBlur/50, where GetParam() = (1920x1080, 8UC4, 5)
[ PERFSTAT ]    (samples=13   mean=0.09   median=0.09   min=0.09   stddev=0.00 (2.2%))
[       OK ] Sz_Type_KernelSz_GaussianBlur.GaussianBlur/50 (10 ms)
[ RUN      ] Sz_Type_KernelSz_GaussianBlur.GaussianBlur/51, where GetParam() = (1920x1080, 8UC4, 7)
[ PERFSTAT ]    (samples=13   mean=0.09   median=0.09   min=0.09   stddev=0.00 (1.1%))
[       OK ] Sz_Type_KernelSz_GaussianBlur.GaussianBlur/51 (11 ms)
[ RUN      ] Sz_Type_KernelSz_GaussianBlur.GaussianBlur/52, where GetParam() = (1920x1080, 8UC4, 9)
[ PERFSTAT ]    (samples=13   mean=0.10   median=0.10   min=0.10   stddev=0.00 (0.7%))
[       OK ] Sz_Type_KernelSz_GaussianBlur.GaussianBlur/52 (11 ms)
[ RUN      ] Sz_Type_KernelSz_GaussianBlur.GaussianBlur/53, where GetParam() = (1920x1080, 8UC4, 11)
[ PERFSTAT ]    (samples=13   mean=0.10   median=0.10   min=0.10   stddev=0.00 (0.6%))
[       OK ] Sz_Type_KernelSz_GaussianBlur.GaussianBlur/53 (11 ms)
[ RUN      ] Sz_Type_KernelSz_GaussianBlur.GaussianBlur/54, where GetParam() = (1920x1080, 8UC4, 13)
[ PERFSTAT ]    (samples=13   mean=0.11   median=0.11   min=0.11   stddev=0.00 (1.1%))
[       OK ] Sz_Type_KernelSz_GaussianBlur.GaussianBlur/54 (10 ms)
[ RUN      ] Sz_Type_KernelSz_GaussianBlur.GaussianBlur/55, where GetParam() = (1920x1080, 8UC4, 15)
[ PERFSTAT ]    (samples=13   mean=0.12   median=0.12   min=0.12   stddev=0.00 (0.7%))
[       OK ] Sz_Type_KernelSz_GaussianBlur.GaussianBlur/55 (11 ms)
[ RUN      ] Sz_Type_KernelSz_GaussianBlur.GaussianBlur/56, where GetParam() = (1920x1080, 32FC1, 3)
[ PERFSTAT ]    (samples=13   mean=0.04   median=0.04   min=0.04   stddev=0.00 (1.6%))
[       OK ] Sz_Type_KernelSz_GaussianBlur.GaussianBlur/56 (7 ms)
[ RUN      ] Sz_Type_KernelSz_GaussianBlur.GaussianBlur/57, where GetParam() = (1920x1080, 32FC1, 5)
[ PERFSTAT ]    (samples=13   mean=0.04   median=0.04   min=0.04   stddev=0.00 (1.9%))
[       OK ] Sz_Type_KernelSz_GaussianBlur.GaussianBlur/57 (7 ms)
[ RUN      ] Sz_Type_KernelSz_GaussianBlur.GaussianBlur/58, where GetParam() = (1920x1080, 32FC1, 7)
[ PERFSTAT ]    (samples=13   mean=0.04   median=0.04   min=0.04   stddev=0.00 (2.1%))
[       OK ] Sz_Type_KernelSz_GaussianBlur.GaussianBlur/58 (7 ms)
[ RUN      ] Sz_Type_KernelSz_GaussianBlur.GaussianBlur/59, where GetParam() = (1920x1080, 32FC1, 9)
[ PERFSTAT ]    (samples=100   mean=0.05   median=0.05   min=0.05   stddev=0.00 (8.0%))
[       OK ] Sz_Type_KernelSz_GaussianBlur.GaussianBlur/59 (14 ms)
[ RUN      ] Sz_Type_KernelSz_GaussianBlur.GaussianBlur/60, where GetParam() = (1920x1080, 32FC1, 11)
[ PERFSTAT ]    (samples=13   mean=0.05   median=0.05   min=0.05   stddev=0.00 (1.6%))
[       OK ] Sz_Type_KernelSz_GaussianBlur.GaussianBlur/60 (8 ms)
[ RUN      ] Sz_Type_KernelSz_GaussianBlur.GaussianBlur/61, where GetParam() = (1920x1080, 32FC1, 13)
[ PERFSTAT ]    (samples=13   mean=0.05   median=0.05   min=0.05   stddev=0.00 (2.8%))
[       OK ] Sz_Type_KernelSz_GaussianBlur.GaussianBlur/61 (7 ms)
[ RUN      ] Sz_Type_KernelSz_GaussianBlur.GaussianBlur/62, where GetParam() = (1920x1080, 32FC1, 15)
[ PERFSTAT ]    (samples=13   mean=0.06   median=0.06   min=0.06   stddev=0.00 (0.7%))
[       OK ] Sz_Type_KernelSz_GaussianBlur.GaussianBlur/62 (7 ms)
[----------] 63 tests from Sz_Type_KernelSz_GaussianBlur (358 ms total)

[----------] 6 tests from Sz_Type_Erode
[ RUN      ] Sz_Type_Erode.Erode/0, where GetParam() = (1280x720, 8UC1)
[ PERFSTAT ]    (samples=25   mean=0.03   median=0.03   min=0.03   stddev=0.00 (1.9%))
[       OK ] Sz_Type_Erode.Erode/0 (5 ms)
[ RUN      ] Sz_Type_Erode.Erode/1, where GetParam() = (1280x720, 8UC4)
[ PERFSTAT ]    (samples=13   mean=0.04   median=0.04   min=0.04   stddev=0.00 (3.0%))
[       OK ] Sz_Type_Erode.Erode/1 (6 ms)
[ RUN      ] Sz_Type_Erode.Erode/2, where GetParam() = (1280x1024, 8UC1)
[ PERFSTAT ]    (samples=13   mean=0.04   median=0.04   min=0.04   stddev=0.00 (2.7%))
[       OK ] Sz_Type_Erode.Erode/2 (3 ms)
[ RUN      ] Sz_Type_Erode.Erode/3, where GetParam() = (1280x1024, 8UC4)
[ PERFSTAT ]    (samples=13   mean=0.05   median=0.05   min=0.05   stddev=0.00 (2.7%))
[       OK ] Sz_Type_Erode.Erode/3 (7 ms)
[ RUN      ] Sz_Type_Erode.Erode/4, where GetParam() = (1920x1080, 8UC1)
[ PERFSTAT ]    (samples=22   mean=0.05   median=0.05   min=0.04   stddev=0.00 (3.0%))
[       OK ] Sz_Type_Erode.Erode/4 (4 ms)
[ RUN      ] Sz_Type_Erode.Erode/5, where GetParam() = (1920x1080, 8UC4)
[ PERFSTAT ]    (samples=13   mean=0.06   median=0.06   min=0.06   stddev=0.00 (1.6%))
[       OK ] Sz_Type_Erode.Erode/5 (10 ms)
[----------] 6 tests from Sz_Type_Erode (35 ms total)

[----------] 6 tests from Sz_Type_Dilate
[ RUN      ] Sz_Type_Dilate.Dilate/0, where GetParam() = (1280x720, 8UC1)
[ PERFSTAT ]    (samples=18   mean=0.03   median=0.03   min=0.03   stddev=0.00 (2.9%))
[       OK ] Sz_Type_Dilate.Dilate/0 (3 ms)
[ RUN      ] Sz_Type_Dilate.Dilate/1, where GetParam() = (1280x720, 8UC4)
[ PERFSTAT ]    (samples=13   mean=0.04   median=0.04   min=0.04   stddev=0.00 (1.5%))
[       OK ] Sz_Type_Dilate.Dilate/1 (6 ms)
[ RUN      ] Sz_Type_Dilate.Dilate/2, where GetParam() = (1280x1024, 8UC1)
[ PERFSTAT ]    (samples=13   mean=0.04   median=0.04   min=0.04   stddev=0.00 (1.1%))
[       OK ] Sz_Type_Dilate.Dilate/2 (2 ms)
[ RUN      ] Sz_Type_Dilate.Dilate/3, where GetParam() = (1280x1024, 8UC4)
[ PERFSTAT ]    (samples=13   mean=0.05   median=0.05   min=0.05   stddev=0.00 (2.5%))
[       OK ] Sz_Type_Dilate.Dilate/3 (7 ms)
[ RUN      ] Sz_Type_Dilate.Dilate/4, where GetParam() = (1920x1080, 8UC1)
[ PERFSTAT ]    (samples=13   mean=0.05   median=0.05   min=0.04   stddev=0.00 (1.2%))
[       OK ] Sz_Type_Dilate.Dilate/4 (4 ms)
[ RUN      ] Sz_Type_Dilate.Dilate/5, where GetParam() = (1920x1080, 8UC4)
[ PERFSTAT ]    (samples=13   mean=0.06   median=0.06   min=0.06   stddev=0.00 (0.9%))
[       OK ] Sz_Type_Dilate.Dilate/5 (10 ms)
[----------] 6 tests from Sz_Type_Dilate (32 ms total)

[----------] 30 tests from Sz_Type_Op_MorphologyEx
[ RUN      ] Sz_Type_Op_MorphologyEx.MorphologyEx/0, where GetParam() = (1280x720, 8UC1, MORPH_OPEN)
[ PERFSTAT ]    (samples=16   mean=0.07   median=0.07   min=0.07   stddev=0.00 (2.9%))
[       OK ] Sz_Type_Op_MorphologyEx.MorphologyEx/0 (4 ms)
[ RUN      ] Sz_Type_Op_MorphologyEx.MorphologyEx/1, where GetParam() = (1280x720, 8UC1, MORPH_CLOSE)
[ PERFSTAT ]    (samples=13   mean=0.07   median=0.07   min=0.07   stddev=0.00 (1.6%))
[       OK ] Sz_Type_Op_MorphologyEx.MorphologyEx/1 (4 ms)
[ RUN      ] Sz_Type_Op_MorphologyEx.MorphologyEx/2, where GetParam() = (1280x720, 8UC1, MORPH_GRADIENT)
[ PERFSTAT ]    (samples=13   mean=0.08   median=0.08   min=0.08   stddev=0.00 (2.2%))
[       OK ] Sz_Type_Op_MorphologyEx.MorphologyEx/2 (14 ms)
[ RUN      ] Sz_Type_Op_MorphologyEx.MorphologyEx/3, where GetParam() = (1280x720, 8UC1, MORPH_TOPHAT)
[ PERFSTAT ]    (samples=13   mean=0.08   median=0.08   min=0.08   stddev=0.00 (1.5%))
[       OK ] Sz_Type_Op_MorphologyEx.MorphologyEx/3 (3 ms)
[ RUN      ] Sz_Type_Op_MorphologyEx.MorphologyEx/4, where GetParam() = (1280x720, 8UC1, MORPH_BLACKHAT)
[ PERFSTAT ]    (samples=13   mean=0.08   median=0.08   min=0.08   stddev=0.00 (1.2%))
[       OK ] Sz_Type_Op_MorphologyEx.MorphologyEx/4 (4 ms)
[ RUN      ] Sz_Type_Op_MorphologyEx.MorphologyEx/5, where GetParam() = (1280x720, 8UC4, MORPH_OPEN)
[ PERFSTAT ]    (samples=13   mean=0.08   median=0.08   min=0.08   stddev=0.00 (1.0%))
[       OK ] Sz_Type_Op_MorphologyEx.MorphologyEx/5 (7 ms)
[ RUN      ] Sz_Type_Op_MorphologyEx.MorphologyEx/6, where GetParam() = (1280x720, 8UC4, MORPH_CLOSE)
[ PERFSTAT ]    (samples=13   mean=0.08   median=0.08   min=0.08   stddev=0.00 (0.7%))
[       OK ] Sz_Type_Op_MorphologyEx.MorphologyEx/6 (7 ms)
[ RUN      ] Sz_Type_Op_MorphologyEx.MorphologyEx/7, where GetParam() = (1280x720, 8UC4, MORPH_GRADIENT)
[ PERFSTAT ]    (samples=13   mean=0.09   median=0.09   min=0.09   stddev=0.00 (1.7%))
[       OK ] Sz_Type_Op_MorphologyEx.MorphologyEx/7 (7 ms)
[ RUN      ] Sz_Type_Op_MorphologyEx.MorphologyEx/8, where GetParam() = (1280x720, 8UC4, MORPH_TOPHAT)
[ PERFSTAT ]    (samples=13   mean=0.10   median=0.09   min=0.09   stddev=0.00 (1.6%))
[       OK ] Sz_Type_Op_MorphologyEx.MorphologyEx/8 (6 ms)
[ RUN      ] Sz_Type_Op_MorphologyEx.MorphologyEx/9, where GetParam() = (1280x720, 8UC4, MORPH_BLACKHAT)
[ PERFSTAT ]    (samples=13   mean=0.10   median=0.10   min=0.09   stddev=0.00 (2.6%))
[       OK ] Sz_Type_Op_MorphologyEx.MorphologyEx/9 (7 ms)
[ RUN      ] Sz_Type_Op_MorphologyEx.MorphologyEx/10, where GetParam() = (1280x1024, 8UC1, MORPH_OPEN)
[ PERFSTAT ]    (samples=13   mean=0.08   median=0.08   min=0.08   stddev=0.00 (2.6%))
[       OK ] Sz_Type_Op_MorphologyEx.MorphologyEx/10 (4 ms)
[ RUN      ] Sz_Type_Op_MorphologyEx.MorphologyEx/11, where GetParam() = (1280x1024, 8UC1, MORPH_CLOSE)
[ PERFSTAT ]    (samples=13   mean=0.08   median=0.08   min=0.08   stddev=0.00 (2.1%))
[       OK ] Sz_Type_Op_MorphologyEx.MorphologyEx/11 (4 ms)
[ RUN      ] Sz_Type_Op_MorphologyEx.MorphologyEx/12, where GetParam() = (1280x1024, 8UC1, MORPH_GRADIENT)
[ PERFSTAT ]    (samples=13   mean=0.09   median=0.09   min=0.09   stddev=0.00 (1.2%))
[       OK ] Sz_Type_Op_MorphologyEx.MorphologyEx/12 (4 ms)
[ RUN      ] Sz_Type_Op_MorphologyEx.MorphologyEx/13, where GetParam() = (1280x1024, 8UC1, MORPH_TOPHAT)
[ PERFSTAT ]    (samples=13   mean=0.09   median=0.09   min=0.09   stddev=0.00 (0.8%))
[       OK ] Sz_Type_Op_MorphologyEx.MorphologyEx/13 (5 ms)
[ RUN      ] Sz_Type_Op_MorphologyEx.MorphologyEx/14, where GetParam() = (1280x1024, 8UC1, MORPH_BLACKHAT)
[ PERFSTAT ]    (samples=13   mean=0.09   median=0.09   min=0.09   stddev=0.00 (0.9%))
[       OK ] Sz_Type_Op_MorphologyEx.MorphologyEx/14 (4 ms)
[ RUN      ] Sz_Type_Op_MorphologyEx.MorphologyEx/15, where GetParam() = (1280x1024, 8UC4, MORPH_OPEN)
[ PERFSTAT ]    (samples=13   mean=0.10   median=0.10   min=0.10   stddev=0.00 (0.6%))
[       OK ] Sz_Type_Op_MorphologyEx.MorphologyEx/15 (9 ms)
[ RUN      ] Sz_Type_Op_MorphologyEx.MorphologyEx/16, where GetParam() = (1280x1024, 8UC4, MORPH_CLOSE)
[ PERFSTAT ]    (samples=13   mean=0.10   median=0.10   min=0.10   stddev=0.00 (1.4%))
[       OK ] Sz_Type_Op_MorphologyEx.MorphologyEx/16 (8 ms)
[ RUN      ] Sz_Type_Op_MorphologyEx.MorphologyEx/17, where GetParam() = (1280x1024, 8UC4, MORPH_GRADIENT)
[ PERFSTAT ]    (samples=13   mean=0.12   median=0.12   min=0.11   stddev=0.00 (2.1%))
[       OK ] Sz_Type_Op_MorphologyEx.MorphologyEx/17 (8 ms)
[ RUN      ] Sz_Type_Op_MorphologyEx.MorphologyEx/18, where GetParam() = (1280x1024, 8UC4, MORPH_TOPHAT)
[ PERFSTAT ]    (samples=13   mean=0.11   median=0.11   min=0.11   stddev=0.00 (0.4%))
[       OK ] Sz_Type_Op_MorphologyEx.MorphologyEx/18 (9 ms)
[ RUN      ] Sz_Type_Op_MorphologyEx.MorphologyEx/19, where GetParam() = (1280x1024, 8UC4, MORPH_BLACKHAT)
[ PERFSTAT ]    (samples=13   mean=0.11   median=0.11   min=0.11   stddev=0.00 (1.8%))
[       OK ] Sz_Type_Op_MorphologyEx.MorphologyEx/19 (8 ms)
[ RUN      ] Sz_Type_Op_MorphologyEx.MorphologyEx/20, where GetParam() = (1920x1080, 8UC1, MORPH_OPEN)
[ PERFSTAT ]    (samples=13   mean=0.09   median=0.09   min=0.09   stddev=0.00 (1.0%))
[       OK ] Sz_Type_Op_MorphologyEx.MorphologyEx/20 (5 ms)
[ RUN      ] Sz_Type_Op_MorphologyEx.MorphologyEx/21, where GetParam() = (1920x1080, 8UC1, MORPH_CLOSE)
[ PERFSTAT ]    (samples=13   mean=0.09   median=0.09   min=0.09   stddev=0.00 (0.6%))
[       OK ] Sz_Type_Op_MorphologyEx.MorphologyEx/21 (6 ms)
[ RUN      ] Sz_Type_Op_MorphologyEx.MorphologyEx/22, where GetParam() = (1920x1080, 8UC1, MORPH_GRADIENT)
[ PERFSTAT ]    (samples=13   mean=0.11   median=0.11   min=0.10   stddev=0.00 (1.7%))
[       OK ] Sz_Type_Op_MorphologyEx.MorphologyEx/22 (5 ms)
[ RUN      ] Sz_Type_Op_MorphologyEx.MorphologyEx/23, where GetParam() = (1920x1080, 8UC1, MORPH_TOPHAT)
[ PERFSTAT ]    (samples=13   mean=0.11   median=0.11   min=0.11   stddev=0.00 (0.7%))
[       OK ] Sz_Type_Op_MorphologyEx.MorphologyEx/23 (6 ms)
[ RUN      ] Sz_Type_Op_MorphologyEx.MorphologyEx/24, where GetParam() = (1920x1080, 8UC1, MORPH_BLACKHAT)
[ PERFSTAT ]    (samples=13   mean=0.11   median=0.11   min=0.11   stddev=0.00 (1.3%))
[       OK ] Sz_Type_Op_MorphologyEx.MorphologyEx/24 (5 ms)
[ RUN      ] Sz_Type_Op_MorphologyEx.MorphologyEx/25, where GetParam() = (1920x1080, 8UC4, MORPH_OPEN)
[ PERFSTAT ]    (samples=13   mean=0.13   median=0.13   min=0.13   stddev=0.00 (1.0%))
[       OK ] Sz_Type_Op_MorphologyEx.MorphologyEx/25 (13 ms)
[ RUN      ] Sz_Type_Op_MorphologyEx.MorphologyEx/26, where GetParam() = (1920x1080, 8UC4, MORPH_CLOSE)
[ PERFSTAT ]    (samples=13   mean=0.13   median=0.13   min=0.12   stddev=0.00 (0.8%))
[       OK ] Sz_Type_Op_MorphologyEx.MorphologyEx/26 (12 ms)
[ RUN      ] Sz_Type_Op_MorphologyEx.MorphologyEx/27, where GetParam() = (1920x1080, 8UC4, MORPH_GRADIENT)
[ PERFSTAT ]    (samples=13   mean=0.15   median=0.15   min=0.15   stddev=0.00 (1.1%))
[       OK ] Sz_Type_Op_MorphologyEx.MorphologyEx/27 (12 ms)
[ RUN      ] Sz_Type_Op_MorphologyEx.MorphologyEx/28, where GetParam() = (1920x1080, 8UC4, MORPH_TOPHAT)
[ PERFSTAT ]    (samples=13   mean=0.15   median=0.15   min=0.15   stddev=0.00 (0.5%))
[       OK ] Sz_Type_Op_MorphologyEx.MorphologyEx/28 (12 ms)
[ RUN      ] Sz_Type_Op_MorphologyEx.MorphologyEx/29, where GetParam() = (1920x1080, 8UC4, MORPH_BLACKHAT)
[ PERFSTAT ]    (samples=13   mean=0.15   median=0.15   min=0.15   stddev=0.00 (1.4%))
[       OK ] Sz_Type_Op_MorphologyEx.MorphologyEx/29 (11 ms)
[----------] 30 tests from Sz_Type_Op_MorphologyEx (213 ms total)

[----------] 21 tests from Sz_KernelSz_Median
[ RUN      ] Sz_KernelSz_Median.Median/0, where GetParam() = (1280x720, 3)
[ PERFSTAT ]    (samples=13   mean=5.89   median=5.88   min=5.86   stddev=0.02 (0.3%))
[       OK ] Sz_KernelSz_Median.Median/0 (94 ms)
[ RUN      ] Sz_KernelSz_Median.Median/1, where GetParam() = (1280x720, 5)
[ PERFSTAT ]    (samples=13   mean=5.83   median=5.87   min=5.27   stddev=0.17 (3.0%))
[       OK ] Sz_KernelSz_Median.Median/1 (77 ms)
[ RUN      ] Sz_KernelSz_Median.Median/2, where GetParam() = (1280x720, 7)
[ PERFSTAT ]    (samples=13   mean=5.81   median=5.85   min=5.26   stddev=0.17 (3.0%))
[       OK ] Sz_KernelSz_Median.Median/2 (77 ms)
[ RUN      ] Sz_KernelSz_Median.Median/3, where GetParam() = (1280x720, 9)
[ PERFSTAT ]    (samples=21   mean=5.85   median=5.85   min=5.29   stddev=0.17 (2.9%))
[       OK ] Sz_KernelSz_Median.Median/3 (126 ms)
[ RUN      ] Sz_KernelSz_Median.Median/4, where GetParam() = (1280x720, 11)
[ PERFSTAT ]    (samples=13   mean=5.78   median=5.83   min=5.24   stddev=0.17 (2.9%))
[       OK ] Sz_KernelSz_Median.Median/4 (76 ms)
[ RUN      ] Sz_KernelSz_Median.Median/5, where GetParam() = (1280x720, 13)
[ PERFSTAT ]    (samples=13   mean=5.78   median=5.82   min=5.25   stddev=0.17 (2.9%))
[       OK ] Sz_KernelSz_Median.Median/5 (77 ms)
[ RUN      ] Sz_KernelSz_Median.Median/6, where GetParam() = (1280x720, 15)
[ PERFSTAT ]    (samples=15   mean=5.79   median=5.83   min=5.22   stddev=0.17 (2.9%))
[       OK ] Sz_KernelSz_Median.Median/6 (89 ms)
[ RUN      ] Sz_KernelSz_Median.Median/7, where GetParam() = (1280x1024, 3)
[ PERFSTAT ]    (samples=27   mean=7.79   median=7.83   min=6.68   stddev=0.23 (3.0%))
[       OK ] Sz_KernelSz_Median.Median/7 (212 ms)
[ RUN      ] Sz_KernelSz_Median.Median/8, where GetParam() = (1280x1024, 5)
[ PERFSTAT ]    (samples=38   mean=7.74   median=7.79   min=6.65   stddev=0.23 (3.0%))
[       OK ] Sz_KernelSz_Median.Median/8 (299 ms)
[ RUN      ] Sz_KernelSz_Median.Median/9, where GetParam() = (1280x1024, 7)
[ PERFSTAT ]    (samples=28   mean=7.73   median=7.77   min=6.62   stddev=0.23 (3.0%))
[       OK ] Sz_KernelSz_Median.Median/9 (220 ms)
[ RUN      ] Sz_KernelSz_Median.Median/10, where GetParam() = (1280x1024, 9)
[ PERFSTAT ]    (samples=26   mean=7.71   median=7.75   min=6.63   stddev=0.23 (3.0%))
[       OK ] Sz_KernelSz_Median.Median/10 (204 ms)
[ RUN      ] Sz_KernelSz_Median.Median/11, where GetParam() = (1280x1024, 11)
[ PERFSTAT ]    (samples=26   mean=7.71   median=7.75   min=6.64   stddev=0.23 (3.0%))
[       OK ] Sz_KernelSz_Median.Median/11 (230 ms)
[ RUN      ] Sz_KernelSz_Median.Median/12, where GetParam() = (1280x1024, 13)
[ PERFSTAT ]    (samples=26   mean=7.69   median=7.73   min=6.62   stddev=0.23 (3.0%))
[       OK ] Sz_KernelSz_Median.Median/12 (202 ms)
[ RUN      ] Sz_KernelSz_Median.Median/13, where GetParam() = (1280x1024, 15)
[ PERFSTAT ]    (samples=26   mean=7.67   median=7.72   min=6.60   stddev=0.23 (3.0%))
[       OK ] Sz_KernelSz_Median.Median/13 (202 ms)
[ RUN      ] Sz_KernelSz_Median.Median/14, where GetParam() = (1920x1080, 3)
[ PERFSTAT ]    (samples=48   mean=9.55   median=9.60   min=7.75   stddev=0.28 (3.0%))
[       OK ] Sz_KernelSz_Median.Median/14 (464 ms)
[ RUN      ] Sz_KernelSz_Median.Median/15, where GetParam() = (1920x1080, 5)
[ PERFSTAT ]    (samples=43   mean=9.52   median=9.56   min=7.79   stddev=0.28 (3.0%))
[       OK ] Sz_KernelSz_Median.Median/15 (414 ms)
[ RUN      ] Sz_KernelSz_Median.Median/16, where GetParam() = (1920x1080, 7)
[ PERFSTAT ]    (samples=44   mean=9.48   median=9.51   min=7.73   stddev=0.28 (3.0%))
[       OK ] Sz_KernelSz_Median.Median/16 (422 ms)
[ RUN      ] Sz_KernelSz_Median.Median/17, where GetParam() = (1920x1080, 9)
[ PERFSTAT ]    (samples=43   mean=9.46   median=9.50   min=7.73   stddev=0.28 (3.0%))
[       OK ] Sz_KernelSz_Median.Median/17 (411 ms)
[ RUN      ] Sz_KernelSz_Median.Median/18, where GetParam() = (1920x1080, 11)
[ PERFSTAT ]    (samples=43   mean=9.45   median=9.49   min=7.72   stddev=0.28 (3.0%))
[       OK ] Sz_KernelSz_Median.Median/18 (410 ms)
[ RUN      ] Sz_KernelSz_Median.Median/19, where GetParam() = (1920x1080, 13)
[ PERFSTAT ]    (samples=46   mean=9.47   median=9.49   min=7.73   stddev=0.28 (3.0%))
[       OK ] Sz_KernelSz_Median.Median/19 (440 ms)
[ RUN      ] Sz_KernelSz_Median.Median/20, where GetParam() = (1920x1080, 15)
[ PERFSTAT ]    (samples=45   mean=9.45   median=9.48   min=7.72   stddev=0.28 (3.0%))
[       OK ] Sz_KernelSz_Median.Median/20 (431 ms)
[----------] 21 tests from Sz_KernelSz_Median (5177 ms total)

[----------] Global test environment tear-down
[==========] 333 tests from 10 test cases ran. (7934 ms total)
[  PASSED  ] 333 tests.
