[----------]
[   INFO   ] 	Implementation variant: cuda.
[----------]
[----------]
[ GPU INFO ] 	Run test suite on NVIDIA A100-SXM4-40GB GPU.
[----------]
*** CUDA Device Query (Runtime API) version (CUDART static linking) *** 

Device count: 1

Device 0: "NVIDIA A100-SXM4-40GB"
  CUDA Driver Version / Runtime Version          12.40 / 12.40
  CUDA Capability Major/Minor version number:    8.0
  Total amount of global memory:                 40507 MBytes (42474471424 bytes)
  GPU Clock Speed:                               1.41 GHz
  Max Texture Dimension Size (x,y,z)             1D=(131072), 2D=(131072,65536), 3D=(16384,16384,16384)
  Max Layered Texture Size (dim) x layers        1D=(32768) x 2048, 2D=(32768,32768) x 2048
  Total amount of constant memory:               65536 bytes
  Total amount of shared memory per block:       49152 bytes
  Total number of registers available per block: 65536
  Warp size:                                     32
  Maximum number of threads per block:           1024
  Maximum sizes of each dimension of a block:    1024 x 1024 x 64
  Maximum sizes of each dimension of a grid:     2147483647 x 65535 x 65535
  Maximum memory pitch:                          2147483647 bytes
  Texture alignment:                             512 bytes
  Concurrent copy and execution:                 Yes with 3 copy engine(s)
  Run time limit on kernels:                     No
  Integrated GPU sharing Host Memory:            No
  Support host page-locked memory mapping:       Yes
  Concurrent kernel execution:                   Yes
  Alignment requirement for Surfaces:            Yes
  Device has ECC support enabled:                Yes
  Device is using TCC driver mode:               No
  Device supports Unified Addressing (UVA):      Yes
  Device PCI Bus ID / PCI location ID:           163 / 0
  Compute Mode:
      Default (multiple host threads can use ::cudaSetDevice() with device simultaneously) 

deviceQuery, CUDA Driver = CUDART, CUDA Driver Version  = 12.40, CUDA Runtime Version = 12.40, NumDevs = 1

TEST: Skip tests with tags: 'mem_6gb', 'verylong'
CTEST_FULL_OUTPUT
OpenCV version: 4.14.0-pre
OpenCV VCS version: 4.13.0-493-g7aa163b83f
Build type: Release
Compiler: /usr/bin/c++  (ver 11.4.0)
Algorithm hint: ALGO_HINT_ACCURATE
HAL: YES (ipp (ver 0.0.1))
Parallel framework: pthreads (nthreads=30)
CPU features: SSE SSE2 SSE3 *SSE4.1 *SSE4.2 *AVX *FP16 *AVX2 *AVX512-SKX?
Intel(R) IPP version: ippIP AVX2 (l9) 2026.0.0 (-) Jun 30 2026
Intel(R) IPP features code: 0x8000
[==========] Running 30 tests from 5 test cases.
[----------] Global test environment set-up.
[----------] 2 tests from Image_Threshold_NonMaxSuppression_FAST
[ RUN      ] Image_Threshold_NonMaxSuppression_FAST.FAST/0, where GetParam() = ("gpu/perf/aloe.png", 20, false)
[ PERFSTAT ]    (samples=25   mean=0.43   median=0.43   min=0.42   stddev=0.00 (1.1%))
[       OK ] Image_Threshold_NonMaxSuppression_FAST.FAST/0 (91 ms)
[ RUN      ] Image_Threshold_NonMaxSuppression_FAST.FAST/1, where GetParam() = ("gpu/perf/aloe.png", 20, true)
[ PERFSTAT ]    (samples=13   mean=0.87   median=0.87   min=0.86   stddev=0.01 (0.6%))
[       OK ] Image_Threshold_NonMaxSuppression_FAST.FAST/1 (64 ms)
[----------] 2 tests from Image_Threshold_NonMaxSuppression_FAST (155 ms total)

[----------] 1 test from Image_NFeatures_ORB
[ RUN      ] Image_NFeatures_ORB.ORB/0, where GetParam() = ("gpu/perf/aloe.png", 4000)
[ PERFSTAT ]    (samples=18   mean=6.06   median=5.99   min=5.97   stddev=0.18 (3.0%))
[       OK ] Image_NFeatures_ORB.ORB/0 (225 ms)
[----------] 1 test from Image_NFeatures_ORB (225 ms total)

[----------] 9 tests from DescSize_Norm_BFMatch
[ RUN      ] DescSize_Norm_BFMatch.BFMatch/0, where GetParam() = (64, NORM_L1)
[ PERFSTAT ]    (samples=13   mean=0.54   median=0.54   min=0.54   stddev=0.00 (0.1%))
[       OK ] DescSize_Norm_BFMatch.BFMatch/0 (21 ms)
[ RUN      ] DescSize_Norm_BFMatch.BFMatch/1, where GetParam() = (64, NORM_L2)
[ PERFSTAT ]    (samples=10   mean=0.56   median=0.55   min=0.55   stddev=0.02 (2.9%))
[       OK ] DescSize_Norm_BFMatch.BFMatch/1 (7 ms)
[ RUN      ] DescSize_Norm_BFMatch.BFMatch/2, where GetParam() = (64, NORM_HAMMING)
[ PERFSTAT ]    (samples=10   mean=0.59   median=0.59   min=0.59   stddev=0.01 (1.3%))
[       OK ] DescSize_Norm_BFMatch.BFMatch/2 (7 ms)
[ RUN      ] DescSize_Norm_BFMatch.BFMatch/3, where GetParam() = (128, NORM_L1)
[ PERFSTAT ]    (samples=10   mean=1.16   median=1.15   min=1.15   stddev=0.02 (1.8%))
[       OK ] DescSize_Norm_BFMatch.BFMatch/3 (15 ms)
[ RUN      ] DescSize_Norm_BFMatch.BFMatch/4, where GetParam() = (128, NORM_L2)
[ PERFSTAT ]    (samples=10   mean=1.18   median=1.17   min=1.17   stddev=0.02 (1.9%))
[       OK ] DescSize_Norm_BFMatch.BFMatch/4 (14 ms)
[ RUN      ] DescSize_Norm_BFMatch.BFMatch/5, where GetParam() = (128, NORM_HAMMING)
[ PERFSTAT ]    (samples=10   mean=1.21   median=1.21   min=1.21   stddev=0.01 (0.8%))
[       OK ] DescSize_Norm_BFMatch.BFMatch/5 (13 ms)
[ RUN      ] DescSize_Norm_BFMatch.BFMatch/6, where GetParam() = (256, NORM_L1)
[ PERFSTAT ]    (samples=10   mean=2.44   median=2.42   min=2.42   stddev=0.07 (2.8%))
[       OK ] DescSize_Norm_BFMatch.BFMatch/6 (29 ms)
[ RUN      ] DescSize_Norm_BFMatch.BFMatch/7, where GetParam() = (256, NORM_L2)
[ PERFSTAT ]    (samples=10   mean=2.47   median=2.45   min=2.45   stddev=0.07 (2.8%))
[       OK ] DescSize_Norm_BFMatch.BFMatch/7 (29 ms)
[ RUN      ] DescSize_Norm_BFMatch.BFMatch/8, where GetParam() = (256, NORM_HAMMING)
[ PERFSTAT ]    (samples=10   mean=2.15   median=2.15   min=2.15   stddev=0.02 (0.7%))
[       OK ] DescSize_Norm_BFMatch.BFMatch/8 (24 ms)
[----------] 9 tests from DescSize_Norm_BFMatch (159 ms total)

[----------] 12 tests from DescSize_K_Norm_BFKnnMatch
[ RUN      ] DescSize_K_Norm_BFKnnMatch.BFKnnMatch/0, where GetParam() = (64, 2, NORM_L1)
[ PERFSTAT ]    (samples=13   mean=0.46   median=0.46   min=0.45   stddev=0.00 (0.4%))
[       OK ] DescSize_K_Norm_BFKnnMatch.BFKnnMatch/0 (22 ms)
[ RUN      ] DescSize_K_Norm_BFKnnMatch.BFKnnMatch/1, where GetParam() = (64, 2, NORM_L2)
[ PERFSTAT ]    (samples=13   mean=0.47   median=0.47   min=0.47   stddev=0.00 (0.4%))
[       OK ] DescSize_K_Norm_BFKnnMatch.BFKnnMatch/1 (8 ms)
[ RUN      ] DescSize_K_Norm_BFKnnMatch.BFKnnMatch/2, where GetParam() = (64, 3, NORM_L1)
[ PERFSTAT ]    (samples=100   mean=1.61   median=1.62   min=1.08   stddev=0.06 (3.5%))
[       OK ] DescSize_K_Norm_BFKnnMatch.BFKnnMatch/2 (166 ms)
[ RUN      ] DescSize_K_Norm_BFKnnMatch.BFKnnMatch/3, where GetParam() = (64, 3, NORM_L2)
[ PERFSTAT ]    (samples=100   mean=1.61   median=1.62   min=1.04   stddev=0.06 (3.7%))
[       OK ] DescSize_K_Norm_BFKnnMatch.BFKnnMatch/3 (164 ms)
[ RUN      ] DescSize_K_Norm_BFKnnMatch.BFKnnMatch/4, where GetParam() = (128, 2, NORM_L1)
[ PERFSTAT ]    (samples=13   mean=0.75   median=0.75   min=0.75   stddev=0.00 (0.1%))
[       OK ] DescSize_K_Norm_BFKnnMatch.BFKnnMatch/4 (13 ms)
[ RUN      ] DescSize_K_Norm_BFKnnMatch.BFKnnMatch/5, where GetParam() = (128, 2, NORM_L2)
[ PERFSTAT ]    (samples=13   mean=0.78   median=0.77   min=0.77   stddev=0.02 (2.8%))
[       OK ] DescSize_K_Norm_BFKnnMatch.BFKnnMatch/5 (14 ms)
[ RUN      ] DescSize_K_Norm_BFKnnMatch.BFKnnMatch/6, where GetParam() = (128, 3, NORM_L1)
[ PERFSTAT ]    (samples=97   mean=1.93   median=1.93   min=1.39   stddev=0.06 (3.0%))
[       OK ] DescSize_K_Norm_BFKnnMatch.BFKnnMatch/6 (191 ms)
[ RUN      ] DescSize_K_Norm_BFKnnMatch.BFKnnMatch/7, where GetParam() = (128, 3, NORM_L2)
[ PERFSTAT ]    (samples=100   mean=1.93   median=1.93   min=1.37   stddev=0.06 (3.1%))
[       OK ] DescSize_K_Norm_BFKnnMatch.BFKnnMatch/7 (204 ms)
[ RUN      ] DescSize_K_Norm_BFKnnMatch.BFKnnMatch/8, where GetParam() = (256, 2, NORM_L1)
[ PERFSTAT ]    (samples=13   mean=1.80   median=1.80   min=1.80   stddev=0.00 (0.0%))
[       OK ] DescSize_K_Norm_BFKnnMatch.BFKnnMatch/8 (29 ms)
[ RUN      ] DescSize_K_Norm_BFKnnMatch.BFKnnMatch/9, where GetParam() = (256, 2, NORM_L2)
[ PERFSTAT ]    (samples=13   mean=1.80   median=1.80   min=1.80   stddev=0.00 (0.0%))
[       OK ] DescSize_K_Norm_BFKnnMatch.BFKnnMatch/9 (29 ms)
[ RUN      ] DescSize_K_Norm_BFKnnMatch.BFKnnMatch/10, where GetParam() = (256, 3, NORM_L1)
[ PERFSTAT ]    (samples=53   mean=2.51   median=2.52   min=2.00   stddev=0.08 (3.0%))
[       OK ] DescSize_K_Norm_BFKnnMatch.BFKnnMatch/10 (139 ms)
[ RUN      ] DescSize_K_Norm_BFKnnMatch.BFKnnMatch/11, where GetParam() = (256, 3, NORM_L2)
[ PERFSTAT ]    (samples=55   mean=2.52   median=2.53   min=1.99   stddev=0.08 (3.0%))
[       OK ] DescSize_K_Norm_BFKnnMatch.BFKnnMatch/11 (145 ms)
[----------] 12 tests from DescSize_K_Norm_BFKnnMatch (1124 ms total)

[----------] 6 tests from DescSize_Norm_BFRadiusMatch
[ RUN      ] DescSize_Norm_BFRadiusMatch.BFRadiusMatch/0, where GetParam() = (64, NORM_L1)
[ PERFSTAT ]    (samples=13   mean=0.38   median=0.38   min=0.38   stddev=0.00 (0.6%))
[       OK ] DescSize_Norm_BFRadiusMatch.BFRadiusMatch/0 (29 ms)
[ RUN      ] DescSize_Norm_BFRadiusMatch.BFRadiusMatch/1, where GetParam() = (64, NORM_L2)
[ PERFSTAT ]    (samples=13   mean=0.38   median=0.38   min=0.38   stddev=0.00 (0.1%))
[       OK ] DescSize_Norm_BFRadiusMatch.BFRadiusMatch/1 (20 ms)
[ RUN      ] DescSize_Norm_BFRadiusMatch.BFRadiusMatch/2, where GetParam() = (128, NORM_L1)
[ PERFSTAT ]    (samples=13   mean=0.73   median=0.73   min=0.73   stddev=0.00 (0.3%))
[       OK ] DescSize_Norm_BFRadiusMatch.BFRadiusMatch/2 (25 ms)
[ RUN      ] DescSize_Norm_BFRadiusMatch.BFRadiusMatch/3, where GetParam() = (128, NORM_L2)
[ PERFSTAT ]    (samples=13   mean=0.73   median=0.73   min=0.73   stddev=0.00 (0.1%))
[       OK ] DescSize_Norm_BFRadiusMatch.BFRadiusMatch/3 (25 ms)
[ RUN      ] DescSize_Norm_BFRadiusMatch.BFRadiusMatch/4, where GetParam() = (256, NORM_L1)
[ PERFSTAT ]    (samples=13   mean=1.19   median=1.19   min=1.18   stddev=0.00 (0.1%))
[       OK ] DescSize_Norm_BFRadiusMatch.BFRadiusMatch/4 (33 ms)
[ RUN      ] DescSize_Norm_BFRadiusMatch.BFRadiusMatch/5, where GetParam() = (256, NORM_L2)
[ PERFSTAT ]    (samples=13   mean=1.19   median=1.19   min=1.19   stddev=0.00 (0.1%))
[       OK ] DescSize_Norm_BFRadiusMatch.BFRadiusMatch/5 (33 ms)
[----------] 6 tests from DescSize_Norm_BFRadiusMatch (165 ms total)

[----------] Global test environment tear-down
[==========] 30 tests from 5 test cases ran. (1828 ms total)
[  PASSED  ] 30 tests.
