TEST: Skip tests with tags: 'mem_6gb', 'verylong'
CTEST_FULL_OUTPUT
OpenCV version: 4.14.0-pre
OpenCV VCS version: 4.13.0-493-g7aa163b83f
Build type: Release
Compiler: /usr/bin/c++  (ver 11.4.0)
Algorithm hint: ALGO_HINT_ACCURATE
HAL: YES (ipp (ver 0.0.1))
Parallel framework: pthreads (nthreads=30)
CPU features: SSE SSE2 SSE3 *SSE4.1 *SSE4.2 *AVX *FP16 *AVX2 *AVX512-SKX?
Intel(R) IPP version: ippIP AVX2 (l9) 2026.0.0 (-) Jun 30 2026
Intel(R) IPP features code: 0x8000
[==========] Running 53 tests from 12 test cases.
[----------] Global test environment set-up.
[----------] 2 tests from bundleAdjuster_affine
[ RUN      ] bundleAdjuster_affine.affine/0, where GetParam() = ("orb", "affinePartial")
[ PERFSTAT ]    (samples=25   mean=0.32   median=0.32   min=0.31   stddev=0.01 (2.7%))
[       OK ] bundleAdjuster_affine.affine/0 (167 ms)
[ RUN      ] bundleAdjuster_affine.affine/1, where GetParam() = ("orb", "affine")
[ PERFSTAT ]    (samples=13   mean=0.82   median=0.81   min=0.80   stddev=0.02 (2.1%))
[       OK ] bundleAdjuster_affine.affine/1 (113 ms)
[----------] 2 tests from bundleAdjuster_affine (281 ms total)

[----------] 3 tests from FeaturesFinderVec_ParallelFeaturesFinder
[ RUN      ] FeaturesFinderVec_ParallelFeaturesFinder.ParallelFeaturesFinder/0, where GetParam() = 1
[ PERFSTAT ]    (samples=13   mean=9.91   median=9.89   min=9.76   stddev=0.11 (1.1%))
[       OK ] FeaturesFinderVec_ParallelFeaturesFinder.ParallelFeaturesFinder/0 (138 ms)
[ RUN      ] FeaturesFinderVec_ParallelFeaturesFinder.ParallelFeaturesFinder/1, where GetParam() = 5
[ PERFSTAT ]    (samples=10   mean=49.65   median=49.41   min=48.68   stddev=1.13 (2.3%))
[       OK ] FeaturesFinderVec_ParallelFeaturesFinder.ParallelFeaturesFinder/1 (503 ms)
[ RUN      ] FeaturesFinderVec_ParallelFeaturesFinder.ParallelFeaturesFinder/2, where GetParam() = 20
[ PERFSTAT ]    (samples=10   mean=197.20   median=197.24   min=194.87   stddev=1.02 (0.5%))
[       OK ] FeaturesFinderVec_ParallelFeaturesFinder.ParallelFeaturesFinder/2 (1981 ms)
[----------] 3 tests from FeaturesFinderVec_ParallelFeaturesFinder (2622 ms total)

[----------] 3 tests from FeaturesFinderVec_SerialFeaturesFinder
[ RUN      ] FeaturesFinderVec_SerialFeaturesFinder.SerialFeaturesFinder/0, where GetParam() = 1
[ PERFSTAT ]    (samples=10   mean=7.53   median=7.54   min=7.28   stddev=0.14 (1.9%))
[       OK ] FeaturesFinderVec_SerialFeaturesFinder.SerialFeaturesFinder/0 (87 ms)
[ RUN      ] FeaturesFinderVec_SerialFeaturesFinder.SerialFeaturesFinder/1, where GetParam() = 5
[ PERFSTAT ]    (samples=10   mean=37.57   median=37.59   min=37.20   stddev=0.26 (0.7%))
[       OK ] FeaturesFinderVec_SerialFeaturesFinder.SerialFeaturesFinder/1 (382 ms)
[ RUN      ] FeaturesFinderVec_SerialFeaturesFinder.SerialFeaturesFinder/2, where GetParam() = 20
[ PERFSTAT ]    (samples=10   mean=150.31   median=149.93   min=148.33   stddev=1.89 (1.3%))
[       OK ] FeaturesFinderVec_SerialFeaturesFinder.SerialFeaturesFinder/2 (1511 ms)
[----------] 3 tests from FeaturesFinderVec_SerialFeaturesFinder (1980 ms total)

[----------] 1 test from match_bestOf2Nearest
[ RUN      ] match_bestOf2Nearest.bestOf2Nearest/0, where GetParam() = "orb"
[ PERFSTAT ]    (samples=13   mean=10.03   median=10.03   min=10.00   stddev=0.02 (0.2%))
[       OK ] match_bestOf2Nearest.bestOf2Nearest/0 (240 ms)
[----------] 1 test from match_bestOf2Nearest (240 ms total)

[----------] 3 tests from matchVector_bestOf2NearestVectorFeatures
[ RUN      ] matchVector_bestOf2NearestVectorFeatures.bestOf2NearestVectorFeatures/0, where GetParam() = ("orb", 2)
[ PERFSTAT ]    (samples=10   mean=10.12   median=10.04   min=10.01   stddev=0.23 (2.3%))
[       OK ] matchVector_bestOf2NearestVectorFeatures.bestOf2NearestVectorFeatures/0 (202 ms)
[ RUN      ] matchVector_bestOf2NearestVectorFeatures.bestOf2NearestVectorFeatures/1, where GetParam() = ("orb", 4)
[ PERFSTAT ]    (samples=13   mean=15.96   median=15.91   min=15.76   stddev=0.17 (1.1%))
[       OK ] matchVector_bestOf2NearestVectorFeatures.bestOf2NearestVectorFeatures/1 (313 ms)
[ RUN      ] matchVector_bestOf2NearestVectorFeatures.bestOf2NearestVectorFeatures/2, where GetParam() = ("orb", 8)
[ PERFSTAT ]    (samples=100   mean=16.96   median=17.77   min=11.03   stddev=2.45 (14.5%))
[       OK ] matchVector_bestOf2NearestVectorFeatures.bestOf2NearestVectorFeatures/2 (1851 ms)
[----------] 3 tests from matchVector_bestOf2NearestVectorFeatures (2367 ms total)

[----------] 1 test from match_affineBestOf2Nearest
[ RUN      ] match_affineBestOf2Nearest.affineBestOf2Nearest/0, where GetParam() = "orb"
[ PERFSTAT ]    (samples=10   mean=9.96   median=9.92   min=9.87   stddev=0.14 (1.4%))
[       OK ] match_affineBestOf2Nearest.affineBestOf2Nearest/0 (189 ms)
[----------] 1 test from match_affineBestOf2Nearest (189 ms total)

[----------] 3 tests from matchVector_affineBestOf2NearestVectorFeatures
[ RUN      ] matchVector_affineBestOf2NearestVectorFeatures.affineBestOf2NearestVectorFeatures/0, where GetParam() = ("orb", 2)
[ PERFSTAT ]    (samples=10   mean=10.02   median=10.00   min=9.90   stddev=0.14 (1.4%))
[       OK ] matchVector_affineBestOf2NearestVectorFeatures.affineBestOf2NearestVectorFeatures/0 (184 ms)
[ RUN      ] matchVector_affineBestOf2NearestVectorFeatures.affineBestOf2NearestVectorFeatures/1, where GetParam() = ("orb", 4)
[ PERFSTAT ]    (samples=13   mean=10.79   median=10.72   min=10.56   stddev=0.25 (2.3%))
[       OK ] matchVector_affineBestOf2NearestVectorFeatures.affineBestOf2NearestVectorFeatures/1 (226 ms)
[ RUN      ] matchVector_affineBestOf2NearestVectorFeatures.affineBestOf2NearestVectorFeatures/2, where GetParam() = ("orb", 8)
[ PERFSTAT ]    (samples=16   mean=11.33   median=11.21   min=11.11   stddev=0.33 (2.9%))
[       OK ] matchVector_affineBestOf2NearestVectorFeatures.affineBestOf2NearestVectorFeatures/2 (274 ms)
[----------] 3 tests from matchVector_affineBestOf2NearestVectorFeatures (684 ms total)

[----------] 2 tests from stitch_a123
[ RUN      ] stitch_a123.a123/0, where GetParam() = "orb"
[ PERFSTAT ]    (samples=13   mean=435.57   median=434.45   min=431.51   stddev=3.71 (0.9%))
[       OK ] stitch_a123.a123/0 (5746 ms)
[ RUN      ] stitch_a123.a123/1, where GetParam() = "akaze"
[ PERFSTAT ]    (samples=10   mean=702.85   median=709.17   min=675.68   stddev=14.88 (2.1%))
[       OK ] stitch_a123.a123/1 (7068 ms)
[----------] 2 tests from stitch_a123 (12815 ms total)

[----------] 5 tests from stitchExposureCompensation_a123
[ RUN      ] stitchExposureCompensation_a123.a123/0, where GetParam() = 32
[ PERFSTAT ]    (samples=10   mean=427.76   median=426.00   min=425.11   stddev=3.27 (0.8%))
[       OK ] stitchExposureCompensation_a123.a123/0 (4319 ms)
[ RUN      ] stitchExposureCompensation_a123.a123/1, where GetParam() = 16
[ PERFSTAT ]    (samples=10   mean=527.33   median=527.06   min=520.28   stddev=3.71 (0.7%))
[       OK ] stitchExposureCompensation_a123.a123/1 (5315 ms)
[ RUN      ] stitchExposureCompensation_a123.a123/2, where GetParam() = 12
[ PERFSTAT ]    (samples=10   mean=858.51   median=858.76   min=852.47   stddev=4.16 (0.5%))
[       OK ] stitchExposureCompensation_a123.a123/2 (8627 ms)
[ RUN      ] stitchExposureCompensation_a123.a123/3, where GetParam() = 10
.
[ PERFSTAT ]    (samples=10   mean=1394.56   median=1390.77   min=1375.16   stddev=18.56 (1.3%))
[       OK ] stitchExposureCompensation_a123.a123/3 (13987 ms)
[ RUN      ] stitchExposureCompensation_a123.a123/4, where GetParam() = 8
.
.
.
[ PERFSTAT ]    (samples=10   mean=3367.96   median=3367.82   min=3357.78   stddev=7.66 (0.2%))
[       OK ] stitchExposureCompensation_a123.a123/4 (33722 ms)
[----------] 5 tests from stitchExposureCompensation_a123 (65971 ms total)

[----------] 20 tests from stitchExposureCompMultiFeed_a123
[ RUN      ] stitchExposureCompMultiFeed_a123.a123/0, where GetParam() = ("gain", 1)
[ PERFSTAT ]    (samples=10   mean=397.46   median=394.86   min=392.39   stddev=6.51 (1.6%))
[       OK ] stitchExposureCompMultiFeed_a123.a123/0 (4015 ms)
[ RUN      ] stitchExposureCompMultiFeed_a123.a123/1, where GetParam() = ("gain", 2)
[ PERFSTAT ]    (samples=10   mean=482.32   median=480.24   min=479.64   stddev=6.10 (1.3%))
[       OK ] stitchExposureCompMultiFeed_a123.a123/1 (4866 ms)
[ RUN      ] stitchExposureCompMultiFeed_a123.a123/2, where GetParam() = ("gain", 3)
[ PERFSTAT ]    (samples=10   mean=468.91   median=467.91   min=463.16   stddev=6.42 (1.4%))
[       OK ] stitchExposureCompMultiFeed_a123.a123/2 (4732 ms)
[ RUN      ] stitchExposureCompMultiFeed_a123.a123/3, where GetParam() = ("gain", 4)
[ PERFSTAT ]    (samples=10   mean=454.26   median=452.63   min=451.33   stddev=5.58 (1.2%))
[       OK ] stitchExposureCompMultiFeed_a123.a123/3 (4586 ms)
[ RUN      ] stitchExposureCompMultiFeed_a123.a123/4, where GetParam() = ("gain", 5)
[ PERFSTAT ]    (samples=10   mean=484.94   median=484.34   min=480.02   stddev=6.90 (1.4%))
[       OK ] stitchExposureCompMultiFeed_a123.a123/4 (4892 ms)
[ RUN      ] stitchExposureCompMultiFeed_a123.a123/5, where GetParam() = ("channels", 1)
[ PERFSTAT ]    (samples=10   mean=398.31   median=396.52   min=395.00   stddev=6.19 (1.6%))
[       OK ] stitchExposureCompMultiFeed_a123.a123/5 (4026 ms)
[ RUN      ] stitchExposureCompMultiFeed_a123.a123/6, where GetParam() = ("channels", 2)
[ PERFSTAT ]    (samples=10   mean=413.42   median=412.41   min=411.59   stddev=3.59 (0.9%))
[       OK ] stitchExposureCompMultiFeed_a123.a123/6 (4176 ms)
[ RUN      ] stitchExposureCompMultiFeed_a123.a123/7, where GetParam() = ("channels", 3)
[ PERFSTAT ]    (samples=10   mean=398.40   median=396.50   min=394.68   stddev=4.86 (1.2%))
[       OK ] stitchExposureCompMultiFeed_a123.a123/7 (4026 ms)
[ RUN      ] stitchExposureCompMultiFeed_a123.a123/8, where GetParam() = ("channels", 4)
[ PERFSTAT ]    (samples=10   mean=400.34   median=399.93   min=397.44   stddev=2.40 (0.6%))
[       OK ] stitchExposureCompMultiFeed_a123.a123/8 (4044 ms)
[ RUN      ] stitchExposureCompMultiFeed_a123.a123/9, where GetParam() = ("channels", 5)
[ PERFSTAT ]    (samples=10   mean=402.75   median=401.54   min=396.92   stddev=6.20 (1.5%))
[       OK ] stitchExposureCompMultiFeed_a123.a123/9 (4070 ms)
[ RUN      ] stitchExposureCompMultiFeed_a123.a123/10, where GetParam() = ("blocks_gain", 1)
[ PERFSTAT ]    (samples=10   mean=419.87   median=417.88   min=417.18   stddev=4.15 (1.0%))
[       OK ] stitchExposureCompMultiFeed_a123.a123/10 (4237 ms)
[ RUN      ] stitchExposureCompMultiFeed_a123.a123/11, where GetParam() = ("blocks_gain", 2)
[ PERFSTAT ]    (samples=10   mean=414.07   median=412.60   min=411.55   stddev=4.05 (1.0%))
[       OK ] stitchExposureCompMultiFeed_a123.a123/11 (4186 ms)
[ RUN      ] stitchExposureCompMultiFeed_a123.a123/12, where GetParam() = ("blocks_gain", 3)
[ PERFSTAT ]    (samples=10   mean=446.62   median=445.36   min=442.71   stddev=4.15 (0.9%))
[       OK ] stitchExposureCompMultiFeed_a123.a123/12 (4509 ms)
[ RUN      ] stitchExposureCompMultiFeed_a123.a123/13, where GetParam() = ("blocks_gain", 4)
[ PERFSTAT ]    (samples=10   mean=502.81   median=501.45   min=499.88   stddev=4.89 (1.0%))
[       OK ] stitchExposureCompMultiFeed_a123.a123/13 (5070 ms)
[ RUN      ] stitchExposureCompMultiFeed_a123.a123/14, where GetParam() = ("blocks_gain", 5)
[ PERFSTAT ]    (samples=10   mean=515.36   median=514.44   min=511.85   stddev=3.87 (0.8%))
[       OK ] stitchExposureCompMultiFeed_a123.a123/14 (5195 ms)
[ RUN      ] stitchExposureCompMultiFeed_a123.a123/15, where GetParam() = ("blocks_channels", 1)
[ PERFSTAT ]    (samples=10   mean=442.49   median=443.92   min=432.35   stddev=5.23 (1.2%))
[       OK ] stitchExposureCompMultiFeed_a123.a123/15 (4466 ms)
[ RUN      ] stitchExposureCompMultiFeed_a123.a123/16, where GetParam() = ("blocks_channels", 2)
[ PERFSTAT ]    (samples=10   mean=437.96   median=437.85   min=435.40   stddev=1.43 (0.3%))
[       OK ] stitchExposureCompMultiFeed_a123.a123/16 (4422 ms)
[ RUN      ] stitchExposureCompMultiFeed_a123.a123/17, where GetParam() = ("blocks_channels", 3)
[ PERFSTAT ]    (samples=10   mean=463.39   median=462.85   min=460.40   stddev=3.13 (0.7%))
[       OK ] stitchExposureCompMultiFeed_a123.a123/17 (4676 ms)
[ RUN      ] stitchExposureCompMultiFeed_a123.a123/18, where GetParam() = ("blocks_channels", 4)
[ PERFSTAT ]    (samples=10   mean=513.10   median=511.76   min=508.73   stddev=3.77 (0.7%))
[       OK ] stitchExposureCompMultiFeed_a123.a123/18 (5172 ms)
[ RUN      ] stitchExposureCompMultiFeed_a123.a123/19, where GetParam() = ("blocks_channels", 5)
[ PERFSTAT ]    (samples=10   mean=543.29   median=543.37   min=540.53   stddev=1.67 (0.3%))
[       OK ] stitchExposureCompMultiFeed_a123.a123/19 (5475 ms)
[----------] 20 tests from stitchExposureCompMultiFeed_a123 (90842 ms total)

[----------] 2 tests from stitch_b12
[ RUN      ] stitch_b12.b12/0, where GetParam() = "orb"
[ PERFSTAT ]    (samples=10   mean=177.73   median=177.84   min=176.53   stddev=0.69 (0.4%))
[       OK ] stitch_b12.b12/0 (1806 ms)
[ RUN      ] stitch_b12.b12/1, where GetParam() = "akaze"
[ PERFSTAT ]    (samples=10   mean=340.23   median=340.34   min=335.39   stddev=2.22 (0.7%))
[       OK ] stitch_b12.b12/1 (3428 ms)
[----------] 2 tests from stitch_b12 (5234 ms total)

[----------] 8 tests from stitchDatasets_affine
[ RUN      ] stitchDatasets_affine.affine/0, where GetParam() = ("s", "orb")
[ PERFSTAT ]    (samples=10   mean=346.79   median=346.04   min=345.05   stddev=1.95 (0.6%))
[       OK ] stitchDatasets_affine.affine/0 (3527 ms)
[ RUN      ] stitchDatasets_affine.affine/1, where GetParam() = ("s", "akaze")
[ PERFSTAT ]    (samples=10   mean=765.59   median=765.45   min=758.15   stddev=4.53 (0.6%))
[       OK ] stitchDatasets_affine.affine/1 (7717 ms)
[ RUN      ] stitchDatasets_affine.affine/2, where GetParam() = ("budapest", "orb")
[ PERFSTAT ]    (samples=10   mean=948.23   median=948.12   min=941.21   stddev=4.80 (0.5%))
[       OK ] stitchDatasets_affine.affine/2 (9551 ms)
[ RUN      ] stitchDatasets_affine.affine/3, where GetParam() = ("budapest", "akaze")
.
[ PERFSTAT ]    (samples=10   mean=1470.07   median=1470.44   min=1447.65   stddev=14.18 (1.0%))
[       OK ] stitchDatasets_affine.affine/3 (14770 ms)
[ RUN      ] stitchDatasets_affine.affine/4, where GetParam() = ("newspaper", "orb")
[ PERFSTAT ]    (samples=10   mean=452.20   median=451.52   min=448.20   stddev=3.53 (0.8%))
[       OK ] stitchDatasets_affine.affine/4 (4561 ms)
[ RUN      ] stitchDatasets_affine.affine/5, where GetParam() = ("newspaper", "akaze")
[ PERFSTAT ]    (samples=10   mean=980.96   median=979.54   min=961.86   stddev=12.08 (1.2%))
[       OK ] stitchDatasets_affine.affine/5 (9848 ms)
[ RUN      ] stitchDatasets_affine.affine/6, where GetParam() = ("prague", "orb")
[ PERFSTAT ]    (samples=10   mean=177.72   median=176.76   min=174.84   stddev=2.49 (1.4%))
[       OK ] stitchDatasets_affine.affine/6 (1808 ms)
[ RUN      ] stitchDatasets_affine.affine/7, where GetParam() = ("prague", "akaze")
[ PERFSTAT ]    (samples=10   mean=567.98   median=567.67   min=559.15   stddev=5.03 (0.9%))
[       OK ] stitchDatasets_affine.affine/7 (5707 ms)
[----------] 8 tests from stitchDatasets_affine (57489 ms total)

[----------] Global test environment tear-down
[==========] 53 tests from 12 test cases ran. (240714 ms total)
[  PASSED  ] 53 tests.
