[ERROR:0@0.017] global persistence.cpp:577 open Can't open file: '/data/xumengying/tool-verify/opencv-verify/src/opencv_extra/testdata/perf/rgbd.xml' in read mode
TEST: Skip tests with tags: 'mem_6gb', 'verylong'
CTEST_FULL_OUTPUT
OpenCV version: 4.14.0-pre
OpenCV VCS version: 4.13.0-493-g7aa163b83f
Build type: Release
Compiler: /usr/bin/c++  (ver 11.4.0)
Algorithm hint: ALGO_HINT_ACCURATE
HAL: YES (ipp (ver 0.0.1))
Parallel framework: pthreads (nthreads=30)
CPU features: SSE SSE2 SSE3 *SSE4.1 *SSE4.2 *AVX *FP16 *AVX2 *AVX512-SKX?
Intel(R) IPP version: ippIP AVX2 (l9) 2026.0.0 (-) Jun 30 2026
Intel(R) IPP features code: 0x8000
[==========] Running 4 tests from 2 test cases.
[----------] Global test environment set-up.
[----------] 2 tests from Perf_TSDF
[ RUN      ] Perf_TSDF.integrate
[ PERFSTAT ]    (samples=18   mean=1.12   median=1.11   min=0.98   stddev=0.07 (6.5%))
[       OK ] Perf_TSDF.integrate (65 ms)
[ RUN      ] Perf_TSDF.raycast
[ PERFSTAT ]    (samples=18   mean=2.72   median=2.32   min=2.04   stddev=1.01 (37.0%))
[       OK ] Perf_TSDF.raycast (128 ms)
[----------] 2 tests from Perf_TSDF (193 ms total)

[----------] 2 tests from Perf_HashTSDF
[ RUN      ] Perf_HashTSDF.integrate
[ PERFSTAT ]    (samples=18   mean=0.31   median=0.30   min=0.27   stddev=0.03 (10.5%))
[       OK ] Perf_HashTSDF.integrate (42 ms)
[ RUN      ] Perf_HashTSDF.raycast
[ PERFSTAT ]    (samples=18   mean=6.75   median=6.62   min=6.37   stddev=0.38 (5.6%))
[       OK ] Perf_HashTSDF.raycast (168 ms)
[----------] 2 tests from Perf_HashTSDF (210 ms total)

[----------] Global test environment tear-down
[==========] 4 tests from 2 test cases ran. (404 ms total)
[  PASSED  ] 4 tests.
