[ERROR:0@0.037] global persistence.cpp:577 open Can't open file: '/data/xumengying/tool-verify/opencv-verify/src/opencv_extra/testdata/perf/mcc.xml' in read mode
TEST: Skip tests with tags: 'mem_6gb', 'verylong'
CTEST_FULL_OUTPUT
OpenCV version: 4.14.0-pre
OpenCV VCS version: 4.13.0-493-g7aa163b83f
Build type: Release
Compiler: /usr/bin/c++  (ver 11.4.0)
Algorithm hint: ALGO_HINT_ACCURATE
HAL: YES (ipp (ver 0.0.1))
Parallel framework: pthreads (nthreads=30)
CPU features: SSE SSE2 SSE3 *SSE4.1 *SSE4.2 *AVX *FP16 *AVX2 *AVX512-SKX?
Intel(R) IPP version: ippIP AVX2 (l9) 2026.0.0 (-) Jun 30 2026
Intel(R) IPP features code: 0x8000
[==========] Running 2 tests from 1 test case.
[----------] Global test environment set-up.
[----------] 2 tests from CV_mcc_perf
[ RUN      ] CV_mcc_perf.detect
[ PERFSTAT ]    (samples=100   mean=59.19   median=58.76   min=51.88   stddev=3.43 (5.8%))
[       OK ] CV_mcc_perf.detect (6132 ms)
[ RUN      ] CV_mcc_perf.infer
[ PERFSTAT ]    (samples=13   mean=84.46   median=84.53   min=81.68   stddev=1.86 (2.2%))
[       OK ] CV_mcc_perf.infer (1184 ms)
[----------] 2 tests from CV_mcc_perf (7316 ms total)

[----------] Global test environment tear-down
[==========] 2 tests from 1 test case ran. (7316 ms total)
[  PASSED  ] 2 tests.
