[ERROR:0@0.033] global persistence.cpp:577 open Can't open file: '/data/xumengying/tool-verify/opencv-verify/src/opencv_extra/testdata/perf/wechat_qrcode.xml' in read mode
TEST: Skip tests with tags: 'mem_6gb', 'verylong'
CTEST_FULL_OUTPUT
OpenCV version: 4.14.0-pre
OpenCV VCS version: 4.13.0-493-g7aa163b83f
Build type: Release
Compiler: /usr/bin/c++  (ver 11.4.0)
Algorithm hint: ALGO_HINT_ACCURATE
HAL: YES (ipp (ver 0.0.1))
Parallel framework: pthreads (nthreads=30)
CPU features: SSE SSE2 SSE3 *SSE4.1 *SSE4.2 *AVX *FP16 *AVX2 *AVX512-SKX?
Intel(R) IPP version: ippIP AVX2 (l9) 2026.0.0 (-) Jun 30 2026
Intel(R) IPP features code: 0x8000
[==========] Running 50 tests from 3 test cases.
[----------] Global test environment set-up.
[----------] 28 tests from Perf_Objdetect_QRCode
[ RUN      ] Perf_Objdetect_QRCode.detect_and_decode/0, where GetParam() = ("", "version_1_top.jpg")
[ PERFSTAT ]    (samples=25   mean=1.71   median=1.71   min=1.70   stddev=0.01 (0.4%))
[       OK ] Perf_Objdetect_QRCode.detect_and_decode/0 (65 ms)
[ RUN      ] Perf_Objdetect_QRCode.detect_and_decode/1, where GetParam() = ("", "version_2_left.jpg")
[ PERFSTAT ]    (samples=10   mean=5.89   median=5.85   min=5.82   stddev=0.11 (1.9%))
[       OK ] Perf_Objdetect_QRCode.detect_and_decode/1 (63 ms)
[ RUN      ] Perf_Objdetect_QRCode.detect_and_decode/2, where GetParam() = ("", "version_2_up.jpg")
[ PERFSTAT ]    (samples=10   mean=1.80   median=1.78   min=1.77   stddev=0.04 (2.5%))
[       OK ] Perf_Objdetect_QRCode.detect_and_decode/2 (22 ms)
[ RUN      ] Perf_Objdetect_QRCode.detect_and_decode/3, where GetParam() = ("", "version_2_top.jpg")
[ PERFSTAT ]    (samples=10   mean=1.77   median=1.77   min=1.75   stddev=0.01 (0.8%))
[       OK ] Perf_Objdetect_QRCode.detect_and_decode/3 (21 ms)
[ RUN      ] Perf_Objdetect_QRCode.detect_and_decode/4, where GetParam() = ("", "version_3_down.jpg")
[ PERFSTAT ]    (samples=13   mean=1.77   median=1.76   min=1.75   stddev=0.03 (1.6%))
[       OK ] Perf_Objdetect_QRCode.detect_and_decode/4 (27 ms)
[ RUN      ] Perf_Objdetect_QRCode.detect_and_decode/5, where GetParam() = ("", "version_3_top.jpg")
[ PERFSTAT ]    (samples=10   mean=1.80   median=1.79   min=1.78   stddev=0.04 (2.2%))
[       OK ] Perf_Objdetect_QRCode.detect_and_decode/5 (23 ms)
[ RUN      ] Perf_Objdetect_QRCode.detect_and_decode/6, where GetParam() = ("", "version_4_top.jpg")
[ PERFSTAT ]    (samples=12   mean=2.02   median=2.00   min=1.99   stddev=0.06 (2.9%))
[       OK ] Perf_Objdetect_QRCode.detect_and_decode/6 (28 ms)
[ RUN      ] Perf_Objdetect_QRCode.detect_and_decode/7, where GetParam() = ("", "version_5_down.jpg")
[ PERFSTAT ]    (samples=10   mean=2.18   median=2.17   min=2.16   stddev=0.03 (1.5%))
[       OK ] Perf_Objdetect_QRCode.detect_and_decode/7 (25 ms)
[ RUN      ] Perf_Objdetect_QRCode.detect_and_decode/8, where GetParam() = ("", "version_5_left.jpg")
[ PERFSTAT ]    (samples=10   mean=1.82   median=1.81   min=1.78   stddev=0.03 (1.7%))
[       OK ] Perf_Objdetect_QRCode.detect_and_decode/8 (21 ms)
[ RUN      ] Perf_Objdetect_QRCode.detect_and_decode/9, where GetParam() = ("", "version_5_up.jpg")
[ PERFSTAT ]    (samples=13   mean=18.40   median=18.39   min=18.34   stddev=0.05 (0.3%))
[       OK ] Perf_Objdetect_QRCode.detect_and_decode/9 (252 ms)
[ RUN      ] Perf_Objdetect_QRCode.detect_and_decode/10, where GetParam() = ("", "version_5_top.jpg")
[ PERFSTAT ]    (samples=10   mean=5.27   median=5.25   min=5.23   stddev=0.04 (0.7%))
[       OK ] Perf_Objdetect_QRCode.detect_and_decode/10 (57 ms)
[ RUN      ] Perf_Objdetect_QRCode.detect_and_decode/11, where GetParam() = ("", "russian.jpg")
[ PERFSTAT ]    (samples=10   mean=5.61   median=5.60   min=5.58   stddev=0.04 (0.7%))
[       OK ] Perf_Objdetect_QRCode.detect_and_decode/11 (60 ms)
[ RUN      ] Perf_Objdetect_QRCode.detect_and_decode/12, where GetParam() = ("", "kanji.jpg")
[ PERFSTAT ]    (samples=10   mean=3.14   median=3.13   min=3.12   stddev=0.03 (1.0%))
[       OK ] Perf_Objdetect_QRCode.detect_and_decode/12 (35 ms)
[ RUN      ] Perf_Objdetect_QRCode.detect_and_decode/13, where GetParam() = ("", "link_wiki_cv.jpg")
[ PERFSTAT ]    (samples=10   mean=37.03   median=36.80   min=36.68   stddev=0.53 (1.4%))
[       OK ] Perf_Objdetect_QRCode.detect_and_decode/13 (374 ms)
[ RUN      ] Perf_Objdetect_QRCode.detect_and_decode/14, where GetParam() = ("dnn/wechat_2021-01", "version_1_top.jpg")
[     SKIP ] OpenCV tests: Can't find data file: dnn/wechat_2021-01/detect.prototxt
[       OK ] Perf_Objdetect_QRCode.detect_and_decode/14 (6 ms)
[ RUN      ] Perf_Objdetect_QRCode.detect_and_decode/15, where GetParam() = ("dnn/wechat_2021-01", "version_2_left.jpg")
[     SKIP ] OpenCV tests: Can't find data file: dnn/wechat_2021-01/detect.prototxt
[       OK ] Perf_Objdetect_QRCode.detect_and_decode/15 (5 ms)
[ RUN      ] Perf_Objdetect_QRCode.detect_and_decode/16, where GetParam() = ("dnn/wechat_2021-01", "version_2_up.jpg")
[     SKIP ] OpenCV tests: Can't find data file: dnn/wechat_2021-01/detect.prototxt
[       OK ] Perf_Objdetect_QRCode.detect_and_decode/16 (4 ms)
[ RUN      ] Perf_Objdetect_QRCode.detect_and_decode/17, where GetParam() = ("dnn/wechat_2021-01", "version_2_top.jpg")
[     SKIP ] OpenCV tests: Can't find data file: dnn/wechat_2021-01/detect.prototxt
[       OK ] Perf_Objdetect_QRCode.detect_and_decode/17 (3 ms)
[ RUN      ] Perf_Objdetect_QRCode.detect_and_decode/18, where GetParam() = ("dnn/wechat_2021-01", "version_3_down.jpg")
[     SKIP ] OpenCV tests: Can't find data file: dnn/wechat_2021-01/detect.prototxt
[       OK ] Perf_Objdetect_QRCode.detect_and_decode/18 (3 ms)
[ RUN      ] Perf_Objdetect_QRCode.detect_and_decode/19, where GetParam() = ("dnn/wechat_2021-01", "version_3_top.jpg")
[     SKIP ] OpenCV tests: Can't find data file: dnn/wechat_2021-01/detect.prototxt
[       OK ] Perf_Objdetect_QRCode.detect_and_decode/19 (4 ms)
[ RUN      ] Perf_Objdetect_QRCode.detect_and_decode/20, where GetParam() = ("dnn/wechat_2021-01", "version_4_top.jpg")
[     SKIP ] OpenCV tests: Can't find data file: dnn/wechat_2021-01/detect.prototxt
[       OK ] Perf_Objdetect_QRCode.detect_and_decode/20 (3 ms)
[ RUN      ] Perf_Objdetect_QRCode.detect_and_decode/21, where GetParam() = ("dnn/wechat_2021-01", "version_5_down.jpg")
[     SKIP ] OpenCV tests: Can't find data file: dnn/wechat_2021-01/detect.prototxt
[       OK ] Perf_Objdetect_QRCode.detect_and_decode/21 (4 ms)
[ RUN      ] Perf_Objdetect_QRCode.detect_and_decode/22, where GetParam() = ("dnn/wechat_2021-01", "version_5_left.jpg")
[     SKIP ] OpenCV tests: Can't find data file: dnn/wechat_2021-01/detect.prototxt
[       OK ] Perf_Objdetect_QRCode.detect_and_decode/22 (4 ms)
[ RUN      ] Perf_Objdetect_QRCode.detect_and_decode/23, where GetParam() = ("dnn/wechat_2021-01", "version_5_up.jpg")
[     SKIP ] OpenCV tests: Can't find data file: dnn/wechat_2021-01/detect.prototxt
[       OK ] Perf_Objdetect_QRCode.detect_and_decode/23 (3 ms)
[ RUN      ] Perf_Objdetect_QRCode.detect_and_decode/24, where GetParam() = ("dnn/wechat_2021-01", "version_5_top.jpg")
[     SKIP ] OpenCV tests: Can't find data file: dnn/wechat_2021-01/detect.prototxt
[       OK ] Perf_Objdetect_QRCode.detect_and_decode/24 (4 ms)
[ RUN      ] Perf_Objdetect_QRCode.detect_and_decode/25, where GetParam() = ("dnn/wechat_2021-01", "russian.jpg")
[     SKIP ] OpenCV tests: Can't find data file: dnn/wechat_2021-01/detect.prototxt
[       OK ] Perf_Objdetect_QRCode.detect_and_decode/25 (4 ms)
[ RUN      ] Perf_Objdetect_QRCode.detect_and_decode/26, where GetParam() = ("dnn/wechat_2021-01", "kanji.jpg")
[     SKIP ] OpenCV tests: Can't find data file: dnn/wechat_2021-01/detect.prototxt
[       OK ] Perf_Objdetect_QRCode.detect_and_decode/26 (3 ms)
[ RUN      ] Perf_Objdetect_QRCode.detect_and_decode/27, where GetParam() = ("dnn/wechat_2021-01", "link_wiki_cv.jpg")
[     SKIP ] OpenCV tests: Can't find data file: dnn/wechat_2021-01/detect.prototxt
[       OK ] Perf_Objdetect_QRCode.detect_and_decode/27 (4 ms)
[----------] 28 tests from Perf_Objdetect_QRCode (1127 ms total)

[----------] 10 tests from Perf_Objdetect_QRCode_Multi
[ RUN      ] Perf_Objdetect_QRCode_Multi.detect_and_decode/0, where GetParam() = ("", "3_qrcodes.png")
[ PERFSTAT ]    (samples=13   mean=4.22   median=4.16   min=4.15   stddev=0.11 (2.6%))
[       OK ] Perf_Objdetect_QRCode_Multi.detect_and_decode/0 (69 ms)
[ RUN      ] Perf_Objdetect_QRCode_Multi.detect_and_decode/1, where GetParam() = ("", "3_close_qrcodes.png")
[ PERFSTAT ]    (samples=10   mean=2.47   median=2.45   min=2.44   stddev=0.05 (1.8%))
[       OK ] Perf_Objdetect_QRCode_Multi.detect_and_decode/1 (29 ms)
[ RUN      ] Perf_Objdetect_QRCode_Multi.detect_and_decode/2, where GetParam() = ("", "4_qrcodes.png")
[ PERFSTAT ]    (samples=10   mean=4.48   median=4.47   min=4.45   stddev=0.02 (0.5%))
[       OK ] Perf_Objdetect_QRCode_Multi.detect_and_decode/2 (50 ms)
[ RUN      ] Perf_Objdetect_QRCode_Multi.detect_and_decode/3, where GetParam() = ("", "5_qrcodes.png")
[ PERFSTAT ]    (samples=10   mean=2.43   median=2.43   min=2.42   stddev=0.01 (0.5%))
[       OK ] Perf_Objdetect_QRCode_Multi.detect_and_decode/3 (29 ms)
[ RUN      ] Perf_Objdetect_QRCode_Multi.detect_and_decode/4, where GetParam() = ("", "7_qrcodes.png")
[ PERFSTAT ]    (samples=10   mean=64.92   median=64.36   min=64.06   stddev=1.07 (1.7%))
[       OK ] Perf_Objdetect_QRCode_Multi.detect_and_decode/4 (658 ms)
[ RUN      ] Perf_Objdetect_QRCode_Multi.detect_and_decode/5, where GetParam() = ("dnn/wechat_2021-01", "3_qrcodes.png")
[     SKIP ] OpenCV tests: Can't find data file: dnn/wechat_2021-01/detect.prototxt
[       OK ] Perf_Objdetect_QRCode_Multi.detect_and_decode/5 (9 ms)
[ RUN      ] Perf_Objdetect_QRCode_Multi.detect_and_decode/6, where GetParam() = ("dnn/wechat_2021-01", "3_close_qrcodes.png")
[     SKIP ] OpenCV tests: Can't find data file: dnn/wechat_2021-01/detect.prototxt
[       OK ] Perf_Objdetect_QRCode_Multi.detect_and_decode/6 (5 ms)
[ RUN      ] Perf_Objdetect_QRCode_Multi.detect_and_decode/7, where GetParam() = ("dnn/wechat_2021-01", "4_qrcodes.png")
[     SKIP ] OpenCV tests: Can't find data file: dnn/wechat_2021-01/detect.prototxt
[       OK ] Perf_Objdetect_QRCode_Multi.detect_and_decode/7 (5 ms)
[ RUN      ] Perf_Objdetect_QRCode_Multi.detect_and_decode/8, where GetParam() = ("dnn/wechat_2021-01", "5_qrcodes.png")
[     SKIP ] OpenCV tests: Can't find data file: dnn/wechat_2021-01/detect.prototxt
[       OK ] Perf_Objdetect_QRCode_Multi.detect_and_decode/8 (5 ms)
[ RUN      ] Perf_Objdetect_QRCode_Multi.detect_and_decode/9, where GetParam() = ("dnn/wechat_2021-01", "7_qrcodes.png")
[     SKIP ] OpenCV tests: Can't find data file: dnn/wechat_2021-01/detect.prototxt
[       OK ] Perf_Objdetect_QRCode_Multi.detect_and_decode/9 (9 ms)
[----------] 10 tests from Perf_Objdetect_QRCode_Multi (868 ms total)

[----------] 12 tests from Perf_Objdetect_Not_QRCode
[ RUN      ] Perf_Objdetect_Not_QRCode.detect_and_decode/0, where GetParam() = ("", "zero", 640x480)
[ PERFSTAT ]    (samples=10   mean=15.52   median=15.44   min=15.22   stddev=0.29 (1.9%))
[       OK ] Perf_Objdetect_Not_QRCode.detect_and_decode/0 (155 ms)
[ RUN      ] Perf_Objdetect_Not_QRCode.detect_and_decode/1, where GetParam() = ("", "zero", 1280x720)
[ PERFSTAT ]    (samples=10   mean=73.53   median=73.55   min=73.10   stddev=0.30 (0.4%))
[       OK ] Perf_Objdetect_Not_QRCode.detect_and_decode/1 (736 ms)
[ RUN      ] Perf_Objdetect_Not_QRCode.detect_and_decode/2, where GetParam() = ("", "random", 640x480)
[ PERFSTAT ]    (samples=13   mean=14.46   median=14.45   min=14.35   stddev=0.07 (0.5%))
[       OK ] Perf_Objdetect_Not_QRCode.detect_and_decode/2 (190 ms)
[ RUN      ] Perf_Objdetect_Not_QRCode.detect_and_decode/3, where GetParam() = ("", "random", 1280x720)
[ PERFSTAT ]    (samples=10   mean=73.49   median=73.48   min=72.94   stddev=0.43 (0.6%))
[       OK ] Perf_Objdetect_Not_QRCode.detect_and_decode/3 (736 ms)
[ RUN      ] Perf_Objdetect_Not_QRCode.detect_and_decode/4, where GetParam() = ("", "chessboard", 640x480)
[ PERFSTAT ]    (samples=10   mean=38.16   median=37.99   min=37.88   stddev=0.57 (1.5%))
[       OK ] Perf_Objdetect_Not_QRCode.detect_and_decode/4 (383 ms)
[ RUN      ] Perf_Objdetect_Not_QRCode.detect_and_decode/5, where GetParam() = ("", "chessboard", 1280x720)
[ PERFSTAT ]    (samples=10   mean=145.66   median=145.55   min=144.70   stddev=0.51 (0.3%))
[       OK ] Perf_Objdetect_Not_QRCode.detect_and_decode/5 (1462 ms)
[ RUN      ] Perf_Objdetect_Not_QRCode.detect_and_decode/6, where GetParam() = ("dnn/wechat_2021-01", "zero", 640x480)
[     SKIP ] OpenCV tests: Can't find data file: dnn/wechat_2021-01/detect.prototxt
[       OK ] Perf_Objdetect_Not_QRCode.detect_and_decode/6 (4 ms)
[ RUN      ] Perf_Objdetect_Not_QRCode.detect_and_decode/7, where GetParam() = ("dnn/wechat_2021-01", "zero", 1280x720)
[     SKIP ] OpenCV tests: Can't find data file: dnn/wechat_2021-01/detect.prototxt
[       OK ] Perf_Objdetect_Not_QRCode.detect_and_decode/7 (1 ms)
[ RUN      ] Perf_Objdetect_Not_QRCode.detect_and_decode/8, where GetParam() = ("dnn/wechat_2021-01", "random", 640x480)
[     SKIP ] OpenCV tests: Can't find data file: dnn/wechat_2021-01/detect.prototxt
[       OK ] Perf_Objdetect_Not_QRCode.detect_and_decode/8 (1 ms)
[ RUN      ] Perf_Objdetect_Not_QRCode.detect_and_decode/9, where GetParam() = ("dnn/wechat_2021-01", "random", 1280x720)
[     SKIP ] OpenCV tests: Can't find data file: dnn/wechat_2021-01/detect.prototxt
[       OK ] Perf_Objdetect_Not_QRCode.detect_and_decode/9 (2 ms)
[ RUN      ] Perf_Objdetect_Not_QRCode.detect_and_decode/10, where GetParam() = ("dnn/wechat_2021-01", "chessboard", 640x480)
[     SKIP ] OpenCV tests: Can't find data file: dnn/wechat_2021-01/detect.prototxt
[       OK ] Perf_Objdetect_Not_QRCode.detect_and_decode/10 (3 ms)
[ RUN      ] Perf_Objdetect_Not_QRCode.detect_and_decode/11, where GetParam() = ("dnn/wechat_2021-01", "chessboard", 1280x720)
[     SKIP ] OpenCV tests: Can't find data file: dnn/wechat_2021-01/detect.prototxt
[       OK ] Perf_Objdetect_Not_QRCode.detect_and_decode/11 (5 ms)
[----------] 12 tests from Perf_Objdetect_Not_QRCode (3678 ms total)

[----------] Global test environment tear-down
[ SKIPSTAT ] 25 tests skipped
[ SKIPSTAT ] TAG='skip_other' skip 25 tests
[==========] 50 tests from 3 test cases ran. (5673 ms total)
[  PASSED  ] 50 tests.
