TEST: Skip tests with tags: 'mem_6gb', 'verylong'
CTEST_FULL_OUTPUT
OpenCV version: 4.14.0-pre
OpenCV VCS version: 4.13.0-493-g7aa163b83f
Build type: Release
Compiler: /usr/bin/c++  (ver 11.4.0)
Algorithm hint: ALGO_HINT_ACCURATE
HAL: YES (ipp (ver 0.0.1))
Parallel framework: pthreads (nthreads=30)
CPU features: SSE SSE2 SSE3 *SSE4.1 *SSE4.2 *AVX *FP16 *AVX2 *AVX512-SKX?
Intel(R) IPP version: ippIP AVX2 (l9) 2026.0.0 (-) Jun 30 2026
Intel(R) IPP features code: 0x8000
[==========] Running 125 tests from 11 test cases.
[----------] Global test environment set-up.
[----------] 1 test from CalibrateCamera
[ RUN      ] CalibrateCamera.BulkImages_N500
[ PERFSTAT ]    (samples=1   mean=832.10   median=832.10   min=832.10   stddev=0.00 (0.0%))
[       OK ] CalibrateCamera.BulkImages_N500 (859 ms)
[----------] 1 test from CalibrateCamera (859 ms total)

[----------] 2 tests from Undistort
[ RUN      ] Undistort.InitUndistortMap
[ PERFSTAT ]    (samples=13   mean=0.13   median=0.13   min=0.13   stddev=0.00 (2.7%))
[       OK ] Undistort.InitUndistortMap (2 ms)
[ RUN      ] Undistort.fisheye_undistortPoints_100k_10iter
[ PERFSTAT ]    (samples=12   mean=15.79   median=15.64   min=15.59   stddev=0.47 (3.0%))
[       OK ] Undistort.fisheye_undistortPoints_100k_10iter (191 ms)
[----------] 2 tests from Undistort (193 ms total)

[----------] 36 tests from EstimateAffine_EstimateAffine2D
[ RUN      ] EstimateAffine_EstimateAffine2D.EstimateAffine2D/0, where GetParam() = (100000, 0.99, RANSAC, 10)
[ PERFSTAT ]    (samples=13   mean=14.87   median=14.83   min=14.72   stddev=0.17 (1.1%))
[       OK ] EstimateAffine_EstimateAffine2D.EstimateAffine2D/0 (197 ms)
[ RUN      ] EstimateAffine_EstimateAffine2D.EstimateAffine2D/1, where GetParam() = (100000, 0.99, RANSAC, 0)
[ PERFSTAT ]    (samples=10   mean=6.07   median=6.04   min=6.02   stddev=0.11 (1.8%))
[       OK ] EstimateAffine_EstimateAffine2D.EstimateAffine2D/1 (62 ms)
[ RUN      ] EstimateAffine_EstimateAffine2D.EstimateAffine2D/2, where GetParam() = (100000, 0.99, LMEDS, 10)
[ PERFSTAT ]    (samples=10   mean=27.70   median=27.33   min=27.26   stddev=0.81 (2.9%))
[       OK ] EstimateAffine_EstimateAffine2D.EstimateAffine2D/2 (277 ms)
[ RUN      ] EstimateAffine_EstimateAffine2D.EstimateAffine2D/3, where GetParam() = (100000, 0.99, LMEDS, 0)
[ PERFSTAT ]    (samples=10   mean=20.77   median=20.74   min=20.64   stddev=0.11 (0.5%))
[       OK ] EstimateAffine_EstimateAffine2D.EstimateAffine2D/3 (209 ms)
[ RUN      ] EstimateAffine_EstimateAffine2D.EstimateAffine2D/4, where GetParam() = (100000, 0.95, RANSAC, 10)
[ PERFSTAT ]    (samples=10   mean=12.61   median=12.60   min=12.43   stddev=0.12 (1.0%))
[       OK ] EstimateAffine_EstimateAffine2D.EstimateAffine2D/4 (126 ms)
[ RUN      ] EstimateAffine_EstimateAffine2D.EstimateAffine2D/5, where GetParam() = (100000, 0.95, RANSAC, 0)
[ PERFSTAT ]    (samples=10   mean=3.96   median=3.95   min=3.88   stddev=0.04 (0.9%))
[       OK ] EstimateAffine_EstimateAffine2D.EstimateAffine2D/5 (41 ms)
[ RUN      ] EstimateAffine_EstimateAffine2D.EstimateAffine2D/6, where GetParam() = (100000, 0.95, LMEDS, 10)
[ PERFSTAT ]    (samples=10   mean=39.10   median=38.76   min=38.59   stddev=0.83 (2.1%))
[       OK ] EstimateAffine_EstimateAffine2D.EstimateAffine2D/6 (391 ms)
[ RUN      ] EstimateAffine_EstimateAffine2D.EstimateAffine2D/7, where GetParam() = (100000, 0.95, LMEDS, 0)
[ PERFSTAT ]    (samples=10   mean=14.05   median=14.05   min=13.87   stddev=0.08 (0.6%))
[       OK ] EstimateAffine_EstimateAffine2D.EstimateAffine2D/7 (141 ms)
[ RUN      ] EstimateAffine_EstimateAffine2D.EstimateAffine2D/8, where GetParam() = (100000, 0.9, RANSAC, 10)
[ PERFSTAT ]    (samples=10   mean=11.78   median=11.73   min=11.63   stddev=0.14 (1.2%))
[       OK ] EstimateAffine_EstimateAffine2D.EstimateAffine2D/8 (119 ms)
[ RUN      ] EstimateAffine_EstimateAffine2D.EstimateAffine2D/9, where GetParam() = (100000, 0.9, RANSAC, 0)
[ PERFSTAT ]    (samples=10   mean=3.11   median=3.12   min=3.04   stddev=0.03 (0.9%))
[       OK ] EstimateAffine_EstimateAffine2D.EstimateAffine2D/9 (32 ms)
[ RUN      ] EstimateAffine_EstimateAffine2D.EstimateAffine2D/10, where GetParam() = (100000, 0.9, LMEDS, 10)
[ PERFSTAT ]    (samples=10   mean=30.29   median=30.24   min=30.05   stddev=0.19 (0.6%))
[       OK ] EstimateAffine_EstimateAffine2D.EstimateAffine2D/10 (303 ms)
[ RUN      ] EstimateAffine_EstimateAffine2D.EstimateAffine2D/11, where GetParam() = (100000, 0.9, LMEDS, 0)
[ PERFSTAT ]    (samples=10   mean=11.43   median=11.42   min=11.36   stddev=0.05 (0.4%))
[       OK ] EstimateAffine_EstimateAffine2D.EstimateAffine2D/11 (115 ms)
[ RUN      ] EstimateAffine_EstimateAffine2D.EstimateAffine2D/12, where GetParam() = (5000, 0.99, RANSAC, 10)
[ PERFSTAT ]    (samples=13   mean=0.59   median=0.59   min=0.58   stddev=0.01 (1.1%))
[       OK ] EstimateAffine_EstimateAffine2D.EstimateAffine2D/12 (8 ms)
[ RUN      ] EstimateAffine_EstimateAffine2D.EstimateAffine2D/13, where GetParam() = (5000, 0.99, RANSAC, 0)
[ PERFSTAT ]    (samples=10   mean=0.31   median=0.31   min=0.31   stddev=0.00 (1.0%))
[       OK ] EstimateAffine_EstimateAffine2D.EstimateAffine2D/13 (3 ms)
[ RUN      ] EstimateAffine_EstimateAffine2D.EstimateAffine2D/14, where GetParam() = (5000, 0.99, LMEDS, 10)
[ PERFSTAT ]    (samples=10   mean=1.23   median=1.23   min=1.21   stddev=0.01 (1.1%))
[       OK ] EstimateAffine_EstimateAffine2D.EstimateAffine2D/14 (13 ms)
[ RUN      ] EstimateAffine_EstimateAffine2D.EstimateAffine2D/15, where GetParam() = (5000, 0.99, LMEDS, 0)
[ PERFSTAT ]    (samples=10   mean=0.97   median=0.97   min=0.96   stddev=0.01 (0.7%))
[       OK ] EstimateAffine_EstimateAffine2D.EstimateAffine2D/15 (9 ms)
[ RUN      ] EstimateAffine_EstimateAffine2D.EstimateAffine2D/16, where GetParam() = (5000, 0.95, RANSAC, 10)
[ PERFSTAT ]    (samples=10   mean=0.49   median=0.48   min=0.47   stddev=0.01 (2.4%))
[       OK ] EstimateAffine_EstimateAffine2D.EstimateAffine2D/16 (5 ms)
[ RUN      ] EstimateAffine_EstimateAffine2D.EstimateAffine2D/17, where GetParam() = (5000, 0.95, RANSAC, 0)
[ PERFSTAT ]    (samples=10   mean=0.20   median=0.20   min=0.20   stddev=0.00 (1.0%))
[       OK ] EstimateAffine_EstimateAffine2D.EstimateAffine2D/17 (2 ms)
[ RUN      ] EstimateAffine_EstimateAffine2D.EstimateAffine2D/18, where GetParam() = (5000, 0.95, LMEDS, 10)
[ PERFSTAT ]    (samples=10   mean=0.99   median=0.99   min=0.98   stddev=0.00 (0.3%))
[       OK ] EstimateAffine_EstimateAffine2D.EstimateAffine2D/18 (10 ms)
[ RUN      ] EstimateAffine_EstimateAffine2D.EstimateAffine2D/19, where GetParam() = (5000, 0.95, LMEDS, 0)
[ PERFSTAT ]    (samples=10   mean=0.59   median=0.59   min=0.58   stddev=0.00 (0.7%))
[       OK ] EstimateAffine_EstimateAffine2D.EstimateAffine2D/19 (6 ms)
[ RUN      ] EstimateAffine_EstimateAffine2D.EstimateAffine2D/20, where GetParam() = (5000, 0.9, RANSAC, 10)
[ PERFSTAT ]    (samples=10   mean=0.43   median=0.43   min=0.43   stddev=0.01 (1.2%))
[       OK ] EstimateAffine_EstimateAffine2D.EstimateAffine2D/20 (5 ms)
[ RUN      ] EstimateAffine_EstimateAffine2D.EstimateAffine2D/21, where GetParam() = (5000, 0.9, RANSAC, 0)
[ PERFSTAT ]    (samples=10   mean=0.16   median=0.16   min=0.16   stddev=0.00 (1.5%))
[       OK ] EstimateAffine_EstimateAffine2D.EstimateAffine2D/21 (1 ms)
[ RUN      ] EstimateAffine_EstimateAffine2D.EstimateAffine2D/22, where GetParam() = (5000, 0.9, LMEDS, 10)
[ PERFSTAT ]    (samples=10   mean=0.87   median=0.87   min=0.86   stddev=0.00 (0.6%))
[       OK ] EstimateAffine_EstimateAffine2D.EstimateAffine2D/22 (9 ms)
[ RUN      ] EstimateAffine_EstimateAffine2D.EstimateAffine2D/23, where GetParam() = (5000, 0.9, LMEDS, 0)
[ PERFSTAT ]    (samples=10   mean=0.48   median=0.48   min=0.47   stddev=0.01 (1.2%))
[       OK ] EstimateAffine_EstimateAffine2D.EstimateAffine2D/23 (5 ms)
[ RUN      ] EstimateAffine_EstimateAffine2D.EstimateAffine2D/24, where GetParam() = (100, 0.99, RANSAC, 10)
[ PERFSTAT ]    (samples=25   mean=0.05   median=0.05   min=0.05   stddev=0.00 (0.6%))
[       OK ] EstimateAffine_EstimateAffine2D.EstimateAffine2D/24 (1 ms)
[ RUN      ] EstimateAffine_EstimateAffine2D.EstimateAffine2D/25, where GetParam() = (100, 0.99, RANSAC, 0)
[ PERFSTAT ]    (samples=13   mean=0.03   median=0.03   min=0.03   stddev=0.00 (1.5%))
[       OK ] EstimateAffine_EstimateAffine2D.EstimateAffine2D/25 (1 ms)
[ RUN      ] EstimateAffine_EstimateAffine2D.EstimateAffine2D/26, where GetParam() = (100, 0.99, LMEDS, 10)
[ PERFSTAT ]    (samples=38   mean=0.03   median=0.03   min=0.03   stddev=0.00 (2.6%))
[       OK ] EstimateAffine_EstimateAffine2D.EstimateAffine2D/26 (1 ms)
[ RUN      ] EstimateAffine_EstimateAffine2D.EstimateAffine2D/27, where GetParam() = (100, 0.99, LMEDS, 0)
[ PERFSTAT ]    (samples=10   mean=0.02   median=0.02   min=0.02   stddev=0.00 (2.6%))
[       OK ] EstimateAffine_EstimateAffine2D.EstimateAffine2D/27 (0 ms)
[ RUN      ] EstimateAffine_EstimateAffine2D.EstimateAffine2D/28, where GetParam() = (100, 0.95, RANSAC, 10)
[ PERFSTAT ]    (samples=16   mean=0.04   median=0.04   min=0.04   stddev=0.00 (2.9%))
[       OK ] EstimateAffine_EstimateAffine2D.EstimateAffine2D/28 (1 ms)
[ RUN      ] EstimateAffine_EstimateAffine2D.EstimateAffine2D/29, where GetParam() = (100, 0.95, RANSAC, 0)
[ PERFSTAT ]    (samples=10   mean=0.02   median=0.02   min=0.02   stddev=0.00 (1.7%))
[       OK ] EstimateAffine_EstimateAffine2D.EstimateAffine2D/29 (0 ms)
[ RUN      ] EstimateAffine_EstimateAffine2D.EstimateAffine2D/30, where GetParam() = (100, 0.95, LMEDS, 10)
[ PERFSTAT ]    (samples=25   mean=0.03   median=0.02   min=0.02   stddev=0.00 (1.1%))
[       OK ] EstimateAffine_EstimateAffine2D.EstimateAffine2D/30 (1 ms)
[ RUN      ] EstimateAffine_EstimateAffine2D.EstimateAffine2D/31, where GetParam() = (100, 0.95, LMEDS, 0)
[ PERFSTAT ]    (samples=10   mean=0.01   median=0.01   min=0.01   stddev=0.00 (2.6%))
[       OK ] EstimateAffine_EstimateAffine2D.EstimateAffine2D/31 (0 ms)
[ RUN      ] EstimateAffine_EstimateAffine2D.EstimateAffine2D/32, where GetParam() = (100, 0.9, RANSAC, 10)
[ PERFSTAT ]    (samples=10   mean=0.04   median=0.04   min=0.04   stddev=0.00 (2.9%))
[       OK ] EstimateAffine_EstimateAffine2D.EstimateAffine2D/32 (1 ms)
[ RUN      ] EstimateAffine_EstimateAffine2D.EstimateAffine2D/33, where GetParam() = (100, 0.9, RANSAC, 0)
[ PERFSTAT ]    (samples=13   mean=0.02   median=0.02   min=0.02   stddev=0.00 (1.6%))
[       OK ] EstimateAffine_EstimateAffine2D.EstimateAffine2D/33 (0 ms)
[ RUN      ] EstimateAffine_EstimateAffine2D.EstimateAffine2D/34, where GetParam() = (100, 0.9, LMEDS, 10)
[ PERFSTAT ]    (samples=13   mean=0.04   median=0.04   min=0.04   stddev=0.00 (2.6%))
[       OK ] EstimateAffine_EstimateAffine2D.EstimateAffine2D/34 (0 ms)
[ RUN      ] EstimateAffine_EstimateAffine2D.EstimateAffine2D/35, where GetParam() = (100, 0.9, LMEDS, 0)
[ PERFSTAT ]    (samples=12   mean=0.01   median=0.01   min=0.01   stddev=0.00 (2.9%))
[       OK ] EstimateAffine_EstimateAffine2D.EstimateAffine2D/35 (0 ms)
[----------] 36 tests from EstimateAffine_EstimateAffine2D (2095 ms total)

[----------] 36 tests from EstimateAffine_EstimateAffinePartial2D
[ RUN      ] EstimateAffine_EstimateAffinePartial2D.EstimateAffinePartial2D/0, where GetParam() = (100000, 0.99, RANSAC, 10)
[ PERFSTAT ]    (samples=10   mean=6.67   median=6.67   min=6.64   stddev=0.02 (0.4%))
[       OK ] EstimateAffine_EstimateAffinePartial2D.EstimateAffinePartial2D/0 (67 ms)
[ RUN      ] EstimateAffine_EstimateAffinePartial2D.EstimateAffinePartial2D/1, where GetParam() = (100000, 0.99, RANSAC, 0)
[ PERFSTAT ]    (samples=10   mean=2.36   median=2.36   min=2.28   stddev=0.03 (1.2%))
[       OK ] EstimateAffine_EstimateAffinePartial2D.EstimateAffinePartial2D/1 (24 ms)
[ RUN      ] EstimateAffine_EstimateAffinePartial2D.EstimateAffinePartial2D/2, where GetParam() = (100000, 0.99, LMEDS, 10)
[ PERFSTAT ]    (samples=10   mean=18.85   median=18.73   min=18.61   stddev=0.37 (2.0%))
[       OK ] EstimateAffine_EstimateAffinePartial2D.EstimateAffinePartial2D/2 (189 ms)
[ RUN      ] EstimateAffine_EstimateAffinePartial2D.EstimateAffinePartial2D/3, where GetParam() = (100000, 0.99, LMEDS, 0)
[ PERFSTAT ]    (samples=10   mean=10.27   median=10.29   min=10.16   stddev=0.06 (0.6%))
[       OK ] EstimateAffine_EstimateAffinePartial2D.EstimateAffinePartial2D/3 (104 ms)
[ RUN      ] EstimateAffine_EstimateAffinePartial2D.EstimateAffinePartial2D/4, where GetParam() = (100000, 0.95, RANSAC, 10)
[ PERFSTAT ]    (samples=10   mean=5.95   median=5.95   min=5.91   stddev=0.02 (0.3%))
[       OK ] EstimateAffine_EstimateAffinePartial2D.EstimateAffinePartial2D/4 (60 ms)
[ RUN      ] EstimateAffine_EstimateAffinePartial2D.EstimateAffinePartial2D/5, where GetParam() = (100000, 0.95, RANSAC, 0)
[ PERFSTAT ]    (samples=10   mean=1.61   median=1.61   min=1.54   stddev=0.02 (1.4%))
[       OK ] EstimateAffine_EstimateAffinePartial2D.EstimateAffinePartial2D/5 (16 ms)
[ RUN      ] EstimateAffine_EstimateAffinePartial2D.EstimateAffinePartial2D/6, where GetParam() = (100000, 0.95, LMEDS, 10)
[ PERFSTAT ]    (samples=10   mean=14.84   median=14.83   min=14.76   stddev=0.05 (0.4%))
[       OK ] EstimateAffine_EstimateAffinePartial2D.EstimateAffinePartial2D/6 (149 ms)
[ RUN      ] EstimateAffine_EstimateAffinePartial2D.EstimateAffinePartial2D/7, where GetParam() = (100000, 0.95, LMEDS, 0)
[ PERFSTAT ]    (samples=10   mean=6.49   median=6.47   min=6.37   stddev=0.08 (1.2%))
[       OK ] EstimateAffine_EstimateAffinePartial2D.EstimateAffinePartial2D/7 (66 ms)
[ RUN      ] EstimateAffine_EstimateAffinePartial2D.EstimateAffinePartial2D/8, where GetParam() = (100000, 0.9, RANSAC, 10)
[ PERFSTAT ]    (samples=10   mean=5.60   median=5.60   min=5.56   stddev=0.02 (0.3%))
[       OK ] EstimateAffine_EstimateAffinePartial2D.EstimateAffinePartial2D/8 (56 ms)
[ RUN      ] EstimateAffine_EstimateAffinePartial2D.EstimateAffinePartial2D/9, where GetParam() = (100000, 0.9, RANSAC, 0)
[ PERFSTAT ]    (samples=10   mean=1.27   median=1.28   min=1.20   stddev=0.03 (2.1%))
[       OK ] EstimateAffine_EstimateAffinePartial2D.EstimateAffinePartial2D/9 (14 ms)
[ RUN      ] EstimateAffine_EstimateAffinePartial2D.EstimateAffinePartial2D/10, where GetParam() = (100000, 0.9, LMEDS, 10)
[ PERFSTAT ]    (samples=10   mean=13.20   median=13.19   min=13.15   stddev=0.05 (0.3%))
[       OK ] EstimateAffine_EstimateAffinePartial2D.EstimateAffinePartial2D/10 (132 ms)
[ RUN      ] EstimateAffine_EstimateAffinePartial2D.EstimateAffinePartial2D/11, where GetParam() = (100000, 0.9, LMEDS, 0)
[ PERFSTAT ]    (samples=10   mean=4.68   median=4.68   min=4.59   stddev=0.05 (1.1%))
[       OK ] EstimateAffine_EstimateAffinePartial2D.EstimateAffinePartial2D/11 (48 ms)
[ RUN      ] EstimateAffine_EstimateAffinePartial2D.EstimateAffinePartial2D/12, where GetParam() = (5000, 0.99, RANSAC, 10)
[ PERFSTAT ]    (samples=13   mean=0.30   median=0.30   min=0.29   stddev=0.00 (1.2%))
[       OK ] EstimateAffine_EstimateAffinePartial2D.EstimateAffinePartial2D/12 (4 ms)
[ RUN      ] EstimateAffine_EstimateAffinePartial2D.EstimateAffinePartial2D/13, where GetParam() = (5000, 0.99, RANSAC, 0)
[ PERFSTAT ]    (samples=10   mean=0.12   median=0.12   min=0.12   stddev=0.00 (2.3%))
[       OK ] EstimateAffine_EstimateAffinePartial2D.EstimateAffinePartial2D/13 (1 ms)
[ RUN      ] EstimateAffine_EstimateAffinePartial2D.EstimateAffinePartial2D/14, where GetParam() = (5000, 0.99, LMEDS, 10)
[ PERFSTAT ]    (samples=10   mean=0.62   median=0.62   min=0.61   stddev=0.01 (1.3%))
[       OK ] EstimateAffine_EstimateAffinePartial2D.EstimateAffinePartial2D/14 (6 ms)
[ RUN      ] EstimateAffine_EstimateAffinePartial2D.EstimateAffinePartial2D/15, where GetParam() = (5000, 0.99, LMEDS, 0)
[ PERFSTAT ]    (samples=10   mean=0.45   median=0.46   min=0.45   stddev=0.01 (1.3%))
[       OK ] EstimateAffine_EstimateAffinePartial2D.EstimateAffinePartial2D/15 (5 ms)
[ RUN      ] EstimateAffine_EstimateAffinePartial2D.EstimateAffinePartial2D/16, where GetParam() = (5000, 0.95, RANSAC, 10)
[ PERFSTAT ]    (samples=10   mean=0.26   median=0.26   min=0.25   stddev=0.01 (2.0%))
[       OK ] EstimateAffine_EstimateAffinePartial2D.EstimateAffinePartial2D/16 (3 ms)
[ RUN      ] EstimateAffine_EstimateAffinePartial2D.EstimateAffinePartial2D/17, where GetParam() = (5000, 0.95, RANSAC, 0)
[ PERFSTAT ]    (samples=10   mean=0.08   median=0.08   min=0.08   stddev=0.00 (0.5%))
[       OK ] EstimateAffine_EstimateAffinePartial2D.EstimateAffinePartial2D/17 (1 ms)
[ RUN      ] EstimateAffine_EstimateAffinePartial2D.EstimateAffinePartial2D/18, where GetParam() = (5000, 0.95, LMEDS, 10)
[ PERFSTAT ]    (samples=10   mean=0.50   median=0.50   min=0.49   stddev=0.00 (0.8%))
[       OK ] EstimateAffine_EstimateAffinePartial2D.EstimateAffinePartial2D/18 (5 ms)
[ RUN      ] EstimateAffine_EstimateAffinePartial2D.EstimateAffinePartial2D/19, where GetParam() = (5000, 0.95, LMEDS, 0)
[ PERFSTAT ]    (samples=10   mean=0.25   median=0.24   min=0.24   stddev=0.00 (1.3%))
[       OK ] EstimateAffine_EstimateAffinePartial2D.EstimateAffinePartial2D/19 (2 ms)
[ RUN      ] EstimateAffine_EstimateAffinePartial2D.EstimateAffinePartial2D/20, where GetParam() = (5000, 0.9, RANSAC, 10)
[ PERFSTAT ]    (samples=10   mean=0.25   median=0.25   min=0.24   stddev=0.00 (1.9%))
[       OK ] EstimateAffine_EstimateAffinePartial2D.EstimateAffinePartial2D/20 (3 ms)
[ RUN      ] EstimateAffine_EstimateAffinePartial2D.EstimateAffinePartial2D/21, where GetParam() = (5000, 0.9, RANSAC, 0)
[ PERFSTAT ]    (samples=10   mean=0.06   median=0.06   min=0.06   stddev=0.00 (0.5%))
[       OK ] EstimateAffine_EstimateAffinePartial2D.EstimateAffinePartial2D/21 (0 ms)
[ RUN      ] EstimateAffine_EstimateAffinePartial2D.EstimateAffinePartial2D/22, where GetParam() = (5000, 0.9, LMEDS, 10)
[ PERFSTAT ]    (samples=10   mean=0.44   median=0.44   min=0.43   stddev=0.00 (0.9%))
[       OK ] EstimateAffine_EstimateAffinePartial2D.EstimateAffinePartial2D/22 (5 ms)
[ RUN      ] EstimateAffine_EstimateAffinePartial2D.EstimateAffinePartial2D/23, where GetParam() = (5000, 0.9, LMEDS, 0)
[ PERFSTAT ]    (samples=10   mean=0.18   median=0.18   min=0.18   stddev=0.00 (1.9%))
[       OK ] EstimateAffine_EstimateAffinePartial2D.EstimateAffinePartial2D/23 (2 ms)
[ RUN      ] EstimateAffine_EstimateAffinePartial2D.EstimateAffinePartial2D/24, where GetParam() = (100, 0.99, RANSAC, 10)
[ PERFSTAT ]    (samples=13   mean=0.03   median=0.03   min=0.03   stddev=0.00 (1.3%))
[       OK ] EstimateAffine_EstimateAffinePartial2D.EstimateAffinePartial2D/24 (0 ms)
[ RUN      ] EstimateAffine_EstimateAffinePartial2D.EstimateAffinePartial2D/25, where GetParam() = (100, 0.99, RANSAC, 0)
[ PERFSTAT ]    (samples=10   mean=0.01   median=0.01   min=0.01   stddev=0.00 (2.0%))
[       OK ] EstimateAffine_EstimateAffinePartial2D.EstimateAffinePartial2D/25 (0 ms)
[ RUN      ] EstimateAffine_EstimateAffinePartial2D.EstimateAffinePartial2D/26, where GetParam() = (100, 0.99, LMEDS, 10)
[ PERFSTAT ]    (samples=25   mean=0.02   median=0.02   min=0.02   stddev=0.00 (2.5%))
[       OK ] EstimateAffine_EstimateAffinePartial2D.EstimateAffinePartial2D/26 (1 ms)
[ RUN      ] EstimateAffine_EstimateAffinePartial2D.EstimateAffinePartial2D/27, where GetParam() = (100, 0.99, LMEDS, 0)
[ PERFSTAT ]    (samples=25   mean=0.01   median=0.01   min=0.01   stddev=0.00 (2.4%))
[       OK ] EstimateAffine_EstimateAffinePartial2D.EstimateAffinePartial2D/27 (0 ms)
[ RUN      ] EstimateAffine_EstimateAffinePartial2D.EstimateAffinePartial2D/28, where GetParam() = (100, 0.95, RANSAC, 10)
[ PERFSTAT ]    (samples=13   mean=0.03   median=0.03   min=0.03   stddev=0.00 (1.1%))
[       OK ] EstimateAffine_EstimateAffinePartial2D.EstimateAffinePartial2D/28 (1 ms)
[ RUN      ] EstimateAffine_EstimateAffinePartial2D.EstimateAffinePartial2D/29, where GetParam() = (100, 0.95, RANSAC, 0)
[ PERFSTAT ]    (samples=13   mean=0.01   median=0.01   min=0.01   stddev=0.00 (2.2%))
[       OK ] EstimateAffine_EstimateAffinePartial2D.EstimateAffinePartial2D/29 (0 ms)
[ RUN      ] EstimateAffine_EstimateAffinePartial2D.EstimateAffinePartial2D/30, where GetParam() = (100, 0.95, LMEDS, 10)
[ PERFSTAT ]    (samples=25   mean=0.03   median=0.03   min=0.03   stddev=0.00 (2.8%))
[       OK ] EstimateAffine_EstimateAffinePartial2D.EstimateAffinePartial2D/30 (0 ms)
[ RUN      ] EstimateAffine_EstimateAffinePartial2D.EstimateAffinePartial2D/31, where GetParam() = (100, 0.95, LMEDS, 0)
[ PERFSTAT ]    (samples=13   mean=0.01   median=0.01   min=0.01   stddev=0.00 (0.6%))
[       OK ] EstimateAffine_EstimateAffinePartial2D.EstimateAffinePartial2D/31 (1 ms)
[ RUN      ] EstimateAffine_EstimateAffinePartial2D.EstimateAffinePartial2D/32, where GetParam() = (100, 0.9, RANSAC, 10)
[ PERFSTAT ]    (samples=21   mean=0.02   median=0.02   min=0.02   stddev=0.00 (3.0%))
[       OK ] EstimateAffine_EstimateAffinePartial2D.EstimateAffinePartial2D/32 (0 ms)
[ RUN      ] EstimateAffine_EstimateAffinePartial2D.EstimateAffinePartial2D/33, where GetParam() = (100, 0.9, RANSAC, 0)
[ PERFSTAT ]    (samples=13   mean=0.01   median=0.01   min=0.01   stddev=0.00 (0.8%))
[       OK ] EstimateAffine_EstimateAffinePartial2D.EstimateAffinePartial2D/33 (0 ms)
[ RUN      ] EstimateAffine_EstimateAffinePartial2D.EstimateAffinePartial2D/34, where GetParam() = (100, 0.9, LMEDS, 10)
[ PERFSTAT ]    (samples=13   mean=0.02   median=0.02   min=0.02   stddev=0.00 (1.7%))
[       OK ] EstimateAffine_EstimateAffinePartial2D.EstimateAffinePartial2D/34 (1 ms)
[ RUN      ] EstimateAffine_EstimateAffinePartial2D.EstimateAffinePartial2D/35, where GetParam() = (100, 0.9, LMEDS, 0)
[ PERFSTAT ]    (samples=13   mean=0.01   median=0.01   min=0.01   stddev=0.00 (0.8%))
[       OK ] EstimateAffine_EstimateAffinePartial2D.EstimateAffinePartial2D/35 (0 ms)
[----------] 36 tests from EstimateAffine_EstimateAffinePartial2D (967 ms total)

[----------] 9 tests from String_Size_asymm_circles_grid
[ RUN      ] String_Size_asymm_circles_grid.asymm_circles_grid/0, where GetParam() = ("cv/cameracalibration/asymmetric_circles/acircles1.png", 7x13)
[ PERFSTAT ]    (samples=13   mean=11.83   median=11.79   min=11.69   stddev=0.14 (1.2%))
[       OK ] String_Size_asymm_circles_grid.asymm_circles_grid/0 (185 ms)
[ RUN      ] String_Size_asymm_circles_grid.asymm_circles_grid/1, where GetParam() = ("cv/cameracalibration/asymmetric_circles/acircles2.png", 7x13)
[ PERFSTAT ]    (samples=10   mean=13.60   median=13.59   min=13.56   stddev=0.04 (0.3%))
[       OK ] String_Size_asymm_circles_grid.asymm_circles_grid/1 (142 ms)
[ RUN      ] String_Size_asymm_circles_grid.asymm_circles_grid/2, where GetParam() = ("cv/cameracalibration/asymmetric_circles/acircles3.png", 7x13)
[ PERFSTAT ]    (samples=10   mean=13.85   median=13.81   min=13.69   stddev=0.17 (1.2%))
[       OK ] String_Size_asymm_circles_grid.asymm_circles_grid/2 (145 ms)
[ RUN      ] String_Size_asymm_circles_grid.asymm_circles_grid/3, where GetParam() = ("cv/cameracalibration/asymmetric_circles/acircles4.png", 5x5)
[ PERFSTAT ]    (samples=10   mean=8.45   median=8.45   min=8.31   stddev=0.08 (1.0%))
[       OK ] String_Size_asymm_circles_grid.asymm_circles_grid/3 (89 ms)
[ RUN      ] String_Size_asymm_circles_grid.asymm_circles_grid/4, where GetParam() = ("cv/cameracalibration/asymmetric_circles/acircles5.png", 5x5)
[ PERFSTAT ]    (samples=55   mean=7.16   median=7.11   min=6.94   stddev=0.21 (3.0%))
[       OK ] String_Size_asymm_circles_grid.asymm_circles_grid/4 (403 ms)
[ RUN      ] String_Size_asymm_circles_grid.asymm_circles_grid/5, where GetParam() = ("cv/cameracalibration/asymmetric_circles/acircles6.png", 5x5)
[ PERFSTAT ]    (samples=10   mean=7.84   median=7.80   min=7.74   stddev=0.11 (1.4%))
[       OK ] String_Size_asymm_circles_grid.asymm_circles_grid/5 (86 ms)
[ RUN      ] String_Size_asymm_circles_grid.asymm_circles_grid/6, where GetParam() = ("cv/cameracalibration/asymmetric_circles/acircles7.png", 3x9)
[ PERFSTAT ]    (samples=10   mean=8.91   median=8.88   min=8.78   stddev=0.10 (1.1%))
[       OK ] String_Size_asymm_circles_grid.asymm_circles_grid/6 (97 ms)
[ RUN      ] String_Size_asymm_circles_grid.asymm_circles_grid/7, where GetParam() = ("cv/cameracalibration/asymmetric_circles/acircles8.png", 3x9)
[ PERFSTAT ]    (samples=10   mean=8.00   median=7.99   min=7.87   stddev=0.07 (0.9%))
[       OK ] String_Size_asymm_circles_grid.asymm_circles_grid/7 (86 ms)
[ RUN      ] String_Size_asymm_circles_grid.asymm_circles_grid/8, where GetParam() = ("cv/cameracalibration/asymmetric_circles/acircles9.png", 3x9)
[ PERFSTAT ]    (samples=10   mean=7.37   median=7.36   min=7.28   stddev=0.07 (0.9%))
[       OK ] String_Size_asymm_circles_grid.asymm_circles_grid/8 (79 ms)
[----------] 9 tests from String_Size_asymm_circles_grid (1312 ms total)

[----------] 5 tests from CirclesGrid_RNG_Size_detect_keypoints_symmetric
[ RUN      ] CirclesGrid_RNG_Size_detect_keypoints_symmetric.detect_keypoints_symmetric/0, where GetParam() = 6x5
[ PERFSTAT ]    (samples=13   mean=1.23   median=1.22   min=1.21   stddev=0.01 (1.2%))
[       OK ] CirclesGrid_RNG_Size_detect_keypoints_symmetric.detect_keypoints_symmetric/0 (19 ms)
[ RUN      ] CirclesGrid_RNG_Size_detect_keypoints_symmetric.detect_keypoints_symmetric/1, where GetParam() = 8x6
[ PERFSTAT ]    (samples=25   mean=2.63   median=2.62   min=2.56   stddev=0.06 (2.2%))
[       OK ] CirclesGrid_RNG_Size_detect_keypoints_symmetric.detect_keypoints_symmetric/1 (66 ms)
[ RUN      ] CirclesGrid_RNG_Size_detect_keypoints_symmetric.detect_keypoints_symmetric/2, where GetParam() = 10x8
[ PERFSTAT ]    (samples=10   mean=3.87   median=3.88   min=3.79   stddev=0.05 (1.2%))
[       OK ] CirclesGrid_RNG_Size_detect_keypoints_symmetric.detect_keypoints_symmetric/2 (39 ms)
[ RUN      ] CirclesGrid_RNG_Size_detect_keypoints_symmetric.detect_keypoints_symmetric/3, where GetParam() = 15x12
[ PERFSTAT ]    (samples=10   mean=10.70   median=10.64   min=10.48   stddev=0.21 (1.9%))
[       OK ] CirclesGrid_RNG_Size_detect_keypoints_symmetric.detect_keypoints_symmetric/3 (107 ms)
[ RUN      ] CirclesGrid_RNG_Size_detect_keypoints_symmetric.detect_keypoints_symmetric/4, where GetParam() = 20x15
[ PERFSTAT ]    (samples=10   mean=23.46   median=23.45   min=23.16   stddev=0.18 (0.8%))
[       OK ] CirclesGrid_RNG_Size_detect_keypoints_symmetric.detect_keypoints_symmetric/4 (234 ms)
[----------] 5 tests from CirclesGrid_RNG_Size_detect_keypoints_symmetric (465 ms total)

[----------] 12 tests from PointsNum_Algo_solvePnP
[ RUN      ] PointsNum_Algo_solvePnP.solvePnP/0, where GetParam() = (6, SOLVEPNP_ITERATIVE)
[ PERFSTAT ]    (samples=14   mean=0.07   median=0.07   min=0.07   stddev=0.00 (3.0%))
[       OK ] PointsNum_Algo_solvePnP.solvePnP/0 (6 ms)
[ RUN      ] PointsNum_Algo_solvePnP.solvePnP/1, where GetParam() = (6, SOLVEPNP_EPNP)
[ PERFSTAT ]    (samples=13   mean=0.05   median=0.05   min=0.05   stddev=0.00 (2.4%))
[       OK ] PointsNum_Algo_solvePnP.solvePnP/1 (0 ms)
[ RUN      ] PointsNum_Algo_solvePnP.solvePnP/2, where GetParam() = (6, SOLVEPNP_UPNP)
[ PERFSTAT ]    (samples=13   mean=0.05   median=0.05   min=0.05   stddev=0.00 (1.5%))
[       OK ] PointsNum_Algo_solvePnP.solvePnP/2 (1 ms)
[ RUN      ] PointsNum_Algo_solvePnP.solvePnP/3, where GetParam() = (6, SOLVEPNP_DLS)
[ PERFSTAT ]    (samples=13   mean=0.05   median=0.05   min=0.05   stddev=0.00 (1.4%))
[       OK ] PointsNum_Algo_solvePnP.solvePnP/3 (1 ms)
[ RUN      ] PointsNum_Algo_solvePnP.solvePnP/4, where GetParam() = (27, SOLVEPNP_ITERATIVE)
[ PERFSTAT ]    (samples=19   mean=0.09   median=0.09   min=0.09   stddev=0.00 (3.0%))
[       OK ] PointsNum_Algo_solvePnP.solvePnP/4 (2 ms)
[ RUN      ] PointsNum_Algo_solvePnP.solvePnP/5, where GetParam() = (27, SOLVEPNP_EPNP)
[ PERFSTAT ]    (samples=13   mean=0.05   median=0.05   min=0.05   stddev=0.00 (0.6%))
[       OK ] PointsNum_Algo_solvePnP.solvePnP/5 (0 ms)
[ RUN      ] PointsNum_Algo_solvePnP.solvePnP/6, where GetParam() = (27, SOLVEPNP_UPNP)
[ PERFSTAT ]    (samples=14   mean=0.05   median=0.05   min=0.05   stddev=0.00 (2.9%))
[       OK ] PointsNum_Algo_solvePnP.solvePnP/6 (1 ms)
[ RUN      ] PointsNum_Algo_solvePnP.solvePnP/7, where GetParam() = (27, SOLVEPNP_DLS)
[ PERFSTAT ]    (samples=13   mean=0.05   median=0.05   min=0.05   stddev=0.00 (1.3%))
[       OK ] PointsNum_Algo_solvePnP.solvePnP/7 (1 ms)
[ RUN      ] PointsNum_Algo_solvePnP.solvePnP/8, where GetParam() = (91, SOLVEPNP_ITERATIVE)
[ PERFSTAT ]    (samples=13   mean=0.26   median=0.26   min=0.26   stddev=0.00 (1.6%))
[       OK ] PointsNum_Algo_solvePnP.solvePnP/8 (3 ms)
[ RUN      ] PointsNum_Algo_solvePnP.solvePnP/9, where GetParam() = (91, SOLVEPNP_EPNP)
[ PERFSTAT ]    (samples=16   mean=0.07   median=0.07   min=0.07   stddev=0.00 (3.0%))
[       OK ] PointsNum_Algo_solvePnP.solvePnP/9 (2 ms)
[ RUN      ] PointsNum_Algo_solvePnP.solvePnP/10, where GetParam() = (91, SOLVEPNP_UPNP)
[ PERFSTAT ]    (samples=10   mean=0.07   median=0.07   min=0.07   stddev=0.00 (2.0%))
[       OK ] PointsNum_Algo_solvePnP.solvePnP/10 (0 ms)
[ RUN      ] PointsNum_Algo_solvePnP.solvePnP/11, where GetParam() = (91, SOLVEPNP_DLS)
[ PERFSTAT ]    (samples=13   mean=0.07   median=0.07   min=0.07   stddev=0.00 (2.5%))
[       OK ] PointsNum_Algo_solvePnP.solvePnP/11 (1 ms)
[----------] 12 tests from PointsNum_Algo_solvePnP (18 ms total)

[----------] 4 tests from PointsNum_Algo_solvePnPSmallPoints
[ RUN      ] PointsNum_Algo_solvePnPSmallPoints.solvePnPSmallPoints/0, where GetParam() = (5, SOLVEPNP_P3P)
[ PERFSTAT ]    (samples=25   mean=0.02   median=0.02   min=0.02   stddev=0.00 (2.8%))
[       OK ] PointsNum_Algo_solvePnPSmallPoints.solvePnPSmallPoints/0 (1 ms)
[ RUN      ] PointsNum_Algo_solvePnPSmallPoints.solvePnPSmallPoints/1, where GetParam() = (5, SOLVEPNP_EPNP)
[ PERFSTAT ]    (samples=25   mean=0.05   median=0.05   min=0.05   stddev=0.00 (2.4%))
[       OK ] PointsNum_Algo_solvePnPSmallPoints.solvePnPSmallPoints/1 (1 ms)
[ RUN      ] PointsNum_Algo_solvePnPSmallPoints.solvePnPSmallPoints/2, where GetParam() = (5, SOLVEPNP_DLS)
[ PERFSTAT ]    (samples=13   mean=0.05   median=0.05   min=0.05   stddev=0.00 (2.6%))
[       OK ] PointsNum_Algo_solvePnPSmallPoints.solvePnPSmallPoints/2 (1 ms)
[ RUN      ] PointsNum_Algo_solvePnPSmallPoints.solvePnPSmallPoints/3, where GetParam() = (5, SOLVEPNP_UPNP)
[ PERFSTAT ]    (samples=10   mean=0.05   median=0.05   min=0.05   stddev=0.00 (1.3%))
[       OK ] PointsNum_Algo_solvePnPSmallPoints.solvePnPSmallPoints/3 (0 ms)
[----------] 4 tests from PointsNum_Algo_solvePnPSmallPoints (3 ms total)

[----------] 12 tests from TestStereoCorrespSGBM_SGBM
[ RUN      ] TestStereoCorrespSGBM_SGBM.SGBM/0, where GetParam() = (1280x720, 256, StereoSGBM::MODE_SGBM)
[ PERFSTAT ]    (samples=10   mean=461.45   median=460.40   min=457.53   stddev=3.48 (0.8%))
[       OK ] TestStereoCorrespSGBM_SGBM.SGBM/0 (4648 ms)
[ RUN      ] TestStereoCorrespSGBM_SGBM.SGBM/1, where GetParam() = (1280x720, 256, StereoSGBM::MODE_SGBM_3WAY)
[ PERFSTAT ]    (samples=10   mean=119.56   median=118.63   min=118.41   stddev=2.80 (2.3%))
[       OK ] TestStereoCorrespSGBM_SGBM.SGBM/1 (1228 ms)
[ RUN      ] TestStereoCorrespSGBM_SGBM.SGBM/2, where GetParam() = (1280x720, 256, StereoSGBM::MODE_HH4)
[ PERFSTAT ]    (samples=10   mean=162.03   median=161.67   min=160.25   stddev=1.39 (0.9%))
[       OK ] TestStereoCorrespSGBM_SGBM.SGBM/2 (1653 ms)
[ RUN      ] TestStereoCorrespSGBM_SGBM.SGBM/3, where GetParam() = (1280x720, 128, StereoSGBM::MODE_SGBM)
[ PERFSTAT ]    (samples=10   mean=300.76   median=300.63   min=299.76   stddev=0.75 (0.2%))
[       OK ] TestStereoCorrespSGBM_SGBM.SGBM/3 (3041 ms)
[ RUN      ] TestStereoCorrespSGBM_SGBM.SGBM/4, where GetParam() = (1280x720, 128, StereoSGBM::MODE_SGBM_3WAY)
[ PERFSTAT ]    (samples=10   mean=78.71   median=78.24   min=77.91   stddev=1.17 (1.5%))
[       OK ] TestStereoCorrespSGBM_SGBM.SGBM/4 (819 ms)
[ RUN      ] TestStereoCorrespSGBM_SGBM.SGBM/5, where GetParam() = (1280x720, 128, StereoSGBM::MODE_HH4)
[ PERFSTAT ]    (samples=10   mean=97.34   median=97.39   min=94.03   stddev=2.14 (2.2%))
[       OK ] TestStereoCorrespSGBM_SGBM.SGBM/5 (1007 ms)
[ RUN      ] TestStereoCorrespSGBM_SGBM.SGBM/6, where GetParam() = (640x480, 256, StereoSGBM::MODE_SGBM)
[ PERFSTAT ]    (samples=10   mean=116.42   median=116.46   min=115.78   stddev=0.32 (0.3%))
[       OK ] TestStereoCorrespSGBM_SGBM.SGBM/6 (1175 ms)
[ RUN      ] TestStereoCorrespSGBM_SGBM.SGBM/7, where GetParam() = (640x480, 256, StereoSGBM::MODE_SGBM_3WAY)
[ PERFSTAT ]    (samples=10   mean=30.15   median=30.11   min=29.96   stddev=0.20 (0.6%))
[       OK ] TestStereoCorrespSGBM_SGBM.SGBM/7 (312 ms)
[ RUN      ] TestStereoCorrespSGBM_SGBM.SGBM/8, where GetParam() = (640x480, 256, StereoSGBM::MODE_HH4)
[ PERFSTAT ]    (samples=10   mean=47.30   median=46.84   min=46.30   stddev=1.31 (2.8%))
[       OK ] TestStereoCorrespSGBM_SGBM.SGBM/8 (484 ms)
[ RUN      ] TestStereoCorrespSGBM_SGBM.SGBM/9, where GetParam() = (640x480, 128, StereoSGBM::MODE_SGBM)
[ PERFSTAT ]    (samples=10   mean=91.61   median=91.58   min=91.31   stddev=0.23 (0.3%))
[       OK ] TestStereoCorrespSGBM_SGBM.SGBM/9 (927 ms)
[ RUN      ] TestStereoCorrespSGBM_SGBM.SGBM/10, where GetParam() = (640x480, 128, StereoSGBM::MODE_SGBM_3WAY)
[ PERFSTAT ]    (samples=10   mean=23.56   median=23.55   min=23.45   stddev=0.09 (0.4%))
[       OK ] TestStereoCorrespSGBM_SGBM.SGBM/10 (247 ms)
[ RUN      ] TestStereoCorrespSGBM_SGBM.SGBM/11, where GetParam() = (640x480, 128, StereoSGBM::MODE_HH4)
[ PERFSTAT ]    (samples=13   mean=33.68   median=33.80   min=32.38   stddev=0.93 (2.7%))
[       OK ] TestStereoCorrespSGBM_SGBM.SGBM/11 (452 ms)
[----------] 12 tests from TestStereoCorrespSGBM_SGBM (15993 ms total)

[----------] 4 tests from TestStereoCorrespBM_BM
[ RUN      ] TestStereoCorrespBM_BM.BM/0, where GetParam() = (1280x720, 256)
[ PERFSTAT ]    (samples=10   mean=19.23   median=19.22   min=19.06   stddev=0.16 (0.9%))
[       OK ] TestStereoCorrespBM_BM.BM/0 (204 ms)
[ RUN      ] TestStereoCorrespBM_BM.BM/1, where GetParam() = (1280x720, 128)
[ PERFSTAT ]    (samples=10   mean=13.07   median=13.02   min=12.94   stddev=0.17 (1.3%))
[       OK ] TestStereoCorrespBM_BM.BM/1 (141 ms)
[ RUN      ] TestStereoCorrespBM_BM.BM/2, where GetParam() = (640x480, 256)
[ PERFSTAT ]    (samples=10   mean=6.84   median=6.80   min=6.75   stddev=0.12 (1.7%))
[       OK ] TestStereoCorrespBM_BM.BM/2 (72 ms)
[ RUN      ] TestStereoCorrespBM_BM.BM/3, where GetParam() = (640x480, 128)
[ PERFSTAT ]    (samples=10   mean=5.38   median=5.35   min=5.32   stddev=0.09 (1.7%))
[       OK ] TestStereoCorrespBM_BM.BM/3 (58 ms)
[----------] 4 tests from TestStereoCorrespBM_BM (475 ms total)

[----------] 4 tests from EstimateTranslation2DPerf_EstimateTranslation2D
[ RUN      ] EstimateTranslation2DPerf_EstimateTranslation2D.EstimateTranslation2D/0, where GetParam() = (1000, 0.95, RANSAC, 10)
[ PERFSTAT ]    (samples=100   mean=0.05   median=0.05   min=0.05   stddev=0.00 (7.0%))
[       OK ] EstimateTranslation2DPerf_EstimateTranslation2D.EstimateTranslation2D/0 (8 ms)
[ RUN      ] EstimateTranslation2DPerf_EstimateTranslation2D.EstimateTranslation2D/1, where GetParam() = (1000, 0.95, RANSAC, 0)
[ PERFSTAT ]    (samples=13   mean=0.01   median=0.01   min=0.01   stddev=0.00 (0.8%))
[       OK ] EstimateTranslation2DPerf_EstimateTranslation2D.EstimateTranslation2D/1 (0 ms)
[ RUN      ] EstimateTranslation2DPerf_EstimateTranslation2D.EstimateTranslation2D/2, where GetParam() = (1000, 0.95, LMEDS, 10)
[ PERFSTAT ]    (samples=13   mean=0.10   median=0.10   min=0.10   stddev=0.00 (2.9%))
[       OK ] EstimateTranslation2DPerf_EstimateTranslation2D.EstimateTranslation2D/2 (1 ms)
[ RUN      ] EstimateTranslation2DPerf_EstimateTranslation2D.EstimateTranslation2D/3, where GetParam() = (1000, 0.95, LMEDS, 0)
[ PERFSTAT ]    (samples=22   mean=0.02   median=0.02   min=0.02   stddev=0.00 (3.0%))
[       OK ] EstimateTranslation2DPerf_EstimateTranslation2D.EstimateTranslation2D/3 (1 ms)
[----------] 4 tests from EstimateTranslation2DPerf_EstimateTranslation2D (10 ms total)

[----------] Global test environment tear-down
[==========] 125 tests from 11 test cases ran. (22390 ms total)
[  PASSED  ] 125 tests.

  YOU HAVE 4 DISABLED TESTS

