[ERROR:0@0.016] global persistence.cpp:577 open Can't open file: '/data/xumengying/tool-verify/opencv-verify/src/opencv_extra/testdata/perf/reg.xml' in read mode
TEST: Skip tests with tags: 'mem_6gb', 'verylong'
CTEST_FULL_OUTPUT
OpenCV version: 4.14.0-pre
OpenCV VCS version: 4.13.0-493-g7aa163b83f
Build type: Release
Compiler: /usr/bin/c++  (ver 11.4.0)
Algorithm hint: ALGO_HINT_ACCURATE
HAL: YES (ipp (ver 0.0.1))
Parallel framework: pthreads (nthreads=30)
CPU features: SSE SSE2 SSE3 *SSE4.1 *SSE4.2 *AVX *FP16 *AVX2 *AVX512-SKX?
Intel(R) IPP version: ippIP AVX2 (l9) 2026.0.0 (-) Jun 30 2026
Intel(R) IPP features code: 0x8000
[==========] Running 20 tests from 5 test cases.
[----------] Global test environment set-up.
[----------] 4 tests from Size_MatType_Registration_Shift
[ RUN      ] Size_MatType_Registration_Shift.Registration_Shift/0, where GetParam() = (64x64, 64FC1)
[ PERFSTAT ]    (samples=100   mean=0.64   median=0.65   min=0.52   stddev=0.05 (7.2%))
[       OK ] Size_MatType_Registration_Shift.Registration_Shift/0 (90 ms)
[ RUN      ] Size_MatType_Registration_Shift.Registration_Shift/1, where GetParam() = (64x64, 64FC3)
[ PERFSTAT ]    (samples=13   mean=1.26   median=1.26   min=1.25   stddev=0.01 (0.9%))
[       OK ] Size_MatType_Registration_Shift.Registration_Shift/1 (17 ms)
[ RUN      ] Size_MatType_Registration_Shift.Registration_Shift/2, where GetParam() = (128x128, 64FC1)
[ PERFSTAT ]    (samples=10   mean=2.15   median=2.14   min=2.06   stddev=0.05 (2.3%))
[       OK ] Size_MatType_Registration_Shift.Registration_Shift/2 (21 ms)
[ RUN      ] Size_MatType_Registration_Shift.Registration_Shift/3, where GetParam() = (128x128, 64FC3)
[ PERFSTAT ]    (samples=88   mean=4.32   median=4.29   min=4.21   stddev=0.12 (2.9%))
[       OK ] Size_MatType_Registration_Shift.Registration_Shift/3 (387 ms)
[----------] 4 tests from Size_MatType_Registration_Shift (515 ms total)

[----------] 4 tests from Size_MatType_Registration_Euclidean
[ RUN      ] Size_MatType_Registration_Euclidean.Registration_Euclidean/0, where GetParam() = (64x64, 64FC1)
[ PERFSTAT ]    (samples=13   mean=0.82   median=0.82   min=0.80   stddev=0.01 (1.5%))
[       OK ] Size_MatType_Registration_Euclidean.Registration_Euclidean/0 (10 ms)
[ RUN      ] Size_MatType_Registration_Euclidean.Registration_Euclidean/1, where GetParam() = (64x64, 64FC3)
[ PERFSTAT ]    (samples=10   mean=1.70   median=1.69   min=1.66   stddev=0.03 (1.9%))
[       OK ] Size_MatType_Registration_Euclidean.Registration_Euclidean/1 (18 ms)
[ RUN      ] Size_MatType_Registration_Euclidean.Registration_Euclidean/2, where GetParam() = (128x128, 64FC1)
[ PERFSTAT ]    (samples=10   mean=2.73   median=2.71   min=2.69   stddev=0.04 (1.6%))
[       OK ] Size_MatType_Registration_Euclidean.Registration_Euclidean/2 (27 ms)
[ RUN      ] Size_MatType_Registration_Euclidean.Registration_Euclidean/3, where GetParam() = (128x128, 64FC3)
[ PERFSTAT ]    (samples=10   mean=6.33   median=6.29   min=6.26   stddev=0.11 (1.7%))
[       OK ] Size_MatType_Registration_Euclidean.Registration_Euclidean/3 (64 ms)
[----------] 4 tests from Size_MatType_Registration_Euclidean (119 ms total)

[----------] 4 tests from Size_MatType_Registration_Similarity
[ RUN      ] Size_MatType_Registration_Similarity.Registration_Similarity/0, where GetParam() = (64x64, 64FC1)
[ PERFSTAT ]    (samples=16   mean=0.95   median=0.94   min=0.93   stddev=0.03 (3.0%))
[       OK ] Size_MatType_Registration_Similarity.Registration_Similarity/0 (16 ms)
[ RUN      ] Size_MatType_Registration_Similarity.Registration_Similarity/1, where GetParam() = (64x64, 64FC3)
[ PERFSTAT ]    (samples=10   mean=1.96   median=1.95   min=1.91   stddev=0.05 (2.8%))
[       OK ] Size_MatType_Registration_Similarity.Registration_Similarity/1 (19 ms)
[ RUN      ] Size_MatType_Registration_Similarity.Registration_Similarity/2, where GetParam() = (128x128, 64FC1)
[ PERFSTAT ]    (samples=10   mean=2.88   median=2.87   min=2.81   stddev=0.05 (1.7%))
[       OK ] Size_MatType_Registration_Similarity.Registration_Similarity/2 (29 ms)
[ RUN      ] Size_MatType_Registration_Similarity.Registration_Similarity/3, where GetParam() = (128x128, 64FC3)
[ PERFSTAT ]    (samples=10   mean=7.64   median=7.64   min=7.55   stddev=0.09 (1.2%))
[       OK ] Size_MatType_Registration_Similarity.Registration_Similarity/3 (77 ms)
[----------] 4 tests from Size_MatType_Registration_Similarity (141 ms total)

[----------] 4 tests from Size_MatType_Registration_Affine
[ RUN      ] Size_MatType_Registration_Affine.Registration_Affine/0, where GetParam() = (64x64, 64FC1)
[ PERFSTAT ]    (samples=13   mean=1.13   median=1.12   min=1.12   stddev=0.01 (1.1%))
[       OK ] Size_MatType_Registration_Affine.Registration_Affine/0 (15 ms)
[ RUN      ] Size_MatType_Registration_Affine.Registration_Affine/1, where GetParam() = (64x64, 64FC3)
[ PERFSTAT ]    (samples=10   mean=2.75   median=2.74   min=2.72   stddev=0.04 (1.4%))
[       OK ] Size_MatType_Registration_Affine.Registration_Affine/1 (27 ms)
[ RUN      ] Size_MatType_Registration_Affine.Registration_Affine/2, where GetParam() = (128x128, 64FC1)
[ PERFSTAT ]    (samples=10   mean=3.80   median=3.80   min=3.74   stddev=0.04 (1.1%))
[       OK ] Size_MatType_Registration_Affine.Registration_Affine/2 (39 ms)
[ RUN      ] Size_MatType_Registration_Affine.Registration_Affine/3, where GetParam() = (128x128, 64FC3)
[ PERFSTAT ]    (samples=10   mean=11.75   median=11.68   min=11.63   stddev=0.21 (1.8%))
[       OK ] Size_MatType_Registration_Affine.Registration_Affine/3 (117 ms)
[----------] 4 tests from Size_MatType_Registration_Affine (198 ms total)

[----------] 4 tests from Size_MatType_Registration_Projective
[ RUN      ] Size_MatType_Registration_Projective.Registration_Projective/0, where GetParam() = (64x64, 64FC1)
[ PERFSTAT ]    (samples=38   mean=1.47   median=1.46   min=1.45   stddev=0.03 (1.8%))
[       OK ] Size_MatType_Registration_Projective.Registration_Projective/0 (58 ms)
[ RUN      ] Size_MatType_Registration_Projective.Registration_Projective/1, where GetParam() = (64x64, 64FC3)
[ PERFSTAT ]    (samples=10   mean=3.88   median=3.88   min=3.86   stddev=0.03 (0.7%))
[       OK ] Size_MatType_Registration_Projective.Registration_Projective/1 (39 ms)
[ RUN      ] Size_MatType_Registration_Projective.Registration_Projective/2, where GetParam() = (128x128, 64FC1)
[ PERFSTAT ]    (samples=10   mean=5.19   median=5.17   min=5.12   stddev=0.07 (1.3%))
[       OK ] Size_MatType_Registration_Projective.Registration_Projective/2 (52 ms)
[ RUN      ] Size_MatType_Registration_Projective.Registration_Projective/3, where GetParam() = (128x128, 64FC3)
[ PERFSTAT ]    (samples=10   mean=17.38   median=17.29   min=17.13   stddev=0.25 (1.4%))
[       OK ] Size_MatType_Registration_Projective.Registration_Projective/3 (174 ms)
[----------] 4 tests from Size_MatType_Registration_Projective (323 ms total)

[----------] Global test environment tear-down
[==========] 20 tests from 5 test cases ran. (1296 ms total)
[  PASSED  ] 20 tests.
