TEST: Skip tests with tags: 'mem_6gb', 'verylong'
CTEST_FULL_OUTPUT
OpenCV version: 4.14.0-pre
OpenCV VCS version: 4.13.0-493-g7aa163b83f
Build type: Release
Compiler: /usr/bin/c++  (ver 11.4.0)
Algorithm hint: ALGO_HINT_ACCURATE
HAL: YES (ipp (ver 0.0.1))
Parallel framework: pthreads (nthreads=30)
CPU features: SSE SSE2 SSE3 *SSE4.1 *SSE4.2 *AVX *FP16 *AVX2 *AVX512-SKX?
Intel(R) IPP version: ippIP AVX2 (l9) 2026.0.0 (-) Jun 30 2026
Intel(R) IPP features code: 0x8000
[==========] Running 211 tests from 13 test cases.
[----------] Global test environment set-up.
[----------] 4 tests from KNN_Apply_KNN
[ RUN      ] KNN_Apply_KNN.KNN/0, where GetParam() = ("cv/video/768x576.avi", 1)
[     SKIP ] Video file can not be opened
[       OK ] KNN_Apply_KNN.KNN/0 (107 ms)
[ RUN      ] KNN_Apply_KNN.KNN/1, where GetParam() = ("cv/video/768x576.avi", 3)
[     SKIP ] Video file can not be opened
[       OK ] KNN_Apply_KNN.KNN/1 (2 ms)
[ RUN      ] KNN_Apply_KNN.KNN/2, where GetParam() = ("cv/video/1920x1080.avi", 1)
[     SKIP ] Video file can not be opened
[       OK ] KNN_Apply_KNN.KNN/2 (3 ms)
[ RUN      ] KNN_Apply_KNN.KNN/3, where GetParam() = ("cv/video/1920x1080.avi", 3)
[     SKIP ] Video file can not be opened
[       OK ] KNN_Apply_KNN.KNN/3 (2 ms)
[----------] 4 tests from KNN_Apply_KNN (114 ms total)

[----------] 2 tests from KNN_GetBackgroundImage_KNN
[ RUN      ] KNN_GetBackgroundImage_KNN.KNN/0, where GetParam() = ("cv/video/768x576.avi", 5)
[     SKIP ] Video file can not be opened
[       OK ] KNN_GetBackgroundImage_KNN.KNN/0 (2 ms)
[ RUN      ] KNN_GetBackgroundImage_KNN.KNN/1, where GetParam() = ("cv/video/1920x1080.avi", 5)
[     SKIP ] Video file can not be opened
[       OK ] KNN_GetBackgroundImage_KNN.KNN/1 (2 ms)
[----------] 2 tests from KNN_GetBackgroundImage_KNN (4 ms total)

[----------] 4 tests from MOG2_Apply_Mog2
[ RUN      ] MOG2_Apply_Mog2.Mog2/0, where GetParam() = ("cv/video/768x576.avi", 1)
[     SKIP ] Video file can not be opened
[       OK ] MOG2_Apply_Mog2.Mog2/0 (1 ms)
[ RUN      ] MOG2_Apply_Mog2.Mog2/1, where GetParam() = ("cv/video/768x576.avi", 3)
[     SKIP ] Video file can not be opened
[       OK ] MOG2_Apply_Mog2.Mog2/1 (2 ms)
[ RUN      ] MOG2_Apply_Mog2.Mog2/2, where GetParam() = ("cv/video/1920x1080.avi", 1)
[     SKIP ] Video file can not be opened
[       OK ] MOG2_Apply_Mog2.Mog2/2 (2 ms)
[ RUN      ] MOG2_Apply_Mog2.Mog2/3, where GetParam() = ("cv/video/1920x1080.avi", 3)
[     SKIP ] Video file can not be opened
[       OK ] MOG2_Apply_Mog2.Mog2/3 (2 ms)
[----------] 4 tests from MOG2_Apply_Mog2 (7 ms total)

[----------] 2 tests from MOG2_GetBackgroundImage_Mog2
[ RUN      ] MOG2_GetBackgroundImage_Mog2.Mog2/0, where GetParam() = ("cv/video/768x576.avi", 5)
[     SKIP ] Video file can not be opened
[       OK ] MOG2_GetBackgroundImage_Mog2.Mog2/0 (1 ms)
[ RUN      ] MOG2_GetBackgroundImage_Mog2.Mog2/1, where GetParam() = ("cv/video/1920x1080.avi", 5)
[     SKIP ] Video file can not be opened
[       OK ] MOG2_GetBackgroundImage_Mog2.Mog2/1 (2 ms)
[----------] 2 tests from MOG2_GetBackgroundImage_Mog2 (3 ms total)

[----------] 9 tests from DenseOpticalFlow_DIS_perf
[ RUN      ] DenseOpticalFlow_DIS_perf.perf/0, where GetParam() = ("PRESET_ULTRAFAST", 640x480)
[ PERFSTAT ]    (samples=10   mean=3.84   median=2.44   min=2.32   stddev=3.93 (102.4%))
[       OK ] DenseOpticalFlow_DIS_perf.perf/0 (59 ms)
[ RUN      ] DenseOpticalFlow_DIS_perf.perf/1, where GetParam() = ("PRESET_ULTRAFAST", 1280x720)
[ PERFSTAT ]    (samples=10   mean=8.72   median=8.34   min=6.72   stddev=1.40 (16.0%))
[       OK ] DenseOpticalFlow_DIS_perf.perf/1 (93 ms)
[ RUN      ] DenseOpticalFlow_DIS_perf.perf/2, where GetParam() = ("PRESET_ULTRAFAST", 1920x1080)
[ PERFSTAT ]    (samples=10   mean=19.50   median=21.27   min=10.37   stddev=4.21 (21.6%))
[       OK ] DenseOpticalFlow_DIS_perf.perf/2 (205 ms)
[ RUN      ] DenseOpticalFlow_DIS_perf.perf/3, where GetParam() = ("PRESET_FAST", 640x480)
[ PERFSTAT ]    (samples=10   mean=9.14   median=8.19   min=8.03   stddev=3.09 (33.8%))
[       OK ] DenseOpticalFlow_DIS_perf.perf/3 (93 ms)
[ RUN      ] DenseOpticalFlow_DIS_perf.perf/4, where GetParam() = ("PRESET_FAST", 1280x720)
[ PERFSTAT ]    (samples=10   mean=21.44   median=21.75   min=18.65   stddev=1.22 (5.7%))
[       OK ] DenseOpticalFlow_DIS_perf.perf/4 (218 ms)
[ RUN      ] DenseOpticalFlow_DIS_perf.perf/5, where GetParam() = ("PRESET_FAST", 1920x1080)
[ PERFSTAT ]    (samples=10   mean=40.62   median=40.26   min=36.99   stddev=2.87 (7.1%))
[       OK ] DenseOpticalFlow_DIS_perf.perf/5 (413 ms)
[ RUN      ] DenseOpticalFlow_DIS_perf.perf/6, where GetParam() = ("PRESET_MEDIUM", 640x480)
[ PERFSTAT ]    (samples=10   mean=23.20   median=23.37   min=20.07   stddev=1.38 (6.0%))
[       OK ] DenseOpticalFlow_DIS_perf.perf/6 (233 ms)
[ RUN      ] DenseOpticalFlow_DIS_perf.perf/7, where GetParam() = ("PRESET_MEDIUM", 1280x720)
[ PERFSTAT ]    (samples=10   mean=52.99   median=51.96   min=49.59   stddev=2.39 (4.5%))
[       OK ] DenseOpticalFlow_DIS_perf.perf/7 (533 ms)
[ RUN      ] DenseOpticalFlow_DIS_perf.perf/8, where GetParam() = ("PRESET_MEDIUM", 1920x1080)
[ PERFSTAT ]    (samples=10   mean=125.50   median=125.16   min=117.24   stddev=5.98 (4.8%))
[       OK ] DenseOpticalFlow_DIS_perf.perf/8 (1262 ms)
[----------] 9 tests from DenseOpticalFlow_DIS_perf (3110 ms total)

[----------] 8 tests from ECCPerfTest_findTransformECC
[ RUN      ] ECCPerfTest_findTransformECC.findTransformECC/0, where GetParam() = (MOTION_TRANSLATION, IMREAD_GRAYSCALE)
[ PERFSTAT ]    (samples=13   mean=3.94   median=3.94   min=3.89   stddev=0.03 (0.8%))
[       OK ] ECCPerfTest_findTransformECC.findTransformECC/0 (65 ms)
[ RUN      ] ECCPerfTest_findTransformECC.findTransformECC/1, where GetParam() = (MOTION_TRANSLATION, IMREAD_COLOR)
[ PERFSTAT ]    (samples=13   mean=6.79   median=6.80   min=6.69   stddev=0.05 (0.8%))
[       OK ] ECCPerfTest_findTransformECC.findTransformECC/1 (93 ms)
[ RUN      ] ECCPerfTest_findTransformECC.findTransformECC/2, where GetParam() = (MOTION_EUCLIDEAN, IMREAD_GRAYSCALE)
[ PERFSTAT ]    (samples=10   mean=4.51   median=4.49   min=4.43   stddev=0.10 (2.1%))
[       OK ] ECCPerfTest_findTransformECC.findTransformECC/2 (48 ms)
[ RUN      ] ECCPerfTest_findTransformECC.findTransformECC/3, where GetParam() = (MOTION_EUCLIDEAN, IMREAD_COLOR)
[ PERFSTAT ]    (samples=13   mean=8.18   median=8.14   min=7.95   stddev=0.18 (2.2%))
[       OK ] ECCPerfTest_findTransformECC.findTransformECC/3 (110 ms)
[ RUN      ] ECCPerfTest_findTransformECC.findTransformECC/4, where GetParam() = (MOTION_AFFINE, IMREAD_GRAYSCALE)
[ PERFSTAT ]    (samples=13   mean=5.64   median=5.63   min=5.60   stddev=0.03 (0.6%))
[       OK ] ECCPerfTest_findTransformECC.findTransformECC/4 (78 ms)
[ RUN      ] ECCPerfTest_findTransformECC.findTransformECC/5, where GetParam() = (MOTION_AFFINE, IMREAD_COLOR)
[ PERFSTAT ]    (samples=13   mean=10.31   median=10.28   min=10.01   stddev=0.17 (1.6%))
[       OK ] ECCPerfTest_findTransformECC.findTransformECC/5 (138 ms)
[ RUN      ] ECCPerfTest_findTransformECC.findTransformECC/6, where GetParam() = (MOTION_HOMOGRAPHY, IMREAD_GRAYSCALE)
[ PERFSTAT ]    (samples=13   mean=10.53   median=10.52   min=10.40   stddev=0.11 (1.0%))
[       OK ] ECCPerfTest_findTransformECC.findTransformECC/6 (142 ms)
[ RUN      ] ECCPerfTest_findTransformECC.findTransformECC/7, where GetParam() = (MOTION_HOMOGRAPHY, IMREAD_COLOR)
[ PERFSTAT ]    (samples=13   mean=18.78   median=18.82   min=18.35   stddev=0.21 (1.1%))
[       OK ] ECCPerfTest_findTransformECC.findTransformECC/7 (250 ms)
[----------] 8 tests from ECCPerfTest_findTransformECC (924 ms total)

[----------] 8 tests from ECCPerfTestMS_findTransformECCMultiScale
[ RUN      ] ECCPerfTestMS_findTransformECCMultiScale.findTransformECCMultiScale/0, where GetParam() = (MOTION_TRANSLATION, false)
[ PERFSTAT ]    (samples=13   mean=332.62   median=331.80   min=321.68   stddev=7.41 (2.2%))
[       OK ] ECCPerfTestMS_findTransformECCMultiScale.findTransformECCMultiScale/0 (4463 ms)
[ RUN      ] ECCPerfTestMS_findTransformECCMultiScale.findTransformECCMultiScale/1, where GetParam() = (MOTION_TRANSLATION, true)
[ PERFSTAT ]    (samples=10   mean=478.12   median=478.77   min=460.96   stddev=10.11 (2.1%))
[       OK ] ECCPerfTestMS_findTransformECCMultiScale.findTransformECCMultiScale/1 (4878 ms)
[ RUN      ] ECCPerfTestMS_findTransformECCMultiScale.findTransformECCMultiScale/2, where GetParam() = (MOTION_EUCLIDEAN, false)
[ PERFSTAT ]    (samples=10   mean=490.12   median=490.23   min=482.86   stddev=5.11 (1.0%))
[       OK ] ECCPerfTestMS_findTransformECCMultiScale.findTransformECCMultiScale/2 (4999 ms)
[ RUN      ] ECCPerfTestMS_findTransformECCMultiScale.findTransformECCMultiScale/3, where GetParam() = (MOTION_EUCLIDEAN, true)
[ PERFSTAT ]    (samples=10   mean=477.75   median=480.10   min=456.56   stddev=8.51 (1.8%))
[       OK ] ECCPerfTestMS_findTransformECCMultiScale.findTransformECCMultiScale/3 (4878 ms)
[ RUN      ] ECCPerfTestMS_findTransformECCMultiScale.findTransformECCMultiScale/4, where GetParam() = (MOTION_AFFINE, false)
[ PERFSTAT ]    (samples=10   mean=732.99   median=730.81   min=725.86   stddev=7.84 (1.1%))
[       OK ] ECCPerfTestMS_findTransformECCMultiScale.findTransformECCMultiScale/4 (7430 ms)
[ RUN      ] ECCPerfTestMS_findTransformECCMultiScale.findTransformECCMultiScale/5, where GetParam() = (MOTION_AFFINE, true)
[ PERFSTAT ]    (samples=10   mean=466.49   median=463.98   min=448.10   stddev=13.00 (2.8%))
[       OK ] ECCPerfTestMS_findTransformECCMultiScale.findTransformECCMultiScale/5 (4763 ms)
[ RUN      ] ECCPerfTestMS_findTransformECCMultiScale.findTransformECCMultiScale/6, where GetParam() = (MOTION_HOMOGRAPHY, false)
.
[ PERFSTAT ]    (samples=10   mean=1195.73   median=1192.98   min=1151.31   stddev=25.47 (2.1%))
[       OK ] ECCPerfTestMS_findTransformECCMultiScale.findTransformECCMultiScale/6 (12058 ms)
[ RUN      ] ECCPerfTestMS_findTransformECCMultiScale.findTransformECCMultiScale/7, where GetParam() = (MOTION_HOMOGRAPHY, true)
.
.
[ PERFSTAT ]    (samples=48   mean=417.80   median=417.86   min=366.19   stddev=12.53 (3.0%))
[       OK ] ECCPerfTestMS_findTransformECCMultiScale.findTransformECCMultiScale/7 (20225 ms)
[----------] 8 tests from ECCPerfTestMS_findTransformECCMultiScale (63694 ms total)

[----------] 48 tests from Path_Idx_Cn_NPoints_WSize_OpticalFlowPyrLK_full
[ RUN      ] Path_Idx_Cn_NPoints_WSize_OpticalFlowPyrLK_full.OpticalFlowPyrLK_full/0, where GetParam() = ("cv/optflow/frames/VGA_%02d.png", 1, 1, (9, 9), 7)
[ PERFSTAT ]    (samples=30   mean=0.96   median=0.94   min=0.91   stddev=0.04 (4.5%))
[       OK ] Path_Idx_Cn_NPoints_WSize_OpticalFlowPyrLK_full.OpticalFlowPyrLK_full/0 (57 ms)
[ RUN      ] Path_Idx_Cn_NPoints_WSize_OpticalFlowPyrLK_full.OpticalFlowPyrLK_full/1, where GetParam() = ("cv/optflow/frames/VGA_%02d.png", 1, 1, (9, 9), 11)
[ PERFSTAT ]    (samples=30   mean=1.05   median=1.04   min=0.99   stddev=0.04 (3.4%))
[       OK ] Path_Idx_Cn_NPoints_WSize_OpticalFlowPyrLK_full.OpticalFlowPyrLK_full/1 (45 ms)
[ RUN      ] Path_Idx_Cn_NPoints_WSize_OpticalFlowPyrLK_full.OpticalFlowPyrLK_full/2, where GetParam() = ("cv/optflow/frames/VGA_%02d.png", 1, 1, (15, 15), 7)
[ PERFSTAT ]    (samples=10   mean=1.06   median=1.06   min=1.03   stddev=0.01 (1.4%))
[       OK ] Path_Idx_Cn_NPoints_WSize_OpticalFlowPyrLK_full.OpticalFlowPyrLK_full/2 (24 ms)
[ RUN      ] Path_Idx_Cn_NPoints_WSize_OpticalFlowPyrLK_full.OpticalFlowPyrLK_full/3, where GetParam() = ("cv/optflow/frames/VGA_%02d.png", 1, 1, (15, 15), 11)
[ PERFSTAT ]    (samples=30   mean=1.16   median=1.15   min=1.07   stddev=0.04 (3.2%))
[       OK ] Path_Idx_Cn_NPoints_WSize_OpticalFlowPyrLK_full.OpticalFlowPyrLK_full/3 (47 ms)
[ RUN      ] Path_Idx_Cn_NPoints_WSize_OpticalFlowPyrLK_full.OpticalFlowPyrLK_full/4, where GetParam() = ("cv/optflow/frames/VGA_%02d.png", 1, 3, (9, 9), 7)
[ PERFSTAT ]    (samples=13   mean=2.14   median=2.12   min=2.07   stddev=0.05 (2.5%))
[       OK ] Path_Idx_Cn_NPoints_WSize_OpticalFlowPyrLK_full.OpticalFlowPyrLK_full/4 (40 ms)
[ RUN      ] Path_Idx_Cn_NPoints_WSize_OpticalFlowPyrLK_full.OpticalFlowPyrLK_full/5, where GetParam() = ("cv/optflow/frames/VGA_%02d.png", 1, 3, (9, 9), 11)
[ PERFSTAT ]    (samples=16   mean=2.40   median=2.39   min=2.30   stddev=0.07 (2.9%))
[       OK ] Path_Idx_Cn_NPoints_WSize_OpticalFlowPyrLK_full.OpticalFlowPyrLK_full/5 (50 ms)
[ RUN      ] Path_Idx_Cn_NPoints_WSize_OpticalFlowPyrLK_full.OpticalFlowPyrLK_full/6, where GetParam() = ("cv/optflow/frames/VGA_%02d.png", 1, 3, (15, 15), 7)
[ PERFSTAT ]    (samples=10   mean=2.27   median=2.26   min=2.17   stddev=0.05 (2.3%))
[       OK ] Path_Idx_Cn_NPoints_WSize_OpticalFlowPyrLK_full.OpticalFlowPyrLK_full/6 (34 ms)
[ RUN      ] Path_Idx_Cn_NPoints_WSize_OpticalFlowPyrLK_full.OpticalFlowPyrLK_full/7, where GetParam() = ("cv/optflow/frames/VGA_%02d.png", 1, 3, (15, 15), 11)
[ PERFSTAT ]    (samples=30   mean=2.46   median=2.41   min=2.31   stddev=0.12 (4.8%))
[       OK ] Path_Idx_Cn_NPoints_WSize_OpticalFlowPyrLK_full.OpticalFlowPyrLK_full/7 (86 ms)
[ RUN      ] Path_Idx_Cn_NPoints_WSize_OpticalFlowPyrLK_full.OpticalFlowPyrLK_full/8, where GetParam() = ("cv/optflow/frames/VGA_%02d.png", 1, 4, (9, 9), 7)
[ PERFSTAT ]    (samples=20   mean=2.09   median=2.08   min=1.99   stddev=0.06 (3.0%))
[       OK ] Path_Idx_Cn_NPoints_WSize_OpticalFlowPyrLK_full.OpticalFlowPyrLK_full/8 (56 ms)
[ RUN      ] Path_Idx_Cn_NPoints_WSize_OpticalFlowPyrLK_full.OpticalFlowPyrLK_full/9, where GetParam() = ("cv/optflow/frames/VGA_%02d.png", 1, 4, (9, 9), 11)
[ PERFSTAT ]    (samples=10   mean=2.36   median=2.38   min=2.24   stddev=0.06 (2.5%))
[       OK ] Path_Idx_Cn_NPoints_WSize_OpticalFlowPyrLK_full.OpticalFlowPyrLK_full/9 (35 ms)
[ RUN      ] Path_Idx_Cn_NPoints_WSize_OpticalFlowPyrLK_full.OpticalFlowPyrLK_full/10, where GetParam() = ("cv/optflow/frames/VGA_%02d.png", 1, 4, (15, 15), 7)
[ PERFSTAT ]    (samples=13   mean=2.61   median=2.62   min=2.52   stddev=0.06 (2.3%))
[       OK ] Path_Idx_Cn_NPoints_WSize_OpticalFlowPyrLK_full.OpticalFlowPyrLK_full/10 (47 ms)
[ RUN      ] Path_Idx_Cn_NPoints_WSize_OpticalFlowPyrLK_full.OpticalFlowPyrLK_full/11, where GetParam() = ("cv/optflow/frames/VGA_%02d.png", 1, 4, (15, 15), 11)
[ PERFSTAT ]    (samples=10   mean=3.00   median=3.02   min=2.86   stddev=0.06 (2.1%))
[       OK ] Path_Idx_Cn_NPoints_WSize_OpticalFlowPyrLK_full.OpticalFlowPyrLK_full/11 (45 ms)
[ RUN      ] Path_Idx_Cn_NPoints_WSize_OpticalFlowPyrLK_full.OpticalFlowPyrLK_full/12, where GetParam() = ("cv/optflow/frames/VGA_%02d.png", 2, 1, (9, 9), 7)
[ PERFSTAT ]    (samples=19   mean=0.84   median=0.85   min=0.78   stddev=0.03 (3.0%))
[       OK ] Path_Idx_Cn_NPoints_WSize_OpticalFlowPyrLK_full.OpticalFlowPyrLK_full/12 (30 ms)
[ RUN      ] Path_Idx_Cn_NPoints_WSize_OpticalFlowPyrLK_full.OpticalFlowPyrLK_full/13, where GetParam() = ("cv/optflow/frames/VGA_%02d.png", 2, 1, (9, 9), 11)
[ PERFSTAT ]    (samples=13   mean=0.95   median=0.95   min=0.90   stddev=0.02 (2.6%))
[       OK ] Path_Idx_Cn_NPoints_WSize_OpticalFlowPyrLK_full.OpticalFlowPyrLK_full/13 (25 ms)
[ RUN      ] Path_Idx_Cn_NPoints_WSize_OpticalFlowPyrLK_full.OpticalFlowPyrLK_full/14, where GetParam() = ("cv/optflow/frames/VGA_%02d.png", 2, 1, (15, 15), 7)
[ PERFSTAT ]    (samples=10   mean=0.97   median=0.97   min=0.95   stddev=0.02 (1.9%))
[       OK ] Path_Idx_Cn_NPoints_WSize_OpticalFlowPyrLK_full.OpticalFlowPyrLK_full/14 (22 ms)
[ RUN      ] Path_Idx_Cn_NPoints_WSize_OpticalFlowPyrLK_full.OpticalFlowPyrLK_full/15, where GetParam() = ("cv/optflow/frames/VGA_%02d.png", 2, 1, (15, 15), 11)
[ PERFSTAT ]    (samples=10   mean=1.07   median=1.07   min=1.05   stddev=0.01 (1.3%))
[       OK ] Path_Idx_Cn_NPoints_WSize_OpticalFlowPyrLK_full.OpticalFlowPyrLK_full/15 (23 ms)
[ RUN      ] Path_Idx_Cn_NPoints_WSize_OpticalFlowPyrLK_full.OpticalFlowPyrLK_full/16, where GetParam() = ("cv/optflow/frames/VGA_%02d.png", 2, 3, (9, 9), 7)
[ PERFSTAT ]    (samples=13   mean=2.09   median=2.09   min=2.02   stddev=0.04 (1.9%))
[       OK ] Path_Idx_Cn_NPoints_WSize_OpticalFlowPyrLK_full.OpticalFlowPyrLK_full/16 (39 ms)
[ RUN      ] Path_Idx_Cn_NPoints_WSize_OpticalFlowPyrLK_full.OpticalFlowPyrLK_full/17, where GetParam() = ("cv/optflow/frames/VGA_%02d.png", 2, 3, (9, 9), 11)
[ PERFSTAT ]    (samples=30   mean=2.28   median=2.28   min=2.14   stddev=0.07 (3.3%))
[       OK ] Path_Idx_Cn_NPoints_WSize_OpticalFlowPyrLK_full.OpticalFlowPyrLK_full/17 (81 ms)
[ RUN      ] Path_Idx_Cn_NPoints_WSize_OpticalFlowPyrLK_full.OpticalFlowPyrLK_full/18, where GetParam() = ("cv/optflow/frames/VGA_%02d.png", 2, 3, (15, 15), 7)
[ PERFSTAT ]    (samples=27   mean=2.23   median=2.25   min=2.10   stddev=0.07 (3.0%))
[       OK ] Path_Idx_Cn_NPoints_WSize_OpticalFlowPyrLK_full.OpticalFlowPyrLK_full/18 (72 ms)
[ RUN      ] Path_Idx_Cn_NPoints_WSize_OpticalFlowPyrLK_full.OpticalFlowPyrLK_full/19, where GetParam() = ("cv/optflow/frames/VGA_%02d.png", 2, 3, (15, 15), 11)
[ PERFSTAT ]    (samples=25   mean=2.54   median=2.56   min=2.39   stddev=0.07 (2.8%))
[       OK ] Path_Idx_Cn_NPoints_WSize_OpticalFlowPyrLK_full.OpticalFlowPyrLK_full/19 (76 ms)
[ RUN      ] Path_Idx_Cn_NPoints_WSize_OpticalFlowPyrLK_full.OpticalFlowPyrLK_full/20, where GetParam() = ("cv/optflow/frames/VGA_%02d.png", 2, 4, (9, 9), 7)
[ PERFSTAT ]    (samples=30   mean=2.31   median=2.34   min=2.11   stddev=0.09 (4.0%))
[       OK ] Path_Idx_Cn_NPoints_WSize_OpticalFlowPyrLK_full.OpticalFlowPyrLK_full/20 (81 ms)
[ RUN      ] Path_Idx_Cn_NPoints_WSize_OpticalFlowPyrLK_full.OpticalFlowPyrLK_full/21, where GetParam() = ("cv/optflow/frames/VGA_%02d.png", 2, 4, (9, 9), 11)
[ PERFSTAT ]    (samples=30   mean=2.61   median=2.64   min=2.35   stddev=0.10 (3.7%))
[       OK ] Path_Idx_Cn_NPoints_WSize_OpticalFlowPyrLK_full.OpticalFlowPyrLK_full/21 (97 ms)
[ RUN      ] Path_Idx_Cn_NPoints_WSize_OpticalFlowPyrLK_full.OpticalFlowPyrLK_full/22, where GetParam() = ("cv/optflow/frames/VGA_%02d.png", 2, 4, (15, 15), 7)
[ PERFSTAT ]    (samples=30   mean=2.27   median=2.29   min=2.03   stddev=0.14 (6.3%))
[       OK ] Path_Idx_Cn_NPoints_WSize_OpticalFlowPyrLK_full.OpticalFlowPyrLK_full/22 (82 ms)
[ RUN      ] Path_Idx_Cn_NPoints_WSize_OpticalFlowPyrLK_full.OpticalFlowPyrLK_full/23, where GetParam() = ("cv/optflow/frames/VGA_%02d.png", 2, 4, (15, 15), 11)
[ PERFSTAT ]    (samples=30   mean=2.78   median=2.72   min=2.44   stddev=0.18 (6.6%))
[       OK ] Path_Idx_Cn_NPoints_WSize_OpticalFlowPyrLK_full.OpticalFlowPyrLK_full/23 (96 ms)
[ RUN      ] Path_Idx_Cn_NPoints_WSize_OpticalFlowPyrLK_full.OpticalFlowPyrLK_full/24, where GetParam() = ("cv/optflow/frames/720p_%02d.png", 1, 1, (9, 9), 7)
[ PERFSTAT ]    (samples=30   mean=1.58   median=1.61   min=1.41   stddev=0.09 (5.6%))
[       OK ] Path_Idx_Cn_NPoints_WSize_OpticalFlowPyrLK_full.OpticalFlowPyrLK_full/24 (97 ms)
[ RUN      ] Path_Idx_Cn_NPoints_WSize_OpticalFlowPyrLK_full.OpticalFlowPyrLK_full/25, where GetParam() = ("cv/optflow/frames/720p_%02d.png", 1, 1, (9, 9), 11)
[ PERFSTAT ]    (samples=30   mean=1.83   median=1.86   min=1.60   stddev=0.10 (5.6%))
[       OK ] Path_Idx_Cn_NPoints_WSize_OpticalFlowPyrLK_full.OpticalFlowPyrLK_full/25 (104 ms)
[ RUN      ] Path_Idx_Cn_NPoints_WSize_OpticalFlowPyrLK_full.OpticalFlowPyrLK_full/26, where GetParam() = ("cv/optflow/frames/720p_%02d.png", 1, 1, (15, 15), 7)
[ PERFSTAT ]    (samples=30   mean=1.73   median=1.78   min=1.56   stddev=0.11 (6.4%))
[       OK ] Path_Idx_Cn_NPoints_WSize_OpticalFlowPyrLK_full.OpticalFlowPyrLK_full/26 (99 ms)
[ RUN      ] Path_Idx_Cn_NPoints_WSize_OpticalFlowPyrLK_full.OpticalFlowPyrLK_full/27, where GetParam() = ("cv/optflow/frames/720p_%02d.png", 1, 1, (15, 15), 11)
[ PERFSTAT ]    (samples=30   mean=1.99   median=2.01   min=1.81   stddev=0.11 (5.7%))
[       OK ] Path_Idx_Cn_NPoints_WSize_OpticalFlowPyrLK_full.OpticalFlowPyrLK_full/27 (107 ms)
[ RUN      ] Path_Idx_Cn_NPoints_WSize_OpticalFlowPyrLK_full.OpticalFlowPyrLK_full/28, where GetParam() = ("cv/optflow/frames/720p_%02d.png", 1, 3, (9, 9), 7)
[ PERFSTAT ]    (samples=15   mean=4.15   median=4.09   min=4.01   stddev=0.12 (3.0%))
[       OK ] Path_Idx_Cn_NPoints_WSize_OpticalFlowPyrLK_full.OpticalFlowPyrLK_full/28 (109 ms)
[ RUN      ] Path_Idx_Cn_NPoints_WSize_OpticalFlowPyrLK_full.OpticalFlowPyrLK_full/29, where GetParam() = ("cv/optflow/frames/720p_%02d.png", 1, 3, (9, 9), 11)
[ PERFSTAT ]    (samples=30   mean=4.38   median=4.32   min=4.11   stddev=0.15 (3.5%))
[       OK ] Path_Idx_Cn_NPoints_WSize_OpticalFlowPyrLK_full.OpticalFlowPyrLK_full/29 (178 ms)
[ RUN      ] Path_Idx_Cn_NPoints_WSize_OpticalFlowPyrLK_full.OpticalFlowPyrLK_full/30, where GetParam() = ("cv/optflow/frames/720p_%02d.png", 1, 3, (15, 15), 7)
[ PERFSTAT ]    (samples=30   mean=4.32   median=4.29   min=3.96   stddev=0.19 (4.4%))
[       OK ] Path_Idx_Cn_NPoints_WSize_OpticalFlowPyrLK_full.OpticalFlowPyrLK_full/30 (175 ms)
[ RUN      ] Path_Idx_Cn_NPoints_WSize_OpticalFlowPyrLK_full.OpticalFlowPyrLK_full/31, where GetParam() = ("cv/optflow/frames/720p_%02d.png", 1, 3, (15, 15), 11)
[ PERFSTAT ]    (samples=30   mean=4.48   median=4.48   min=4.09   stddev=0.17 (3.8%))
[       OK ] Path_Idx_Cn_NPoints_WSize_OpticalFlowPyrLK_full.OpticalFlowPyrLK_full/31 (184 ms)
[ RUN      ] Path_Idx_Cn_NPoints_WSize_OpticalFlowPyrLK_full.OpticalFlowPyrLK_full/32, where GetParam() = ("cv/optflow/frames/720p_%02d.png", 1, 4, (9, 9), 7)
[ PERFSTAT ]    (samples=25   mean=3.22   median=3.22   min=3.15   stddev=0.04 (1.3%))
[       OK ] Path_Idx_Cn_NPoints_WSize_OpticalFlowPyrLK_full.OpticalFlowPyrLK_full/32 (132 ms)
[ RUN      ] Path_Idx_Cn_NPoints_WSize_OpticalFlowPyrLK_full.OpticalFlowPyrLK_full/33, where GetParam() = ("cv/optflow/frames/720p_%02d.png", 1, 4, (9, 9), 11)
[ PERFSTAT ]    (samples=25   mean=3.54   median=3.53   min=3.38   stddev=0.09 (2.4%))
[       OK ] Path_Idx_Cn_NPoints_WSize_OpticalFlowPyrLK_full.OpticalFlowPyrLK_full/33 (140 ms)
[ RUN      ] Path_Idx_Cn_NPoints_WSize_OpticalFlowPyrLK_full.OpticalFlowPyrLK_full/34, where GetParam() = ("cv/optflow/frames/720p_%02d.png", 1, 4, (15, 15), 7)
[ PERFSTAT ]    (samples=13   mean=3.36   median=3.33   min=3.27   stddev=0.07 (2.1%))
[       OK ] Path_Idx_Cn_NPoints_WSize_OpticalFlowPyrLK_full.OpticalFlowPyrLK_full/34 (95 ms)
[ RUN      ] Path_Idx_Cn_NPoints_WSize_OpticalFlowPyrLK_full.OpticalFlowPyrLK_full/35, where GetParam() = ("cv/optflow/frames/720p_%02d.png", 1, 4, (15, 15), 11)
[ PERFSTAT ]    (samples=24   mean=3.66   median=3.65   min=3.55   stddev=0.11 (2.9%))
[       OK ] Path_Idx_Cn_NPoints_WSize_OpticalFlowPyrLK_full.OpticalFlowPyrLK_full/35 (137 ms)
[ RUN      ] Path_Idx_Cn_NPoints_WSize_OpticalFlowPyrLK_full.OpticalFlowPyrLK_full/36, where GetParam() = ("cv/optflow/frames/720p_%02d.png", 2, 1, (9, 9), 7)
[ PERFSTAT ]    (samples=25   mean=1.42   median=1.42   min=1.38   stddev=0.02 (1.5%))
[       OK ] Path_Idx_Cn_NPoints_WSize_OpticalFlowPyrLK_full.OpticalFlowPyrLK_full/36 (87 ms)
[ RUN      ] Path_Idx_Cn_NPoints_WSize_OpticalFlowPyrLK_full.OpticalFlowPyrLK_full/37, where GetParam() = ("cv/optflow/frames/720p_%02d.png", 2, 1, (9, 9), 11)
[ PERFSTAT ]    (samples=10   mean=1.62   median=1.61   min=1.55   stddev=0.05 (3.0%))
[       OK ] Path_Idx_Cn_NPoints_WSize_OpticalFlowPyrLK_full.OpticalFlowPyrLK_full/37 (64 ms)
[ RUN      ] Path_Idx_Cn_NPoints_WSize_OpticalFlowPyrLK_full.OpticalFlowPyrLK_full/38, where GetParam() = ("cv/optflow/frames/720p_%02d.png", 2, 1, (15, 15), 7)
[ PERFSTAT ]    (samples=10   mean=1.58   median=1.57   min=1.55   stddev=0.02 (1.4%))
[       OK ] Path_Idx_Cn_NPoints_WSize_OpticalFlowPyrLK_full.OpticalFlowPyrLK_full/38 (63 ms)
[ RUN      ] Path_Idx_Cn_NPoints_WSize_OpticalFlowPyrLK_full.OpticalFlowPyrLK_full/39, where GetParam() = ("cv/optflow/frames/720p_%02d.png", 2, 1, (15, 15), 11)
[ PERFSTAT ]    (samples=30   mean=1.74   median=1.74   min=1.60   stddev=0.10 (5.9%))
[       OK ] Path_Idx_Cn_NPoints_WSize_OpticalFlowPyrLK_full.OpticalFlowPyrLK_full/39 (101 ms)
[ RUN      ] Path_Idx_Cn_NPoints_WSize_OpticalFlowPyrLK_full.OpticalFlowPyrLK_full/40, where GetParam() = ("cv/optflow/frames/720p_%02d.png", 2, 3, (9, 9), 7)
[ PERFSTAT ]    (samples=30   mean=3.51   median=3.45   min=3.31   stddev=0.16 (4.5%))
[       OK ] Path_Idx_Cn_NPoints_WSize_OpticalFlowPyrLK_full.OpticalFlowPyrLK_full/40 (155 ms)
[ RUN      ] Path_Idx_Cn_NPoints_WSize_OpticalFlowPyrLK_full.OpticalFlowPyrLK_full/41, where GetParam() = ("cv/optflow/frames/720p_%02d.png", 2, 3, (9, 9), 11)
[ PERFSTAT ]    (samples=30   mean=3.97   median=4.07   min=3.59   stddev=0.24 (5.9%))
[       OK ] Path_Idx_Cn_NPoints_WSize_OpticalFlowPyrLK_full.OpticalFlowPyrLK_full/41 (166 ms)
[ RUN      ] Path_Idx_Cn_NPoints_WSize_OpticalFlowPyrLK_full.OpticalFlowPyrLK_full/42, where GetParam() = ("cv/optflow/frames/720p_%02d.png", 2, 3, (15, 15), 7)
[ PERFSTAT ]    (samples=23   mean=3.62   median=3.60   min=3.51   stddev=0.11 (3.0%))
[       OK ] Path_Idx_Cn_NPoints_WSize_OpticalFlowPyrLK_full.OpticalFlowPyrLK_full/42 (130 ms)
[ RUN      ] Path_Idx_Cn_NPoints_WSize_OpticalFlowPyrLK_full.OpticalFlowPyrLK_full/43, where GetParam() = ("cv/optflow/frames/720p_%02d.png", 2, 3, (15, 15), 11)
[ PERFSTAT ]    (samples=30   mean=3.99   median=3.95   min=3.84   stddev=0.17 (4.2%))
[       OK ] Path_Idx_Cn_NPoints_WSize_OpticalFlowPyrLK_full.OpticalFlowPyrLK_full/43 (167 ms)
[ RUN      ] Path_Idx_Cn_NPoints_WSize_OpticalFlowPyrLK_full.OpticalFlowPyrLK_full/44, where GetParam() = ("cv/optflow/frames/720p_%02d.png", 2, 4, (9, 9), 7)
[ PERFSTAT ]    (samples=30   mean=3.16   median=3.18   min=2.82   stddev=0.10 (3.2%))
[       OK ] Path_Idx_Cn_NPoints_WSize_OpticalFlowPyrLK_full.OpticalFlowPyrLK_full/44 (143 ms)
[ RUN      ] Path_Idx_Cn_NPoints_WSize_OpticalFlowPyrLK_full.OpticalFlowPyrLK_full/45, where GetParam() = ("cv/optflow/frames/720p_%02d.png", 2, 4, (9, 9), 11)
[ PERFSTAT ]    (samples=21   mean=3.49   median=3.48   min=3.35   stddev=0.10 (3.0%))
[       OK ] Path_Idx_Cn_NPoints_WSize_OpticalFlowPyrLK_full.OpticalFlowPyrLK_full/45 (123 ms)
[ RUN      ] Path_Idx_Cn_NPoints_WSize_OpticalFlowPyrLK_full.OpticalFlowPyrLK_full/46, where GetParam() = ("cv/optflow/frames/720p_%02d.png", 2, 4, (15, 15), 7)
[ PERFSTAT ]    (samples=15   mean=3.32   median=3.30   min=3.20   stddev=0.10 (3.0%))
[       OK ] Path_Idx_Cn_NPoints_WSize_OpticalFlowPyrLK_full.OpticalFlowPyrLK_full/46 (103 ms)
[ RUN      ] Path_Idx_Cn_NPoints_WSize_OpticalFlowPyrLK_full.OpticalFlowPyrLK_full/47, where GetParam() = ("cv/optflow/frames/720p_%02d.png", 2, 4, (15, 15), 11)
[ PERFSTAT ]    (samples=25   mean=3.75   median=3.73   min=3.63   stddev=0.08 (2.2%))
[       OK ] Path_Idx_Cn_NPoints_WSize_OpticalFlowPyrLK_full.OpticalFlowPyrLK_full/47 (149 ms)
[----------] 48 tests from Path_Idx_Cn_NPoints_WSize_OpticalFlowPyrLK_full (4298 ms total)

[----------] 96 tests from Path_Idx_Cn_NPoints_WSize_Deriv_OpticalFlowPyrLK_self
[ RUN      ] Path_Idx_Cn_NPoints_WSize_Deriv_OpticalFlowPyrLK_self.OpticalFlowPyrLK_self/0, where GetParam() = ("cv/optflow/frames/VGA_%02d.png", 1, 1, (9, 9), 7, false)
[ PERFSTAT ]    (samples=25   mean=0.29   median=0.28   min=0.28   stddev=0.01 (2.3%))
[       OK ] Path_Idx_Cn_NPoints_WSize_Deriv_OpticalFlowPyrLK_self.OpticalFlowPyrLK_self/0 (37 ms)
[ RUN      ] Path_Idx_Cn_NPoints_WSize_Deriv_OpticalFlowPyrLK_self.OpticalFlowPyrLK_self/1, where GetParam() = ("cv/optflow/frames/VGA_%02d.png", 1, 1, (9, 9), 7, true)
[ PERFSTAT ]    (samples=13   mean=0.11   median=0.11   min=0.11   stddev=0.00 (2.5%))
[       OK ] Path_Idx_Cn_NPoints_WSize_Deriv_OpticalFlowPyrLK_self.OpticalFlowPyrLK_self/1 (18 ms)
[ RUN      ] Path_Idx_Cn_NPoints_WSize_Deriv_OpticalFlowPyrLK_self.OpticalFlowPyrLK_self/2, where GetParam() = ("cv/optflow/frames/VGA_%02d.png", 1, 1, (9, 9), 11, false)
[ PERFSTAT ]    (samples=10   mean=0.29   median=0.29   min=0.29   stddev=0.01 (2.9%))
[       OK ] Path_Idx_Cn_NPoints_WSize_Deriv_OpticalFlowPyrLK_self.OpticalFlowPyrLK_self/2 (21 ms)
[ RUN      ] Path_Idx_Cn_NPoints_WSize_Deriv_OpticalFlowPyrLK_self.OpticalFlowPyrLK_self/3, where GetParam() = ("cv/optflow/frames/VGA_%02d.png", 1, 1, (9, 9), 11, true)
[ PERFSTAT ]    (samples=13   mean=0.11   median=0.11   min=0.11   stddev=0.00 (2.4%))
[       OK ] Path_Idx_Cn_NPoints_WSize_Deriv_OpticalFlowPyrLK_self.OpticalFlowPyrLK_self/3 (18 ms)
[ RUN      ] Path_Idx_Cn_NPoints_WSize_Deriv_OpticalFlowPyrLK_self.OpticalFlowPyrLK_self/4, where GetParam() = ("cv/optflow/frames/VGA_%02d.png", 1, 1, (15, 15), 7, false)
[ PERFSTAT ]    (samples=10   mean=0.39   median=0.39   min=0.38   stddev=0.01 (2.2%))
[       OK ] Path_Idx_Cn_NPoints_WSize_Deriv_OpticalFlowPyrLK_self.OpticalFlowPyrLK_self/4 (24 ms)
[ RUN      ] Path_Idx_Cn_NPoints_WSize_Deriv_OpticalFlowPyrLK_self.OpticalFlowPyrLK_self/5, where GetParam() = ("cv/optflow/frames/VGA_%02d.png", 1, 1, (15, 15), 7, true)
[ PERFSTAT ]    (samples=13   mean=0.21   median=0.21   min=0.20   stddev=0.00 (2.3%))
[       OK ] Path_Idx_Cn_NPoints_WSize_Deriv_OpticalFlowPyrLK_self.OpticalFlowPyrLK_self/5 (22 ms)
[ RUN      ] Path_Idx_Cn_NPoints_WSize_Deriv_OpticalFlowPyrLK_self.OpticalFlowPyrLK_self/6, where GetParam() = ("cv/optflow/frames/VGA_%02d.png", 1, 1, (15, 15), 11, false)
[ PERFSTAT ]    (samples=25   mean=0.43   median=0.43   min=0.42   stddev=0.01 (1.5%))
[       OK ] Path_Idx_Cn_NPoints_WSize_Deriv_OpticalFlowPyrLK_self.OpticalFlowPyrLK_self/6 (46 ms)
[ RUN      ] Path_Idx_Cn_NPoints_WSize_Deriv_OpticalFlowPyrLK_self.OpticalFlowPyrLK_self/7, where GetParam() = ("cv/optflow/frames/VGA_%02d.png", 1, 1, (15, 15), 11, true)
[ PERFSTAT ]    (samples=13   mean=0.20   median=0.20   min=0.19   stddev=0.00 (2.0%))
[       OK ] Path_Idx_Cn_NPoints_WSize_Deriv_OpticalFlowPyrLK_self.OpticalFlowPyrLK_self/7 (24 ms)
[ RUN      ] Path_Idx_Cn_NPoints_WSize_Deriv_OpticalFlowPyrLK_self.OpticalFlowPyrLK_self/8, where GetParam() = ("cv/optflow/frames/VGA_%02d.png", 1, 3, (9, 9), 7, false)
[ PERFSTAT ]    (samples=100   mean=0.88   median=0.89   min=0.68   stddev=0.07 (8.2%))
[       OK ] Path_Idx_Cn_NPoints_WSize_Deriv_OpticalFlowPyrLK_self.OpticalFlowPyrLK_self/8 (287 ms)
[ RUN      ] Path_Idx_Cn_NPoints_WSize_Deriv_OpticalFlowPyrLK_self.OpticalFlowPyrLK_self/9, where GetParam() = ("cv/optflow/frames/VGA_%02d.png", 1, 3, (9, 9), 7, true)
[ PERFSTAT ]    (samples=13   mean=0.12   median=0.12   min=0.11   stddev=0.00 (2.5%))
[       OK ] Path_Idx_Cn_NPoints_WSize_Deriv_OpticalFlowPyrLK_self.OpticalFlowPyrLK_self/9 (30 ms)
[ RUN      ] Path_Idx_Cn_NPoints_WSize_Deriv_OpticalFlowPyrLK_self.OpticalFlowPyrLK_self/10, where GetParam() = ("cv/optflow/frames/VGA_%02d.png", 1, 3, (9, 9), 11, false)
[ PERFSTAT ]    (samples=13   mean=0.72   median=0.71   min=0.69   stddev=0.01 (1.9%))
[       OK ] Path_Idx_Cn_NPoints_WSize_Deriv_OpticalFlowPyrLK_self.OpticalFlowPyrLK_self/10 (42 ms)
[ RUN      ] Path_Idx_Cn_NPoints_WSize_Deriv_OpticalFlowPyrLK_self.OpticalFlowPyrLK_self/11, where GetParam() = ("cv/optflow/frames/VGA_%02d.png", 1, 3, (9, 9), 11, true)
[ PERFSTAT ]    (samples=50   mean=0.12   median=0.12   min=0.12   stddev=0.00 (2.6%))
[       OK ] Path_Idx_Cn_NPoints_WSize_Deriv_OpticalFlowPyrLK_self.OpticalFlowPyrLK_self/11 (34 ms)
[ RUN      ] Path_Idx_Cn_NPoints_WSize_Deriv_OpticalFlowPyrLK_self.OpticalFlowPyrLK_self/12, where GetParam() = ("cv/optflow/frames/VGA_%02d.png", 1, 3, (15, 15), 7, false)
[ PERFSTAT ]    (samples=100   mean=0.70   median=0.69   min=0.65   stddev=0.02 (3.4%))
[       OK ] Path_Idx_Cn_NPoints_WSize_Deriv_OpticalFlowPyrLK_self.OpticalFlowPyrLK_self/12 (224 ms)
[ RUN      ] Path_Idx_Cn_NPoints_WSize_Deriv_OpticalFlowPyrLK_self.OpticalFlowPyrLK_self/13, where GetParam() = ("cv/optflow/frames/VGA_%02d.png", 1, 3, (15, 15), 7, true)
[ PERFSTAT ]    (samples=13   mean=0.20   median=0.20   min=0.20   stddev=0.00 (1.6%))
[       OK ] Path_Idx_Cn_NPoints_WSize_Deriv_OpticalFlowPyrLK_self.OpticalFlowPyrLK_self/13 (23 ms)
[ RUN      ] Path_Idx_Cn_NPoints_WSize_Deriv_OpticalFlowPyrLK_self.OpticalFlowPyrLK_self/14, where GetParam() = ("cv/optflow/frames/VGA_%02d.png", 1, 3, (15, 15), 11, false)
[ PERFSTAT ]    (samples=50   mean=0.69   median=0.69   min=0.66   stddev=0.02 (2.3%))
[       OK ] Path_Idx_Cn_NPoints_WSize_Deriv_OpticalFlowPyrLK_self.OpticalFlowPyrLK_self/14 (118 ms)
[ RUN      ] Path_Idx_Cn_NPoints_WSize_Deriv_OpticalFlowPyrLK_self.OpticalFlowPyrLK_self/15, where GetParam() = ("cv/optflow/frames/VGA_%02d.png", 1, 3, (15, 15), 11, true)
[ PERFSTAT ]    (samples=13   mean=0.23   median=0.23   min=0.22   stddev=0.00 (2.0%))
[       OK ] Path_Idx_Cn_NPoints_WSize_Deriv_OpticalFlowPyrLK_self.OpticalFlowPyrLK_self/15 (27 ms)
[ RUN      ] Path_Idx_Cn_NPoints_WSize_Deriv_OpticalFlowPyrLK_self.OpticalFlowPyrLK_self/16, where GetParam() = ("cv/optflow/frames/VGA_%02d.png", 1, 4, (9, 9), 7, false)
[ PERFSTAT ]    (samples=100   mean=0.55   median=0.55   min=0.51   stddev=0.02 (3.2%))
[       OK ] Path_Idx_Cn_NPoints_WSize_Deriv_OpticalFlowPyrLK_self.OpticalFlowPyrLK_self/16 (181 ms)
[ RUN      ] Path_Idx_Cn_NPoints_WSize_Deriv_OpticalFlowPyrLK_self.OpticalFlowPyrLK_self/17, where GetParam() = ("cv/optflow/frames/VGA_%02d.png", 1, 4, (9, 9), 7, true)
[ PERFSTAT ]    (samples=23   mean=0.10   median=0.10   min=0.10   stddev=0.00 (3.0%))
[       OK ] Path_Idx_Cn_NPoints_WSize_Deriv_OpticalFlowPyrLK_self.OpticalFlowPyrLK_self/17 (25 ms)
[ RUN      ] Path_Idx_Cn_NPoints_WSize_Deriv_OpticalFlowPyrLK_self.OpticalFlowPyrLK_self/18, where GetParam() = ("cv/optflow/frames/VGA_%02d.png", 1, 4, (9, 9), 11, false)
[ PERFSTAT ]    (samples=50   mean=0.64   median=0.64   min=0.61   stddev=0.02 (2.8%))
[       OK ] Path_Idx_Cn_NPoints_WSize_Deriv_OpticalFlowPyrLK_self.OpticalFlowPyrLK_self/18 (112 ms)
[ RUN      ] Path_Idx_Cn_NPoints_WSize_Deriv_OpticalFlowPyrLK_self.OpticalFlowPyrLK_self/19, where GetParam() = ("cv/optflow/frames/VGA_%02d.png", 1, 4, (9, 9), 11, true)
[ PERFSTAT ]    (samples=25   mean=0.11   median=0.11   min=0.11   stddev=0.00 (2.3%))
[       OK ] Path_Idx_Cn_NPoints_WSize_Deriv_OpticalFlowPyrLK_self.OpticalFlowPyrLK_self/19 (25 ms)
[ RUN      ] Path_Idx_Cn_NPoints_WSize_Deriv_OpticalFlowPyrLK_self.OpticalFlowPyrLK_self/20, where GetParam() = ("cv/optflow/frames/VGA_%02d.png", 1, 4, (15, 15), 7, false)
[ PERFSTAT ]    (samples=31   mean=0.68   median=0.68   min=0.66   stddev=0.02 (3.0%))
[       OK ] Path_Idx_Cn_NPoints_WSize_Deriv_OpticalFlowPyrLK_self.OpticalFlowPyrLK_self/20 (81 ms)
[ RUN      ] Path_Idx_Cn_NPoints_WSize_Deriv_OpticalFlowPyrLK_self.OpticalFlowPyrLK_self/21, where GetParam() = ("cv/optflow/frames/VGA_%02d.png", 1, 4, (15, 15), 7, true)
[ PERFSTAT ]    (samples=13   mean=0.21   median=0.21   min=0.21   stddev=0.00 (1.6%))
[       OK ] Path_Idx_Cn_NPoints_WSize_Deriv_OpticalFlowPyrLK_self.OpticalFlowPyrLK_self/21 (24 ms)
[ RUN      ] Path_Idx_Cn_NPoints_WSize_Deriv_OpticalFlowPyrLK_self.OpticalFlowPyrLK_self/22, where GetParam() = ("cv/optflow/frames/VGA_%02d.png", 1, 4, (15, 15), 11, false)
[ PERFSTAT ]    (samples=50   mean=0.82   median=0.82   min=0.79   stddev=0.02 (2.2%))
[       OK ] Path_Idx_Cn_NPoints_WSize_Deriv_OpticalFlowPyrLK_self.OpticalFlowPyrLK_self/22 (138 ms)
[ RUN      ] Path_Idx_Cn_NPoints_WSize_Deriv_OpticalFlowPyrLK_self.OpticalFlowPyrLK_self/23, where GetParam() = ("cv/optflow/frames/VGA_%02d.png", 1, 4, (15, 15), 11, true)
[ PERFSTAT ]    (samples=35   mean=0.24   median=0.24   min=0.24   stddev=0.01 (3.0%))
[       OK ] Path_Idx_Cn_NPoints_WSize_Deriv_OpticalFlowPyrLK_self.OpticalFlowPyrLK_self/23 (43 ms)
[ RUN      ] Path_Idx_Cn_NPoints_WSize_Deriv_OpticalFlowPyrLK_self.OpticalFlowPyrLK_self/24, where GetParam() = ("cv/optflow/frames/VGA_%02d.png", 2, 1, (9, 9), 7, false)
[ PERFSTAT ]    (samples=13   mean=0.27   median=0.27   min=0.26   stddev=0.00 (1.7%))
[       OK ] Path_Idx_Cn_NPoints_WSize_Deriv_OpticalFlowPyrLK_self.OpticalFlowPyrLK_self/24 (24 ms)
[ RUN      ] Path_Idx_Cn_NPoints_WSize_Deriv_OpticalFlowPyrLK_self.OpticalFlowPyrLK_self/25, where GetParam() = ("cv/optflow/frames/VGA_%02d.png", 2, 1, (9, 9), 7, true)
[ PERFSTAT ]    (samples=13   mean=0.11   median=0.11   min=0.11   stddev=0.00 (2.5%))
[       OK ] Path_Idx_Cn_NPoints_WSize_Deriv_OpticalFlowPyrLK_self.OpticalFlowPyrLK_self/25 (17 ms)
[ RUN      ] Path_Idx_Cn_NPoints_WSize_Deriv_OpticalFlowPyrLK_self.OpticalFlowPyrLK_self/26, where GetParam() = ("cv/optflow/frames/VGA_%02d.png", 2, 1, (9, 9), 11, false)
[ PERFSTAT ]    (samples=10   mean=0.28   median=0.28   min=0.27   stddev=0.01 (2.4%))
[       OK ] Path_Idx_Cn_NPoints_WSize_Deriv_OpticalFlowPyrLK_self.OpticalFlowPyrLK_self/26 (21 ms)
[ RUN      ] Path_Idx_Cn_NPoints_WSize_Deriv_OpticalFlowPyrLK_self.OpticalFlowPyrLK_self/27, where GetParam() = ("cv/optflow/frames/VGA_%02d.png", 2, 1, (9, 9), 11, true)
[ PERFSTAT ]    (samples=30   mean=0.12   median=0.12   min=0.11   stddev=0.00 (3.0%))
[       OK ] Path_Idx_Cn_NPoints_WSize_Deriv_OpticalFlowPyrLK_self.OpticalFlowPyrLK_self/27 (24 ms)
[ RUN      ] Path_Idx_Cn_NPoints_WSize_Deriv_OpticalFlowPyrLK_self.OpticalFlowPyrLK_self/28, where GetParam() = ("cv/optflow/frames/VGA_%02d.png", 2, 1, (15, 15), 7, false)
[ PERFSTAT ]    (samples=13   mean=0.41   median=0.41   min=0.40   stddev=0.01 (2.6%))
[       OK ] Path_Idx_Cn_NPoints_WSize_Deriv_OpticalFlowPyrLK_self.OpticalFlowPyrLK_self/28 (28 ms)
[ RUN      ] Path_Idx_Cn_NPoints_WSize_Deriv_OpticalFlowPyrLK_self.OpticalFlowPyrLK_self/29, where GetParam() = ("cv/optflow/frames/VGA_%02d.png", 2, 1, (15, 15), 7, true)
[ PERFSTAT ]    (samples=10   mean=0.22   median=0.22   min=0.21   stddev=0.01 (2.8%))
[       OK ] Path_Idx_Cn_NPoints_WSize_Deriv_OpticalFlowPyrLK_self.OpticalFlowPyrLK_self/29 (20 ms)
[ RUN      ] Path_Idx_Cn_NPoints_WSize_Deriv_OpticalFlowPyrLK_self.OpticalFlowPyrLK_self/30, where GetParam() = ("cv/optflow/frames/VGA_%02d.png", 2, 1, (15, 15), 11, false)
[ PERFSTAT ]    (samples=13   mean=0.40   median=0.40   min=0.40   stddev=0.00 (0.7%))
[       OK ] Path_Idx_Cn_NPoints_WSize_Deriv_OpticalFlowPyrLK_self.OpticalFlowPyrLK_self/30 (28 ms)
[ RUN      ] Path_Idx_Cn_NPoints_WSize_Deriv_OpticalFlowPyrLK_self.OpticalFlowPyrLK_self/31, where GetParam() = ("cv/optflow/frames/VGA_%02d.png", 2, 1, (15, 15), 11, true)
[ PERFSTAT ]    (samples=10   mean=0.23   median=0.23   min=0.22   stddev=0.01 (2.8%))
[       OK ] Path_Idx_Cn_NPoints_WSize_Deriv_OpticalFlowPyrLK_self.OpticalFlowPyrLK_self/31 (20 ms)
[ RUN      ] Path_Idx_Cn_NPoints_WSize_Deriv_OpticalFlowPyrLK_self.OpticalFlowPyrLK_self/32, where GetParam() = ("cv/optflow/frames/VGA_%02d.png", 2, 3, (9, 9), 7, false)
[ PERFSTAT ]    (samples=13   mean=0.52   median=0.52   min=0.51   stddev=0.01 (2.1%))
[       OK ] Path_Idx_Cn_NPoints_WSize_Deriv_OpticalFlowPyrLK_self.OpticalFlowPyrLK_self/32 (34 ms)
[ RUN      ] Path_Idx_Cn_NPoints_WSize_Deriv_OpticalFlowPyrLK_self.OpticalFlowPyrLK_self/33, where GetParam() = ("cv/optflow/frames/VGA_%02d.png", 2, 3, (9, 9), 7, true)
[ PERFSTAT ]    (samples=13   mean=0.12   median=0.12   min=0.11   stddev=0.00 (1.4%))
[       OK ] Path_Idx_Cn_NPoints_WSize_Deriv_OpticalFlowPyrLK_self.OpticalFlowPyrLK_self/33 (19 ms)
[ RUN      ] Path_Idx_Cn_NPoints_WSize_Deriv_OpticalFlowPyrLK_self.OpticalFlowPyrLK_self/34, where GetParam() = ("cv/optflow/frames/VGA_%02d.png", 2, 3, (9, 9), 11, false)
[ PERFSTAT ]    (samples=100   mean=0.55   median=0.54   min=0.52   stddev=0.02 (3.1%))
[       OK ] Path_Idx_Cn_NPoints_WSize_Deriv_OpticalFlowPyrLK_self.OpticalFlowPyrLK_self/34 (181 ms)
[ RUN      ] Path_Idx_Cn_NPoints_WSize_Deriv_OpticalFlowPyrLK_self.OpticalFlowPyrLK_self/35, where GetParam() = ("cv/optflow/frames/VGA_%02d.png", 2, 3, (9, 9), 11, true)
[ PERFSTAT ]    (samples=24   mean=0.11   median=0.11   min=0.11   stddev=0.00 (3.0%))
[       OK ] Path_Idx_Cn_NPoints_WSize_Deriv_OpticalFlowPyrLK_self.OpticalFlowPyrLK_self/35 (26 ms)
[ RUN      ] Path_Idx_Cn_NPoints_WSize_Deriv_OpticalFlowPyrLK_self.OpticalFlowPyrLK_self/36, where GetParam() = ("cv/optflow/frames/VGA_%02d.png", 2, 3, (15, 15), 7, false)
[ PERFSTAT ]    (samples=100   mean=0.59   median=0.58   min=0.55   stddev=0.03 (5.1%))
[       OK ] Path_Idx_Cn_NPoints_WSize_Deriv_OpticalFlowPyrLK_self.OpticalFlowPyrLK_self/36 (193 ms)
[ RUN      ] Path_Idx_Cn_NPoints_WSize_Deriv_OpticalFlowPyrLK_self.OpticalFlowPyrLK_self/37, where GetParam() = ("cv/optflow/frames/VGA_%02d.png", 2, 3, (15, 15), 7, true)
[ PERFSTAT ]    (samples=42   mean=0.19   median=0.19   min=0.19   stddev=0.01 (3.0%))
[       OK ] Path_Idx_Cn_NPoints_WSize_Deriv_OpticalFlowPyrLK_self.OpticalFlowPyrLK_self/37 (39 ms)
[ RUN      ] Path_Idx_Cn_NPoints_WSize_Deriv_OpticalFlowPyrLK_self.OpticalFlowPyrLK_self/38, where GetParam() = ("cv/optflow/frames/VGA_%02d.png", 2, 3, (15, 15), 11, false)
[ PERFSTAT ]    (samples=13   mean=0.69   median=0.70   min=0.66   stddev=0.02 (2.4%))
[       OK ] Path_Idx_Cn_NPoints_WSize_Deriv_OpticalFlowPyrLK_self.OpticalFlowPyrLK_self/38 (40 ms)
[ RUN      ] Path_Idx_Cn_NPoints_WSize_Deriv_OpticalFlowPyrLK_self.OpticalFlowPyrLK_self/39, where GetParam() = ("cv/optflow/frames/VGA_%02d.png", 2, 3, (15, 15), 11, true)
[ PERFSTAT ]    (samples=13   mean=0.22   median=0.22   min=0.22   stddev=0.00 (2.1%))
[       OK ] Path_Idx_Cn_NPoints_WSize_Deriv_OpticalFlowPyrLK_self.OpticalFlowPyrLK_self/39 (25 ms)
[ RUN      ] Path_Idx_Cn_NPoints_WSize_Deriv_OpticalFlowPyrLK_self.OpticalFlowPyrLK_self/40, where GetParam() = ("cv/optflow/frames/VGA_%02d.png", 2, 4, (9, 9), 7, false)
[ PERFSTAT ]    (samples=100   mean=0.64   median=0.64   min=0.57   stddev=0.03 (5.4%))
[       OK ] Path_Idx_Cn_NPoints_WSize_Deriv_OpticalFlowPyrLK_self.OpticalFlowPyrLK_self/40 (208 ms)
[ RUN      ] Path_Idx_Cn_NPoints_WSize_Deriv_OpticalFlowPyrLK_self.OpticalFlowPyrLK_self/41, where GetParam() = ("cv/optflow/frames/VGA_%02d.png", 2, 4, (9, 9), 7, true)
[ PERFSTAT ]    (samples=100   mean=0.12   median=0.12   min=0.11   stddev=0.01 (6.8%))
[       OK ] Path_Idx_Cn_NPoints_WSize_Deriv_OpticalFlowPyrLK_self.OpticalFlowPyrLK_self/41 (52 ms)
[ RUN      ] Path_Idx_Cn_NPoints_WSize_Deriv_OpticalFlowPyrLK_self.OpticalFlowPyrLK_self/42, where GetParam() = ("cv/optflow/frames/VGA_%02d.png", 2, 4, (9, 9), 11, false)
[ PERFSTAT ]    (samples=100   mean=0.78   median=0.77   min=0.71   stddev=0.03 (4.4%))
[       OK ] Path_Idx_Cn_NPoints_WSize_Deriv_OpticalFlowPyrLK_self.OpticalFlowPyrLK_self/42 (250 ms)
[ RUN      ] Path_Idx_Cn_NPoints_WSize_Deriv_OpticalFlowPyrLK_self.OpticalFlowPyrLK_self/43, where GetParam() = ("cv/optflow/frames/VGA_%02d.png", 2, 4, (9, 9), 11, true)
[ PERFSTAT ]    (samples=25   mean=0.11   median=0.11   min=0.11   stddev=0.00 (2.8%))
[       OK ] Path_Idx_Cn_NPoints_WSize_Deriv_OpticalFlowPyrLK_self.OpticalFlowPyrLK_self/43 (26 ms)
[ RUN      ] Path_Idx_Cn_NPoints_WSize_Deriv_OpticalFlowPyrLK_self.OpticalFlowPyrLK_self/44, where GetParam() = ("cv/optflow/frames/VGA_%02d.png", 2, 4, (15, 15), 7, false)
[ PERFSTAT ]    (samples=100   mean=0.77   median=0.77   min=0.67   stddev=0.03 (3.8%))
[       OK ] Path_Idx_Cn_NPoints_WSize_Deriv_OpticalFlowPyrLK_self.OpticalFlowPyrLK_self/44 (248 ms)
[ RUN      ] Path_Idx_Cn_NPoints_WSize_Deriv_OpticalFlowPyrLK_self.OpticalFlowPyrLK_self/45, where GetParam() = ("cv/optflow/frames/VGA_%02d.png", 2, 4, (15, 15), 7, true)
[ PERFSTAT ]    (samples=13   mean=0.20   median=0.20   min=0.19   stddev=0.00 (2.1%))
[       OK ] Path_Idx_Cn_NPoints_WSize_Deriv_OpticalFlowPyrLK_self.OpticalFlowPyrLK_self/45 (27 ms)
[ RUN      ] Path_Idx_Cn_NPoints_WSize_Deriv_OpticalFlowPyrLK_self.OpticalFlowPyrLK_self/46, where GetParam() = ("cv/optflow/frames/VGA_%02d.png", 2, 4, (15, 15), 11, false)
[ PERFSTAT ]    (samples=13   mean=0.93   median=0.92   min=0.89   stddev=0.02 (2.3%))
[       OK ] Path_Idx_Cn_NPoints_WSize_Deriv_OpticalFlowPyrLK_self.OpticalFlowPyrLK_self/46 (51 ms)
[ RUN      ] Path_Idx_Cn_NPoints_WSize_Deriv_OpticalFlowPyrLK_self.OpticalFlowPyrLK_self/47, where GetParam() = ("cv/optflow/frames/VGA_%02d.png", 2, 4, (15, 15), 11, true)
[ PERFSTAT ]    (samples=25   mean=0.24   median=0.23   min=0.23   stddev=0.00 (1.7%))
[       OK ] Path_Idx_Cn_NPoints_WSize_Deriv_OpticalFlowPyrLK_self.OpticalFlowPyrLK_self/47 (36 ms)
[ RUN      ] Path_Idx_Cn_NPoints_WSize_Deriv_OpticalFlowPyrLK_self.OpticalFlowPyrLK_self/48, where GetParam() = ("cv/optflow/frames/720p_%02d.png", 1, 1, (9, 9), 7, false)
[ PERFSTAT ]    (samples=100   mean=0.55   median=0.55   min=0.48   stddev=0.02 (4.4%))
[       OK ] Path_Idx_Cn_NPoints_WSize_Deriv_OpticalFlowPyrLK_self.OpticalFlowPyrLK_self/48 (215 ms)
[ RUN      ] Path_Idx_Cn_NPoints_WSize_Deriv_OpticalFlowPyrLK_self.OpticalFlowPyrLK_self/49, where GetParam() = ("cv/optflow/frames/720p_%02d.png", 1, 1, (9, 9), 7, true)
[ PERFSTAT ]    (samples=25   mean=0.12   median=0.12   min=0.11   stddev=0.00 (2.5%))
[       OK ] Path_Idx_Cn_NPoints_WSize_Deriv_OpticalFlowPyrLK_self.OpticalFlowPyrLK_self/49 (62 ms)
[ RUN      ] Path_Idx_Cn_NPoints_WSize_Deriv_OpticalFlowPyrLK_self.OpticalFlowPyrLK_self/50, where GetParam() = ("cv/optflow/frames/720p_%02d.png", 1, 1, (9, 9), 11, false)
[ PERFSTAT ]    (samples=46   mean=0.59   median=0.59   min=0.53   stddev=0.02 (3.0%))
[       OK ] Path_Idx_Cn_NPoints_WSize_Deriv_OpticalFlowPyrLK_self.OpticalFlowPyrLK_self/50 (133 ms)
[ RUN      ] Path_Idx_Cn_NPoints_WSize_Deriv_OpticalFlowPyrLK_self.OpticalFlowPyrLK_self/51, where GetParam() = ("cv/optflow/frames/720p_%02d.png", 1, 1, (9, 9), 11, true)
[ PERFSTAT ]    (samples=13   mean=0.12   median=0.12   min=0.11   stddev=0.00 (2.9%))
[       OK ] Path_Idx_Cn_NPoints_WSize_Deriv_OpticalFlowPyrLK_self.OpticalFlowPyrLK_self/51 (57 ms)
[ RUN      ] Path_Idx_Cn_NPoints_WSize_Deriv_OpticalFlowPyrLK_self.OpticalFlowPyrLK_self/52, where GetParam() = ("cv/optflow/frames/720p_%02d.png", 1, 1, (15, 15), 7, false)
[ PERFSTAT ]    (samples=13   mean=0.68   median=0.68   min=0.65   stddev=0.02 (2.6%))
[       OK ] Path_Idx_Cn_NPoints_WSize_Deriv_OpticalFlowPyrLK_self.OpticalFlowPyrLK_self/52 (76 ms)
[ RUN      ] Path_Idx_Cn_NPoints_WSize_Deriv_OpticalFlowPyrLK_self.OpticalFlowPyrLK_self/53, where GetParam() = ("cv/optflow/frames/720p_%02d.png", 1, 1, (15, 15), 7, true)
[ PERFSTAT ]    (samples=10   mean=0.22   median=0.22   min=0.20   stddev=0.01 (3.0%))
[       OK ] Path_Idx_Cn_NPoints_WSize_Deriv_OpticalFlowPyrLK_self.OpticalFlowPyrLK_self/53 (58 ms)
[ RUN      ] Path_Idx_Cn_NPoints_WSize_Deriv_OpticalFlowPyrLK_self.OpticalFlowPyrLK_self/54, where GetParam() = ("cv/optflow/frames/720p_%02d.png", 1, 1, (15, 15), 11, false)
[ PERFSTAT ]    (samples=100   mean=0.63   median=0.62   min=0.57   stddev=0.03 (4.9%))
[       OK ] Path_Idx_Cn_NPoints_WSize_Deriv_OpticalFlowPyrLK_self.OpticalFlowPyrLK_self/54 (242 ms)
[ RUN      ] Path_Idx_Cn_NPoints_WSize_Deriv_OpticalFlowPyrLK_self.OpticalFlowPyrLK_self/55, where GetParam() = ("cv/optflow/frames/720p_%02d.png", 1, 1, (15, 15), 11, true)
[ PERFSTAT ]    (samples=13   mean=0.21   median=0.21   min=0.21   stddev=0.00 (1.2%))
[       OK ] Path_Idx_Cn_NPoints_WSize_Deriv_OpticalFlowPyrLK_self.OpticalFlowPyrLK_self/55 (61 ms)
[ RUN      ] Path_Idx_Cn_NPoints_WSize_Deriv_OpticalFlowPyrLK_self.OpticalFlowPyrLK_self/56, where GetParam() = ("cv/optflow/frames/720p_%02d.png", 1, 3, (9, 9), 7, false)
[ PERFSTAT ]    (samples=100   mean=1.17   median=1.17   min=0.99   stddev=0.08 (7.2%))
[       OK ] Path_Idx_Cn_NPoints_WSize_Deriv_OpticalFlowPyrLK_self.OpticalFlowPyrLK_self/56 (409 ms)
[ RUN      ] Path_Idx_Cn_NPoints_WSize_Deriv_OpticalFlowPyrLK_self.OpticalFlowPyrLK_self/57, where GetParam() = ("cv/optflow/frames/720p_%02d.png", 1, 3, (9, 9), 7, true)
[ PERFSTAT ]    (samples=63   mean=0.10   median=0.10   min=0.10   stddev=0.00 (2.5%))
[       OK ] Path_Idx_Cn_NPoints_WSize_Deriv_OpticalFlowPyrLK_self.OpticalFlowPyrLK_self/57 (76 ms)
[ RUN      ] Path_Idx_Cn_NPoints_WSize_Deriv_OpticalFlowPyrLK_self.OpticalFlowPyrLK_self/58, where GetParam() = ("cv/optflow/frames/720p_%02d.png", 1, 3, (9, 9), 11, false)
[ PERFSTAT ]    (samples=100   mean=1.10   median=1.11   min=1.03   stddev=0.03 (3.1%))
[       OK ] Path_Idx_Cn_NPoints_WSize_Deriv_OpticalFlowPyrLK_self.OpticalFlowPyrLK_self/58 (386 ms)
[ RUN      ] Path_Idx_Cn_NPoints_WSize_Deriv_OpticalFlowPyrLK_self.OpticalFlowPyrLK_self/59, where GetParam() = ("cv/optflow/frames/720p_%02d.png", 1, 3, (9, 9), 11, true)
[ PERFSTAT ]    (samples=32   mean=0.11   median=0.11   min=0.11   stddev=0.00 (3.0%))
[       OK ] Path_Idx_Cn_NPoints_WSize_Deriv_OpticalFlowPyrLK_self.OpticalFlowPyrLK_self/59 (66 ms)
[ RUN      ] Path_Idx_Cn_NPoints_WSize_Deriv_OpticalFlowPyrLK_self.OpticalFlowPyrLK_self/60, where GetParam() = ("cv/optflow/frames/720p_%02d.png", 1, 3, (15, 15), 7, false)
[ PERFSTAT ]    (samples=25   mean=1.14   median=1.14   min=1.08   stddev=0.03 (2.2%))
[       OK ] Path_Idx_Cn_NPoints_WSize_Deriv_OpticalFlowPyrLK_self.OpticalFlowPyrLK_self/60 (137 ms)
[ RUN      ] Path_Idx_Cn_NPoints_WSize_Deriv_OpticalFlowPyrLK_self.OpticalFlowPyrLK_self/61, where GetParam() = ("cv/optflow/frames/720p_%02d.png", 1, 3, (15, 15), 7, true)
[ PERFSTAT ]    (samples=13   mean=0.20   median=0.20   min=0.19   stddev=0.00 (1.8%))
[       OK ] Path_Idx_Cn_NPoints_WSize_Deriv_OpticalFlowPyrLK_self.OpticalFlowPyrLK_self/61 (66 ms)
[ RUN      ] Path_Idx_Cn_NPoints_WSize_Deriv_OpticalFlowPyrLK_self.OpticalFlowPyrLK_self/62, where GetParam() = ("cv/optflow/frames/720p_%02d.png", 1, 3, (15, 15), 11, false)
[ PERFSTAT ]    (samples=25   mean=1.29   median=1.28   min=1.22   stddev=0.03 (2.7%))
[       OK ] Path_Idx_Cn_NPoints_WSize_Deriv_OpticalFlowPyrLK_self.OpticalFlowPyrLK_self/62 (147 ms)
[ RUN      ] Path_Idx_Cn_NPoints_WSize_Deriv_OpticalFlowPyrLK_self.OpticalFlowPyrLK_self/63, where GetParam() = ("cv/optflow/frames/720p_%02d.png", 1, 3, (15, 15), 11, true)
[ PERFSTAT ]    (samples=17   mean=0.19   median=0.19   min=0.19   stddev=0.01 (2.9%))
[       OK ] Path_Idx_Cn_NPoints_WSize_Deriv_OpticalFlowPyrLK_self.OpticalFlowPyrLK_self/63 (66 ms)
[ RUN      ] Path_Idx_Cn_NPoints_WSize_Deriv_OpticalFlowPyrLK_self.OpticalFlowPyrLK_self/64, where GetParam() = ("cv/optflow/frames/720p_%02d.png", 1, 4, (9, 9), 7, false)
[ PERFSTAT ]    (samples=100   mean=0.74   median=0.75   min=0.66   stddev=0.04 (5.4%))
[       OK ] Path_Idx_Cn_NPoints_WSize_Deriv_OpticalFlowPyrLK_self.OpticalFlowPyrLK_self/64 (277 ms)
[ RUN      ] Path_Idx_Cn_NPoints_WSize_Deriv_OpticalFlowPyrLK_self.OpticalFlowPyrLK_self/65, where GetParam() = ("cv/optflow/frames/720p_%02d.png", 1, 4, (9, 9), 7, true)
[ PERFSTAT ]    (samples=25   mean=0.10   median=0.10   min=0.10   stddev=0.00 (1.9%))
[       OK ] Path_Idx_Cn_NPoints_WSize_Deriv_OpticalFlowPyrLK_self.OpticalFlowPyrLK_self/65 (71 ms)
[ RUN      ] Path_Idx_Cn_NPoints_WSize_Deriv_OpticalFlowPyrLK_self.OpticalFlowPyrLK_self/66, where GetParam() = ("cv/optflow/frames/720p_%02d.png", 1, 4, (9, 9), 11, false)
[ PERFSTAT ]    (samples=13   mean=0.82   median=0.82   min=0.80   stddev=0.02 (1.9%))
[       OK ] Path_Idx_Cn_NPoints_WSize_Deriv_OpticalFlowPyrLK_self.OpticalFlowPyrLK_self/66 (84 ms)
[ RUN      ] Path_Idx_Cn_NPoints_WSize_Deriv_OpticalFlowPyrLK_self.OpticalFlowPyrLK_self/67, where GetParam() = ("cv/optflow/frames/720p_%02d.png", 1, 4, (9, 9), 11, true)
[ PERFSTAT ]    (samples=25   mean=0.11   median=0.11   min=0.11   stddev=0.00 (2.7%))
[       OK ] Path_Idx_Cn_NPoints_WSize_Deriv_OpticalFlowPyrLK_self.OpticalFlowPyrLK_self/67 (66 ms)
[ RUN      ] Path_Idx_Cn_NPoints_WSize_Deriv_OpticalFlowPyrLK_self.OpticalFlowPyrLK_self/68, where GetParam() = ("cv/optflow/frames/720p_%02d.png", 1, 4, (15, 15), 7, false)
[ PERFSTAT ]    (samples=100   mean=0.99   median=0.96   min=0.84   stddev=0.08 (8.3%))
[       OK ] Path_Idx_Cn_NPoints_WSize_Deriv_OpticalFlowPyrLK_self.OpticalFlowPyrLK_self/68 (355 ms)
[ RUN      ] Path_Idx_Cn_NPoints_WSize_Deriv_OpticalFlowPyrLK_self.OpticalFlowPyrLK_self/69, where GetParam() = ("cv/optflow/frames/720p_%02d.png", 1, 4, (15, 15), 7, true)
[ PERFSTAT ]    (samples=13   mean=0.18   median=0.18   min=0.18   stddev=0.00 (2.5%))
[       OK ] Path_Idx_Cn_NPoints_WSize_Deriv_OpticalFlowPyrLK_self.OpticalFlowPyrLK_self/69 (70 ms)
[ RUN      ] Path_Idx_Cn_NPoints_WSize_Deriv_OpticalFlowPyrLK_self.OpticalFlowPyrLK_self/70, where GetParam() = ("cv/optflow/frames/720p_%02d.png", 1, 4, (15, 15), 11, false)
[ PERFSTAT ]    (samples=10   mean=1.04   median=1.04   min=0.98   stddev=0.02 (2.2%))
[       OK ] Path_Idx_Cn_NPoints_WSize_Deriv_OpticalFlowPyrLK_self.OpticalFlowPyrLK_self/70 (83 ms)
[ RUN      ] Path_Idx_Cn_NPoints_WSize_Deriv_OpticalFlowPyrLK_self.OpticalFlowPyrLK_self/71, where GetParam() = ("cv/optflow/frames/720p_%02d.png", 1, 4, (15, 15), 11, true)
[ PERFSTAT ]    (samples=25   mean=0.21   median=0.21   min=0.20   stddev=0.00 (2.4%))
[       OK ] Path_Idx_Cn_NPoints_WSize_Deriv_OpticalFlowPyrLK_self.OpticalFlowPyrLK_self/71 (74 ms)
[ RUN      ] Path_Idx_Cn_NPoints_WSize_Deriv_OpticalFlowPyrLK_self.OpticalFlowPyrLK_self/72, where GetParam() = ("cv/optflow/frames/720p_%02d.png", 2, 1, (9, 9), 7, false)
[ PERFSTAT ]    (samples=100   mean=0.45   median=0.45   min=0.41   stddev=0.02 (4.2%))
[       OK ] Path_Idx_Cn_NPoints_WSize_Deriv_OpticalFlowPyrLK_self.OpticalFlowPyrLK_self/72 (187 ms)
[ RUN      ] Path_Idx_Cn_NPoints_WSize_Deriv_OpticalFlowPyrLK_self.OpticalFlowPyrLK_self/73, where GetParam() = ("cv/optflow/frames/720p_%02d.png", 2, 1, (9, 9), 7, true)
[ PERFSTAT ]    (samples=13   mean=0.11   median=0.11   min=0.10   stddev=0.00 (2.2%))
[       OK ] Path_Idx_Cn_NPoints_WSize_Deriv_OpticalFlowPyrLK_self.OpticalFlowPyrLK_self/73 (56 ms)
[ RUN      ] Path_Idx_Cn_NPoints_WSize_Deriv_OpticalFlowPyrLK_self.OpticalFlowPyrLK_self/74, where GetParam() = ("cv/optflow/frames/720p_%02d.png", 2, 1, (9, 9), 11, false)
[ PERFSTAT ]    (samples=100   mean=0.52   median=0.52   min=0.46   stddev=0.04 (7.4%))
[       OK ] Path_Idx_Cn_NPoints_WSize_Deriv_OpticalFlowPyrLK_self.OpticalFlowPyrLK_self/74 (210 ms)
[ RUN      ] Path_Idx_Cn_NPoints_WSize_Deriv_OpticalFlowPyrLK_self.OpticalFlowPyrLK_self/75, where GetParam() = ("cv/optflow/frames/720p_%02d.png", 2, 1, (9, 9), 11, true)
[ PERFSTAT ]    (samples=13   mean=0.11   median=0.11   min=0.11   stddev=0.00 (2.7%))
[       OK ] Path_Idx_Cn_NPoints_WSize_Deriv_OpticalFlowPyrLK_self.OpticalFlowPyrLK_self/75 (62 ms)
[ RUN      ] Path_Idx_Cn_NPoints_WSize_Deriv_OpticalFlowPyrLK_self.OpticalFlowPyrLK_self/76, where GetParam() = ("cv/optflow/frames/720p_%02d.png", 2, 1, (15, 15), 7, false)
[ PERFSTAT ]    (samples=100   mean=0.69   median=0.70   min=0.62   stddev=0.03 (4.0%))
[       OK ] Path_Idx_Cn_NPoints_WSize_Deriv_OpticalFlowPyrLK_self.OpticalFlowPyrLK_self/76 (258 ms)
[ RUN      ] Path_Idx_Cn_NPoints_WSize_Deriv_OpticalFlowPyrLK_self.OpticalFlowPyrLK_self/77, where GetParam() = ("cv/optflow/frames/720p_%02d.png", 2, 1, (15, 15), 7, true)
[ PERFSTAT ]    (samples=13   mean=0.20   median=0.20   min=0.20   stddev=0.00 (1.6%))
[       OK ] Path_Idx_Cn_NPoints_WSize_Deriv_OpticalFlowPyrLK_self.OpticalFlowPyrLK_self/77 (66 ms)
[ RUN      ] Path_Idx_Cn_NPoints_WSize_Deriv_OpticalFlowPyrLK_self.OpticalFlowPyrLK_self/78, where GetParam() = ("cv/optflow/frames/720p_%02d.png", 2, 1, (15, 15), 11, false)
[ PERFSTAT ]    (samples=13   mean=0.80   median=0.79   min=0.77   stddev=0.02 (2.2%))
[       OK ] Path_Idx_Cn_NPoints_WSize_Deriv_OpticalFlowPyrLK_self.OpticalFlowPyrLK_self/78 (82 ms)
[ RUN      ] Path_Idx_Cn_NPoints_WSize_Deriv_OpticalFlowPyrLK_self.OpticalFlowPyrLK_self/79, where GetParam() = ("cv/optflow/frames/720p_%02d.png", 2, 1, (15, 15), 11, true)
[ PERFSTAT ]    (samples=13   mean=0.20   median=0.20   min=0.20   stddev=0.00 (1.7%))
[       OK ] Path_Idx_Cn_NPoints_WSize_Deriv_OpticalFlowPyrLK_self.OpticalFlowPyrLK_self/79 (62 ms)
[ RUN      ] Path_Idx_Cn_NPoints_WSize_Deriv_OpticalFlowPyrLK_self.OpticalFlowPyrLK_self/80, where GetParam() = ("cv/optflow/frames/720p_%02d.png", 2, 3, (9, 9), 7, false)
[ PERFSTAT ]    (samples=100   mean=1.06   median=1.10   min=0.88   stddev=0.11 (10.2%))
[       OK ] Path_Idx_Cn_NPoints_WSize_Deriv_OpticalFlowPyrLK_self.OpticalFlowPyrLK_self/80 (376 ms)
[ RUN      ] Path_Idx_Cn_NPoints_WSize_Deriv_OpticalFlowPyrLK_self.OpticalFlowPyrLK_self/81, where GetParam() = ("cv/optflow/frames/720p_%02d.png", 2, 3, (9, 9), 7, true)
[ PERFSTAT ]    (samples=38   mean=0.11   median=0.11   min=0.11   stddev=0.00 (2.5%))
[       OK ] Path_Idx_Cn_NPoints_WSize_Deriv_OpticalFlowPyrLK_self.OpticalFlowPyrLK_self/81 (69 ms)
[ RUN      ] Path_Idx_Cn_NPoints_WSize_Deriv_OpticalFlowPyrLK_self.OpticalFlowPyrLK_self/82, where GetParam() = ("cv/optflow/frames/720p_%02d.png", 2, 3, (9, 9), 11, false)
[ PERFSTAT ]    (samples=38   mean=1.03   median=1.03   min=0.97   stddev=0.03 (2.7%))
[       OK ] Path_Idx_Cn_NPoints_WSize_Deriv_OpticalFlowPyrLK_self.OpticalFlowPyrLK_self/82 (169 ms)
[ RUN      ] Path_Idx_Cn_NPoints_WSize_Deriv_OpticalFlowPyrLK_self.OpticalFlowPyrLK_self/83, where GetParam() = ("cv/optflow/frames/720p_%02d.png", 2, 3, (9, 9), 11, true)
[ PERFSTAT ]    (samples=13   mean=0.11   median=0.11   min=0.10   stddev=0.00 (2.8%))
[       OK ] Path_Idx_Cn_NPoints_WSize_Deriv_OpticalFlowPyrLK_self.OpticalFlowPyrLK_self/83 (61 ms)
[ RUN      ] Path_Idx_Cn_NPoints_WSize_Deriv_OpticalFlowPyrLK_self.OpticalFlowPyrLK_self/84, where GetParam() = ("cv/optflow/frames/720p_%02d.png", 2, 3, (15, 15), 7, false)
[ PERFSTAT ]    (samples=94   mean=1.00   median=1.00   min=0.94   stddev=0.03 (3.0%))
[       OK ] Path_Idx_Cn_NPoints_WSize_Deriv_OpticalFlowPyrLK_self.OpticalFlowPyrLK_self/84 (337 ms)
[ RUN      ] Path_Idx_Cn_NPoints_WSize_Deriv_OpticalFlowPyrLK_self.OpticalFlowPyrLK_self/85, where GetParam() = ("cv/optflow/frames/720p_%02d.png", 2, 3, (15, 15), 7, true)
[ PERFSTAT ]    (samples=13   mean=0.19   median=0.20   min=0.19   stddev=0.00 (1.6%))
[       OK ] Path_Idx_Cn_NPoints_WSize_Deriv_OpticalFlowPyrLK_self.OpticalFlowPyrLK_self/85 (68 ms)
[ RUN      ] Path_Idx_Cn_NPoints_WSize_Deriv_OpticalFlowPyrLK_self.OpticalFlowPyrLK_self/86, where GetParam() = ("cv/optflow/frames/720p_%02d.png", 2, 3, (15, 15), 11, false)
[ PERFSTAT ]    (samples=13   mean=1.21   median=1.20   min=1.16   stddev=0.03 (2.8%))
[       OK ] Path_Idx_Cn_NPoints_WSize_Deriv_OpticalFlowPyrLK_self.OpticalFlowPyrLK_self/86 (98 ms)
[ RUN      ] Path_Idx_Cn_NPoints_WSize_Deriv_OpticalFlowPyrLK_self.OpticalFlowPyrLK_self/87, where GetParam() = ("cv/optflow/frames/720p_%02d.png", 2, 3, (15, 15), 11, true)
[ PERFSTAT ]    (samples=13   mean=0.20   median=0.20   min=0.19   stddev=0.01 (2.9%))
[       OK ] Path_Idx_Cn_NPoints_WSize_Deriv_OpticalFlowPyrLK_self.OpticalFlowPyrLK_self/87 (62 ms)
[ RUN      ] Path_Idx_Cn_NPoints_WSize_Deriv_OpticalFlowPyrLK_self.OpticalFlowPyrLK_self/88, where GetParam() = ("cv/optflow/frames/720p_%02d.png", 2, 4, (9, 9), 7, false)
[ PERFSTAT ]    (samples=13   mean=0.69   median=0.69   min=0.67   stddev=0.01 (1.5%))
[       OK ] Path_Idx_Cn_NPoints_WSize_Deriv_OpticalFlowPyrLK_self.OpticalFlowPyrLK_self/88 (80 ms)
[ RUN      ] Path_Idx_Cn_NPoints_WSize_Deriv_OpticalFlowPyrLK_self.OpticalFlowPyrLK_self/89, where GetParam() = ("cv/optflow/frames/720p_%02d.png", 2, 4, (9, 9), 7, true)
[ PERFSTAT ]    (samples=13   mean=0.10   median=0.10   min=0.10   stddev=0.00 (2.9%))
[       OK ] Path_Idx_Cn_NPoints_WSize_Deriv_OpticalFlowPyrLK_self.OpticalFlowPyrLK_self/89 (61 ms)
[ RUN      ] Path_Idx_Cn_NPoints_WSize_Deriv_OpticalFlowPyrLK_self.OpticalFlowPyrLK_self/90, where GetParam() = ("cv/optflow/frames/720p_%02d.png", 2, 4, (9, 9), 11, false)
[ PERFSTAT ]    (samples=20   mean=0.95   median=0.95   min=0.85   stddev=0.03 (2.9%))
[       OK ] Path_Idx_Cn_NPoints_WSize_Deriv_OpticalFlowPyrLK_self.OpticalFlowPyrLK_self/90 (111 ms)
[ RUN      ] Path_Idx_Cn_NPoints_WSize_Deriv_OpticalFlowPyrLK_self.OpticalFlowPyrLK_self/91, where GetParam() = ("cv/optflow/frames/720p_%02d.png", 2, 4, (9, 9), 11, true)
[ PERFSTAT ]    (samples=25   mean=0.11   median=0.11   min=0.11   stddev=0.00 (3.0%))
[       OK ] Path_Idx_Cn_NPoints_WSize_Deriv_OpticalFlowPyrLK_self.OpticalFlowPyrLK_self/91 (68 ms)
[ RUN      ] Path_Idx_Cn_NPoints_WSize_Deriv_OpticalFlowPyrLK_self.OpticalFlowPyrLK_self/92, where GetParam() = ("cv/optflow/frames/720p_%02d.png", 2, 4, (15, 15), 7, false)
[ PERFSTAT ]    (samples=100   mean=0.95   median=0.92   min=0.84   stddev=0.08 (8.6%))
[       OK ] Path_Idx_Cn_NPoints_WSize_Deriv_OpticalFlowPyrLK_self.OpticalFlowPyrLK_self/92 (340 ms)
[ RUN      ] Path_Idx_Cn_NPoints_WSize_Deriv_OpticalFlowPyrLK_self.OpticalFlowPyrLK_self/93, where GetParam() = ("cv/optflow/frames/720p_%02d.png", 2, 4, (15, 15), 7, true)
[ PERFSTAT ]    (samples=13   mean=0.19   median=0.19   min=0.18   stddev=0.00 (2.3%))
[       OK ] Path_Idx_Cn_NPoints_WSize_Deriv_OpticalFlowPyrLK_self.OpticalFlowPyrLK_self/93 (67 ms)
[ RUN      ] Path_Idx_Cn_NPoints_WSize_Deriv_OpticalFlowPyrLK_self.OpticalFlowPyrLK_self/94, where GetParam() = ("cv/optflow/frames/720p_%02d.png", 2, 4, (15, 15), 11, false)
[ PERFSTAT ]    (samples=13   mean=1.32   median=1.32   min=1.27   stddev=0.03 (2.5%))
[       OK ] Path_Idx_Cn_NPoints_WSize_Deriv_OpticalFlowPyrLK_self.OpticalFlowPyrLK_self/94 (103 ms)
[ RUN      ] Path_Idx_Cn_NPoints_WSize_Deriv_OpticalFlowPyrLK_self.OpticalFlowPyrLK_self/95, where GetParam() = ("cv/optflow/frames/720p_%02d.png", 2, 4, (15, 15), 11, true)
[ PERFSTAT ]    (samples=25   mean=0.21   median=0.21   min=0.20   stddev=0.01 (2.5%))
[       OK ] Path_Idx_Cn_NPoints_WSize_Deriv_OpticalFlowPyrLK_self.OpticalFlowPyrLK_self/95 (76 ms)
[----------] 96 tests from Path_Idx_Cn_NPoints_WSize_Deriv_OpticalFlowPyrLK_self (9730 ms total)

[----------] 16 tests from Path_Win_Deriv_Border_Reuse_OpticalFlowPyrLK_pyr
[ RUN      ] Path_Win_Deriv_Border_Reuse_OpticalFlowPyrLK_pyr.OpticalFlowPyrLK_pyr/0, where GetParam() = ("cv/optflow/frames/720p_01.png", 7, false, BORDER_DEFAULT, false)
[ PERFSTAT ]    (samples=100   mean=1.35   median=1.36   min=0.82   stddev=0.06 (4.3%))
[       OK ] Path_Win_Deriv_Border_Reuse_OpticalFlowPyrLK_pyr.OpticalFlowPyrLK_pyr/0 (165 ms)
[ RUN      ] Path_Win_Deriv_Border_Reuse_OpticalFlowPyrLK_pyr.OpticalFlowPyrLK_pyr/1, where GetParam() = ("cv/optflow/frames/720p_01.png", 7, false, BORDER_DEFAULT, true)
[ PERFSTAT ]    (samples=100   mean=1.36   median=1.36   min=0.79   stddev=0.06 (4.5%))
[       OK ] Path_Win_Deriv_Border_Reuse_OpticalFlowPyrLK_pyr.OpticalFlowPyrLK_pyr/1 (162 ms)
[ RUN      ] Path_Win_Deriv_Border_Reuse_OpticalFlowPyrLK_pyr.OpticalFlowPyrLK_pyr/2, where GetParam() = ("cv/optflow/frames/720p_01.png", 7, false, BORDER_TRANSPARENT, false)
[ PERFSTAT ]    (samples=100   mean=1.26   median=1.27   min=0.66   stddev=0.06 (5.1%))
[       OK ] Path_Win_Deriv_Border_Reuse_OpticalFlowPyrLK_pyr.OpticalFlowPyrLK_pyr/2 (152 ms)
[ RUN      ] Path_Win_Deriv_Border_Reuse_OpticalFlowPyrLK_pyr.OpticalFlowPyrLK_pyr/3, where GetParam() = ("cv/optflow/frames/720p_01.png", 7, false, BORDER_TRANSPARENT, true)
[ PERFSTAT ]    (samples=100   mean=1.27   median=1.27   min=0.63   stddev=0.07 (5.6%))
[       OK ] Path_Win_Deriv_Border_Reuse_OpticalFlowPyrLK_pyr.OpticalFlowPyrLK_pyr/3 (154 ms)
[ RUN      ] Path_Win_Deriv_Border_Reuse_OpticalFlowPyrLK_pyr.OpticalFlowPyrLK_pyr/4, where GetParam() = ("cv/optflow/frames/720p_01.png", 7, true, BORDER_DEFAULT, false)
[ PERFSTAT ]    (samples=19   mean=2.00   median=1.99   min=1.89   stddev=0.06 (2.9%))
[       OK ] Path_Win_Deriv_Border_Reuse_OpticalFlowPyrLK_pyr.OpticalFlowPyrLK_pyr/4 (67 ms)
[ RUN      ] Path_Win_Deriv_Border_Reuse_OpticalFlowPyrLK_pyr.OpticalFlowPyrLK_pyr/5, where GetParam() = ("cv/optflow/frames/720p_01.png", 7, true, BORDER_DEFAULT, true)
[ PERFSTAT ]    (samples=88   mean=2.16   median=2.16   min=2.02   stddev=0.06 (2.9%))
[       OK ] Path_Win_Deriv_Border_Reuse_OpticalFlowPyrLK_pyr.OpticalFlowPyrLK_pyr/5 (221 ms)
[ RUN      ] Path_Win_Deriv_Border_Reuse_OpticalFlowPyrLK_pyr.OpticalFlowPyrLK_pyr/6, where GetParam() = ("cv/optflow/frames/720p_01.png", 7, true, BORDER_TRANSPARENT, false)
[ PERFSTAT ]    (samples=25   mean=1.78   median=1.78   min=1.73   stddev=0.04 (2.5%))
[       OK ] Path_Win_Deriv_Border_Reuse_OpticalFlowPyrLK_pyr.OpticalFlowPyrLK_pyr/6 (75 ms)
[ RUN      ] Path_Win_Deriv_Border_Reuse_OpticalFlowPyrLK_pyr.OpticalFlowPyrLK_pyr/7, where GetParam() = ("cv/optflow/frames/720p_01.png", 7, true, BORDER_TRANSPARENT, true)
[ PERFSTAT ]    (samples=100   mean=2.06   median=2.07   min=1.78   stddev=0.10 (4.7%))
[       OK ] Path_Win_Deriv_Border_Reuse_OpticalFlowPyrLK_pyr.OpticalFlowPyrLK_pyr/7 (237 ms)
[ RUN      ] Path_Win_Deriv_Border_Reuse_OpticalFlowPyrLK_pyr.OpticalFlowPyrLK_pyr/8, where GetParam() = ("cv/optflow/frames/720p_01.png", 11, false, BORDER_DEFAULT, false)
[ PERFSTAT ]    (samples=100   mean=1.43   median=1.43   min=0.87   stddev=0.06 (4.3%))
[       OK ] Path_Win_Deriv_Border_Reuse_OpticalFlowPyrLK_pyr.OpticalFlowPyrLK_pyr/8 (171 ms)
[ RUN      ] Path_Win_Deriv_Border_Reuse_OpticalFlowPyrLK_pyr.OpticalFlowPyrLK_pyr/9, where GetParam() = ("cv/optflow/frames/720p_01.png", 11, false, BORDER_DEFAULT, true)
[ PERFSTAT ]    (samples=100   mean=1.43   median=1.44   min=0.86   stddev=0.06 (4.3%))
[       OK ] Path_Win_Deriv_Border_Reuse_OpticalFlowPyrLK_pyr.OpticalFlowPyrLK_pyr/9 (169 ms)
[ RUN      ] Path_Win_Deriv_Border_Reuse_OpticalFlowPyrLK_pyr.OpticalFlowPyrLK_pyr/10, where GetParam() = ("cv/optflow/frames/720p_01.png", 11, false, BORDER_TRANSPARENT, false)
[ PERFSTAT ]    (samples=100   mean=1.28   median=1.29   min=0.65   stddev=0.07 (5.3%))
[       OK ] Path_Win_Deriv_Border_Reuse_OpticalFlowPyrLK_pyr.OpticalFlowPyrLK_pyr/10 (154 ms)
[ RUN      ] Path_Win_Deriv_Border_Reuse_OpticalFlowPyrLK_pyr.OpticalFlowPyrLK_pyr/11, where GetParam() = ("cv/optflow/frames/720p_01.png", 11, false, BORDER_TRANSPARENT, true)
[ PERFSTAT ]    (samples=100   mean=1.27   median=1.27   min=0.63   stddev=0.07 (5.4%))
[       OK ] Path_Win_Deriv_Border_Reuse_OpticalFlowPyrLK_pyr.OpticalFlowPyrLK_pyr/11 (153 ms)
[ RUN      ] Path_Win_Deriv_Border_Reuse_OpticalFlowPyrLK_pyr.OpticalFlowPyrLK_pyr/12, where GetParam() = ("cv/optflow/frames/720p_01.png", 11, true, BORDER_DEFAULT, false)
[ PERFSTAT ]    (samples=100   mean=2.48   median=2.55   min=2.11   stddev=0.24 (9.7%))
[       OK ] Path_Win_Deriv_Border_Reuse_OpticalFlowPyrLK_pyr.OpticalFlowPyrLK_pyr/12 (283 ms)
[ RUN      ] Path_Win_Deriv_Border_Reuse_OpticalFlowPyrLK_pyr.OpticalFlowPyrLK_pyr/13, where GetParam() = ("cv/optflow/frames/720p_01.png", 11, true, BORDER_DEFAULT, true)
[ PERFSTAT ]    (samples=25   mean=2.38   median=2.37   min=2.29   stddev=0.06 (2.4%))
[       OK ] Path_Win_Deriv_Border_Reuse_OpticalFlowPyrLK_pyr.OpticalFlowPyrLK_pyr/13 (94 ms)
[ RUN      ] Path_Win_Deriv_Border_Reuse_OpticalFlowPyrLK_pyr.OpticalFlowPyrLK_pyr/14, where GetParam() = ("cv/optflow/frames/720p_01.png", 11, true, BORDER_TRANSPARENT, false)
[ PERFSTAT ]    (samples=12   mean=2.22   median=2.20   min=2.14   stddev=0.06 (2.9%))
[       OK ] Path_Win_Deriv_Border_Reuse_OpticalFlowPyrLK_pyr.OpticalFlowPyrLK_pyr/14 (55 ms)
[ RUN      ] Path_Win_Deriv_Border_Reuse_OpticalFlowPyrLK_pyr.OpticalFlowPyrLK_pyr/15, where GetParam() = ("cv/optflow/frames/720p_01.png", 11, true, BORDER_TRANSPARENT, true)
[ PERFSTAT ]    (samples=100   mean=2.01   median=2.02   min=1.71   stddev=0.14 (7.0%))
[       OK ] Path_Win_Deriv_Border_Reuse_OpticalFlowPyrLK_pyr.OpticalFlowPyrLK_pyr/15 (232 ms)
[----------] 16 tests from Path_Win_Deriv_Border_Reuse_OpticalFlowPyrLK_pyr (2544 ms total)

[----------] 3 tests from Tracking_MIL
[ RUN      ] Tracking_MIL.MIL/0, where GetParam() = ("david/data/david.webm", 300, [47 x 56 from (163, 62)])
[     SKIP ] Can't open video file
[       OK ] Tracking_MIL.MIL/0 (4 ms)
[ RUN      ] Tracking_MIL.MIL/1, where GetParam() = ("dudek/data/dudek.webm", 1, [132 x 176 from (123, 87)])
[     SKIP ] Can't open video file
[       OK ] Tracking_MIL.MIL/1 (4 ms)
[ RUN      ] Tracking_MIL.MIL/2, where GetParam() = ("faceocc2/data/faceocc2.webm", 1, [82 x 98 from (118, 57)])
[     SKIP ] Can't open video file
[       OK ] Tracking_MIL.MIL/2 (3 ms)
[----------] 3 tests from Tracking_MIL (11 ms total)

[----------] 3 tests from Tracking_GOTURN
[ RUN      ] Tracking_GOTURN.GOTURN/0, where GetParam() = ("david/data/david.webm", 300, [47 x 56 from (163, 62)])
[     SKIP ] OpenCV tests: Can't find data file: dnn/gsoc2016-goturn/goturn.caffemodel
[       OK ] Tracking_GOTURN.GOTURN/0 (3 ms)
[ RUN      ] Tracking_GOTURN.GOTURN/1, where GetParam() = ("dudek/data/dudek.webm", 1, [132 x 176 from (123, 87)])
[     SKIP ] OpenCV tests: Can't find data file: dnn/gsoc2016-goturn/goturn.caffemodel
[       OK ] Tracking_GOTURN.GOTURN/1 (1 ms)
[ RUN      ] Tracking_GOTURN.GOTURN/2, where GetParam() = ("faceocc2/data/faceocc2.webm", 1, [82 x 98 from (118, 57)])
[     SKIP ] OpenCV tests: Can't find data file: dnn/gsoc2016-goturn/goturn.caffemodel
[       OK ] Tracking_GOTURN.GOTURN/2 (1 ms)
[----------] 3 tests from Tracking_GOTURN (5 ms total)

[----------] 8 tests from DenseOpticalFlow_VariationalRefinement_perf
[ RUN      ] DenseOpticalFlow_VariationalRefinement_perf.perf/0, where GetParam() = (320x240, 5, 5)
[ PERFSTAT ]    (samples=10   mean=8.97   median=8.73   min=8.56   stddev=0.66 (7.4%))
[       OK ] DenseOpticalFlow_VariationalRefinement_perf.perf/0 (90 ms)
[ RUN      ] DenseOpticalFlow_VariationalRefinement_perf.perf/1, where GetParam() = (320x240, 5, 10)
[ PERFSTAT ]    (samples=10   mean=14.89   median=14.85   min=14.78   stddev=0.10 (0.7%))
[       OK ] DenseOpticalFlow_VariationalRefinement_perf.perf/1 (150 ms)
[ RUN      ] DenseOpticalFlow_VariationalRefinement_perf.perf/2, where GetParam() = (320x240, 10, 5)
[ PERFSTAT ]    (samples=10   mean=11.23   median=11.23   min=11.08   stddev=0.09 (0.8%))
[       OK ] DenseOpticalFlow_VariationalRefinement_perf.perf/2 (113 ms)
[ RUN      ] DenseOpticalFlow_VariationalRefinement_perf.perf/3, where GetParam() = (320x240, 10, 10)
[ PERFSTAT ]    (samples=10   mean=20.12   median=20.18   min=19.63   stddev=0.19 (1.0%))
[       OK ] DenseOpticalFlow_VariationalRefinement_perf.perf/3 (202 ms)
[ RUN      ] DenseOpticalFlow_VariationalRefinement_perf.perf/4, where GetParam() = (640x480, 5, 5)
[ PERFSTAT ]    (samples=10   mean=33.10   median=33.17   min=29.76   stddev=1.45 (4.4%))
[       OK ] DenseOpticalFlow_VariationalRefinement_perf.perf/4 (333 ms)
[ RUN      ] DenseOpticalFlow_VariationalRefinement_perf.perf/5, where GetParam() = (640x480, 5, 10)
[ PERFSTAT ]    (samples=10   mean=55.53   median=55.41   min=54.59   stddev=0.83 (1.5%))
[       OK ] DenseOpticalFlow_VariationalRefinement_perf.perf/5 (557 ms)
[ RUN      ] DenseOpticalFlow_VariationalRefinement_perf.perf/6, where GetParam() = (640x480, 10, 5)
[ PERFSTAT ]    (samples=10   mean=41.97   median=41.64   min=40.88   stddev=0.91 (2.2%))
[       OK ] DenseOpticalFlow_VariationalRefinement_perf.perf/6 (423 ms)
[ RUN      ] DenseOpticalFlow_VariationalRefinement_perf.perf/7, where GetParam() = (640x480, 10, 10)
[ PERFSTAT ]    (samples=10   mean=74.01   median=74.07   min=72.28   stddev=1.29 (1.7%))
[       OK ] DenseOpticalFlow_VariationalRefinement_perf.perf/7 (742 ms)
[----------] 8 tests from DenseOpticalFlow_VariationalRefinement_perf (2610 ms total)

[----------] Global test environment tear-down
[ SKIPSTAT ] 18 tests skipped
[ SKIPSTAT ] TAG='skip_other' skip 18 tests
[==========] 211 tests from 13 test cases ran. (87054 ms total)
[  PASSED  ] 211 tests.

  YOU HAVE 16 DISABLED TESTS

