[ERROR:0@0.020] global persistence.cpp:577 open Can't open file: '/data/xumengying/tool-verify/opencv-verify/src/opencv_extra/testdata/perf/bioinspired.xml' in read mode
TEST: Skip tests with tags: 'mem_6gb', 'verylong'
CTEST_FULL_OUTPUT
OpenCV version: 4.14.0-pre
OpenCV VCS version: 4.13.0-493-g7aa163b83f
Build type: Release
Compiler: /usr/bin/c++  (ver 11.4.0)
Algorithm hint: ALGO_HINT_ACCURATE
HAL: YES (ipp (ver 0.0.1))
Parallel framework: pthreads (nthreads=30)
CPU features: SSE SSE2 SSE3 *SSE4.1 *SSE4.2 *AVX *FP16 *AVX2 *AVX512-SKX?
Intel(R) IPP version: ippIP AVX2 (l9) 2026.0.0 (-) Jun 30 2026
Intel(R) IPP features code: 0x8000
[==========] Running 8 tests from 1 test case.
[----------] Global test environment set-up.
[----------] 8 tests from OCL_RetinaFixture_Retina
[ RUN      ] OCL_RetinaFixture_Retina.Retina/0, where GetParam() = (false, 2, 1, 10)
[ PERFSTAT ]    (samples=10   mean=26.30   median=26.26   min=25.50   stddev=0.60 (2.3%))
[       OK ] OCL_RetinaFixture_Retina.Retina/0 (324 ms)
[ RUN      ] OCL_RetinaFixture_Retina.Retina/1, where GetParam() = (false, 2, 1, 5)
[ PERFSTAT ]    (samples=10   mean=25.93   median=25.91   min=25.29   stddev=0.42 (1.6%))
[       OK ] OCL_RetinaFixture_Retina.Retina/1 (304 ms)
[ RUN      ] OCL_RetinaFixture_Retina.Retina/2, where GetParam() = (false, 2, 0.5, 10)
[ PERFSTAT ]    (samples=10   mean=26.04   median=26.01   min=25.44   stddev=0.38 (1.5%))
[       OK ] OCL_RetinaFixture_Retina.Retina/2 (313 ms)
[ RUN      ] OCL_RetinaFixture_Retina.Retina/3, where GetParam() = (false, 2, 0.5, 5)
[ PERFSTAT ]    (samples=100   mean=34.67   median=34.39   min=30.81   stddev=1.47 (4.2%))
[       OK ] OCL_RetinaFixture_Retina.Retina/3 (3551 ms)
[ RUN      ] OCL_RetinaFixture_Retina.Retina/4, where GetParam() = (true, 2, 1, 10)
[ PERFSTAT ]    (samples=10   mean=85.84   median=86.19   min=82.61   stddev=2.20 (2.6%))
[       OK ] OCL_RetinaFixture_Retina.Retina/4 (910 ms)
[ RUN      ] OCL_RetinaFixture_Retina.Retina/5, where GetParam() = (true, 2, 1, 5)
[ PERFSTAT ]    (samples=10   mean=83.26   median=83.63   min=79.82   stddev=1.57 (1.9%))
[       OK ] OCL_RetinaFixture_Retina.Retina/5 (874 ms)
[ RUN      ] OCL_RetinaFixture_Retina.Retina/6, where GetParam() = (true, 2, 0.5, 10)
[ PERFSTAT ]    (samples=100   mean=92.05   median=92.47   min=80.14   stddev=3.80 (4.1%))
[       OK ] OCL_RetinaFixture_Retina.Retina/6 (9312 ms)
[ RUN      ] OCL_RetinaFixture_Retina.Retina/7, where GetParam() = (true, 2, 0.5, 5)
[ PERFSTAT ]    (samples=10   mean=98.37   median=97.79   min=95.97   stddev=2.21 (2.2%))
[       OK ] OCL_RetinaFixture_Retina.Retina/7 (1031 ms)
[----------] 8 tests from OCL_RetinaFixture_Retina (16619 ms total)

[----------] Global test environment tear-down
[==========] 8 tests from 1 test case ran. (16619 ms total)
[  PASSED  ] 8 tests.
