[ERROR:0@0.035] global persistence.cpp:577 open Can't open file: '/data/xumengying/tool-verify/opencv-verify/src/opencv_extra/testdata/perf/stereo.xml' in read mode
TEST: Skip tests with tags: 'mem_6gb', 'verylong'
CTEST_FULL_OUTPUT
OpenCV version: 4.14.0-pre
OpenCV VCS version: 4.13.0-493-g7aa163b83f
Build type: Release
Compiler: /usr/bin/c++  (ver 11.4.0)
Algorithm hint: ALGO_HINT_ACCURATE
HAL: YES (ipp (ver 0.0.1))
Parallel framework: pthreads (nthreads=30)
CPU features: SSE SSE2 SSE3 *SSE4.1 *SSE4.2 *AVX *FP16 *AVX2 *AVX512-SKX?
Intel(R) IPP version: ippIP AVX2 (l9) 2026.0.0 (-) Jun 30 2026
Intel(R) IPP features code: 0x8000
[==========] Running 38 tests from 6 test cases.
[----------] Global test environment set-up.
[----------] 4 tests from s_bm_sgm_perf
[ RUN      ] s_bm_sgm_perf.sgm_perf/0, where GetParam() = (512x283, 8UC1, CV_8U)
[ PERFSTAT ]    (samples=13   mean=15.70   median=15.59   min=15.50   stddev=0.34 (2.1%))
[       OK ] s_bm_sgm_perf.sgm_perf/0 (221 ms)
[ RUN      ] s_bm_sgm_perf.sgm_perf/1, where GetParam() = (512x283, 8UC1, CV_16S)
[ PERFSTAT ]    (samples=13   mean=15.36   median=15.36   min=15.22   stddev=0.09 (0.6%))
[       OK ] s_bm_sgm_perf.sgm_perf/1 (203 ms)
[ RUN      ] s_bm_sgm_perf.sgm_perf/2, where GetParam() = (320x240, 8UC1, CV_8U)
[ PERFSTAT ]    (samples=13   mean=8.19   median=8.19   min=8.07   stddev=0.10 (1.2%))
[       OK ] s_bm_sgm_perf.sgm_perf/2 (109 ms)
[ RUN      ] s_bm_sgm_perf.sgm_perf/3, where GetParam() = (320x240, 8UC1, CV_16S)
[ PERFSTAT ]    (samples=10   mean=8.15   median=8.13   min=8.03   stddev=0.11 (1.4%))
[       OK ] s_bm_sgm_perf.sgm_perf/3 (83 ms)
[----------] 4 tests from s_bm_sgm_perf (616 ms total)

[----------] 2 tests from s_bm_bm_perf
[ RUN      ] s_bm_bm_perf.bm_perf/0, where GetParam() = (512x383, 8UC1, CV_8U)
[ PERFSTAT ]    (samples=13   mean=13.84   median=13.82   min=13.59   stddev=0.21 (1.5%))
[       OK ] s_bm_bm_perf.bm_perf/0 (185 ms)
[ RUN      ] s_bm_bm_perf.bm_perf/1, where GetParam() = (320x240, 8UC1, CV_8U)
[ PERFSTAT ]    (samples=13   mean=5.25   median=5.21   min=5.12   stddev=0.10 (1.9%))
[       OK ] s_bm_bm_perf.bm_perf/1 (71 ms)
[----------] 2 tests from s_bm_bm_perf (256 ms total)

[----------] 8 tests from descript_params_census_sparse_descriptor
[ RUN      ] descript_params_census_sparse_descriptor.census_sparse_descriptor/0, where GetParam() = (640x480, 8UC1, UNKNOWN)
[ PERFSTAT ]    (samples=10   mean=0.46   median=0.46   min=0.45   stddev=0.01 (1.8%))
[       OK ] descript_params_census_sparse_descriptor.census_sparse_descriptor/0 (6 ms)
[ RUN      ] descript_params_census_sparse_descriptor.census_sparse_descriptor/1, where GetParam() = (640x480, 8UC1, CV_32S)
[ PERFSTAT ]    (samples=25   mean=0.45   median=0.45   min=0.44   stddev=0.01 (1.9%))
[       OK ] descript_params_census_sparse_descriptor.census_sparse_descriptor/1 (13 ms)
[ RUN      ] descript_params_census_sparse_descriptor.census_sparse_descriptor/2, where GetParam() = (1280x720, 8UC1, UNKNOWN)
[ PERFSTAT ]    (samples=13   mean=1.32   median=1.32   min=1.31   stddev=0.02 (1.2%))
[       OK ] descript_params_census_sparse_descriptor.census_sparse_descriptor/2 (23 ms)
[ RUN      ] descript_params_census_sparse_descriptor.census_sparse_descriptor/3, where GetParam() = (1280x720, 8UC1, CV_32S)
[ PERFSTAT ]    (samples=10   mean=1.33   median=1.32   min=1.30   stddev=0.02 (1.8%))
[       OK ] descript_params_census_sparse_descriptor.census_sparse_descriptor/3 (18 ms)
[ RUN      ] descript_params_census_sparse_descriptor.census_sparse_descriptor/4, where GetParam() = (1920x1080, 8UC1, UNKNOWN)
[ PERFSTAT ]    (samples=25   mean=2.96   median=2.94   min=2.92   stddev=0.07 (2.3%))
[       OK ] descript_params_census_sparse_descriptor.census_sparse_descriptor/4 (87 ms)
[ RUN      ] descript_params_census_sparse_descriptor.census_sparse_descriptor/5, where GetParam() = (1920x1080, 8UC1, CV_32S)
[ PERFSTAT ]    (samples=11   mean=2.96   median=2.95   min=2.89   stddev=0.09 (2.9%))
[       OK ] descript_params_census_sparse_descriptor.census_sparse_descriptor/5 (45 ms)
[ RUN      ] descript_params_census_sparse_descriptor.census_sparse_descriptor/6, where GetParam() = (127x61, 8UC1, UNKNOWN)
[ PERFSTAT ]    (samples=100   mean=0.02   median=0.02   min=0.02   stddev=0.00 (3.6%))
[       OK ] descript_params_census_sparse_descriptor.census_sparse_descriptor/6 (3 ms)
[ RUN      ] descript_params_census_sparse_descriptor.census_sparse_descriptor/7, where GetParam() = (127x61, 8UC1, CV_32S)
[ PERFSTAT ]    (samples=100   mean=0.02   median=0.02   min=0.02   stddev=0.00 (3.7%))
[       OK ] descript_params_census_sparse_descriptor.census_sparse_descriptor/7 (2 ms)
[----------] 8 tests from descript_params_census_sparse_descriptor (198 ms total)

[----------] 8 tests from descript_params_star_census_transform
[ RUN      ] descript_params_star_census_transform.star_census_transform/0, where GetParam() = (640x480, 8UC1, UNKNOWN)
[ PERFSTAT ]    (samples=25   mean=0.50   median=0.49   min=0.48   stddev=0.01 (2.7%))
[       OK ] descript_params_star_census_transform.star_census_transform/0 (15 ms)
[ RUN      ] descript_params_star_census_transform.star_census_transform/1, where GetParam() = (640x480, 8UC1, CV_32S)
[ PERFSTAT ]    (samples=25   mean=0.50   median=0.49   min=0.47   stddev=0.01 (2.1%))
[       OK ] descript_params_star_census_transform.star_census_transform/1 (14 ms)
[ RUN      ] descript_params_star_census_transform.star_census_transform/2, where GetParam() = (1280x720, 8UC1, UNKNOWN)
[ PERFSTAT ]    (samples=13   mean=1.44   median=1.44   min=1.42   stddev=0.01 (1.0%))
[       OK ] descript_params_star_census_transform.star_census_transform/2 (24 ms)
[ RUN      ] descript_params_star_census_transform.star_census_transform/3, where GetParam() = (1280x720, 8UC1, CV_32S)
[ PERFSTAT ]    (samples=13   mean=1.45   median=1.44   min=1.42   stddev=0.04 (2.5%))
[       OK ] descript_params_star_census_transform.star_census_transform/3 (24 ms)
[ RUN      ] descript_params_star_census_transform.star_census_transform/4, where GetParam() = (1920x1080, 8UC1, UNKNOWN)
[ PERFSTAT ]    (samples=13   mean=3.14   median=3.13   min=3.12   stddev=0.02 (0.5%))
[       OK ] descript_params_star_census_transform.star_census_transform/4 (52 ms)
[ RUN      ] descript_params_star_census_transform.star_census_transform/5, where GetParam() = (1920x1080, 8UC1, CV_32S)
[ PERFSTAT ]    (samples=13   mean=3.13   median=3.13   min=3.11   stddev=0.02 (0.6%))
[       OK ] descript_params_star_census_transform.star_census_transform/5 (51 ms)
[ RUN      ] descript_params_star_census_transform.star_census_transform/6, where GetParam() = (127x61, 8UC1, UNKNOWN)
[ PERFSTAT ]    (samples=100   mean=0.03   median=0.03   min=0.02   stddev=0.00 (3.8%))
[       OK ] descript_params_star_census_transform.star_census_transform/6 (3 ms)
[ RUN      ] descript_params_star_census_transform.star_census_transform/7, where GetParam() = (127x61, 8UC1, CV_32S)
[ PERFSTAT ]    (samples=100   mean=0.03   median=0.03   min=0.02   stddev=0.00 (4.6%))
[       OK ] descript_params_star_census_transform.star_census_transform/7 (3 ms)
[----------] 8 tests from descript_params_star_census_transform (186 ms total)

[----------] 8 tests from descript_params_modified_census_transform
[ RUN      ] descript_params_modified_census_transform.modified_census_transform/0, where GetParam() = (640x480, 8UC1, UNKNOWN)
[ PERFSTAT ]    (samples=10   mean=1.96   median=1.94   min=1.93   stddev=0.06 (2.8%))
[       OK ] descript_params_modified_census_transform.modified_census_transform/0 (22 ms)
[ RUN      ] descript_params_modified_census_transform.modified_census_transform/1, where GetParam() = (640x480, 8UC1, CV_32S)
[ PERFSTAT ]    (samples=10   mean=1.93   median=1.93   min=1.92   stddev=0.02 (1.1%))
[       OK ] descript_params_modified_census_transform.modified_census_transform/1 (21 ms)
[ RUN      ] descript_params_modified_census_transform.modified_census_transform/2, where GetParam() = (1280x720, 8UC1, UNKNOWN)
[ PERFSTAT ]    (samples=10   mean=5.59   median=5.57   min=5.54   stddev=0.06 (1.0%))
[       OK ] descript_params_modified_census_transform.modified_census_transform/2 (59 ms)
[ RUN      ] descript_params_modified_census_transform.modified_census_transform/3, where GetParam() = (1280x720, 8UC1, CV_32S)
[ PERFSTAT ]    (samples=10   mean=5.70   median=5.69   min=5.67   stddev=0.03 (0.5%))
[       OK ] descript_params_modified_census_transform.modified_census_transform/3 (62 ms)
[ RUN      ] descript_params_modified_census_transform.modified_census_transform/4, where GetParam() = (1920x1080, 8UC1, UNKNOWN)
[ PERFSTAT ]    (samples=10   mean=12.86   median=12.89   min=12.67   stddev=0.17 (1.3%))
[       OK ] descript_params_modified_census_transform.modified_census_transform/4 (139 ms)
[ RUN      ] descript_params_modified_census_transform.modified_census_transform/5, where GetParam() = (1920x1080, 8UC1, CV_32S)
[ PERFSTAT ]    (samples=10   mean=12.67   median=12.67   min=12.64   stddev=0.03 (0.2%))
[       OK ] descript_params_modified_census_transform.modified_census_transform/5 (137 ms)
[ RUN      ] descript_params_modified_census_transform.modified_census_transform/6, where GetParam() = (127x61, 8UC1, UNKNOWN)
[ PERFSTAT ]    (samples=50   mean=0.06   median=0.06   min=0.05   stddev=0.00 (2.9%))
[       OK ] descript_params_modified_census_transform.modified_census_transform/6 (3 ms)
[ RUN      ] descript_params_modified_census_transform.modified_census_transform/7, where GetParam() = (127x61, 8UC1, CV_32S)
[ PERFSTAT ]    (samples=13   mean=0.06   median=0.06   min=0.06   stddev=0.00 (1.9%))
[       OK ] descript_params_modified_census_transform.modified_census_transform/7 (1 ms)
[----------] 8 tests from descript_params_modified_census_transform (444 ms total)

[----------] 8 tests from descript_params_center_symetric_census
[ RUN      ] descript_params_center_symetric_census.center_symetric_census/0, where GetParam() = (640x480, 8UC1, UNKNOWN)
[ PERFSTAT ]    (samples=13   mean=0.46   median=0.45   min=0.45   stddev=0.01 (2.8%))
[       OK ] descript_params_center_symetric_census.center_symetric_census/0 (8 ms)
[ RUN      ] descript_params_center_symetric_census.center_symetric_census/1, where GetParam() = (640x480, 8UC1, CV_32S)
[ PERFSTAT ]    (samples=29   mean=0.46   median=0.45   min=0.44   stddev=0.01 (3.0%))
[       OK ] descript_params_center_symetric_census.center_symetric_census/1 (15 ms)
[ RUN      ] descript_params_center_symetric_census.center_symetric_census/2, where GetParam() = (1280x720, 8UC1, UNKNOWN)
[ PERFSTAT ]    (samples=13   mean=1.31   median=1.31   min=1.30   stddev=0.01 (0.7%))
[       OK ] descript_params_center_symetric_census.center_symetric_census/2 (21 ms)
[ RUN      ] descript_params_center_symetric_census.center_symetric_census/3, where GetParam() = (1280x720, 8UC1, CV_32S)
[ PERFSTAT ]    (samples=13   mean=1.32   median=1.32   min=1.31   stddev=0.02 (1.2%))
[       OK ] descript_params_center_symetric_census.center_symetric_census/3 (22 ms)
[ RUN      ] descript_params_center_symetric_census.center_symetric_census/4, where GetParam() = (1920x1080, 8UC1, UNKNOWN)
[ PERFSTAT ]    (samples=13   mean=2.93   median=2.92   min=2.91   stddev=0.01 (0.5%))
[       OK ] descript_params_center_symetric_census.center_symetric_census/4 (49 ms)
[ RUN      ] descript_params_center_symetric_census.center_symetric_census/5, where GetParam() = (1920x1080, 8UC1, CV_32S)
[ PERFSTAT ]    (samples=10   mean=2.92   median=2.91   min=2.88   stddev=0.03 (1.1%))
[       OK ] descript_params_center_symetric_census.center_symetric_census/5 (39 ms)
[ RUN      ] descript_params_center_symetric_census.center_symetric_census/6, where GetParam() = (127x61, 8UC1, UNKNOWN)
[ PERFSTAT ]    (samples=100   mean=0.03   median=0.03   min=0.02   stddev=0.00 (3.9%))
[       OK ] descript_params_center_symetric_census.center_symetric_census/6 (3 ms)
[ RUN      ] descript_params_center_symetric_census.center_symetric_census/7, where GetParam() = (127x61, 8UC1, CV_32S)
[ PERFSTAT ]    (samples=100   mean=0.03   median=0.03   min=0.02   stddev=0.00 (4.0%))
[       OK ] descript_params_center_symetric_census.center_symetric_census/7 (3 ms)
[----------] 8 tests from descript_params_center_symetric_census (160 ms total)

[----------] Global test environment tear-down
[==========] 38 tests from 6 test cases ran. (1860 ms total)
[  PASSED  ] 38 tests.
