[----------]
[   INFO   ] 	Implementation variant: cuda.
[----------]
[----------]
[ GPU INFO ] 	Run test suite on NVIDIA A100-SXM4-40GB GPU.
[----------]
*** CUDA Device Query (Runtime API) version (CUDART static linking) *** 

Device count: 1

Device 0: "NVIDIA A100-SXM4-40GB"
  CUDA Driver Version / Runtime Version          12.40 / 12.40
  CUDA Capability Major/Minor version number:    8.0
  Total amount of global memory:                 40507 MBytes (42474471424 bytes)
  GPU Clock Speed:                               1.41 GHz
  Max Texture Dimension Size (x,y,z)             1D=(131072), 2D=(131072,65536), 3D=(16384,16384,16384)
  Max Layered Texture Size (dim) x layers        1D=(32768) x 2048, 2D=(32768,32768) x 2048
  Total amount of constant memory:               65536 bytes
  Total amount of shared memory per block:       49152 bytes
  Total number of registers available per block: 65536
  Warp size:                                     32
  Maximum number of threads per block:           1024
  Maximum sizes of each dimension of a block:    1024 x 1024 x 64
  Maximum sizes of each dimension of a grid:     2147483647 x 65535 x 65535
  Maximum memory pitch:                          2147483647 bytes
  Texture alignment:                             512 bytes
  Concurrent copy and execution:                 Yes with 3 copy engine(s)
  Run time limit on kernels:                     No
  Integrated GPU sharing Host Memory:            No
  Support host page-locked memory mapping:       Yes
  Concurrent kernel execution:                   Yes
  Alignment requirement for Surfaces:            Yes
  Device has ECC support enabled:                Yes
  Device is using TCC driver mode:               No
  Device supports Unified Addressing (UVA):      Yes
  Device PCI Bus ID / PCI location ID:           163 / 0
  Compute Mode:
      Default (multiple host threads can use ::cudaSetDevice() with device simultaneously) 

deviceQuery, CUDA Driver = CUDART, CUDA Driver Version  = 12.40, CUDA Runtime Version = 12.40, NumDevs = 1

TEST: Skip tests with tags: 'mem_6gb', 'verylong'
CTEST_FULL_OUTPUT
OpenCV version: 4.14.0-pre
OpenCV VCS version: 4.13.0-493-g7aa163b83f
Build type: Release
Compiler: /usr/bin/c++  (ver 11.4.0)
Algorithm hint: ALGO_HINT_ACCURATE
HAL: YES (ipp (ver 0.0.1))
Parallel framework: pthreads (nthreads=30)
CPU features: SSE SSE2 SSE3 *SSE4.1 *SSE4.2 *AVX *FP16 *AVX2 *AVX512-SKX?
Intel(R) IPP version: ippIP AVX2 (l9) 2026.0.0 (-) Jun 30 2026
Intel(R) IPP features code: 0x8000
[==========] Running 6 tests from 2 test cases.
[----------] Global test environment set-up.
[----------] 3 tests from Count_Calib3D_ProjectPoints
[ RUN      ] Count_Calib3D_ProjectPoints.Calib3D_ProjectPoints/0, where GetParam() = 5000
[ PERFSTAT ]    (samples=22   mean=0.06   median=0.06   min=0.06   stddev=0.00 (2.9%))
[       OK ] Count_Calib3D_ProjectPoints.Calib3D_ProjectPoints/0 (16 ms)
[ RUN      ] Count_Calib3D_ProjectPoints.Calib3D_ProjectPoints/1, where GetParam() = 10000
[ PERFSTAT ]    (samples=13   mean=0.06   median=0.06   min=0.06   stddev=0.00 (0.7%))
[       OK ] Count_Calib3D_ProjectPoints.Calib3D_ProjectPoints/1 (2 ms)
[ RUN      ] Count_Calib3D_ProjectPoints.Calib3D_ProjectPoints/2, where GetParam() = 20000
[ PERFSTAT ]    (samples=19   mean=0.06   median=0.06   min=0.06   stddev=0.00 (3.0%))
[       OK ] Count_Calib3D_ProjectPoints.Calib3D_ProjectPoints/2 (1 ms)
[----------] 3 tests from Count_Calib3D_ProjectPoints (19 ms total)

[----------] 3 tests from Count_Calib3D_SolvePnPRansac
[ RUN      ] Count_Calib3D_SolvePnPRansac.Calib3D_SolvePnPRansac/0, where GetParam() = 5000
[ PERFSTAT ]    (samples=18   mean=2.35   median=2.33   min=2.27   stddev=0.07 (2.9%))
[       OK ] Count_Calib3D_SolvePnPRansac.Calib3D_SolvePnPRansac/0 (70 ms)
[ RUN      ] Count_Calib3D_SolvePnPRansac.Calib3D_SolvePnPRansac/1, where GetParam() = 10000
[ PERFSTAT ]    (samples=10   mean=2.81   median=2.81   min=2.77   stddev=0.03 (1.0%))
[       OK ] Count_Calib3D_SolvePnPRansac.Calib3D_SolvePnPRansac/1 (28 ms)
[ RUN      ] Count_Calib3D_SolvePnPRansac.Calib3D_SolvePnPRansac/2, where GetParam() = 20000
[ PERFSTAT ]    (samples=10   mean=3.80   median=3.79   min=3.74   stddev=0.09 (2.3%))
[       OK ] Count_Calib3D_SolvePnPRansac.Calib3D_SolvePnPRansac/2 (40 ms)
[----------] 3 tests from Count_Calib3D_SolvePnPRansac (138 ms total)

[----------] Global test environment tear-down
[==========] 6 tests from 2 test cases ran. (157 ms total)
[  PASSED  ] 6 tests.

  YOU HAVE 2 DISABLED TESTS

