[ERROR:0@0.005] global persistence.cpp:577 open Can't open file: '/data/xumengying/tool-verify/opencv-verify/src/opencv_extra/testdata/perf/signal.xml' in read mode
TEST: Skip tests with tags: 'mem_6gb', 'verylong'
CTEST_FULL_OUTPUT
OpenCV version: 4.14.0-pre
OpenCV VCS version: 4.13.0-493-g7aa163b83f
Build type: Release
Compiler: /usr/bin/c++  (ver 11.4.0)
Algorithm hint: ALGO_HINT_ACCURATE
HAL: YES (ipp (ver 0.0.1))
Parallel framework: pthreads (nthreads=30)
CPU features: SSE SSE2 SSE3 *SSE4.1 *SSE4.2 *AVX *FP16 *AVX2 *AVX512-SKX?
Intel(R) IPP version: ippIP AVX2 (l9) 2026.0.0 (-) Jun 30 2026
Intel(R) IPP features code: 0x8000
[==========] Running 80 tests from 1 test case.
[----------] Global test environment set-up.
[----------] 80 tests from TestResampleFunc_resample_sin_signal
[ RUN      ] TestResampleFunc_resample_sin_signal.resample_sin_signal/0, where GetParam() = (1234, 16000, 48000)
[ PERFSTAT ]    (samples=13   mean=0.09   median=0.09   min=0.09   stddev=0.00 (1.8%))
[       OK ] TestResampleFunc_resample_sin_signal.resample_sin_signal/0 (7 ms)
[ RUN      ] TestResampleFunc_resample_sin_signal.resample_sin_signal/1, where GetParam() = (1234, 16000, 44100)
[ PERFSTAT ]    (samples=10   mean=0.08   median=0.08   min=0.08   stddev=0.00 (1.6%))
[       OK ] TestResampleFunc_resample_sin_signal.resample_sin_signal/1 (1 ms)
[ RUN      ] TestResampleFunc_resample_sin_signal.resample_sin_signal/2, where GetParam() = (1234, 16000, 32000)
[ PERFSTAT ]    (samples=10   mean=0.07   median=0.07   min=0.07   stddev=0.00 (0.2%))
[       OK ] TestResampleFunc_resample_sin_signal.resample_sin_signal/2 (0 ms)
[ RUN      ] TestResampleFunc_resample_sin_signal.resample_sin_signal/3, where GetParam() = (1234, 16000, 16000)
[ PERFSTAT ]    (samples=25   mean=0.00   median=0.00   min=0.00   stddev=0.00 (2.7%))
[       OK ] TestResampleFunc_resample_sin_signal.resample_sin_signal/3 (2 ms)
[ RUN      ] TestResampleFunc_resample_sin_signal.resample_sin_signal/4, where GetParam() = (1234, 32000, 48000)
[ PERFSTAT ]    (samples=10   mean=0.07   median=0.07   min=0.07   stddev=0.00 (2.3%))
[       OK ] TestResampleFunc_resample_sin_signal.resample_sin_signal/4 (1 ms)
[ RUN      ] TestResampleFunc_resample_sin_signal.resample_sin_signal/5, where GetParam() = (1234, 32000, 44100)
[ PERFSTAT ]    (samples=10   mean=0.07   median=0.07   min=0.07   stddev=0.00 (0.2%))
[       OK ] TestResampleFunc_resample_sin_signal.resample_sin_signal/5 (1 ms)
[ RUN      ] TestResampleFunc_resample_sin_signal.resample_sin_signal/6, where GetParam() = (1234, 32000, 32000)
[ PERFSTAT ]    (samples=30   mean=0.00   median=0.00   min=0.00   stddev=0.00 (3.0%))
[       OK ] TestResampleFunc_resample_sin_signal.resample_sin_signal/6 (0 ms)
[ RUN      ] TestResampleFunc_resample_sin_signal.resample_sin_signal/7, where GetParam() = (1234, 32000, 16000)
[ PERFSTAT ]    (samples=12   mean=0.00   median=0.00   min=0.00   stddev=0.00 (2.9%))
[       OK ] TestResampleFunc_resample_sin_signal.resample_sin_signal/7 (0 ms)
[ RUN      ] TestResampleFunc_resample_sin_signal.resample_sin_signal/8, where GetParam() = (1234, 44100, 48000)
[ PERFSTAT ]    (samples=10   mean=0.06   median=0.06   min=0.06   stddev=0.00 (0.4%))
[       OK ] TestResampleFunc_resample_sin_signal.resample_sin_signal/8 (0 ms)
[ RUN      ] TestResampleFunc_resample_sin_signal.resample_sin_signal/9, where GetParam() = (1234, 44100, 44100)
[ PERFSTAT ]    (samples=21   mean=0.00   median=0.00   min=0.00   stddev=0.00 (2.9%))
[       OK ] TestResampleFunc_resample_sin_signal.resample_sin_signal/9 (0 ms)
[ RUN      ] TestResampleFunc_resample_sin_signal.resample_sin_signal/10, where GetParam() = (1234, 44100, 32000)
[ PERFSTAT ]    (samples=10   mean=0.06   median=0.06   min=0.06   stddev=0.00 (2.9%))
[       OK ] TestResampleFunc_resample_sin_signal.resample_sin_signal/10 (1 ms)
[ RUN      ] TestResampleFunc_resample_sin_signal.resample_sin_signal/11, where GetParam() = (1234, 44100, 16000)
[ PERFSTAT ]    (samples=13   mean=0.00   median=0.00   min=0.00   stddev=0.00 (0.8%))
[       OK ] TestResampleFunc_resample_sin_signal.resample_sin_signal/11 (0 ms)
[ RUN      ] TestResampleFunc_resample_sin_signal.resample_sin_signal/12, where GetParam() = (1234, 48000, 48000)
[ PERFSTAT ]    (samples=25   mean=0.00   median=0.00   min=0.00   stddev=0.00 (2.7%))
[       OK ] TestResampleFunc_resample_sin_signal.resample_sin_signal/12 (0 ms)
[ RUN      ] TestResampleFunc_resample_sin_signal.resample_sin_signal/13, where GetParam() = (1234, 48000, 44100)
[ PERFSTAT ]    (samples=10   mean=0.06   median=0.06   min=0.06   stddev=0.00 (3.0%))
[       OK ] TestResampleFunc_resample_sin_signal.resample_sin_signal/13 (1 ms)
[ RUN      ] TestResampleFunc_resample_sin_signal.resample_sin_signal/14, where GetParam() = (1234, 48000, 32000)
[ PERFSTAT ]    (samples=10   mean=0.06   median=0.06   min=0.06   stddev=0.00 (0.2%))
[       OK ] TestResampleFunc_resample_sin_signal.resample_sin_signal/14 (0 ms)
[ RUN      ] TestResampleFunc_resample_sin_signal.resample_sin_signal/15, where GetParam() = (1234, 48000, 16000)
[ PERFSTAT ]    (samples=13   mean=0.00   median=0.00   min=0.00   stddev=0.00 (0.4%))
[       OK ] TestResampleFunc_resample_sin_signal.resample_sin_signal/15 (0 ms)
[ RUN      ] TestResampleFunc_resample_sin_signal.resample_sin_signal/16, where GetParam() = (12345, 16000, 48000)
[ PERFSTAT ]    (samples=13   mean=0.43   median=0.42   min=0.42   stddev=0.01 (2.1%))
[       OK ] TestResampleFunc_resample_sin_signal.resample_sin_signal/16 (6 ms)
[ RUN      ] TestResampleFunc_resample_sin_signal.resample_sin_signal/17, where GetParam() = (12345, 16000, 44100)
[ PERFSTAT ]    (samples=13   mean=0.39   median=0.39   min=0.39   stddev=0.00 (0.9%))
[       OK ] TestResampleFunc_resample_sin_signal.resample_sin_signal/17 (6 ms)
[ RUN      ] TestResampleFunc_resample_sin_signal.resample_sin_signal/18, where GetParam() = (12345, 16000, 32000)
[ PERFSTAT ]    (samples=13   mean=0.30   median=0.29   min=0.29   stddev=0.00 (0.9%))
[       OK ] TestResampleFunc_resample_sin_signal.resample_sin_signal/18 (4 ms)
[ RUN      ] TestResampleFunc_resample_sin_signal.resample_sin_signal/19, where GetParam() = (12345, 16000, 16000)
[ PERFSTAT ]    (samples=25   mean=0.00   median=0.00   min=0.00   stddev=0.00 (1.2%))
[       OK ] TestResampleFunc_resample_sin_signal.resample_sin_signal/19 (0 ms)
[ RUN      ] TestResampleFunc_resample_sin_signal.resample_sin_signal/20, where GetParam() = (12345, 32000, 48000)
[ PERFSTAT ]    (samples=10   mean=0.22   median=0.22   min=0.22   stddev=0.00 (1.1%))
[       OK ] TestResampleFunc_resample_sin_signal.resample_sin_signal/20 (2 ms)
[ RUN      ] TestResampleFunc_resample_sin_signal.resample_sin_signal/21, where GetParam() = (12345, 32000, 44100)
[ PERFSTAT ]    (samples=10   mean=0.21   median=0.21   min=0.20   stddev=0.00 (1.0%))
[       OK ] TestResampleFunc_resample_sin_signal.resample_sin_signal/21 (2 ms)
[ RUN      ] TestResampleFunc_resample_sin_signal.resample_sin_signal/22, where GetParam() = (12345, 32000, 32000)
[ PERFSTAT ]    (samples=13   mean=0.00   median=0.00   min=0.00   stddev=0.00 (1.5%))
[       OK ] TestResampleFunc_resample_sin_signal.resample_sin_signal/22 (0 ms)
[ RUN      ] TestResampleFunc_resample_sin_signal.resample_sin_signal/23, where GetParam() = (12345, 32000, 16000)
[ PERFSTAT ]    (samples=13   mean=0.03   median=0.03   min=0.03   stddev=0.00 (0.6%))
[       OK ] TestResampleFunc_resample_sin_signal.resample_sin_signal/23 (1 ms)
[ RUN      ] TestResampleFunc_resample_sin_signal.resample_sin_signal/24, where GetParam() = (12345, 44100, 48000)
[ PERFSTAT ]    (samples=10   mean=0.17   median=0.17   min=0.17   stddev=0.00 (1.3%))
[       OK ] TestResampleFunc_resample_sin_signal.resample_sin_signal/24 (2 ms)
[ RUN      ] TestResampleFunc_resample_sin_signal.resample_sin_signal/25, where GetParam() = (12345, 44100, 44100)
[ PERFSTAT ]    (samples=13   mean=0.00   median=0.00   min=0.00   stddev=0.00 (1.0%))
[       OK ] TestResampleFunc_resample_sin_signal.resample_sin_signal/25 (0 ms)
[ RUN      ] TestResampleFunc_resample_sin_signal.resample_sin_signal/26, where GetParam() = (12345, 44100, 32000)
[ PERFSTAT ]    (samples=10   mean=0.13   median=0.13   min=0.13   stddev=0.00 (1.9%))
[       OK ] TestResampleFunc_resample_sin_signal.resample_sin_signal/26 (1 ms)
[ RUN      ] TestResampleFunc_resample_sin_signal.resample_sin_signal/27, where GetParam() = (12345, 44100, 16000)
[ PERFSTAT ]    (samples=16   mean=0.02   median=0.02   min=0.02   stddev=0.00 (3.0%))
[       OK ] TestResampleFunc_resample_sin_signal.resample_sin_signal/27 (1 ms)
[ RUN      ] TestResampleFunc_resample_sin_signal.resample_sin_signal/28, where GetParam() = (12345, 48000, 48000)
[ PERFSTAT ]    (samples=13   mean=0.00   median=0.00   min=0.00   stddev=0.00 (1.1%))
[       OK ] TestResampleFunc_resample_sin_signal.resample_sin_signal/28 (0 ms)
[ RUN      ] TestResampleFunc_resample_sin_signal.resample_sin_signal/29, where GetParam() = (12345, 48000, 44100)
[ PERFSTAT ]    (samples=10   mean=0.16   median=0.15   min=0.15   stddev=0.00 (1.7%))
[       OK ] TestResampleFunc_resample_sin_signal.resample_sin_signal/29 (2 ms)
[ RUN      ] TestResampleFunc_resample_sin_signal.resample_sin_signal/30, where GetParam() = (12345, 48000, 32000)
[ PERFSTAT ]    (samples=10   mean=0.13   median=0.13   min=0.13   stddev=0.00 (2.6%))
[       OK ] TestResampleFunc_resample_sin_signal.resample_sin_signal/30 (1 ms)
[ RUN      ] TestResampleFunc_resample_sin_signal.resample_sin_signal/31, where GetParam() = (12345, 48000, 16000)
[ PERFSTAT ]    (samples=10   mean=0.02   median=0.02   min=0.02   stddev=0.00 (0.6%))
[       OK ] TestResampleFunc_resample_sin_signal.resample_sin_signal/31 (0 ms)
[ RUN      ] TestResampleFunc_resample_sin_signal.resample_sin_signal/32, where GetParam() = (123456, 16000, 48000)
[ PERFSTAT ]    (samples=13   mean=4.04   median=4.03   min=4.00   stddev=0.04 (0.9%))
[       OK ] TestResampleFunc_resample_sin_signal.resample_sin_signal/32 (55 ms)
[ RUN      ] TestResampleFunc_resample_sin_signal.resample_sin_signal/33, where GetParam() = (123456, 16000, 44100)
[ PERFSTAT ]    (samples=13   mean=3.24   median=3.23   min=3.21   stddev=0.04 (1.2%))
[       OK ] TestResampleFunc_resample_sin_signal.resample_sin_signal/33 (44 ms)
[ RUN      ] TestResampleFunc_resample_sin_signal.resample_sin_signal/34, where GetParam() = (123456, 16000, 32000)
[ PERFSTAT ]    (samples=13   mean=2.36   median=2.35   min=2.32   stddev=0.02 (1.1%))
[       OK ] TestResampleFunc_resample_sin_signal.resample_sin_signal/34 (32 ms)
[ RUN      ] TestResampleFunc_resample_sin_signal.resample_sin_signal/35, where GetParam() = (123456, 16000, 16000)
[ PERFSTAT ]    (samples=100   mean=0.09   median=0.09   min=0.08   stddev=0.01 (5.9%))
[       OK ] TestResampleFunc_resample_sin_signal.resample_sin_signal/35 (11 ms)
[ RUN      ] TestResampleFunc_resample_sin_signal.resample_sin_signal/36, where GetParam() = (123456, 32000, 48000)
[ PERFSTAT ]    (samples=13   mean=1.78   median=1.77   min=1.76   stddev=0.02 (1.3%))
[       OK ] TestResampleFunc_resample_sin_signal.resample_sin_signal/36 (24 ms)
[ RUN      ] TestResampleFunc_resample_sin_signal.resample_sin_signal/37, where GetParam() = (123456, 32000, 44100)
[ PERFSTAT ]    (samples=10   mean=1.63   median=1.63   min=1.61   stddev=0.01 (0.6%))
[       OK ] TestResampleFunc_resample_sin_signal.resample_sin_signal/37 (17 ms)
[ RUN      ] TestResampleFunc_resample_sin_signal.resample_sin_signal/38, where GetParam() = (123456, 32000, 32000)
[ PERFSTAT ]    (samples=100   mean=0.08   median=0.08   min=0.02   stddev=0.01 (9.3%))
[       OK ] TestResampleFunc_resample_sin_signal.resample_sin_signal/38 (10 ms)
[ RUN      ] TestResampleFunc_resample_sin_signal.resample_sin_signal/39, where GetParam() = (123456, 32000, 16000)
[ PERFSTAT ]    (samples=10   mean=0.30   median=0.30   min=0.29   stddev=0.00 (1.0%))
[       OK ] TestResampleFunc_resample_sin_signal.resample_sin_signal/39 (4 ms)
[ RUN      ] TestResampleFunc_resample_sin_signal.resample_sin_signal/40, where GetParam() = (123456, 44100, 48000)
[ PERFSTAT ]    (samples=10   mean=1.30   median=1.29   min=1.29   stddev=0.02 (1.4%))
[       OK ] TestResampleFunc_resample_sin_signal.resample_sin_signal/40 (13 ms)
[ RUN      ] TestResampleFunc_resample_sin_signal.resample_sin_signal/41, where GetParam() = (123456, 44100, 44100)
[ PERFSTAT ]    (samples=100   mean=0.08   median=0.08   min=0.02   stddev=0.01 (9.7%))
[       OK ] TestResampleFunc_resample_sin_signal.resample_sin_signal/41 (10 ms)
[ RUN      ] TestResampleFunc_resample_sin_signal.resample_sin_signal/42, where GetParam() = (123456, 44100, 32000)
[ PERFSTAT ]    (samples=10   mean=0.89   median=0.88   min=0.87   stddev=0.02 (2.0%))
[       OK ] TestResampleFunc_resample_sin_signal.resample_sin_signal/42 (10 ms)
[ RUN      ] TestResampleFunc_resample_sin_signal.resample_sin_signal/43, where GetParam() = (123456, 44100, 16000)
[ PERFSTAT ]    (samples=13   mean=0.21   median=0.21   min=0.21   stddev=0.00 (1.3%))
[       OK ] TestResampleFunc_resample_sin_signal.resample_sin_signal/43 (4 ms)
[ RUN      ] TestResampleFunc_resample_sin_signal.resample_sin_signal/44, where GetParam() = (123456, 48000, 48000)
[ PERFSTAT ]    (samples=100   mean=0.08   median=0.08   min=0.02   stddev=0.01 (9.8%))
[       OK ] TestResampleFunc_resample_sin_signal.resample_sin_signal/44 (9 ms)
[ RUN      ] TestResampleFunc_resample_sin_signal.resample_sin_signal/45, where GetParam() = (123456, 48000, 44100)
[ PERFSTAT ]    (samples=10   mean=1.10   median=1.09   min=1.09   stddev=0.01 (0.7%))
[       OK ] TestResampleFunc_resample_sin_signal.resample_sin_signal/45 (12 ms)
[ RUN      ] TestResampleFunc_resample_sin_signal.resample_sin_signal/46, where GetParam() = (123456, 48000, 32000)
[ PERFSTAT ]    (samples=10   mean=0.81   median=0.81   min=0.80   stddev=0.01 (0.7%))
[       OK ] TestResampleFunc_resample_sin_signal.resample_sin_signal/46 (9 ms)
[ RUN      ] TestResampleFunc_resample_sin_signal.resample_sin_signal/47, where GetParam() = (123456, 48000, 16000)
[ PERFSTAT ]    (samples=10   mean=0.20   median=0.19   min=0.19   stddev=0.01 (2.9%))
[       OK ] TestResampleFunc_resample_sin_signal.resample_sin_signal/47 (3 ms)
[ RUN      ] TestResampleFunc_resample_sin_signal.resample_sin_signal/48, where GetParam() = (1234567, 16000, 48000)
[ PERFSTAT ]    (samples=10   mean=42.90   median=42.82   min=41.87   stddev=0.91 (2.1%))
[       OK ] TestResampleFunc_resample_sin_signal.resample_sin_signal/48 (440 ms)
[ RUN      ] TestResampleFunc_resample_sin_signal.resample_sin_signal/49, where GetParam() = (1234567, 16000, 44100)
[ PERFSTAT ]    (samples=13   mean=37.46   median=37.11   min=37.05   stddev=0.54 (1.4%))
[       OK ] TestResampleFunc_resample_sin_signal.resample_sin_signal/49 (502 ms)
[ RUN      ] TestResampleFunc_resample_sin_signal.resample_sin_signal/50, where GetParam() = (1234567, 16000, 32000)
[ PERFSTAT ]    (samples=13   mean=26.65   median=26.60   min=26.32   stddev=0.27 (1.0%))
[       OK ] TestResampleFunc_resample_sin_signal.resample_sin_signal/50 (359 ms)
[ RUN      ] TestResampleFunc_resample_sin_signal.resample_sin_signal/51, where GetParam() = (1234567, 16000, 16000)
[ PERFSTAT ]    (samples=25   mean=0.77   median=0.77   min=0.71   stddev=0.02 (2.9%))
[       OK ] TestResampleFunc_resample_sin_signal.resample_sin_signal/51 (30 ms)
[ RUN      ] TestResampleFunc_resample_sin_signal.resample_sin_signal/52, where GetParam() = (1234567, 32000, 48000)
[ PERFSTAT ]    (samples=13   mean=19.67   median=19.74   min=19.26   stddev=0.26 (1.3%))
[       OK ] TestResampleFunc_resample_sin_signal.resample_sin_signal/52 (268 ms)
[ RUN      ] TestResampleFunc_resample_sin_signal.resample_sin_signal/53, where GetParam() = (1234567, 32000, 44100)
[ PERFSTAT ]    (samples=10   mean=17.98   median=17.92   min=17.79   stddev=0.19 (1.0%))
[       OK ] TestResampleFunc_resample_sin_signal.resample_sin_signal/53 (189 ms)
[ RUN      ] TestResampleFunc_resample_sin_signal.resample_sin_signal/54, where GetParam() = (1234567, 32000, 32000)
[ PERFSTAT ]    (samples=100   mean=0.77   median=0.77   min=0.68   stddev=0.03 (3.8%))
[       OK ] TestResampleFunc_resample_sin_signal.resample_sin_signal/54 (86 ms)
[ RUN      ] TestResampleFunc_resample_sin_signal.resample_sin_signal/55, where GetParam() = (1234567, 32000, 16000)
[ PERFSTAT ]    (samples=10   mean=2.98   median=2.98   min=2.97   stddev=0.01 (0.2%))
[       OK ] TestResampleFunc_resample_sin_signal.resample_sin_signal/55 (39 ms)
[ RUN      ] TestResampleFunc_resample_sin_signal.resample_sin_signal/56, where GetParam() = (1234567, 44100, 48000)
[ PERFSTAT ]    (samples=10   mean=13.58   median=13.57   min=13.44   stddev=0.10 (0.8%))
[       OK ] TestResampleFunc_resample_sin_signal.resample_sin_signal/56 (145 ms)
[ RUN      ] TestResampleFunc_resample_sin_signal.resample_sin_signal/57, where GetParam() = (1234567, 44100, 44100)
[ PERFSTAT ]    (samples=100   mean=0.77   median=0.77   min=0.59   stddev=0.04 (4.6%))
[       OK ] TestResampleFunc_resample_sin_signal.resample_sin_signal/57 (87 ms)
[ RUN      ] TestResampleFunc_resample_sin_signal.resample_sin_signal/58, where GetParam() = (1234567, 44100, 32000)
[ PERFSTAT ]    (samples=10   mean=8.59   median=8.55   min=8.48   stddev=0.11 (1.3%))
[       OK ] TestResampleFunc_resample_sin_signal.resample_sin_signal/58 (95 ms)
[ RUN      ] TestResampleFunc_resample_sin_signal.resample_sin_signal/59, where GetParam() = (1234567, 44100, 16000)
[ PERFSTAT ]    (samples=10   mean=2.16   median=2.16   min=2.15   stddev=0.02 (0.8%))
[       OK ] TestResampleFunc_resample_sin_signal.resample_sin_signal/59 (31 ms)
[ RUN      ] TestResampleFunc_resample_sin_signal.resample_sin_signal/60, where GetParam() = (1234567, 48000, 48000)
[ PERFSTAT ]    (samples=100   mean=0.76   median=0.77   min=0.37   stddev=0.05 (6.8%))
[       OK ] TestResampleFunc_resample_sin_signal.resample_sin_signal/60 (87 ms)
[ RUN      ] TestResampleFunc_resample_sin_signal.resample_sin_signal/61, where GetParam() = (1234567, 48000, 44100)
[ PERFSTAT ]    (samples=10   mean=11.10   median=11.06   min=11.02   stddev=0.13 (1.2%))
[       OK ] TestResampleFunc_resample_sin_signal.resample_sin_signal/61 (120 ms)
[ RUN      ] TestResampleFunc_resample_sin_signal.resample_sin_signal/62, where GetParam() = (1234567, 48000, 32000)
[ PERFSTAT ]    (samples=10   mean=7.88   median=7.83   min=7.81   stddev=0.11 (1.5%))
[       OK ] TestResampleFunc_resample_sin_signal.resample_sin_signal/62 (88 ms)
[ RUN      ] TestResampleFunc_resample_sin_signal.resample_sin_signal/63, where GetParam() = (1234567, 48000, 16000)
[ PERFSTAT ]    (samples=10   mean=1.99   median=1.98   min=1.98   stddev=0.02 (0.8%))
[       OK ] TestResampleFunc_resample_sin_signal.resample_sin_signal/63 (30 ms)
[ RUN      ] TestResampleFunc_resample_sin_signal.resample_sin_signal/64, where GetParam() = (12345678, 16000, 48000)
[ PERFSTAT ]    (samples=10   mean=404.48   median=402.53   min=399.78   stddev=7.79 (1.9%))
[       OK ] TestResampleFunc_resample_sin_signal.resample_sin_signal/64 (4151 ms)
[ RUN      ] TestResampleFunc_resample_sin_signal.resample_sin_signal/65, where GetParam() = (12345678, 16000, 44100)
[ PERFSTAT ]    (samples=10   mean=375.12   median=373.35   min=369.78   stddev=7.18 (1.9%))
[       OK ] TestResampleFunc_resample_sin_signal.resample_sin_signal/65 (3856 ms)
[ RUN      ] TestResampleFunc_resample_sin_signal.resample_sin_signal/66, where GetParam() = (12345678, 16000, 32000)
[ PERFSTAT ]    (samples=10   mean=279.23   median=277.72   min=276.55   stddev=4.70 (1.7%))
[       OK ] TestResampleFunc_resample_sin_signal.resample_sin_signal/66 (2897 ms)
[ RUN      ] TestResampleFunc_resample_sin_signal.resample_sin_signal/67, where GetParam() = (12345678, 16000, 16000)
[ PERFSTAT ]    (samples=13   mean=10.21   median=10.21   min=10.16   stddev=0.04 (0.3%))
[       OK ] TestResampleFunc_resample_sin_signal.resample_sin_signal/67 (242 ms)
[ RUN      ] TestResampleFunc_resample_sin_signal.resample_sin_signal/68, where GetParam() = (12345678, 32000, 48000)
[ PERFSTAT ]    (samples=10   mean=209.84   median=208.64   min=207.50   stddev=4.31 (2.1%))
[       OK ] TestResampleFunc_resample_sin_signal.resample_sin_signal/68 (2204 ms)
[ RUN      ] TestResampleFunc_resample_sin_signal.resample_sin_signal/69, where GetParam() = (12345678, 32000, 44100)
[ PERFSTAT ]    (samples=10   mean=193.14   median=192.08   min=191.51   stddev=3.48 (1.8%))
[       OK ] TestResampleFunc_resample_sin_signal.resample_sin_signal/69 (2037 ms)
[ RUN      ] TestResampleFunc_resample_sin_signal.resample_sin_signal/70, where GetParam() = (12345678, 32000, 32000)
[ PERFSTAT ]    (samples=13   mean=10.20   median=10.20   min=10.16   stddev=0.03 (0.2%))
[       OK ] TestResampleFunc_resample_sin_signal.resample_sin_signal/70 (241 ms)
[ RUN      ] TestResampleFunc_resample_sin_signal.resample_sin_signal/71, where GetParam() = (12345678, 32000, 16000)
[ PERFSTAT ]    (samples=10   mean=30.25   median=30.13   min=29.98   stddev=0.37 (1.2%))
[       OK ] TestResampleFunc_resample_sin_signal.resample_sin_signal/71 (408 ms)
[ RUN      ] TestResampleFunc_resample_sin_signal.resample_sin_signal/72, where GetParam() = (12345678, 44100, 48000)
[ PERFSTAT ]    (samples=10   mean=153.45   median=152.63   min=151.72   stddev=2.56 (1.7%))
[       OK ] TestResampleFunc_resample_sin_signal.resample_sin_signal/72 (1639 ms)
[ RUN      ] TestResampleFunc_resample_sin_signal.resample_sin_signal/73, where GetParam() = (12345678, 44100, 44100)
[ PERFSTAT ]    (samples=13   mean=10.43   median=10.40   min=10.34   stddev=0.10 (1.0%))
[       OK ] TestResampleFunc_resample_sin_signal.resample_sin_signal/73 (244 ms)
[ RUN      ] TestResampleFunc_resample_sin_signal.resample_sin_signal/74, where GetParam() = (12345678, 44100, 32000)
[ PERFSTAT ]    (samples=10   mean=103.03   median=102.41   min=101.53   stddev=2.00 (1.9%))
[       OK ] TestResampleFunc_resample_sin_signal.resample_sin_signal/74 (1135 ms)
[ RUN      ] TestResampleFunc_resample_sin_signal.resample_sin_signal/75, where GetParam() = (12345678, 44100, 16000)
[ PERFSTAT ]    (samples=10   mean=22.19   median=22.08   min=21.81   stddev=0.43 (1.9%))
[       OK ] TestResampleFunc_resample_sin_signal.resample_sin_signal/75 (327 ms)
[ RUN      ] TestResampleFunc_resample_sin_signal.resample_sin_signal/76, where GetParam() = (12345678, 48000, 48000)
[ PERFSTAT ]    (samples=13   mean=10.36   median=10.36   min=10.32   stddev=0.03 (0.2%))
[       OK ] TestResampleFunc_resample_sin_signal.resample_sin_signal/76 (243 ms)
[ RUN      ] TestResampleFunc_resample_sin_signal.resample_sin_signal/77, where GetParam() = (12345678, 48000, 44100)
[ PERFSTAT ]    (samples=10   mean=130.46   median=129.65   min=129.24   stddev=2.47 (1.9%))
[       OK ] TestResampleFunc_resample_sin_signal.resample_sin_signal/77 (1410 ms)
[ RUN      ] TestResampleFunc_resample_sin_signal.resample_sin_signal/78, where GetParam() = (12345678, 48000, 32000)
[ PERFSTAT ]    (samples=10   mean=94.19   median=93.93   min=92.37   stddev=2.06 (2.2%))
[       OK ] TestResampleFunc_resample_sin_signal.resample_sin_signal/78 (1047 ms)
[ RUN      ] TestResampleFunc_resample_sin_signal.resample_sin_signal/79, where GetParam() = (12345678, 48000, 16000)
[ PERFSTAT ]    (samples=13   mean=20.30   median=20.30   min=19.95   stddev=0.28 (1.4%))
[       OK ] TestResampleFunc_resample_sin_signal.resample_sin_signal/79 (373 ms)
[----------] 80 tests from TestResampleFunc_resample_sin_signal (25361 ms total)

[----------] Global test environment tear-down
[==========] 80 tests from 1 test case ran. (25361 ms total)
[  PASSED  ] 80 tests.
