TEST: Skip tests with tags: 'mem_6gb', 'verylong'
CTEST_FULL_OUTPUT
OpenCV version: 4.14.0-pre
OpenCV VCS version: 4.13.0-493-g7aa163b83f
Build type: Release
Compiler: /usr/bin/c++  (ver 11.4.0)
Algorithm hint: ALGO_HINT_ACCURATE
HAL: YES (ipp (ver 0.0.1))
Parallel framework: pthreads (nthreads=30)
CPU features: SSE SSE2 SSE3 *SSE4.1 *SSE4.2 *AVX *FP16 *AVX2 *AVX512-SKX?
Intel(R) IPP version: ippIP AVX2 (l9) 2026.0.0 (-) Jun 30 2026
Intel(R) IPP features code: 0x8000
[==========] Running 18 tests from 3 test cases.
[----------] Global test environment set-up.
[----------] 1 test from VideoCapture_Camera
[ RUN      ] VideoCapture_Camera.waitAny_V4L
[     SKIP ] No list of tested cameras. Use OPENCV_TEST_PERF_CAMERA_LIST parameter
[       OK ] VideoCapture_Camera.waitAny_V4L (1 ms)
[----------] 1 test from VideoCapture_Camera (1 ms total)

[----------] 5 tests from VideoCapture_Reading_ReadFile
[ RUN      ] VideoCapture_Reading_ReadFile.ReadFile/0, where GetParam() = "highgui/video/big_buck_bunny.avi"
[ PERFSTAT ]    (samples=100   mean=1.50   median=1.53   min=1.19   stddev=0.14 (9.3%))
[       OK ] VideoCapture_Reading_ReadFile.ReadFile/0 (259 ms)
[ RUN      ] VideoCapture_Reading_ReadFile.ReadFile/1, where GetParam() = "highgui/video/big_buck_bunny.mov"
[ PERFSTAT ]    (samples=100   mean=1.38   median=1.38   min=1.02   stddev=0.14 (10.2%))
[       OK ] VideoCapture_Reading_ReadFile.ReadFile/1 (142 ms)
[ RUN      ] VideoCapture_Reading_ReadFile.ReadFile/2, where GetParam() = "highgui/video/big_buck_bunny.mp4"
[ PERFSTAT ]    (samples=100   mean=1.56   median=1.57   min=1.19   stddev=0.15 (9.8%))
[       OK ] VideoCapture_Reading_ReadFile.ReadFile/2 (162 ms)
[ RUN      ] VideoCapture_Reading_ReadFile.ReadFile/3, where GetParam() = "highgui/video/big_buck_bunny.mpg"
[ PERFSTAT ]    (samples=100   mean=1.36   median=1.39   min=1.09   stddev=0.12 (8.9%))
[       OK ] VideoCapture_Reading_ReadFile.ReadFile/3 (140 ms)
[ RUN      ] VideoCapture_Reading_ReadFile.ReadFile/4, where GetParam() = "highgui/video/big_buck_bunny.wmv"
[ PERFSTAT ]    (samples=100   mean=1.48   median=1.48   min=1.06   stddev=0.15 (10.1%))
[       OK ] VideoCapture_Reading_ReadFile.ReadFile/4 (152 ms)
[----------] 5 tests from VideoCapture_Reading_ReadFile (855 ms total)

[----------] 12 tests from VideoWriter_Writing_WriteFrame
[ RUN      ] VideoWriter_Writing_WriteFrame.WriteFrame/0, where GetParam() = ("python/images/QCIF_00.bmp", false)
[     SKIP ] Video file can not be opened
[       OK ] VideoWriter_Writing_WriteFrame.WriteFrame/0 (6 ms)
[ RUN      ] VideoWriter_Writing_WriteFrame.WriteFrame/1, where GetParam() = ("python/images/QCIF_00.bmp", true)
[ WARN:0@1.056] global cap.cpp:776 open VIDEOIO(CV_IMAGES): raised OpenCV exception:

OpenCV(4.14.0-pre) /data/xumengying/tool-verify/opencv-verify/src/opencv/modules/videoio/src/cap_images.cpp:422: error: (-215:Assertion failed) !filename_pattern.empty() in function 'CvVideoWriter_Images'


[     SKIP ] Video file can not be opened
[       OK ] VideoWriter_Writing_WriteFrame.WriteFrame/1 (5 ms)
[ RUN      ] VideoWriter_Writing_WriteFrame.WriteFrame/2, where GetParam() = ("python/images/QCIF_01.bmp", false)
[ WARN:0@1.059] global cap.cpp:776 open VIDEOIO(CV_IMAGES): raised OpenCV exception:

OpenCV(4.14.0-pre) /data/xumengying/tool-verify/opencv-verify/src/opencv/modules/videoio/src/cap_images.cpp:422: error: (-215:Assertion failed) !filename_pattern.empty() in function 'CvVideoWriter_Images'


[     SKIP ] Video file can not be opened
[       OK ] VideoWriter_Writing_WriteFrame.WriteFrame/2 (4 ms)
[ RUN      ] VideoWriter_Writing_WriteFrame.WriteFrame/3, where GetParam() = ("python/images/QCIF_01.bmp", true)
[     SKIP ] Video file can not be opened
[       OK ] VideoWriter_Writing_WriteFrame.WriteFrame/3 (2 ms)
[ RUN      ] VideoWriter_Writing_WriteFrame.WriteFrame/4, where GetParam() = ("python/images/QCIF_02.bmp", false)
[     SKIP ] Video file can not be opened
[       OK ] VideoWriter_Writing_WriteFrame.WriteFrame/4 (3 ms)
[ RUN      ] VideoWriter_Writing_WriteFrame.WriteFrame/5, where GetParam() = ("python/images/QCIF_02.bmp", true)
[     SKIP ] Video file can not be opened
[       OK ] VideoWriter_Writing_WriteFrame.WriteFrame/5 (2 ms)
[ RUN      ] VideoWriter_Writing_WriteFrame.WriteFrame/6, where GetParam() = ("python/images/QCIF_03.bmp", false)
[ WARN:0@1.070] global cap.cpp:776 open VIDEOIO(CV_IMAGES): raised OpenCV exception:

OpenCV(4.14.0-pre) /data/xumengying/tool-verify/opencv-verify/src/opencv/modules/videoio/src/cap_images.cpp:422: error: (-215:Assertion failed) !filename_pattern.empty() in function 'CvVideoWriter_Images'


[     SKIP ] Video file can not be opened
[       OK ] VideoWriter_Writing_WriteFrame.WriteFrame/6 (4 ms)
[ RUN      ] VideoWriter_Writing_WriteFrame.WriteFrame/7, where GetParam() = ("python/images/QCIF_03.bmp", true)
[     SKIP ] Video file can not be opened
[       OK ] VideoWriter_Writing_WriteFrame.WriteFrame/7 (1 ms)
[ RUN      ] VideoWriter_Writing_WriteFrame.WriteFrame/8, where GetParam() = ("python/images/QCIF_04.bmp", false)
[     SKIP ] Video file can not be opened
[       OK ] VideoWriter_Writing_WriteFrame.WriteFrame/8 (4 ms)
[ RUN      ] VideoWriter_Writing_WriteFrame.WriteFrame/9, where GetParam() = ("python/images/QCIF_04.bmp", true)
[     SKIP ] Video file can not be opened
[       OK ] VideoWriter_Writing_WriteFrame.WriteFrame/9 (2 ms)
[ RUN      ] VideoWriter_Writing_WriteFrame.WriteFrame/10, where GetParam() = ("python/images/QCIF_05.bmp", false)
[     SKIP ] Video file can not be opened
[       OK ] VideoWriter_Writing_WriteFrame.WriteFrame/10 (3 ms)
[ RUN      ] VideoWriter_Writing_WriteFrame.WriteFrame/11, where GetParam() = ("python/images/QCIF_05.bmp", true)
[ WARN:0@1.082] global cap.cpp:776 open VIDEOIO(CV_IMAGES): raised OpenCV exception:

OpenCV(4.14.0-pre) /data/xumengying/tool-verify/opencv-verify/src/opencv/modules/videoio/src/cap_images.cpp:422: error: (-215:Assertion failed) !filename_pattern.empty() in function 'CvVideoWriter_Images'


[     SKIP ] Video file can not be opened
[       OK ] VideoWriter_Writing_WriteFrame.WriteFrame/11 (2 ms)
[----------] 12 tests from VideoWriter_Writing_WriteFrame (38 ms total)

[----------] Global test environment tear-down
[ SKIPSTAT ] 13 tests skipped
[ SKIPSTAT ] TAG='skip_other' skip 13 tests
[==========] 18 tests from 3 test cases ran. (894 ms total)
[  PASSED  ] 18 tests.
