===== opencv_perf_bioinspired =====
opencv_perf_bioinspired exit=0
===== opencv_perf_calib3d =====
opencv_perf_calib3d exit=0
===== opencv_perf_core =====
opencv_perf_core exit=0
===== opencv_perf_cudaarithm =====
opencv_perf_cudaarithm exit=1
===== opencv_perf_cudabgsegm =====
opencv_perf_cudabgsegm exit=0
===== opencv_perf_cudacodec =====
opencv_perf_cudacodec exit=0
===== opencv_perf_cudafeatures2d =====
opencv_perf_cudafeatures2d exit=0
===== opencv_perf_cudafilters =====
opencv_perf_cudafilters exit=0
===== opencv_perf_cudaimgproc =====
opencv_perf_cudaimgproc exit=1
===== opencv_perf_cudalegacy =====
opencv_perf_cudalegacy exit=0
===== opencv_perf_cudaobjdetect =====
opencv_perf_cudaobjdetect exit=0
===== opencv_perf_cudaoptflow =====
opencv_perf_cudaoptflow exit=1
===== opencv_perf_cudastereo =====
opencv_perf_cudastereo exit=0
===== opencv_perf_cudawarping =====
opencv_perf_cudawarping exit=1
===== opencv_perf_dnn =====
opencv_perf_dnn exit=1
===== opencv_perf_dnn_superres =====
opencv_perf_dnn_superres exit=0
===== opencv_perf_features2d =====
opencv_perf_features2d exit=0
===== opencv_perf_gapi =====
opencv_perf_gapi exit=0
===== opencv_perf_imgcodecs =====
opencv_perf_imgcodecs exit=0
===== opencv_perf_imgproc =====
opencv_perf_imgproc exit=0
===== opencv_perf_line_descriptor =====
opencv_perf_line_descriptor exit=0
===== opencv_perf_mcc =====
opencv_perf_mcc exit=0
===== opencv_perf_ml =====
opencv_perf_ml exit=0
===== opencv_perf_objdetect =====
opencv_perf_objdetect exit=0
===== opencv_perf_optflow =====
opencv_perf_optflow exit=0
===== opencv_perf_photo =====
opencv_perf_photo exit=0
===== opencv_perf_reg =====
opencv_perf_reg exit=0
===== opencv_perf_rgbd =====
opencv_perf_rgbd exit=0
===== opencv_perf_signal =====
opencv_perf_signal exit=0
===== opencv_perf_stereo =====
opencv_perf_stereo exit=0
===== opencv_perf_stitching =====
opencv_perf_stitching exit=0
===== opencv_perf_superres =====
opencv_perf_superres exit=0
===== opencv_perf_tracking =====
opencv_perf_tracking exit=1
===== opencv_perf_video =====
opencv_perf_video exit=0
===== opencv_perf_videoio =====
opencv_perf_videoio exit=0
===== opencv_perf_wechat_qrcode =====
opencv_perf_wechat_qrcode exit=0
===== opencv_perf_xfeatures2d =====
opencv_perf_xfeatures2d exit=0
===== opencv_perf_ximgproc =====
opencv_perf_ximgproc exit=0
===== opencv_perf_xphoto =====
opencv_perf_xphoto exit=0
